  Determinando os projetos a serem restaurados...
  Todos os projetos est├úo atualizados para restaura├º├úo.
C:\Program Files\dotnet\sdk\10.0.100-rc.2.25502.107\Sdks\Microsoft.NET.Sdk\targets\Microsoft.NET.RuntimeIdentifierInference.targets(351,5): message NETSDK1057: Voc├¬ est├í usando uma vers├úo de visualiza├º├úo do .NET. Veja: https://aka.ms/dotnet-support-policy [C:\Users\zacho\OneDrive\Downloads\Documentos\Projetos\pdv_medusax8\PDV_MedusaX8.csproj]
C:\Users\zacho\OneDrive\Downloads\Documentos\Projetos\pdv_medusax8\v1.1\ClienteWindow.xaml.cs(351,18): error CS0101: O namespace "PDV_MedusaX8" j├í cont├®m uma defini├º├úo para "AddressEntry" [C:\Users\zacho\OneDrive\Downloads\Documentos\Projetos\pdv_medusax8\PDV_MedusaX8_hznqlc22_wpftmp.csproj]
C:\Users\zacho\OneDrive\Downloads\Documentos\Projetos\pdv_medusax8\v1.1\v1.1\ClienteWindow.xaml.cs(351,18): error CS0101: O namespace "PDV_MedusaX8" j├í cont├®m uma defini├º├úo para "AddressEntry" [C:\Users\zacho\OneDrive\Downloads\Documentos\Projetos\pdv_medusax8\PDV_MedusaX8_hznqlc22_wpftmp.csproj]
C:\Users\zacho\OneDrive\Downloads\Documentos\Projetos\pdv_medusax8\v1.1\MunicipioSearchWindow.xaml.cs(11,18): error CS0101: O namespace "PDV_MedusaX8" j├í cont├®m uma defini├º├úo para "MunicipioDto" [C:\Users\zacho\OneDrive\Downloads\Documentos\Projetos\pdv_medusax8\PDV_MedusaX8_hznqlc22_wpftmp.csproj]
C:\Users\zacho\OneDrive\Downloads\Documentos\Projetos\pdv_medusax8\v1.1\v1.1\MunicipioSearchWindow.xaml.cs(11,18): error CS0101: O namespace "PDV_MedusaX8" j├í cont├®m uma defini├º├úo para "MunicipioDto" [C:\Users\zacho\OneDrive\Downloads\Documentos\Projetos\pdv_medusax8\PDV_MedusaX8_hznqlc22_wpftmp.csproj]
C:\Users\zacho\OneDrive\Downloads\Documentos\Projetos\pdv_medusax8\v1.1\PaymentWindow.xaml.cs(14,18): error CS0101: O namespace "PDV_MedusaX8" j├í cont├®m uma defini├º├úo para "AppliedItem" [C:\Users\zacho\OneDrive\Downloads\Documentos\Projetos\pdv_medusax8\PDV_MedusaX8_hznqlc22_wpftmp.csproj]
C:\Users\zacho\OneDrive\Downloads\Documentos\Projetos\pdv_medusax8\v1.1\v1.1\PaymentWindow.xaml.cs(14,18): error CS0101: O namespace "PDV_MedusaX8" j├í cont├®m uma defini├º├úo para "AppliedItem" [C:\Users\zacho\OneDrive\Downloads\Documentos\Projetos\pdv_medusax8\PDV_MedusaX8_hznqlc22_wpftmp.csproj]
C:\Users\zacho\OneDrive\Downloads\Documentos\Projetos\pdv_medusax8\v1.1\Services\DbHelper.cs(9,25): error CS0101: O namespace "PDV_MedusaX8.Services" j├í cont├®m uma defini├º├úo para "DbHelper" [C:\Users\zacho\OneDrive\Downloads\Documentos\Projetos\pdv_medusax8\PDV_MedusaX8_hznqlc22_wpftmp.csproj]
C:\Users\zacho\OneDrive\Downloads\Documentos\Projetos\pdv_medusax8\v1.1\v1.1\Services\DbHelper.cs(9,25): error CS0101: O namespace "PDV_MedusaX8.Services" j├í cont├®m uma defini├º├úo para "DbHelper" [C:\Users\zacho\OneDrive\Downloads\Documentos\Projetos\pdv_medusax8\PDV_MedusaX8_hznqlc22_wpftmp.csproj]
C:\Users\zacho\OneDrive\Downloads\Documentos\Projetos\pdv_medusax8\v1.1\Services\NFCeService.cs(11,18): error CS0101: O namespace "PDV_MedusaX8.Services" j├í cont├®m uma defini├º├úo para "NFCeService" [C:\Users\zacho\OneDrive\Downloads\Documentos\Projetos\pdv_medusax8\PDV_MedusaX8_hznqlc22_wpftmp.csproj]
C:\Users\zacho\OneDrive\Downloads\Documentos\Projetos\pdv_medusax8\v1.1\v1.1\Services\NFCeService.cs(11,18): error CS0101: O namespace "PDV_MedusaX8.Services" j├í cont├®m uma defini├º├úo para "NFCeService" [C:\Users\zacho\OneDrive\Downloads\Documentos\Projetos\pdv_medusax8\PDV_MedusaX8_hznqlc22_wpftmp.csproj]
C:\Users\zacho\OneDrive\Downloads\Documentos\Projetos\pdv_medusax8\v1.1\Services\PrintingService.cs(13,25): error CS0101: O namespace "PDV_MedusaX8.Services" j├í cont├®m uma defini├º├úo para "PrintingService" [C:\Users\zacho\OneDrive\Downloads\Documentos\Projetos\pdv_medusax8\PDV_MedusaX8_hznqlc22_wpftmp.csproj]
C:\Users\zacho\OneDrive\Downloads\Documentos\Projetos\pdv_medusax8\v1.1\v1.1\Services\PrintingService.cs(13,25): error CS0101: O namespace "PDV_MedusaX8.Services" j├í cont├®m uma defini├º├úo para "PrintingService" [C:\Users\zacho\OneDrive\Downloads\Documentos\Projetos\pdv_medusax8\PDV_MedusaX8_hznqlc22_wpftmp.csproj]
C:\Users\zacho\OneDrive\Downloads\Documentos\Projetos\pdv_medusax8\v1.1\Services\TEFManager.cs(28,18): error CS0101: O namespace "PDV_MedusaX8.Services" j├í cont├®m uma defini├º├úo para "TEFResult" [C:\Users\zacho\OneDrive\Downloads\Documentos\Projetos\pdv_medusax8\PDV_MedusaX8_hznqlc22_wpftmp.csproj]
C:\Users\zacho\OneDrive\Downloads\Documentos\Projetos\pdv_medusax8\v1.1\v1.1\Services\TEFManager.cs(28,18): error CS0101: O namespace "PDV_MedusaX8.Services" j├í cont├®m uma defini├º├úo para "TEFResult" [C:\Users\zacho\OneDrive\Downloads\Documentos\Projetos\pdv_medusax8\PDV_MedusaX8_hznqlc22_wpftmp.csproj]
C:\Users\zacho\OneDrive\Downloads\Documentos\Projetos\pdv_medusax8\v1.1\Services\TEFManager.cs(36,18): error CS0101: O namespace "PDV_MedusaX8.Services" j├í cont├®m uma defini├º├úo para "TEFManager" [C:\Users\zacho\OneDrive\Downloads\Documentos\Projetos\pdv_medusax8\PDV_MedusaX8_hznqlc22_wpftmp.csproj]
C:\Users\zacho\OneDrive\Downloads\Documentos\Projetos\pdv_medusax8\v1.1\v1.1\Services\TEFManager.cs(36,18): error CS0101: O namespace "PDV_MedusaX8.Services" j├í cont├®m uma defini├º├úo para "TEFManager" [C:\Users\zacho\OneDrive\Downloads\Documentos\Projetos\pdv_medusax8\PDV_MedusaX8_hznqlc22_wpftmp.csproj]
C:\Users\zacho\OneDrive\Downloads\Documentos\Projetos\pdv_medusax8\v1.1\Services\TEFManager.cs(9,17): error CS0101: O namespace "PDV_MedusaX8.Services" j├í cont├®m uma defini├º├úo para "TEFIntegrationType" [C:\Users\zacho\OneDrive\Downloads\Documentos\Projetos\pdv_medusax8\PDV_MedusaX8_hznqlc22_wpftmp.csproj]
C:\Users\zacho\OneDrive\Downloads\Documentos\Projetos\pdv_medusax8\v1.1\v1.1\Services\TEFManager.cs(9,17): error CS0101: O namespace "PDV_MedusaX8.Services" j├í cont├®m uma defini├º├úo para "TEFIntegrationType" [C:\Users\zacho\OneDrive\Downloads\Documentos\Projetos\pdv_medusax8\PDV_MedusaX8_hznqlc22_wpftmp.csproj]
C:\Users\zacho\OneDrive\Downloads\Documentos\Projetos\pdv_medusax8\v1.1\CancelItemWindow.xaml.cs(12,22): error CS0102: O tipo "CancelItemWindow" j├í cont├®m uma defini├º├úo para "CancelOption" [C:\Users\zacho\OneDrive\Downloads\Documentos\Projetos\pdv_medusax8\PDV_MedusaX8_hznqlc22_wpftmp.csproj]
C:\Users\zacho\OneDrive\Downloads\Documentos\Projetos\pdv_medusax8\v1.1\v1.1\CancelItemWindow.xaml.cs(12,22): error CS0102: O tipo "CancelItemWindow" j├í cont├®m uma defini├º├úo para "CancelOption" [C:\Users\zacho\OneDrive\Downloads\Documentos\Projetos\pdv_medusax8\PDV_MedusaX8_hznqlc22_wpftmp.csproj]
C:\Users\zacho\OneDrive\Downloads\Documentos\Projetos\pdv_medusax8\AberturaCaixaWindow.xaml.cs(9,26): error CS8646: 'IComponentConnector.Connect(int, object)' ├® implementado explicitamente mais de uma vez. [C:\Users\zacho\OneDrive\Downloads\Documentos\Projetos\pdv_medusax8\PDV_MedusaX8_hznqlc22_wpftmp.csproj]
C:\Users\zacho\OneDrive\Downloads\Documentos\Projetos\pdv_medusax8\v1.1\AberturaCaixaWindow.xaml.cs(11,16): error CS0111: Tipo "AberturaCaixaWindow" j├í define um membro chamado "AberturaCaixaWindow" com os mesmos tipos de par├ómetro [C:\Users\zacho\OneDrive\Downloads\Documentos\Projetos\pdv_medusax8\PDV_MedusaX8_hznqlc22_wpftmp.csproj]
C:\Users\zacho\OneDrive\Downloads\Documentos\Projetos\pdv_medusax8\v1.1\v1.1\AberturaCaixaWindow.xaml.cs(11,16): error CS0111: Tipo "AberturaCaixaWindow" j├í define um membro chamado "AberturaCaixaWindow" com os mesmos tipos de par├ómetro [C:\Users\zacho\OneDrive\Downloads\Documentos\Projetos\pdv_medusax8\PDV_MedusaX8_hznqlc22_wpftmp.csproj]
C:\Users\zacho\OneDrive\Downloads\Documentos\Projetos\pdv_medusax8\v1.1\AberturaCaixaWindow.xaml.cs(17,24): error CS0111: Tipo "AberturaCaixaWindow" j├í define um membro chamado "GetConnectionString" com os mesmos tipos de par├ómetro [C:\Users\zacho\OneDrive\Downloads\Documentos\Projetos\pdv_medusax8\PDV_MedusaX8_hznqlc22_wpftmp.csproj]
C:\Users\zacho\OneDrive\Downloads\Documentos\Projetos\pdv_medusax8\v1.1\v1.1\AberturaCaixaWindow.xaml.cs(17,24): error CS0111: Tipo "AberturaCaixaWindow" j├í define um membro chamado "GetConnectionString" com os mesmos tipos de par├ómetro [C:\Users\zacho\OneDrive\Downloads\Documentos\Projetos\pdv_medusax8\PDV_MedusaX8_hznqlc22_wpftmp.csproj]
C:\Users\zacho\OneDrive\Downloads\Documentos\Projetos\pdv_medusax8\v1.1\AberturaCaixaWindow.xaml.cs(19,22): error CS0111: Tipo "AberturaCaixaWindow" j├í define um membro chamado "EnsureTables" com os mesmos tipos de par├ómetro [C:\Users\zacho\OneDrive\Downloads\Documentos\Projetos\pdv_medusax8\PDV_MedusaX8_hznqlc22_wpftmp.csproj]
C:\Users\zacho\OneDrive\Downloads\Documentos\Projetos\pdv_medusax8\v1.1\v1.1\AberturaCaixaWindow.xaml.cs(19,22): error CS0111: Tipo "AberturaCaixaWindow" j├í define um membro chamado "EnsureTables" com os mesmos tipos de par├ómetro [C:\Users\zacho\OneDrive\Downloads\Documentos\Projetos\pdv_medusax8\PDV_MedusaX8_hznqlc22_wpftmp.csproj]
C:\Users\zacho\OneDrive\Downloads\Documentos\Projetos\pdv_medusax8\v1.1\AberturaCaixaWindow.xaml.cs(38,22): error CS0111: Tipo "AberturaCaixaWindow" j├í define um membro chamado "BtnSalvar_Click" com os mesmos tipos de par├ómetro [C:\Users\zacho\OneDrive\Downloads\Documentos\Projetos\pdv_medusax8\PDV_MedusaX8_hznqlc22_wpftmp.csproj]
C:\Users\zacho\OneDrive\Downloads\Documentos\Projetos\pdv_medusax8\v1.1\v1.1\AberturaCaixaWindow.xaml.cs(38,22): error CS0111: Tipo "AberturaCaixaWindow" j├í define um membro chamado "BtnSalvar_Click" com os mesmos tipos de par├ómetro [C:\Users\zacho\OneDrive\Downloads\Documentos\Projetos\pdv_medusax8\PDV_MedusaX8_hznqlc22_wpftmp.csproj]
C:\Users\zacho\OneDrive\Downloads\Documentos\Projetos\pdv_medusax8\v1.1\AberturaCaixaWindow.xaml.cs(118,22): error CS0111: Tipo "AberturaCaixaWindow" j├í define um membro chamado "BtnCancelar_Click" com os mesmos tipos de par├ómetro [C:\Users\zacho\OneDrive\Downloads\Documentos\Projetos\pdv_medusax8\PDV_MedusaX8_hznqlc22_wpftmp.csproj]
C:\Users\zacho\OneDrive\Downloads\Documentos\Projetos\pdv_medusax8\v1.1\v1.1\AberturaCaixaWindow.xaml.cs(118,22): error CS0111: Tipo "AberturaCaixaWindow" j├í define um membro chamado "BtnCancelar_Click" com os mesmos tipos de par├ómetro [C:\Users\zacho\OneDrive\Downloads\Documentos\Projetos\pdv_medusax8\PDV_MedusaX8_hznqlc22_wpftmp.csproj]
C:\Users\zacho\OneDrive\Downloads\Documentos\Projetos\pdv_medusax8\v1.1\AberturaCaixaWindow.xaml(24,50): error CS0102: O tipo "AberturaCaixaWindow" j├í cont├®m uma defini├º├úo para "TxtValor" [C:\Users\zacho\OneDrive\Downloads\Documentos\Projetos\pdv_medusax8\PDV_MedusaX8_hznqlc22_wpftmp.csproj]
C:\Users\zacho\OneDrive\Downloads\Documentos\Projetos\pdv_medusax8\v1.1\v1.1\AberturaCaixaWindow.xaml(24,50): error CS0102: O tipo "AberturaCaixaWindow" j├í cont├®m uma defini├º├úo para "TxtValor" [C:\Users\zacho\OneDrive\Downloads\Documentos\Projetos\pdv_medusax8\PDV_MedusaX8_hznqlc22_wpftmp.csproj]
C:\Users\zacho\OneDrive\Downloads\Documentos\Projetos\pdv_medusax8\v1.1\AberturaCaixaWindow.xaml(27,50): error CS0102: O tipo "AberturaCaixaWindow" j├í cont├®m uma defini├º├úo para "TxtMotivo" [C:\Users\zacho\OneDrive\Downloads\Documentos\Projetos\pdv_medusax8\PDV_MedusaX8_hznqlc22_wpftmp.csproj]
C:\Users\zacho\OneDrive\Downloads\Documentos\Projetos\pdv_medusax8\v1.1\v1.1\AberturaCaixaWindow.xaml(27,50): error CS0102: O tipo "AberturaCaixaWindow" j├í cont├®m uma defini├º├úo para "TxtMotivo" [C:\Users\zacho\OneDrive\Downloads\Documentos\Projetos\pdv_medusax8\PDV_MedusaX8_hznqlc22_wpftmp.csproj]
C:\Users\zacho\OneDrive\Downloads\Documentos\Projetos\pdv_medusax8\obj\Release\net10.0-windows\v1.1\AberturaCaixaWindow.g.cs(58,22): error CS0102: O tipo "AberturaCaixaWindow" j├í cont├®m uma defini├º├úo para "_contentLoaded" [C:\Users\zacho\OneDrive\Downloads\Documentos\Projetos\pdv_medusax8\PDV_MedusaX8_hznqlc22_wpftmp.csproj]
C:\Users\zacho\OneDrive\Downloads\Documentos\Projetos\pdv_medusax8\obj\Release\net10.0-windows\v1.1\v1.1\AberturaCaixaWindow.g.cs(58,22): error CS0102: O tipo "AberturaCaixaWindow" j├í cont├®m uma defini├º├úo para "_contentLoaded" [C:\Users\zacho\OneDrive\Downloads\Documentos\Projetos\pdv_medusax8\PDV_MedusaX8_hznqlc22_wpftmp.csproj]
C:\Users\zacho\OneDrive\Downloads\Documentos\Projetos\pdv_medusax8\obj\Release\net10.0-windows\v1.1\AberturaCaixaWindow.g.cs(65,21): error CS0111: Tipo "AberturaCaixaWindow" j├í define um membro chamado "InitializeComponent" com os mesmos tipos de par├ómetro [C:\Users\zacho\OneDrive\Downloads\Documentos\Projetos\pdv_medusax8\PDV_MedusaX8_hznqlc22_wpftmp.csproj]
C:\Users\zacho\OneDrive\Downloads\Documentos\Projetos\pdv_medusax8\obj\Release\net10.0-windows\v1.1\v1.1\AberturaCaixaWindow.g.cs(65,21): error CS0111: Tipo "AberturaCaixaWindow" j├í define um membro chamado "InitializeComponent" com os mesmos tipos de par├ómetro [C:\Users\zacho\OneDrive\Downloads\Documentos\Projetos\pdv_medusax8\PDV_MedusaX8_hznqlc22_wpftmp.csproj]
C:\Users\zacho\OneDrive\Downloads\Documentos\Projetos\pdv_medusax8\obj\Release\net10.0-windows\v1.1\AberturaCaixaWindow.g.cs(85,56): error CS0111: Tipo "AberturaCaixaWindow" j├í define um membro chamado "System.Windows.Markup.IComponentConnector.Connect" com os mesmos tipos de par├ómetro [C:\Users\zacho\OneDrive\Downloads\Documentos\Projetos\pdv_medusax8\PDV_MedusaX8_hznqlc22_wpftmp.csproj]
C:\Users\zacho\OneDrive\Downloads\Documentos\Projetos\pdv_medusax8\obj\Release\net10.0-windows\v1.1\v1.1\AberturaCaixaWindow.g.cs(85,56): error CS0111: Tipo "AberturaCaixaWindow" j├í define um membro chamado "System.Windows.Markup.IComponentConnector.Connect" com os mesmos tipos de par├ómetro [C:\Users\zacho\OneDrive\Downloads\Documentos\Projetos\pdv_medusax8\PDV_MedusaX8_hznqlc22_wpftmp.csproj]
C:\Users\zacho\OneDrive\Downloads\Documentos\Projetos\pdv_medusax8\v1.1\Models\CartItem.cs(4,18): error CS0101: O namespace "PDV_MedusaX8.Models" j├í cont├®m uma defini├º├úo para "CartItem" [C:\Users\zacho\OneDrive\Downloads\Documentos\Projetos\pdv_medusax8\PDV_MedusaX8_hznqlc22_wpftmp.csproj]
C:\Users\zacho\OneDrive\Downloads\Documentos\Projetos\pdv_medusax8\v1.1\v1.1\Models\CartItem.cs(4,18): error CS0101: O namespace "PDV_MedusaX8.Models" j├í cont├®m uma defini├º├úo para "CartItem" [C:\Users\zacho\OneDrive\Downloads\Documentos\Projetos\pdv_medusax8\PDV_MedusaX8_hznqlc22_wpftmp.csproj]
C:\Users\zacho\OneDrive\Downloads\Documentos\Projetos\pdv_medusax8\v1.1\Models\ChequeInfo.cs(5,18): error CS0101: O namespace "PDV_MedusaX8.Models" j├í cont├®m uma defini├º├úo para "ChequeInfo" [C:\Users\zacho\OneDrive\Downloads\Documentos\Projetos\pdv_medusax8\PDV_MedusaX8_hznqlc22_wpftmp.csproj]
C:\Users\zacho\OneDrive\Downloads\Documentos\Projetos\pdv_medusax8\v1.1\v1.1\Models\ChequeInfo.cs(5,18): error CS0101: O namespace "PDV_MedusaX8.Models" j├í cont├®m uma defini├º├úo para "ChequeInfo" [C:\Users\zacho\OneDrive\Downloads\Documentos\Projetos\pdv_medusax8\PDV_MedusaX8_hznqlc22_wpftmp.csproj]
C:\Users\zacho\OneDrive\Downloads\Documentos\Projetos\pdv_medusax8\v1.1\Models\PaymentMethod.cs(3,18): error CS0101: O namespace "PDV_MedusaX8.Models" j├í cont├®m uma defini├º├úo para "PaymentMethod" [C:\Users\zacho\OneDrive\Downloads\Documentos\Projetos\pdv_medusax8\PDV_MedusaX8_hznqlc22_wpftmp.csproj]
C:\Users\zacho\OneDrive\Downloads\Documentos\Projetos\pdv_medusax8\v1.1\v1.1\Models\PaymentMethod.cs(3,18): error CS0101: O namespace "PDV_MedusaX8.Models" j├í cont├®m uma defini├º├úo para "PaymentMethod" [C:\Users\zacho\OneDrive\Downloads\Documentos\Projetos\pdv_medusax8\PDV_MedusaX8_hznqlc22_wpftmp.csproj]
C:\Users\zacho\OneDrive\Downloads\Documentos\Projetos\pdv_medusax8\v1.1\Services\TEF\CapptaProvider.cs(6,18): error CS0101: O namespace "PDV_MedusaX8.Services.TEF" j├í cont├®m uma defini├º├úo para "CapptaProvider" [C:\Users\zacho\OneDrive\Downloads\Documentos\Projetos\pdv_medusax8\PDV_MedusaX8_hznqlc22_wpftmp.csproj]
C:\Users\zacho\OneDrive\Downloads\Documentos\Projetos\pdv_medusax8\v1.1\v1.1\Services\TEF\CapptaProvider.cs(6,18): error CS0101: O namespace "PDV_MedusaX8.Services.TEF" j├í cont├®m uma defini├º├úo para "CapptaProvider" [C:\Users\zacho\OneDrive\Downloads\Documentos\Projetos\pdv_medusax8\PDV_MedusaX8_hznqlc22_wpftmp.csproj]
C:\Users\zacho\OneDrive\Downloads\Documentos\Projetos\pdv_medusax8\v1.1\Services\TEF\ITEFProvider.cs(5,22): error CS0101: O namespace "PDV_MedusaX8.Services.TEF" j├í cont├®m uma defini├º├úo para "ITEFProvider" [C:\Users\zacho\OneDrive\Downloads\Documentos\Projetos\pdv_medusax8\PDV_MedusaX8_hznqlc22_wpftmp.csproj]
C:\Users\zacho\OneDrive\Downloads\Documentos\Projetos\pdv_medusax8\v1.1\v1.1\Services\TEF\ITEFProvider.cs(5,22): error CS0101: O namespace "PDV_MedusaX8.Services.TEF" j├í cont├®m uma defini├º├úo para "ITEFProvider" [C:\Users\zacho\OneDrive\Downloads\Documentos\Projetos\pdv_medusax8\PDV_MedusaX8_hznqlc22_wpftmp.csproj]
C:\Users\zacho\OneDrive\Downloads\Documentos\Projetos\pdv_medusax8\v1.1\Services\TEF\PayGoProvider.cs(6,18): error CS0101: O namespace "PDV_MedusaX8.Services.TEF" j├í cont├®m uma defini├º├úo para "PayGoProvider" [C:\Users\zacho\OneDrive\Downloads\Documentos\Projetos\pdv_medusax8\PDV_MedusaX8_hznqlc22_wpftmp.csproj]
C:\Users\zacho\OneDrive\Downloads\Documentos\Projetos\pdv_medusax8\v1.1\v1.1\Services\TEF\PayGoProvider.cs(6,18): error CS0101: O namespace "PDV_MedusaX8.Services.TEF" j├í cont├®m uma defini├º├úo para "PayGoProvider" [C:\Users\zacho\OneDrive\Downloads\Documentos\Projetos\pdv_medusax8\PDV_MedusaX8_hznqlc22_wpftmp.csproj]
C:\Users\zacho\OneDrive\Downloads\Documentos\Projetos\pdv_medusax8\v1.1\Services\TEF\SitefProvider.cs(9,18): error CS0101: O namespace "PDV_MedusaX8.Services.TEF" j├í cont├®m uma defini├º├úo para "SitefProvider" [C:\Users\zacho\OneDrive\Downloads\Documentos\Projetos\pdv_medusax8\PDV_MedusaX8_hznqlc22_wpftmp.csproj]
C:\Users\zacho\OneDrive\Downloads\Documentos\Projetos\pdv_medusax8\v1.1\v1.1\Services\TEF\SitefProvider.cs(9,18): error CS0101: O namespace "PDV_MedusaX8.Services.TEF" j├í cont├®m uma defini├º├úo para "SitefProvider" [C:\Users\zacho\OneDrive\Downloads\Documentos\Projetos\pdv_medusax8\PDV_MedusaX8_hznqlc22_wpftmp.csproj]
C:\Users\zacho\OneDrive\Downloads\Documentos\Projetos\pdv_medusax8\CancelItemWindow.xaml.cs(10,26): error CS8646: 'IComponentConnector.Connect(int, object)' ├® implementado explicitamente mais de uma vez. [C:\Users\zacho\OneDrive\Downloads\Documentos\Projetos\pdv_medusax8\PDV_MedusaX8_hznqlc22_wpftmp.csproj]
C:\Users\zacho\OneDrive\Downloads\Documentos\Projetos\pdv_medusax8\ClienteWindow.xaml.cs(11,26): error CS8646: 'IComponentConnector.Connect(int, object)' ├® implementado explicitamente mais de uma vez. [C:\Users\zacho\OneDrive\Downloads\Documentos\Projetos\pdv_medusax8\PDV_MedusaX8_hznqlc22_wpftmp.csproj]
C:\Users\zacho\OneDrive\Downloads\Documentos\Projetos\pdv_medusax8\v1.1\ConsumidorWindow.xaml.cs(17,23): error CS0102: O tipo "ConsumidorWindow" j├í cont├®m uma defini├º├úo para "ClienteResultado" [C:\Users\zacho\OneDrive\Downloads\Documentos\Projetos\pdv_medusax8\PDV_MedusaX8_hznqlc22_wpftmp.csproj]
C:\Users\zacho\OneDrive\Downloads\Documentos\Projetos\pdv_medusax8\v1.1\v1.1\ConsumidorWindow.xaml.cs(17,23): error CS0102: O tipo "ConsumidorWindow" j├í cont├®m uma defini├º├úo para "ClienteResultado" [C:\Users\zacho\OneDrive\Downloads\Documentos\Projetos\pdv_medusax8\PDV_MedusaX8_hznqlc22_wpftmp.csproj]
C:\Users\zacho\OneDrive\Downloads\Documentos\Projetos\pdv_medusax8\AlterarPrecoWindow.xaml.cs(9,26): error CS8646: 'IComponentConnector.Connect(int, object)' ├® implementado explicitamente mais de uma vez. [C:\Users\zacho\OneDrive\Downloads\Documentos\Projetos\pdv_medusax8\PDV_MedusaX8_hznqlc22_wpftmp.csproj]
C:\Users\zacho\OneDrive\Downloads\Documentos\Projetos\pdv_medusax8\v1.1\AlterarPrecoWindow.xaml.cs(11,24): error CS0102: O tipo "AlterarPrecoWindow" j├í cont├®m uma defini├º├úo para "NovoPreco" [C:\Users\zacho\OneDrive\Downloads\Documentos\Projetos\pdv_medusax8\PDV_MedusaX8_hznqlc22_wpftmp.csproj]
C:\Users\zacho\OneDrive\Downloads\Documentos\Projetos\pdv_medusax8\v1.1\v1.1\AlterarPrecoWindow.xaml.cs(11,24): error CS0102: O tipo "AlterarPrecoWindow" j├í cont├®m uma defini├º├úo para "NovoPreco" [C:\Users\zacho\OneDrive\Downloads\Documentos\Projetos\pdv_medusax8\PDV_MedusaX8_hznqlc22_wpftmp.csproj]
C:\Users\zacho\OneDrive\Downloads\Documentos\Projetos\pdv_medusax8\v1.1\AlterarPrecoWindow.xaml.cs(12,23): error CS0102: O tipo "AlterarPrecoWindow" j├í cont├®m uma defini├º├úo para "CodigoInformado" [C:\Users\zacho\OneDrive\Downloads\Documentos\Projetos\pdv_medusax8\PDV_MedusaX8_hznqlc22_wpftmp.csproj]
C:\Users\zacho\OneDrive\Downloads\Documentos\Projetos\pdv_medusax8\v1.1\v1.1\AlterarPrecoWindow.xaml.cs(12,23): error CS0102: O tipo "AlterarPrecoWindow" j├í cont├®m uma defini├º├úo para "CodigoInformado" [C:\Users\zacho\OneDrive\Downloads\Documentos\Projetos\pdv_medusax8\PDV_MedusaX8_hznqlc22_wpftmp.csproj]
C:\Users\zacho\OneDrive\Downloads\Documentos\Projetos\pdv_medusax8\v1.1\AlterarPrecoWindow.xaml.cs(14,16): error CS0111: Tipo "AlterarPrecoWindow" j├í define um membro chamado "AlterarPrecoWindow" com os mesmos tipos de par├ómetro [C:\Users\zacho\OneDrive\Downloads\Documentos\Projetos\pdv_medusax8\PDV_MedusaX8_hznqlc22_wpftmp.csproj]
C:\Users\zacho\OneDrive\Downloads\Documentos\Projetos\pdv_medusax8\v1.1\AlterarPrecoWindow.xaml.cs(22,16): error CS0111: Tipo "AlterarPrecoWindow" j├í define um membro chamado "AlterarPrecoWindow" com os mesmos tipos de par├ómetro [C:\Users\zacho\OneDrive\Downloads\Documentos\Projetos\pdv_medusax8\PDV_MedusaX8_hznqlc22_wpftmp.csproj]
C:\Users\zacho\OneDrive\Downloads\Documentos\Projetos\pdv_medusax8\v1.1\v1.1\AlterarPrecoWindow.xaml.cs(14,16): error CS0111: Tipo "AlterarPrecoWindow" j├í define um membro chamado "AlterarPrecoWindow" com os mesmos tipos de par├ómetro [C:\Users\zacho\OneDrive\Downloads\Documentos\Projetos\pdv_medusax8\PDV_MedusaX8_hznqlc22_wpftmp.csproj]
C:\Users\zacho\OneDrive\Downloads\Documentos\Projetos\pdv_medusax8\v1.1\v1.1\AlterarPrecoWindow.xaml.cs(22,16): error CS0111: Tipo "AlterarPrecoWindow" j├í define um membro chamado "AlterarPrecoWindow" com os mesmos tipos de par├ómetro [C:\Users\zacho\OneDrive\Downloads\Documentos\Projetos\pdv_medusax8\PDV_MedusaX8_hznqlc22_wpftmp.csproj]
C:\Users\zacho\OneDrive\Downloads\Documentos\Projetos\pdv_medusax8\v1.1\AlterarPrecoWindow.xaml.cs(33,22): error CS0111: Tipo "AlterarPrecoWindow" j├í define um membro chamado "NumericOnly_PreviewTextInput" com os mesmos tipos de par├ómetro [C:\Users\zacho\OneDrive\Downloads\Documentos\Projetos\pdv_medusax8\PDV_MedusaX8_hznqlc22_wpftmp.csproj]
C:\Users\zacho\OneDrive\Downloads\Documentos\Projetos\pdv_medusax8\v1.1\v1.1\AlterarPrecoWindow.xaml.cs(33,22): error CS0111: Tipo "AlterarPrecoWindow" j├í define um membro chamado "NumericOnly_PreviewTextInput" com os mesmos tipos de par├ómetro [C:\Users\zacho\OneDrive\Downloads\Documentos\Projetos\pdv_medusax8\PDV_MedusaX8_hznqlc22_wpftmp.csproj]
C:\Users\zacho\OneDrive\Downloads\Documentos\Projetos\pdv_medusax8\v1.1\AlterarPrecoWindow.xaml.cs(38,22): error CS0111: Tipo "AlterarPrecoWindow" j├í define um membro chamado "BtnSalvar_Click" com os mesmos tipos de par├ómetro [C:\Users\zacho\OneDrive\Downloads\Documentos\Projetos\pdv_medusax8\PDV_MedusaX8_hznqlc22_wpftmp.csproj]
C:\Users\zacho\OneDrive\Downloads\Documentos\Projetos\pdv_medusax8\v1.1\v1.1\AlterarPrecoWindow.xaml.cs(38,22): error CS0111: Tipo "AlterarPrecoWindow" j├í define um membro chamado "BtnSalvar_Click" com os mesmos tipos de par├ómetro [C:\Users\zacho\OneDrive\Downloads\Documentos\Projetos\pdv_medusax8\PDV_MedusaX8_hznqlc22_wpftmp.csproj]
C:\Users\zacho\OneDrive\Downloads\Documentos\Projetos\pdv_medusax8\v1.1\AlterarPrecoWindow.xaml(15,50): error CS0102: O tipo "AlterarPrecoWindow" j├í cont├®m uma defini├º├úo para "TxtCodigoInput" [C:\Users\zacho\OneDrive\Downloads\Documentos\Projetos\pdv_medusax8\PDV_MedusaX8_hznqlc22_wpftmp.csproj]
C:\Users\zacho\OneDrive\Downloads\Documentos\Projetos\pdv_medusax8\v1.1\v1.1\AlterarPrecoWindow.xaml(15,50): error CS0102: O tipo "AlterarPrecoWindow" j├í cont├®m uma defini├º├úo para "TxtCodigoInput" [C:\Users\zacho\OneDrive\Downloads\Documentos\Projetos\pdv_medusax8\PDV_MedusaX8_hznqlc22_wpftmp.csproj]
C:\Users\zacho\OneDrive\Downloads\Documentos\Projetos\pdv_medusax8\v1.1\AlterarPrecoWindow.xaml(17,52): error CS0102: O tipo "AlterarPrecoWindow" j├í cont├®m uma defini├º├úo para "TxtDescricao" [C:\Users\zacho\OneDrive\Downloads\Documentos\Projetos\pdv_medusax8\PDV_MedusaX8_hznqlc22_wpftmp.csproj]
C:\Users\zacho\OneDrive\Downloads\Documentos\Projetos\pdv_medusax8\v1.1\v1.1\AlterarPrecoWindow.xaml(17,52): error CS0102: O tipo "AlterarPrecoWindow" j├í cont├®m uma defini├º├úo para "TxtDescricao" [C:\Users\zacho\OneDrive\Downloads\Documentos\Projetos\pdv_medusax8\PDV_MedusaX8_hznqlc22_wpftmp.csproj]
C:\Users\zacho\OneDrive\Downloads\Documentos\Projetos\pdv_medusax8\v1.1\AlterarPrecoWindow.xaml(20,50): error CS0102: O tipo "AlterarPrecoWindow" j├í cont├®m uma defini├º├úo para "TxtPreco" [C:\Users\zacho\OneDrive\Downloads\Documentos\Projetos\pdv_medusax8\PDV_MedusaX8_hznqlc22_wpftmp.csproj]
C:\Users\zacho\OneDrive\Downloads\Documentos\Projetos\pdv_medusax8\v1.1\v1.1\AlterarPrecoWindow.xaml(20,50): error CS0102: O tipo "AlterarPrecoWindow" j├í cont├®m uma defini├º├úo para "TxtPreco" [C:\Users\zacho\OneDrive\Downloads\Documentos\Projetos\pdv_medusax8\PDV_MedusaX8_hznqlc22_wpftmp.csproj]
C:\Users\zacho\OneDrive\Downloads\Documentos\Projetos\pdv_medusax8\obj\Release\net10.0-windows\v1.1\AlterarPrecoWindow.g.cs(66,22): error CS0102: O tipo "AlterarPrecoWindow" j├í cont├®m uma defini├º├úo para "_contentLoaded" [C:\Users\zacho\OneDrive\Downloads\Documentos\Projetos\pdv_medusax8\PDV_MedusaX8_hznqlc22_wpftmp.csproj]
C:\Users\zacho\OneDrive\Downloads\Documentos\Projetos\pdv_medusax8\obj\Release\net10.0-windows\v1.1\v1.1\AlterarPrecoWindow.g.cs(66,22): error CS0102: O tipo "AlterarPrecoWindow" j├í cont├®m uma defini├º├úo para "_contentLoaded" [C:\Users\zacho\OneDrive\Downloads\Documentos\Projetos\pdv_medusax8\PDV_MedusaX8_hznqlc22_wpftmp.csproj]
C:\Users\zacho\OneDrive\Downloads\Documentos\Projetos\pdv_medusax8\obj\Release\net10.0-windows\v1.1\AlterarPrecoWindow.g.cs(73,21): error CS0111: Tipo "AlterarPrecoWindow" j├í define um membro chamado "InitializeComponent" com os mesmos tipos de par├ómetro [C:\Users\zacho\OneDrive\Downloads\Documentos\Projetos\pdv_medusax8\PDV_MedusaX8_hznqlc22_wpftmp.csproj]
C:\Users\zacho\OneDrive\Downloads\Documentos\Projetos\pdv_medusax8\obj\Release\net10.0-windows\v1.1\v1.1\AlterarPrecoWindow.g.cs(73,21): error CS0111: Tipo "AlterarPrecoWindow" j├í define um membro chamado "InitializeComponent" com os mesmos tipos de par├ómetro [C:\Users\zacho\OneDrive\Downloads\Documentos\Projetos\pdv_medusax8\PDV_MedusaX8_hznqlc22_wpftmp.csproj]
C:\Users\zacho\OneDrive\Downloads\Documentos\Projetos\pdv_medusax8\obj\Release\net10.0-windows\v1.1\AlterarPrecoWindow.g.cs(93,56): error CS0111: Tipo "AlterarPrecoWindow" j├í define um membro chamado "System.Windows.Markup.IComponentConnector.Connect" com os mesmos tipos de par├ómetro [C:\Users\zacho\OneDrive\Downloads\Documentos\Projetos\pdv_medusax8\PDV_MedusaX8_hznqlc22_wpftmp.csproj]
C:\Users\zacho\OneDrive\Downloads\Documentos\Projetos\pdv_medusax8\obj\Release\net10.0-windows\v1.1\v1.1\AlterarPrecoWindow.g.cs(93,56): error CS0111: Tipo "AlterarPrecoWindow" j├í define um membro chamado "System.Windows.Markup.IComponentConnector.Connect" com os mesmos tipos de par├ómetro [C:\Users\zacho\OneDrive\Downloads\Documentos\Projetos\pdv_medusax8\PDV_MedusaX8_hznqlc22_wpftmp.csproj]
C:\Users\zacho\OneDrive\Downloads\Documentos\Projetos\pdv_medusax8\v1.1\CancelItemWindow.xaml.cs(22,35): error CS0102: O tipo "CancelItemWindow" j├í cont├®m uma defini├º├úo para "Options" [C:\Users\zacho\OneDrive\Downloads\Documentos\Projetos\pdv_medusax8\PDV_MedusaX8_hznqlc22_wpftmp.csproj]
C:\Users\zacho\OneDrive\Downloads\Documentos\Projetos\pdv_medusax8\v1.1\v1.1\CancelItemWindow.xaml.cs(22,35): error CS0102: O tipo "CancelItemWindow" j├í cont├®m uma defini├º├úo para "Options" [C:\Users\zacho\OneDrive\Downloads\Documentos\Projetos\pdv_medusax8\PDV_MedusaX8_hznqlc22_wpftmp.csproj]
C:\Users\zacho\OneDrive\Downloads\Documentos\Projetos\pdv_medusax8\v1.1\CancelItemWindow.xaml.cs(23,87): error CS0102: O tipo "CancelItemWindow" j├í cont├®m uma defini├º├úo para "Result" [C:\Users\zacho\OneDrive\Downloads\Documentos\Projetos\pdv_medusax8\PDV_MedusaX8_hznqlc22_wpftmp.csproj]
C:\Users\zacho\OneDrive\Downloads\Documentos\Projetos\pdv_medusax8\v1.1\v1.1\CancelItemWindow.xaml.cs(23,87): error CS0102: O tipo "CancelItemWindow" j├í cont├®m uma defini├º├úo para "Result" [C:\Users\zacho\OneDrive\Downloads\Documentos\Projetos\pdv_medusax8\PDV_MedusaX8_hznqlc22_wpftmp.csproj]
C:\Users\zacho\OneDrive\Downloads\Documentos\Projetos\pdv_medusax8\v1.1\CancelItemWindow.xaml.cs(25,16): error CS0111: Tipo "CancelItemWindow" j├í define um membro chamado "CancelItemWindow" com os mesmos tipos de par├ómetro [C:\Users\zacho\OneDrive\Downloads\Documentos\Projetos\pdv_medusax8\PDV_MedusaX8_hznqlc22_wpftmp.csproj]
C:\Users\zacho\OneDrive\Downloads\Documentos\Projetos\pdv_medusax8\v1.1\v1.1\CancelItemWindow.xaml.cs(25,16): error CS0111: Tipo "CancelItemWindow" j├í define um membro chamado "CancelItemWindow" com os mesmos tipos de par├ómetro [C:\Users\zacho\OneDrive\Downloads\Documentos\Projetos\pdv_medusax8\PDV_MedusaX8_hznqlc22_wpftmp.csproj]
C:\Users\zacho\OneDrive\Downloads\Documentos\Projetos\pdv_medusax8\v1.1\CancelItemWindow.xaml.cs(41,22): error CS0111: Tipo "CancelItemWindow" j├í define um membro chamado "DgvCancel_SelectionChanged" com os mesmos tipos de par├ómetro [C:\Users\zacho\OneDrive\Downloads\Documentos\Projetos\pdv_medusax8\PDV_MedusaX8_hznqlc22_wpftmp.csproj]
C:\Users\zacho\OneDrive\Downloads\Documentos\Projetos\pdv_medusax8\v1.1\v1.1\CancelItemWindow.xaml.cs(41,22): error CS0111: Tipo "CancelItemWindow" j├í define um membro chamado "DgvCancel_SelectionChanged" com os mesmos tipos de par├ómetro [C:\Users\zacho\OneDrive\Downloads\Documentos\Projetos\pdv_medusax8\PDV_MedusaX8_hznqlc22_wpftmp.csproj]
C:\Users\zacho\OneDrive\Downloads\Documentos\Projetos\pdv_medusax8\v1.1\CancelItemWindow.xaml.cs(61,22): error CS0111: Tipo "CancelItemWindow" j├í define um membro chamado "DgvCancel_MouseDoubleClick" com os mesmos tipos de par├ómetro [C:\Users\zacho\OneDrive\Downloads\Documentos\Projetos\pdv_medusax8\PDV_MedusaX8_hznqlc22_wpftmp.csproj]
C:\Users\zacho\OneDrive\Downloads\Documentos\Projetos\pdv_medusax8\v1.1\v1.1\CancelItemWindow.xaml.cs(61,22): error CS0111: Tipo "CancelItemWindow" j├í define um membro chamado "DgvCancel_MouseDoubleClick" com os mesmos tipos de par├ómetro [C:\Users\zacho\OneDrive\Downloads\Documentos\Projetos\pdv_medusax8\PDV_MedusaX8_hznqlc22_wpftmp.csproj]
C:\Users\zacho\OneDrive\Downloads\Documentos\Projetos\pdv_medusax8\v1.1\CancelItemWindow.xaml.cs(86,22): error CS0111: Tipo "CancelItemWindow" j├í define um membro chamado "BtnConfirm_Click" com os mesmos tipos de par├ómetro [C:\Users\zacho\OneDrive\Downloads\Documentos\Projetos\pdv_medusax8\PDV_MedusaX8_hznqlc22_wpftmp.csproj]
C:\Users\zacho\OneDrive\Downloads\Documentos\Projetos\pdv_medusax8\v1.1\v1.1\CancelItemWindow.xaml.cs(86,22): error CS0111: Tipo "CancelItemWindow" j├í define um membro chamado "BtnConfirm_Click" com os mesmos tipos de par├ómetro [C:\Users\zacho\OneDrive\Downloads\Documentos\Projetos\pdv_medusax8\PDV_MedusaX8_hznqlc22_wpftmp.csproj]
C:\Users\zacho\OneDrive\Downloads\Documentos\Projetos\pdv_medusax8\v1.1\CancelItemWindow.xaml.cs(120,22): error CS0111: Tipo "CancelItemWindow" j├í define um membro chamado "BtnClose_Click" com os mesmos tipos de par├ómetro [C:\Users\zacho\OneDrive\Downloads\Documentos\Projetos\pdv_medusax8\PDV_MedusaX8_hznqlc22_wpftmp.csproj]
C:\Users\zacho\OneDrive\Downloads\Documentos\Projetos\pdv_medusax8\v1.1\v1.1\CancelItemWindow.xaml.cs(120,22): error CS0111: Tipo "CancelItemWindow" j├í define um membro chamado "BtnClose_Click" com os mesmos tipos de par├ómetro [C:\Users\zacho\OneDrive\Downloads\Documentos\Projetos\pdv_medusax8\PDV_MedusaX8_hznqlc22_wpftmp.csproj]
C:\Users\zacho\OneDrive\Downloads\Documentos\Projetos\pdv_medusax8\v1.1\CancelItemWindow.xaml(8,51): error CS0102: O tipo "CancelItemWindow" j├í cont├®m uma defini├º├úo para "DgvCancel" [C:\Users\zacho\OneDrive\Downloads\Documentos\Projetos\pdv_medusax8\PDV_MedusaX8_hznqlc22_wpftmp.csproj]
C:\Users\zacho\OneDrive\Downloads\Documentos\Projetos\pdv_medusax8\v1.1\v1.1\CancelItemWindow.xaml(8,51): error CS0102: O tipo "CancelItemWindow" j├í cont├®m uma defini├º├úo para "DgvCancel" [C:\Users\zacho\OneDrive\Downloads\Documentos\Projetos\pdv_medusax8\PDV_MedusaX8_hznqlc22_wpftmp.csproj]
C:\Users\zacho\OneDrive\Downloads\Documentos\Projetos\pdv_medusax8\v1.1\CancelItemWindow.xaml(25,49): error CS0102: O tipo "CancelItemWindow" j├í cont├®m uma defini├º├úo para "BtnConfirm" [C:\Users\zacho\OneDrive\Downloads\Documentos\Projetos\pdv_medusax8\PDV_MedusaX8_hznqlc22_wpftmp.csproj]
C:\Users\zacho\OneDrive\Downloads\Documentos\Projetos\pdv_medusax8\v1.1\v1.1\CancelItemWindow.xaml(25,49): error CS0102: O tipo "CancelItemWindow" j├í cont├®m uma defini├º├úo para "BtnConfirm" [C:\Users\zacho\OneDrive\Downloads\Documentos\Projetos\pdv_medusax8\PDV_MedusaX8_hznqlc22_wpftmp.csproj]
C:\Users\zacho\OneDrive\Downloads\Documentos\Projetos\pdv_medusax8\v1.1\CancelItemWindow.xaml(26,49): error CS0102: O tipo "CancelItemWindow" j├í cont├®m uma defini├º├úo para "BtnClose" [C:\Users\zacho\OneDrive\Downloads\Documentos\Projetos\pdv_medusax8\PDV_MedusaX8_hznqlc22_wpftmp.csproj]
C:\Users\zacho\OneDrive\Downloads\Documentos\Projetos\pdv_medusax8\v1.1\v1.1\CancelItemWindow.xaml(26,49): error CS0102: O tipo "CancelItemWindow" j├í cont├®m uma defini├º├úo para "BtnClose" [C:\Users\zacho\OneDrive\Downloads\Documentos\Projetos\pdv_medusax8\PDV_MedusaX8_hznqlc22_wpftmp.csproj]
C:\Users\zacho\OneDrive\Downloads\Documentos\Projetos\pdv_medusax8\obj\Release\net10.0-windows\v1.1\CancelItemWindow.g.cs(66,22): error CS0102: O tipo "CancelItemWindow" j├í cont├®m uma defini├º├úo para "_contentLoaded" [C:\Users\zacho\OneDrive\Downloads\Documentos\Projetos\pdv_medusax8\PDV_MedusaX8_hznqlc22_wpftmp.csproj]
C:\Users\zacho\OneDrive\Downloads\Documentos\Projetos\pdv_medusax8\obj\Release\net10.0-windows\v1.1\v1.1\CancelItemWindow.g.cs(66,22): error CS0102: O tipo "CancelItemWindow" j├í cont├®m uma defini├º├úo para "_contentLoaded" [C:\Users\zacho\OneDrive\Downloads\Documentos\Projetos\pdv_medusax8\PDV_MedusaX8_hznqlc22_wpftmp.csproj]
C:\Users\zacho\OneDrive\Downloads\Documentos\Projetos\pdv_medusax8\obj\Release\net10.0-windows\v1.1\CancelItemWindow.g.cs(73,21): error CS0111: Tipo "CancelItemWindow" j├í define um membro chamado "InitializeComponent" com os mesmos tipos de par├ómetro [C:\Users\zacho\OneDrive\Downloads\Documentos\Projetos\pdv_medusax8\PDV_MedusaX8_hznqlc22_wpftmp.csproj]
C:\Users\zacho\OneDrive\Downloads\Documentos\Projetos\pdv_medusax8\obj\Release\net10.0-windows\v1.1\v1.1\CancelItemWindow.g.cs(73,21): error CS0111: Tipo "CancelItemWindow" j├í define um membro chamado "InitializeComponent" com os mesmos tipos de par├ómetro [C:\Users\zacho\OneDrive\Downloads\Documentos\Projetos\pdv_medusax8\PDV_MedusaX8_hznqlc22_wpftmp.csproj]
C:\Users\zacho\OneDrive\Downloads\Documentos\Projetos\pdv_medusax8\obj\Release\net10.0-windows\v1.1\CancelItemWindow.g.cs(93,56): error CS0111: Tipo "CancelItemWindow" j├í define um membro chamado "System.Windows.Markup.IComponentConnector.Connect" com os mesmos tipos de par├ómetro [C:\Users\zacho\OneDrive\Downloads\Documentos\Projetos\pdv_medusax8\PDV_MedusaX8_hznqlc22_wpftmp.csproj]
C:\Users\zacho\OneDrive\Downloads\Documentos\Projetos\pdv_medusax8\obj\Release\net10.0-windows\v1.1\v1.1\CancelItemWindow.g.cs(93,56): error CS0111: Tipo "CancelItemWindow" j├í define um membro chamado "System.Windows.Markup.IComponentConnector.Connect" com os mesmos tipos de par├ómetro [C:\Users\zacho\OneDrive\Downloads\Documentos\Projetos\pdv_medusax8\PDV_MedusaX8_hznqlc22_wpftmp.csproj]
C:\Users\zacho\OneDrive\Downloads\Documentos\Projetos\pdv_medusax8\ItemDiscountWindow.xaml.cs(10,26): error CS8646: 'IComponentConnector.Connect(int, object)' ├® implementado explicitamente mais de uma vez. [C:\Users\zacho\OneDrive\Downloads\Documentos\Projetos\pdv_medusax8\PDV_MedusaX8_hznqlc22_wpftmp.csproj]
C:\Users\zacho\OneDrive\Downloads\Documentos\Projetos\pdv_medusax8\v1.1\ClienteWindow.xaml.cs(13,51): error CS0102: O tipo "ClienteWindow" j├í cont├®m uma defini├º├úo para "Addresses" [C:\Users\zacho\OneDrive\Downloads\Documentos\Projetos\pdv_medusax8\PDV_MedusaX8_hznqlc22_wpftmp.csproj]
C:\Users\zacho\OneDrive\Downloads\Documentos\Projetos\pdv_medusax8\v1.1\v1.1\ClienteWindow.xaml.cs(13,51): error CS0102: O tipo "ClienteWindow" j├í cont├®m uma defini├º├úo para "Addresses" [C:\Users\zacho\OneDrive\Downloads\Documentos\Projetos\pdv_medusax8\PDV_MedusaX8_hznqlc22_wpftmp.csproj]
C:\Users\zacho\OneDrive\Downloads\Documentos\Projetos\pdv_medusax8\v1.1\ClienteWindow.xaml.cs(15,22): error CS0102: O tipo "ClienteWindow" j├í cont├®m uma defini├º├úo para "_formattingCpfCnpj" [C:\Users\zacho\OneDrive\Downloads\Documentos\Projetos\pdv_medusax8\PDV_MedusaX8_hznqlc22_wpftmp.csproj]
C:\Users\zacho\OneDrive\Downloads\Documentos\Projetos\pdv_medusax8\v1.1\v1.1\ClienteWindow.xaml.cs(15,22): error CS0102: O tipo "ClienteWindow" j├í cont├®m uma defini├º├úo para "_formattingCpfCnpj" [C:\Users\zacho\OneDrive\Downloads\Documentos\Projetos\pdv_medusax8\PDV_MedusaX8_hznqlc22_wpftmp.csproj]
C:\Users\zacho\OneDrive\Downloads\Documentos\Projetos\pdv_medusax8\v1.1\ClienteWindow.xaml.cs(17,16): error CS0111: Tipo "ClienteWindow" j├í define um membro chamado "ClienteWindow" com os mesmos tipos de par├ómetro [C:\Users\zacho\OneDrive\Downloads\Documentos\Projetos\pdv_medusax8\PDV_MedusaX8_hznqlc22_wpftmp.csproj]
C:\Users\zacho\OneDrive\Downloads\Documentos\Projetos\pdv_medusax8\v1.1\v1.1\ClienteWindow.xaml.cs(17,16): error CS0111: Tipo "ClienteWindow" j├í define um membro chamado "ClienteWindow" com os mesmos tipos de par├ómetro [C:\Users\zacho\OneDrive\Downloads\Documentos\Projetos\pdv_medusax8\PDV_MedusaX8_hznqlc22_wpftmp.csproj]
C:\Users\zacho\OneDrive\Downloads\Documentos\Projetos\pdv_medusax8\v1.1\ClienteWindow.xaml.cs(23,22): error CS0111: Tipo "ClienteWindow" j├í define um membro chamado "AddAddress_Click" com os mesmos tipos de par├ómetro [C:\Users\zacho\OneDrive\Downloads\Documentos\Projetos\pdv_medusax8\PDV_MedusaX8_hznqlc22_wpftmp.csproj]
C:\Users\zacho\OneDrive\Downloads\Documentos\Projetos\pdv_medusax8\v1.1\v1.1\ClienteWindow.xaml.cs(23,22): error CS0111: Tipo "ClienteWindow" j├í define um membro chamado "AddAddress_Click" com os mesmos tipos de par├ómetro [C:\Users\zacho\OneDrive\Downloads\Documentos\Projetos\pdv_medusax8\PDV_MedusaX8_hznqlc22_wpftmp.csproj]
C:\Users\zacho\OneDrive\Downloads\Documentos\Projetos\pdv_medusax8\v1.1\ClienteWindow.xaml.cs(33,22): error CS0111: Tipo "ClienteWindow" j├í define um membro chamado "RemoveSelecionado_Click" com os mesmos tipos de par├ómetro [C:\Users\zacho\OneDrive\Downloads\Documentos\Projetos\pdv_medusax8\PDV_MedusaX8_hznqlc22_wpftmp.csproj]
C:\Users\zacho\OneDrive\Downloads\Documentos\Projetos\pdv_medusax8\v1.1\v1.1\ClienteWindow.xaml.cs(33,22): error CS0111: Tipo "ClienteWindow" j├í define um membro chamado "RemoveSelecionado_Click" com os mesmos tipos de par├ómetro [C:\Users\zacho\OneDrive\Downloads\Documentos\Projetos\pdv_medusax8\PDV_MedusaX8_hznqlc22_wpftmp.csproj]
C:\Users\zacho\OneDrive\Downloads\Documentos\Projetos\pdv_medusax8\v1.1\ClienteWindow.xaml.cs(41,22): error CS0111: Tipo "ClienteWindow" j├í define um membro chamado "Cancel_Click" com os mesmos tipos de par├ómetro [C:\Users\zacho\OneDrive\Downloads\Documentos\Projetos\pdv_medusax8\PDV_MedusaX8_hznqlc22_wpftmp.csproj]
C:\Users\zacho\OneDrive\Downloads\Documentos\Projetos\pdv_medusax8\v1.1\v1.1\ClienteWindow.xaml.cs(41,22): error CS0111: Tipo "ClienteWindow" j├í define um membro chamado "Cancel_Click" com os mesmos tipos de par├ómetro [C:\Users\zacho\OneDrive\Downloads\Documentos\Projetos\pdv_medusax8\PDV_MedusaX8_hznqlc22_wpftmp.csproj]
C:\Users\zacho\OneDrive\Downloads\Documentos\Projetos\pdv_medusax8\v1.1\ClienteWindow.xaml.cs(47,22): error CS0111: Tipo "ClienteWindow" j├í define um membro chamado "TxtCpfCnpj_LostFocus" com os mesmos tipos de par├ómetro [C:\Users\zacho\OneDrive\Downloads\Documentos\Projetos\pdv_medusax8\PDV_MedusaX8_hznqlc22_wpftmp.csproj]
C:\Users\zacho\OneDrive\Downloads\Documentos\Projetos\pdv_medusax8\v1.1\v1.1\ClienteWindow.xaml.cs(47,22): error CS0111: Tipo "ClienteWindow" j├í define um membro chamado "TxtCpfCnpj_LostFocus" com os mesmos tipos de par├ómetro [C:\Users\zacho\OneDrive\Downloads\Documentos\Projetos\pdv_medusax8\PDV_MedusaX8_hznqlc22_wpftmp.csproj]
C:\Users\zacho\OneDrive\Downloads\Documentos\Projetos\pdv_medusax8\v1.1\ClienteWindow.xaml.cs(73,22): error CS0111: Tipo "ClienteWindow" j├í define um membro chamado "TxtCpfCnpj_PreviewTextInput" com os mesmos tipos de par├ómetro [C:\Users\zacho\OneDrive\Downloads\Documentos\Projetos\pdv_medusax8\PDV_MedusaX8_hznqlc22_wpftmp.csproj]
C:\Users\zacho\OneDrive\Downloads\Documentos\Projetos\pdv_medusax8\v1.1\v1.1\ClienteWindow.xaml.cs(73,22): error CS0111: Tipo "ClienteWindow" j├í define um membro chamado "TxtCpfCnpj_PreviewTextInput" com os mesmos tipos de par├ómetro [C:\Users\zacho\OneDrive\Downloads\Documentos\Projetos\pdv_medusax8\PDV_MedusaX8_hznqlc22_wpftmp.csproj]
C:\Users\zacho\OneDrive\Downloads\Documentos\Projetos\pdv_medusax8\v1.1\ClienteWindow.xaml.cs(78,22): error CS0111: Tipo "ClienteWindow" j├í define um membro chamado "TxtCpfCnpj_TextChanged" com os mesmos tipos de par├ómetro [C:\Users\zacho\OneDrive\Downloads\Documentos\Projetos\pdv_medusax8\PDV_MedusaX8_hznqlc22_wpftmp.csproj]
C:\Users\zacho\OneDrive\Downloads\Documentos\Projetos\pdv_medusax8\v1.1\v1.1\ClienteWindow.xaml.cs(78,22): error CS0111: Tipo "ClienteWindow" j├í define um membro chamado "TxtCpfCnpj_TextChanged" com os mesmos tipos de par├ómetro [C:\Users\zacho\OneDrive\Downloads\Documentos\Projetos\pdv_medusax8\PDV_MedusaX8_hznqlc22_wpftmp.csproj]
C:\Users\zacho\OneDrive\Downloads\Documentos\Projetos\pdv_medusax8\v1.1\ClienteWindow.xaml.cs(101,22): error CS0111: Tipo "ClienteWindow" j├í define um membro chamado "OnCpfCnpjPasting" com os mesmos tipos de par├ómetro [C:\Users\zacho\OneDrive\Downloads\Documentos\Projetos\pdv_medusax8\PDV_MedusaX8_hznqlc22_wpftmp.csproj]
C:\Users\zacho\OneDrive\Downloads\Documentos\Projetos\pdv_medusax8\v1.1\v1.1\ClienteWindow.xaml.cs(101,22): error CS0111: Tipo "ClienteWindow" j├í define um membro chamado "OnCpfCnpjPasting" com os mesmos tipos de par├ómetro [C:\Users\zacho\OneDrive\Downloads\Documentos\Projetos\pdv_medusax8\PDV_MedusaX8_hznqlc22_wpftmp.csproj]
C:\Users\zacho\OneDrive\Downloads\Documentos\Projetos\pdv_medusax8\v1.1\ClienteWindow.xaml.cs(113,24): error CS0111: Tipo "ClienteWindow" j├í define um membro chamado "FormatCpf" com os mesmos tipos de par├ómetro [C:\Users\zacho\OneDrive\Downloads\Documentos\Projetos\pdv_medusax8\PDV_MedusaX8_hznqlc22_wpftmp.csproj]
C:\Users\zacho\OneDrive\Downloads\Documentos\Projetos\pdv_medusax8\v1.1\v1.1\ClienteWindow.xaml.cs(113,24): error CS0111: Tipo "ClienteWindow" j├í define um membro chamado "FormatCpf" com os mesmos tipos de par├ómetro [C:\Users\zacho\OneDrive\Downloads\Documentos\Projetos\pdv_medusax8\PDV_MedusaX8_hznqlc22_wpftmp.csproj]
C:\Users\zacho\OneDrive\Downloads\Documentos\Projetos\pdv_medusax8\v1.1\ClienteWindow.xaml.cs(124,24): error CS0111: Tipo "ClienteWindow" j├í define um membro chamado "FormatCnpj" com os mesmos tipos de par├ómetro [C:\Users\zacho\OneDrive\Downloads\Documentos\Projetos\pdv_medusax8\PDV_MedusaX8_hznqlc22_wpftmp.csproj]
C:\Users\zacho\OneDrive\Downloads\Documentos\Projetos\pdv_medusax8\v1.1\v1.1\ClienteWindow.xaml.cs(124,24): error CS0111: Tipo "ClienteWindow" j├í define um membro chamado "FormatCnpj" com os mesmos tipos de par├ómetro [C:\Users\zacho\OneDrive\Downloads\Documentos\Projetos\pdv_medusax8\PDV_MedusaX8_hznqlc22_wpftmp.csproj]
C:\Users\zacho\OneDrive\Downloads\Documentos\Projetos\pdv_medusax8\v1.1\ClienteWindow.xaml.cs(136,22): error CS0111: Tipo "ClienteWindow" j├í define um membro chamado "BuscarCidade_Click" com os mesmos tipos de par├ómetro [C:\Users\zacho\OneDrive\Downloads\Documentos\Projetos\pdv_medusax8\PDV_MedusaX8_hznqlc22_wpftmp.csproj]
C:\Users\zacho\OneDrive\Downloads\Documentos\Projetos\pdv_medusax8\v1.1\v1.1\ClienteWindow.xaml.cs(136,22): error CS0111: Tipo "ClienteWindow" j├í define um membro chamado "BuscarCidade_Click" com os mesmos tipos de par├ómetro [C:\Users\zacho\OneDrive\Downloads\Documentos\Projetos\pdv_medusax8\PDV_MedusaX8_hznqlc22_wpftmp.csproj]
C:\Users\zacho\OneDrive\Downloads\Documentos\Projetos\pdv_medusax8\v1.1\ClienteWindow.xaml.cs(147,22): error CS0111: Tipo "ClienteWindow" j├í define um membro chamado "Save_Click" com os mesmos tipos de par├ómetro [C:\Users\zacho\OneDrive\Downloads\Documentos\Projetos\pdv_medusax8\PDV_MedusaX8_hznqlc22_wpftmp.csproj]
C:\Users\zacho\OneDrive\Downloads\Documentos\Projetos\pdv_medusax8\v1.1\v1.1\ClienteWindow.xaml.cs(147,22): error CS0111: Tipo "ClienteWindow" j├í define um membro chamado "Save_Click" com os mesmos tipos de par├ómetro [C:\Users\zacho\OneDrive\Downloads\Documentos\Projetos\pdv_medusax8\PDV_MedusaX8_hznqlc22_wpftmp.csproj]
C:\Users\zacho\OneDrive\Downloads\Documentos\Projetos\pdv_medusax8\v1.1\ClienteWindow.xaml.cs(279,22): error CS0111: Tipo "ClienteWindow" j├í define um membro chamado "CepMatchesUf" com os mesmos tipos de par├ómetro [C:\Users\zacho\OneDrive\Downloads\Documentos\Projetos\pdv_medusax8\PDV_MedusaX8_hznqlc22_wpftmp.csproj]
C:\Users\zacho\OneDrive\Downloads\Documentos\Projetos\pdv_medusax8\v1.1\v1.1\ClienteWindow.xaml.cs(279,22): error CS0111: Tipo "ClienteWindow" j├í define um membro chamado "CepMatchesUf" com os mesmos tipos de par├ómetro [C:\Users\zacho\OneDrive\Downloads\Documentos\Projetos\pdv_medusax8\PDV_MedusaX8_hznqlc22_wpftmp.csproj]
C:\Users\zacho\OneDrive\Downloads\Documentos\Projetos\pdv_medusax8\v1.1\ClienteWindow.xaml.cs(317,22): error CS0111: Tipo "ClienteWindow" j├í define um membro chamado "ValidateCpf" com os mesmos tipos de par├ómetro [C:\Users\zacho\OneDrive\Downloads\Documentos\Projetos\pdv_medusax8\PDV_MedusaX8_hznqlc22_wpftmp.csproj]
C:\Users\zacho\OneDrive\Downloads\Documentos\Projetos\pdv_medusax8\v1.1\v1.1\ClienteWindow.xaml.cs(317,22): error CS0111: Tipo "ClienteWindow" j├í define um membro chamado "ValidateCpf" com os mesmos tipos de par├ómetro [C:\Users\zacho\OneDrive\Downloads\Documentos\Projetos\pdv_medusax8\PDV_MedusaX8_hznqlc22_wpftmp.csproj]
C:\Users\zacho\OneDrive\Downloads\Documentos\Projetos\pdv_medusax8\v1.1\ClienteWindow.xaml.cs(332,22): error CS0111: Tipo "ClienteWindow" j├í define um membro chamado "ValidateCnpj" com os mesmos tipos de par├ómetro [C:\Users\zacho\OneDrive\Downloads\Documentos\Projetos\pdv_medusax8\PDV_MedusaX8_hznqlc22_wpftmp.csproj]
C:\Users\zacho\OneDrive\Downloads\Documentos\Projetos\pdv_medusax8\v1.1\v1.1\ClienteWindow.xaml.cs(332,22): error CS0111: Tipo "ClienteWindow" j├í define um membro chamado "ValidateCnpj" com os mesmos tipos de par├ómetro [C:\Users\zacho\OneDrive\Downloads\Documentos\Projetos\pdv_medusax8\PDV_MedusaX8_hznqlc22_wpftmp.csproj]
C:\Users\zacho\OneDrive\Downloads\Documentos\Projetos\pdv_medusax8\v1.1\ClienteWindow.xaml.cs(345,24): error CS0111: Tipo "ClienteWindow" j├í define um membro chamado "GetConnectionString" com os mesmos tipos de par├ómetro [C:\Users\zacho\OneDrive\Downloads\Documentos\Projetos\pdv_medusax8\PDV_MedusaX8_hznqlc22_wpftmp.csproj]
C:\Users\zacho\OneDrive\Downloads\Documentos\Projetos\pdv_medusax8\v1.1\v1.1\ClienteWindow.xaml.cs(345,24): error CS0111: Tipo "ClienteWindow" j├í define um membro chamado "GetConnectionString" com os mesmos tipos de par├ómetro [C:\Users\zacho\OneDrive\Downloads\Documentos\Projetos\pdv_medusax8\PDV_MedusaX8_hznqlc22_wpftmp.csproj]
C:\Users\zacho\OneDrive\Downloads\Documentos\Projetos\pdv_medusax8\v1.1\ClienteWindow.xaml(35,50): error CS0102: O tipo "ClienteWindow" j├í cont├®m uma defini├º├úo para "TxtNome" [C:\Users\zacho\OneDrive\Downloads\Documentos\Projetos\pdv_medusax8\PDV_MedusaX8_hznqlc22_wpftmp.csproj]
C:\Users\zacho\OneDrive\Downloads\Documentos\Projetos\pdv_medusax8\v1.1\v1.1\ClienteWindow.xaml(35,50): error CS0102: O tipo "ClienteWindow" j├í cont├®m uma defini├º├úo para "TxtNome" [C:\Users\zacho\OneDrive\Downloads\Documentos\Projetos\pdv_medusax8\PDV_MedusaX8_hznqlc22_wpftmp.csproj]
C:\Users\zacho\OneDrive\Downloads\Documentos\Projetos\pdv_medusax8\v1.1\ClienteWindow.xaml(38,50): error CS0102: O tipo "ClienteWindow" j├í cont├®m uma defini├º├úo para "TxtNomeFantasia" [C:\Users\zacho\OneDrive\Downloads\Documentos\Projetos\pdv_medusax8\PDV_MedusaX8_hznqlc22_wpftmp.csproj]
C:\Users\zacho\OneDrive\Downloads\Documentos\Projetos\pdv_medusax8\v1.1\v1.1\ClienteWindow.xaml(38,50): error CS0102: O tipo "ClienteWindow" j├í cont├®m uma defini├º├úo para "TxtNomeFantasia" [C:\Users\zacho\OneDrive\Downloads\Documentos\Projetos\pdv_medusax8\PDV_MedusaX8_hznqlc22_wpftmp.csproj]
C:\Users\zacho\OneDrive\Downloads\Documentos\Projetos\pdv_medusax8\v1.1\ClienteWindow.xaml(42,50): error CS0102: O tipo "ClienteWindow" j├í cont├®m uma defini├º├úo para "TxtCpfCnpj" [C:\Users\zacho\OneDrive\Downloads\Documentos\Projetos\pdv_medusax8\PDV_MedusaX8_hznqlc22_wpftmp.csproj]
C:\Users\zacho\OneDrive\Downloads\Documentos\Projetos\pdv_medusax8\v1.1\v1.1\ClienteWindow.xaml(42,50): error CS0102: O tipo "ClienteWindow" j├í cont├®m uma defini├º├úo para "TxtCpfCnpj" [C:\Users\zacho\OneDrive\Downloads\Documentos\Projetos\pdv_medusax8\PDV_MedusaX8_hznqlc22_wpftmp.csproj]
C:\Users\zacho\OneDrive\Downloads\Documentos\Projetos\pdv_medusax8\v1.1\ClienteWindow.xaml(43,52): error CS0102: O tipo "ClienteWindow" j├í cont├®m uma defini├º├úo para "LblTipoDoc" [C:\Users\zacho\OneDrive\Downloads\Documentos\Projetos\pdv_medusax8\PDV_MedusaX8_hznqlc22_wpftmp.csproj]
C:\Users\zacho\OneDrive\Downloads\Documentos\Projetos\pdv_medusax8\v1.1\v1.1\ClienteWindow.xaml(43,52): error CS0102: O tipo "ClienteWindow" j├í cont├®m uma defini├º├úo para "LblTipoDoc" [C:\Users\zacho\OneDrive\Downloads\Documentos\Projetos\pdv_medusax8\PDV_MedusaX8_hznqlc22_wpftmp.csproj]
C:\Users\zacho\OneDrive\Downloads\Documentos\Projetos\pdv_medusax8\v1.1\ClienteWindow.xaml(47,50): error CS0102: O tipo "ClienteWindow" j├í cont├®m uma defini├º├úo para "TxtIE" [C:\Users\zacho\OneDrive\Downloads\Documentos\Projetos\pdv_medusax8\PDV_MedusaX8_hznqlc22_wpftmp.csproj]
C:\Users\zacho\OneDrive\Downloads\Documentos\Projetos\pdv_medusax8\v1.1\v1.1\ClienteWindow.xaml(47,50): error CS0102: O tipo "ClienteWindow" j├í cont├®m uma defini├º├úo para "TxtIE" [C:\Users\zacho\OneDrive\Downloads\Documentos\Projetos\pdv_medusax8\PDV_MedusaX8_hznqlc22_wpftmp.csproj]
C:\Users\zacho\OneDrive\Downloads\Documentos\Projetos\pdv_medusax8\v1.1\ClienteWindow.xaml(49,51): error CS0102: O tipo "ClienteWindow" j├í cont├®m uma defini├º├úo para "ChkIsentoIE" [C:\Users\zacho\OneDrive\Downloads\Documentos\Projetos\pdv_medusax8\PDV_MedusaX8_hznqlc22_wpftmp.csproj]
C:\Users\zacho\OneDrive\Downloads\Documentos\Projetos\pdv_medusax8\v1.1\v1.1\ClienteWindow.xaml(49,51): error CS0102: O tipo "ClienteWindow" j├í cont├®m uma defini├º├úo para "ChkIsentoIE" [C:\Users\zacho\OneDrive\Downloads\Documentos\Projetos\pdv_medusax8\PDV_MedusaX8_hznqlc22_wpftmp.csproj]
C:\Users\zacho\OneDrive\Downloads\Documentos\Projetos\pdv_medusax8\v1.1\ClienteWindow.xaml(52,53): error CS0102: O tipo "ClienteWindow" j├í cont├®m uma defini├º├úo para "DtNascimento" [C:\Users\zacho\OneDrive\Downloads\Documentos\Projetos\pdv_medusax8\PDV_MedusaX8_hznqlc22_wpftmp.csproj]
C:\Users\zacho\OneDrive\Downloads\Documentos\Projetos\pdv_medusax8\v1.1\v1.1\ClienteWindow.xaml(52,53): error CS0102: O tipo "ClienteWindow" j├í cont├®m uma defini├º├úo para "DtNascimento" [C:\Users\zacho\OneDrive\Downloads\Documentos\Projetos\pdv_medusax8\PDV_MedusaX8_hznqlc22_wpftmp.csproj]
C:\Users\zacho\OneDrive\Downloads\Documentos\Projetos\pdv_medusax8\v1.1\ClienteWindow.xaml(55,50): error CS0102: O tipo "ClienteWindow" j├í cont├®m uma defini├º├úo para "TxtTelefone" [C:\Users\zacho\OneDrive\Downloads\Documentos\Projetos\pdv_medusax8\PDV_MedusaX8_hznqlc22_wpftmp.csproj]
C:\Users\zacho\OneDrive\Downloads\Documentos\Projetos\pdv_medusax8\v1.1\v1.1\ClienteWindow.xaml(55,50): error CS0102: O tipo "ClienteWindow" j├í cont├®m uma defini├º├úo para "TxtTelefone" [C:\Users\zacho\OneDrive\Downloads\Documentos\Projetos\pdv_medusax8\PDV_MedusaX8_hznqlc22_wpftmp.csproj]
C:\Users\zacho\OneDrive\Downloads\Documentos\Projetos\pdv_medusax8\v1.1\ClienteWindow.xaml(58,50): error CS0102: O tipo "ClienteWindow" j├í cont├®m uma defini├º├úo para "TxtEmail" [C:\Users\zacho\OneDrive\Downloads\Documentos\Projetos\pdv_medusax8\PDV_MedusaX8_hznqlc22_wpftmp.csproj]
C:\Users\zacho\OneDrive\Downloads\Documentos\Projetos\pdv_medusax8\v1.1\v1.1\ClienteWindow.xaml(58,50): error CS0102: O tipo "ClienteWindow" j├í cont├®m uma defini├º├úo para "TxtEmail" [C:\Users\zacho\OneDrive\Downloads\Documentos\Projetos\pdv_medusax8\PDV_MedusaX8_hznqlc22_wpftmp.csproj]
C:\Users\zacho\OneDrive\Downloads\Documentos\Projetos\pdv_medusax8\v1.1\ClienteWindow.xaml(61,50): error CS0102: O tipo "ClienteWindow" j├í cont├®m uma defini├º├úo para "TxtLimiteCredito" [C:\Users\zacho\OneDrive\Downloads\Documentos\Projetos\pdv_medusax8\PDV_MedusaX8_hznqlc22_wpftmp.csproj]
C:\Users\zacho\OneDrive\Downloads\Documentos\Projetos\pdv_medusax8\v1.1\v1.1\ClienteWindow.xaml(61,50): error CS0102: O tipo "ClienteWindow" j├í cont├®m uma defini├º├úo para "TxtLimiteCredito" [C:\Users\zacho\OneDrive\Downloads\Documentos\Projetos\pdv_medusax8\PDV_MedusaX8_hznqlc22_wpftmp.csproj]
C:\Users\zacho\OneDrive\Downloads\Documentos\Projetos\pdv_medusax8\v1.1\ClienteWindow.xaml(64,50): error CS0102: O tipo "ClienteWindow" j├í cont├®m uma defini├º├úo para "TxtRua" [C:\Users\zacho\OneDrive\Downloads\Documentos\Projetos\pdv_medusax8\PDV_MedusaX8_hznqlc22_wpftmp.csproj]
C:\Users\zacho\OneDrive\Downloads\Documentos\Projetos\pdv_medusax8\v1.1\v1.1\ClienteWindow.xaml(64,50): error CS0102: O tipo "ClienteWindow" j├í cont├®m uma defini├º├úo para "TxtRua" [C:\Users\zacho\OneDrive\Downloads\Documentos\Projetos\pdv_medusax8\PDV_MedusaX8_hznqlc22_wpftmp.csproj]
C:\Users\zacho\OneDrive\Downloads\Documentos\Projetos\pdv_medusax8\v1.1\ClienteWindow.xaml(67,50): error CS0102: O tipo "ClienteWindow" j├í cont├®m uma defini├º├úo para "TxtNumero" [C:\Users\zacho\OneDrive\Downloads\Documentos\Projetos\pdv_medusax8\PDV_MedusaX8_hznqlc22_wpftmp.csproj]
C:\Users\zacho\OneDrive\Downloads\Documentos\Projetos\pdv_medusax8\v1.1\v1.1\ClienteWindow.xaml(67,50): error CS0102: O tipo "ClienteWindow" j├í cont├®m uma defini├º├úo para "TxtNumero" [C:\Users\zacho\OneDrive\Downloads\Documentos\Projetos\pdv_medusax8\PDV_MedusaX8_hznqlc22_wpftmp.csproj]
C:\Users\zacho\OneDrive\Downloads\Documentos\Projetos\pdv_medusax8\v1.1\ClienteWindow.xaml(70,50): error CS0102: O tipo "ClienteWindow" j├í cont├®m uma defini├º├úo para "TxtComplemento" [C:\Users\zacho\OneDrive\Downloads\Documentos\Projetos\pdv_medusax8\PDV_MedusaX8_hznqlc22_wpftmp.csproj]
C:\Users\zacho\OneDrive\Downloads\Documentos\Projetos\pdv_medusax8\v1.1\v1.1\ClienteWindow.xaml(70,50): error CS0102: O tipo "ClienteWindow" j├í cont├®m uma defini├º├úo para "TxtComplemento" [C:\Users\zacho\OneDrive\Downloads\Documentos\Projetos\pdv_medusax8\PDV_MedusaX8_hznqlc22_wpftmp.csproj]
C:\Users\zacho\OneDrive\Downloads\Documentos\Projetos\pdv_medusax8\v1.1\ClienteWindow.xaml(73,50): error CS0102: O tipo "ClienteWindow" j├í cont├®m uma defini├º├úo para "TxtBairro" [C:\Users\zacho\OneDrive\Downloads\Documentos\Projetos\pdv_medusax8\PDV_MedusaX8_hznqlc22_wpftmp.csproj]
C:\Users\zacho\OneDrive\Downloads\Documentos\Projetos\pdv_medusax8\v1.1\v1.1\ClienteWindow.xaml(73,50): error CS0102: O tipo "ClienteWindow" j├í cont├®m uma defini├º├úo para "TxtBairro" [C:\Users\zacho\OneDrive\Downloads\Documentos\Projetos\pdv_medusax8\PDV_MedusaX8_hznqlc22_wpftmp.csproj]
C:\Users\zacho\OneDrive\Downloads\Documentos\Projetos\pdv_medusax8\v1.1\ClienteWindow.xaml(77,50): error CS0102: O tipo "ClienteWindow" j├í cont├®m uma defini├º├úo para "TxtCidade" [C:\Users\zacho\OneDrive\Downloads\Documentos\Projetos\pdv_medusax8\PDV_MedusaX8_hznqlc22_wpftmp.csproj]
C:\Users\zacho\OneDrive\Downloads\Documentos\Projetos\pdv_medusax8\v1.1\v1.1\ClienteWindow.xaml(77,50): error CS0102: O tipo "ClienteWindow" j├í cont├®m uma defini├º├úo para "TxtCidade" [C:\Users\zacho\OneDrive\Downloads\Documentos\Projetos\pdv_medusax8\PDV_MedusaX8_hznqlc22_wpftmp.csproj]
C:\Users\zacho\OneDrive\Downloads\Documentos\Projetos\pdv_medusax8\v1.1\ClienteWindow.xaml(82,50): error CS0102: O tipo "ClienteWindow" j├í cont├®m uma defini├º├úo para "TxtEstado" [C:\Users\zacho\OneDrive\Downloads\Documentos\Projetos\pdv_medusax8\PDV_MedusaX8_hznqlc22_wpftmp.csproj]
C:\Users\zacho\OneDrive\Downloads\Documentos\Projetos\pdv_medusax8\v1.1\v1.1\ClienteWindow.xaml(82,50): error CS0102: O tipo "ClienteWindow" j├í cont├®m uma defini├º├úo para "TxtEstado" [C:\Users\zacho\OneDrive\Downloads\Documentos\Projetos\pdv_medusax8\PDV_MedusaX8_hznqlc22_wpftmp.csproj]
C:\Users\zacho\OneDrive\Downloads\Documentos\Projetos\pdv_medusax8\v1.1\ClienteWindow.xaml(85,50): error CS0102: O tipo "ClienteWindow" j├í cont├®m uma defini├º├úo para "TxtCep" [C:\Users\zacho\OneDrive\Downloads\Documentos\Projetos\pdv_medusax8\PDV_MedusaX8_hznqlc22_wpftmp.csproj]
C:\Users\zacho\OneDrive\Downloads\Documentos\Projetos\pdv_medusax8\v1.1\v1.1\ClienteWindow.xaml(85,50): error CS0102: O tipo "ClienteWindow" j├í cont├®m uma defini├º├úo para "TxtCep" [C:\Users\zacho\OneDrive\Downloads\Documentos\Projetos\pdv_medusax8\PDV_MedusaX8_hznqlc22_wpftmp.csproj]
C:\Users\zacho\OneDrive\Downloads\Documentos\Projetos\pdv_medusax8\v1.1\ClienteWindow.xaml(95,51): error CS0102: O tipo "ClienteWindow" j├í cont├®m uma defini├º├úo para "GridEnderecos" [C:\Users\zacho\OneDrive\Downloads\Documentos\Projetos\pdv_medusax8\PDV_MedusaX8_hznqlc22_wpftmp.csproj]
C:\Users\zacho\OneDrive\Downloads\Documentos\Projetos\pdv_medusax8\v1.1\v1.1\ClienteWindow.xaml(95,51): error CS0102: O tipo "ClienteWindow" j├í cont├®m uma defini├º├úo para "GridEnderecos" [C:\Users\zacho\OneDrive\Downloads\Documentos\Projetos\pdv_medusax8\PDV_MedusaX8_hznqlc22_wpftmp.csproj]
C:\Users\zacho\OneDrive\Downloads\Documentos\Projetos\pdv_medusax8\obj\Release\net10.0-windows\v1.1\ClienteWindow.g.cs(186,22): error CS0102: O tipo "ClienteWindow" j├í cont├®m uma defini├º├úo para "_contentLoaded" [C:\Users\zacho\OneDrive\Downloads\Documentos\Projetos\pdv_medusax8\PDV_MedusaX8_hznqlc22_wpftmp.csproj]
C:\Users\zacho\OneDrive\Downloads\Documentos\Projetos\pdv_medusax8\obj\Release\net10.0-windows\v1.1\v1.1\ClienteWindow.g.cs(186,22): error CS0102: O tipo "ClienteWindow" j├í cont├®m uma defini├º├úo para "_contentLoaded" [C:\Users\zacho\OneDrive\Downloads\Documentos\Projetos\pdv_medusax8\PDV_MedusaX8_hznqlc22_wpftmp.csproj]
C:\Users\zacho\OneDrive\Downloads\Documentos\Projetos\pdv_medusax8\obj\Release\net10.0-windows\v1.1\ClienteWindow.g.cs(193,21): error CS0111: Tipo "ClienteWindow" j├í define um membro chamado "InitializeComponent" com os mesmos tipos de par├ómetro [C:\Users\zacho\OneDrive\Downloads\Documentos\Projetos\pdv_medusax8\PDV_MedusaX8_hznqlc22_wpftmp.csproj]
C:\Users\zacho\OneDrive\Downloads\Documentos\Projetos\pdv_medusax8\obj\Release\net10.0-windows\v1.1\v1.1\ClienteWindow.g.cs(193,21): error CS0111: Tipo "ClienteWindow" j├í define um membro chamado "InitializeComponent" com os mesmos tipos de par├ómetro [C:\Users\zacho\OneDrive\Downloads\Documentos\Projetos\pdv_medusax8\PDV_MedusaX8_hznqlc22_wpftmp.csproj]
C:\Users\zacho\OneDrive\Downloads\Documentos\Projetos\pdv_medusax8\obj\Release\net10.0-windows\v1.1\ClienteWindow.g.cs(213,56): error CS0111: Tipo "ClienteWindow" j├í define um membro chamado "System.Windows.Markup.IComponentConnector.Connect" com os mesmos tipos de par├ómetro [C:\Users\zacho\OneDrive\Downloads\Documentos\Projetos\pdv_medusax8\PDV_MedusaX8_hznqlc22_wpftmp.csproj]
C:\Users\zacho\OneDrive\Downloads\Documentos\Projetos\pdv_medusax8\obj\Release\net10.0-windows\v1.1\v1.1\ClienteWindow.g.cs(213,56): error CS0111: Tipo "ClienteWindow" j├í define um membro chamado "System.Windows.Markup.IComponentConnector.Connect" com os mesmos tipos de par├ómetro [C:\Users\zacho\OneDrive\Downloads\Documentos\Projetos\pdv_medusax8\PDV_MedusaX8_hznqlc22_wpftmp.csproj]
C:\Users\zacho\OneDrive\Downloads\Documentos\Projetos\pdv_medusax8\App.xaml.cs(10,26): error CS8646: 'IComponentConnector.Connect(int, object)' ├® implementado explicitamente mais de uma vez. [C:\Users\zacho\OneDrive\Downloads\Documentos\Projetos\pdv_medusax8\PDV_MedusaX8_hznqlc22_wpftmp.csproj]
C:\Users\zacho\OneDrive\Downloads\Documentos\Projetos\pdv_medusax8\v1.1\App.xaml.cs(12,33): error CS0111: Tipo "App" j├í define um membro chamado "OnStartup" com os mesmos tipos de par├ómetro [C:\Users\zacho\OneDrive\Downloads\Documentos\Projetos\pdv_medusax8\PDV_MedusaX8_hznqlc22_wpftmp.csproj]
C:\Users\zacho\OneDrive\Downloads\Documentos\Projetos\pdv_medusax8\v1.1\v1.1\App.xaml.cs(12,33): error CS0111: Tipo "App" j├í define um membro chamado "OnStartup" com os mesmos tipos de par├ómetro [C:\Users\zacho\OneDrive\Downloads\Documentos\Projetos\pdv_medusax8\PDV_MedusaX8_hznqlc22_wpftmp.csproj]
C:\Users\zacho\OneDrive\Downloads\Documentos\Projetos\pdv_medusax8\v1.1\App.xaml.cs(27,30): error CS0102: O tipo "App" j├í cont├®m uma defini├º├úo para "LogFile" [C:\Users\zacho\OneDrive\Downloads\Documentos\Projetos\pdv_medusax8\PDV_MedusaX8_hznqlc22_wpftmp.csproj]
C:\Users\zacho\OneDrive\Downloads\Documentos\Projetos\pdv_medusax8\v1.1\v1.1\App.xaml.cs(27,30): error CS0102: O tipo "App" j├í cont├®m uma defini├º├úo para "LogFile" [C:\Users\zacho\OneDrive\Downloads\Documentos\Projetos\pdv_medusax8\PDV_MedusaX8_hznqlc22_wpftmp.csproj]
C:\Users\zacho\OneDrive\Downloads\Documentos\Projetos\pdv_medusax8\v1.1\App.xaml.cs(29,28): error CS0111: Tipo "App" j├í define um membro chamado "Log" com os mesmos tipos de par├ómetro [C:\Users\zacho\OneDrive\Downloads\Documentos\Projetos\pdv_medusax8\PDV_MedusaX8_hznqlc22_wpftmp.csproj]
C:\Users\zacho\OneDrive\Downloads\Documentos\Projetos\pdv_medusax8\v1.1\v1.1\App.xaml.cs(29,28): error CS0111: Tipo "App" j├í define um membro chamado "Log" com os mesmos tipos de par├ómetro [C:\Users\zacho\OneDrive\Downloads\Documentos\Projetos\pdv_medusax8\PDV_MedusaX8_hznqlc22_wpftmp.csproj]
C:\Users\zacho\OneDrive\Downloads\Documentos\Projetos\pdv_medusax8\v1.1\App.xaml.cs(43,22): error CS0111: Tipo "App" j├í define um membro chamado "App_DispatcherUnhandledException" com os mesmos tipos de par├ómetro [C:\Users\zacho\OneDrive\Downloads\Documentos\Projetos\pdv_medusax8\PDV_MedusaX8_hznqlc22_wpftmp.csproj]
C:\Users\zacho\OneDrive\Downloads\Documentos\Projetos\pdv_medusax8\v1.1\v1.1\App.xaml.cs(43,22): error CS0111: Tipo "App" j├í define um membro chamado "App_DispatcherUnhandledException" com os mesmos tipos de par├ómetro [C:\Users\zacho\OneDrive\Downloads\Documentos\Projetos\pdv_medusax8\PDV_MedusaX8_hznqlc22_wpftmp.csproj]
C:\Users\zacho\OneDrive\Downloads\Documentos\Projetos\pdv_medusax8\v1.1\App.xaml.cs(55,22): error CS0111: Tipo "App" j├í define um membro chamado "CurrentDomain_UnhandledException" com os mesmos tipos de par├ómetro [C:\Users\zacho\OneDrive\Downloads\Documentos\Projetos\pdv_medusax8\PDV_MedusaX8_hznqlc22_wpftmp.csproj]
C:\Users\zacho\OneDrive\Downloads\Documentos\Projetos\pdv_medusax8\v1.1\v1.1\App.xaml.cs(55,22): error CS0111: Tipo "App" j├í define um membro chamado "CurrentDomain_UnhandledException" com os mesmos tipos de par├ómetro [C:\Users\zacho\OneDrive\Downloads\Documentos\Projetos\pdv_medusax8\PDV_MedusaX8_hznqlc22_wpftmp.csproj]
C:\Users\zacho\OneDrive\Downloads\Documentos\Projetos\pdv_medusax8\v1.1\App.xaml.cs(66,22): error CS0111: Tipo "App" j├í define um membro chamado "TaskScheduler_UnobservedTaskException" com os mesmos tipos de par├ómetro [C:\Users\zacho\OneDrive\Downloads\Documentos\Projetos\pdv_medusax8\PDV_MedusaX8_hznqlc22_wpftmp.csproj]
C:\Users\zacho\OneDrive\Downloads\Documentos\Projetos\pdv_medusax8\v1.1\v1.1\App.xaml.cs(66,22): error CS0111: Tipo "App" j├í define um membro chamado "TaskScheduler_UnobservedTaskException" com os mesmos tipos de par├ómetro [C:\Users\zacho\OneDrive\Downloads\Documentos\Projetos\pdv_medusax8\PDV_MedusaX8_hznqlc22_wpftmp.csproj]
C:\Users\zacho\OneDrive\Downloads\Documentos\Projetos\pdv_medusax8\obj\Release\net10.0-windows\v1.1\v1.1\App.g.cs(42,22): error CS0102: O tipo "App" j├í cont├®m uma defini├º├úo para "_contentLoaded" [C:\Users\zacho\OneDrive\Downloads\Documentos\Projetos\pdv_medusax8\PDV_MedusaX8_hznqlc22_wpftmp.csproj]
C:\Users\zacho\OneDrive\Downloads\Documentos\Projetos\pdv_medusax8\obj\Release\net10.0-windows\v1.1\v1.1\App.g.cs(49,21): error CS0111: Tipo "App" j├í define um membro chamado "InitializeComponent" com os mesmos tipos de par├ómetro [C:\Users\zacho\OneDrive\Downloads\Documentos\Projetos\pdv_medusax8\PDV_MedusaX8_hznqlc22_wpftmp.csproj]
C:\Users\zacho\OneDrive\Downloads\Documentos\Projetos\pdv_medusax8\obj\Release\net10.0-windows\App.g.cs(47,21): error CS0111: Tipo "App" j├í define um membro chamado "InitializeComponent" com os mesmos tipos de par├ómetro [C:\Users\zacho\OneDrive\Downloads\Documentos\Projetos\pdv_medusax8\PDV_MedusaX8_hznqlc22_wpftmp.csproj]
C:\Users\zacho\OneDrive\Downloads\Documentos\Projetos\pdv_medusax8\obj\Release\net10.0-windows\v1.1\v1.1\App.g.cs(75,56): error CS0111: Tipo "App" j├í define um membro chamado "System.Windows.Markup.IComponentConnector.Connect" com os mesmos tipos de par├ómetro [C:\Users\zacho\OneDrive\Downloads\Documentos\Projetos\pdv_medusax8\PDV_MedusaX8_hznqlc22_wpftmp.csproj]
C:\Users\zacho\OneDrive\Downloads\Documentos\Projetos\pdv_medusax8\ConsumidorWindow.xaml.cs(11,26): error CS8646: 'IComponentConnector.Connect(int, object)' ├® implementado explicitamente mais de uma vez. [C:\Users\zacho\OneDrive\Downloads\Documentos\Projetos\pdv_medusax8\PDV_MedusaX8_hznqlc22_wpftmp.csproj]
C:\Users\zacho\OneDrive\Downloads\Documentos\Projetos\pdv_medusax8\v1.1\ConsumidorWindow.xaml.cs(13,24): error CS0102: O tipo "ConsumidorWindow" j├í cont├®m uma defini├º├úo para "ConsumerName" [C:\Users\zacho\OneDrive\Downloads\Documentos\Projetos\pdv_medusax8\PDV_MedusaX8_hznqlc22_wpftmp.csproj]
C:\Users\zacho\OneDrive\Downloads\Documentos\Projetos\pdv_medusax8\v1.1\v1.1\ConsumidorWindow.xaml.cs(13,24): error CS0102: O tipo "ConsumidorWindow" j├í cont├®m uma defini├º├úo para "ConsumerName" [C:\Users\zacho\OneDrive\Downloads\Documentos\Projetos\pdv_medusax8\PDV_MedusaX8_hznqlc22_wpftmp.csproj]
C:\Users\zacho\OneDrive\Downloads\Documentos\Projetos\pdv_medusax8\v1.1\ConsumidorWindow.xaml.cs(14,24): error CS0102: O tipo "ConsumidorWindow" j├í cont├®m uma defini├º├úo para "ConsumerCPF" [C:\Users\zacho\OneDrive\Downloads\Documentos\Projetos\pdv_medusax8\PDV_MedusaX8_hznqlc22_wpftmp.csproj]
C:\Users\zacho\OneDrive\Downloads\Documentos\Projetos\pdv_medusax8\v1.1\v1.1\ConsumidorWindow.xaml.cs(14,24): error CS0102: O tipo "ConsumidorWindow" j├í cont├®m uma defini├º├úo para "ConsumerCPF" [C:\Users\zacho\OneDrive\Downloads\Documentos\Projetos\pdv_medusax8\PDV_MedusaX8_hznqlc22_wpftmp.csproj]
C:\Users\zacho\OneDrive\Downloads\Documentos\Projetos\pdv_medusax8\v1.1\ConsumidorWindow.xaml.cs(15,21): error CS0102: O tipo "ConsumidorWindow" j├í cont├®m uma defini├º├úo para "SelectedCustomerId" [C:\Users\zacho\OneDrive\Downloads\Documentos\Projetos\pdv_medusax8\PDV_MedusaX8_hznqlc22_wpftmp.csproj]
C:\Users\zacho\OneDrive\Downloads\Documentos\Projetos\pdv_medusax8\v1.1\v1.1\ConsumidorWindow.xaml.cs(15,21): error CS0102: O tipo "ConsumidorWindow" j├í cont├®m uma defini├º├úo para "SelectedCustomerId" [C:\Users\zacho\OneDrive\Downloads\Documentos\Projetos\pdv_medusax8\PDV_MedusaX8_hznqlc22_wpftmp.csproj]
C:\Users\zacho\OneDrive\Downloads\Documentos\Projetos\pdv_medusax8\v1.1\ConsumidorWindow.xaml.cs(25,16): error CS0111: Tipo "ConsumidorWindow" j├í define um membro chamado "ConsumidorWindow" com os mesmos tipos de par├ómetro [C:\Users\zacho\OneDrive\Downloads\Documentos\Projetos\pdv_medusax8\PDV_MedusaX8_hznqlc22_wpftmp.csproj]
C:\Users\zacho\OneDrive\Downloads\Documentos\Projetos\pdv_medusax8\v1.1\v1.1\ConsumidorWindow.xaml.cs(25,16): error CS0111: Tipo "ConsumidorWindow" j├í define um membro chamado "ConsumidorWindow" com os mesmos tipos de par├ómetro [C:\Users\zacho\OneDrive\Downloads\Documentos\Projetos\pdv_medusax8\PDV_MedusaX8_hznqlc22_wpftmp.csproj]
C:\Users\zacho\OneDrive\Downloads\Documentos\Projetos\pdv_medusax8\v1.1\ConsumidorWindow.xaml.cs(34,22): error CS0111: Tipo "ConsumidorWindow" j├í define um membro chamado "ConsumidorWindow_Loaded" com os mesmos tipos de par├ómetro [C:\Users\zacho\OneDrive\Downloads\Documentos\Projetos\pdv_medusax8\PDV_MedusaX8_hznqlc22_wpftmp.csproj]
C:\Users\zacho\OneDrive\Downloads\Documentos\Projetos\pdv_medusax8\v1.1\v1.1\ConsumidorWindow.xaml.cs(34,22): error CS0111: Tipo "ConsumidorWindow" j├í define um membro chamado "ConsumidorWindow_Loaded" com os mesmos tipos de par├ómetro [C:\Users\zacho\OneDrive\Downloads\Documentos\Projetos\pdv_medusax8\PDV_MedusaX8_hznqlc22_wpftmp.csproj]
C:\Users\zacho\OneDrive\Downloads\Documentos\Projetos\pdv_medusax8\v1.1\ConsumidorWindow.xaml.cs(39,22): error CS0111: Tipo "ConsumidorWindow" j├í define um membro chamado "TxtFiltro_TextChanged" com os mesmos tipos de par├ómetro [C:\Users\zacho\OneDrive\Downloads\Documentos\Projetos\pdv_medusax8\PDV_MedusaX8_hznqlc22_wpftmp.csproj]
C:\Users\zacho\OneDrive\Downloads\Documentos\Projetos\pdv_medusax8\v1.1\v1.1\ConsumidorWindow.xaml.cs(39,22): error CS0111: Tipo "ConsumidorWindow" j├í define um membro chamado "TxtFiltro_TextChanged" com os mesmos tipos de par├ómetro [C:\Users\zacho\OneDrive\Downloads\Documentos\Projetos\pdv_medusax8\PDV_MedusaX8_hznqlc22_wpftmp.csproj]
C:\Users\zacho\OneDrive\Downloads\Documentos\Projetos\pdv_medusax8\v1.1\ConsumidorWindow.xaml.cs(52,22): error CS0111: Tipo "ConsumidorWindow" j├í define um membro chamado "GridResultados_SelectionChanged" com os mesmos tipos de par├ómetro [C:\Users\zacho\OneDrive\Downloads\Documentos\Projetos\pdv_medusax8\PDV_MedusaX8_hznqlc22_wpftmp.csproj]
C:\Users\zacho\OneDrive\Downloads\Documentos\Projetos\pdv_medusax8\v1.1\v1.1\ConsumidorWindow.xaml.cs(52,22): error CS0111: Tipo "ConsumidorWindow" j├í define um membro chamado "GridResultados_SelectionChanged" com os mesmos tipos de par├ómetro [C:\Users\zacho\OneDrive\Downloads\Documentos\Projetos\pdv_medusax8\PDV_MedusaX8_hznqlc22_wpftmp.csproj]
C:\Users\zacho\OneDrive\Downloads\Documentos\Projetos\pdv_medusax8\v1.1\ConsumidorWindow.xaml.cs(61,22): error CS0111: Tipo "ConsumidorWindow" j├í define um membro chamado "BtnOk_Click" com os mesmos tipos de par├ómetro [C:\Users\zacho\OneDrive\Downloads\Documentos\Projetos\pdv_medusax8\PDV_MedusaX8_hznqlc22_wpftmp.csproj]
C:\Users\zacho\OneDrive\Downloads\Documentos\Projetos\pdv_medusax8\v1.1\v1.1\ConsumidorWindow.xaml.cs(61,22): error CS0111: Tipo "ConsumidorWindow" j├í define um membro chamado "BtnOk_Click" com os mesmos tipos de par├ómetro [C:\Users\zacho\OneDrive\Downloads\Documentos\Projetos\pdv_medusax8\PDV_MedusaX8_hznqlc22_wpftmp.csproj]
C:\Users\zacho\OneDrive\Downloads\Documentos\Projetos\pdv_medusax8\v1.1\ConsumidorWindow.xaml.cs(75,22): error CS0111: Tipo "ConsumidorWindow" j├í define um membro chamado "BtnCancelar_Click" com os mesmos tipos de par├ómetro [C:\Users\zacho\OneDrive\Downloads\Documentos\Projetos\pdv_medusax8\PDV_MedusaX8_hznqlc22_wpftmp.csproj]
C:\Users\zacho\OneDrive\Downloads\Documentos\Projetos\pdv_medusax8\v1.1\v1.1\ConsumidorWindow.xaml.cs(75,22): error CS0111: Tipo "ConsumidorWindow" j├í define um membro chamado "BtnCancelar_Click" com os mesmos tipos de par├ómetro [C:\Users\zacho\OneDrive\Downloads\Documentos\Projetos\pdv_medusax8\PDV_MedusaX8_hznqlc22_wpftmp.csproj]
C:\Users\zacho\OneDrive\Downloads\Documentos\Projetos\pdv_medusax8\v1.1\ConsumidorWindow.xaml.cs(81,22): error CS0111: Tipo "ConsumidorWindow" j├í define um membro chamado "CadastrarCliente_Click" com os mesmos tipos de par├ómetro [C:\Users\zacho\OneDrive\Downloads\Documentos\Projetos\pdv_medusax8\PDV_MedusaX8_hznqlc22_wpftmp.csproj]
C:\Users\zacho\OneDrive\Downloads\Documentos\Projetos\pdv_medusax8\v1.1\v1.1\ConsumidorWindow.xaml.cs(81,22): error CS0111: Tipo "ConsumidorWindow" j├í define um membro chamado "CadastrarCliente_Click" com os mesmos tipos de par├ómetro [C:\Users\zacho\OneDrive\Downloads\Documentos\Projetos\pdv_medusax8\PDV_MedusaX8_hznqlc22_wpftmp.csproj]
C:\Users\zacho\OneDrive\Downloads\Documentos\Projetos\pdv_medusax8\v1.1\ConsumidorWindow.xaml.cs(99,22): error CS0111: Tipo "ConsumidorWindow" j├í define um membro chamado "LoadAllCustomers" com os mesmos tipos de par├ómetro [C:\Users\zacho\OneDrive\Downloads\Documentos\Projetos\pdv_medusax8\PDV_MedusaX8_hznqlc22_wpftmp.csproj]
C:\Users\zacho\OneDrive\Downloads\Documentos\Projetos\pdv_medusax8\v1.1\v1.1\ConsumidorWindow.xaml.cs(99,22): error CS0111: Tipo "ConsumidorWindow" j├í define um membro chamado "LoadAllCustomers" com os mesmos tipos de par├ómetro [C:\Users\zacho\OneDrive\Downloads\Documentos\Projetos\pdv_medusax8\PDV_MedusaX8_hznqlc22_wpftmp.csproj]
C:\Users\zacho\OneDrive\Downloads\Documentos\Projetos\pdv_medusax8\v1.1\ConsumidorWindow.xaml.cs(133,22): error CS0111: Tipo "ConsumidorWindow" j├í define um membro chamado "BuscarClientesPorFiltro" com os mesmos tipos de par├ómetro [C:\Users\zacho\OneDrive\Downloads\Documentos\Projetos\pdv_medusax8\PDV_MedusaX8_hznqlc22_wpftmp.csproj]
C:\Users\zacho\OneDrive\Downloads\Documentos\Projetos\pdv_medusax8\v1.1\v1.1\ConsumidorWindow.xaml.cs(133,22): error CS0111: Tipo "ConsumidorWindow" j├í define um membro chamado "BuscarClientesPorFiltro" com os mesmos tipos de par├ómetro [C:\Users\zacho\OneDrive\Downloads\Documentos\Projetos\pdv_medusax8\PDV_MedusaX8_hznqlc22_wpftmp.csproj]
C:\Users\zacho\OneDrive\Downloads\Documentos\Projetos\pdv_medusax8\v1.1\ConsumidorWindow.xaml.cs(178,24): error CS0111: Tipo "ConsumidorWindow" j├í define um membro chamado "GetConnectionString" com os mesmos tipos de par├ómetro [C:\Users\zacho\OneDrive\Downloads\Documentos\Projetos\pdv_medusax8\PDV_MedusaX8_hznqlc22_wpftmp.csproj]
C:\Users\zacho\OneDrive\Downloads\Documentos\Projetos\pdv_medusax8\v1.1\v1.1\ConsumidorWindow.xaml.cs(178,24): error CS0111: Tipo "ConsumidorWindow" j├í define um membro chamado "GetConnectionString" com os mesmos tipos de par├ómetro [C:\Users\zacho\OneDrive\Downloads\Documentos\Projetos\pdv_medusax8\PDV_MedusaX8_hznqlc22_wpftmp.csproj]
C:\Users\zacho\OneDrive\Downloads\Documentos\Projetos\pdv_medusax8\v1.1\ConsumidorWindow.xaml.cs(183,31): error CS0111: Tipo "ConsumidorWindow" j├í define um membro chamado "OnlyDigits" com os mesmos tipos de par├ómetro [C:\Users\zacho\OneDrive\Downloads\Documentos\Projetos\pdv_medusax8\PDV_MedusaX8_hznqlc22_wpftmp.csproj]
C:\Users\zacho\OneDrive\Downloads\Documentos\Projetos\pdv_medusax8\v1.1\v1.1\ConsumidorWindow.xaml.cs(183,31): error CS0111: Tipo "ConsumidorWindow" j├í define um membro chamado "OnlyDigits" com os mesmos tipos de par├ómetro [C:\Users\zacho\OneDrive\Downloads\Documentos\Projetos\pdv_medusax8\PDV_MedusaX8_hznqlc22_wpftmp.csproj]
C:\Users\zacho\OneDrive\Downloads\Documentos\Projetos\pdv_medusax8\v1.1\ConsumidorWindow.xaml.cs(193,31): error CS0111: Tipo "ConsumidorWindow" j├í define um membro chamado "FormatCpfString" com os mesmos tipos de par├ómetro [C:\Users\zacho\OneDrive\Downloads\Documentos\Projetos\pdv_medusax8\PDV_MedusaX8_hznqlc22_wpftmp.csproj]
C:\Users\zacho\OneDrive\Downloads\Documentos\Projetos\pdv_medusax8\v1.1\v1.1\ConsumidorWindow.xaml.cs(193,31): error CS0111: Tipo "ConsumidorWindow" j├í define um membro chamado "FormatCpfString" com os mesmos tipos de par├ómetro [C:\Users\zacho\OneDrive\Downloads\Documentos\Projetos\pdv_medusax8\PDV_MedusaX8_hznqlc22_wpftmp.csproj]
C:\Users\zacho\OneDrive\Downloads\Documentos\Projetos\pdv_medusax8\v1.1\ConsumidorWindow.xaml.cs(206,31): error CS0111: Tipo "ConsumidorWindow" j├í define um membro chamado "FormatCnpjString" com os mesmos tipos de par├ómetro [C:\Users\zacho\OneDrive\Downloads\Documentos\Projetos\pdv_medusax8\PDV_MedusaX8_hznqlc22_wpftmp.csproj]
C:\Users\zacho\OneDrive\Downloads\Documentos\Projetos\pdv_medusax8\v1.1\v1.1\ConsumidorWindow.xaml.cs(206,31): error CS0111: Tipo "ConsumidorWindow" j├í define um membro chamado "FormatCnpjString" com os mesmos tipos de par├ómetro [C:\Users\zacho\OneDrive\Downloads\Documentos\Projetos\pdv_medusax8\PDV_MedusaX8_hznqlc22_wpftmp.csproj]
C:\Users\zacho\OneDrive\Downloads\Documentos\Projetos\pdv_medusax8\v1.1\ConsumidorWindow.xaml.cs(220,22): error CS0111: Tipo "ConsumidorWindow" j├í define um membro chamado "OnFiltroPasting" com os mesmos tipos de par├ómetro [C:\Users\zacho\OneDrive\Downloads\Documentos\Projetos\pdv_medusax8\PDV_MedusaX8_hznqlc22_wpftmp.csproj]
C:\Users\zacho\OneDrive\Downloads\Documentos\Projetos\pdv_medusax8\v1.1\v1.1\ConsumidorWindow.xaml.cs(220,22): error CS0111: Tipo "ConsumidorWindow" j├í define um membro chamado "OnFiltroPasting" com os mesmos tipos de par├ómetro [C:\Users\zacho\OneDrive\Downloads\Documentos\Projetos\pdv_medusax8\PDV_MedusaX8_hznqlc22_wpftmp.csproj]
C:\Users\zacho\OneDrive\Downloads\Documentos\Projetos\pdv_medusax8\v1.1\ConsumidorWindow.xaml(16,50): error CS0102: O tipo "ConsumidorWindow" j├í cont├®m uma defini├º├úo para "TxtFiltro" [C:\Users\zacho\OneDrive\Downloads\Documentos\Projetos\pdv_medusax8\PDV_MedusaX8_hznqlc22_wpftmp.csproj]
C:\Users\zacho\OneDrive\Downloads\Documentos\Projetos\pdv_medusax8\v1.1\v1.1\ConsumidorWindow.xaml(16,50): error CS0102: O tipo "ConsumidorWindow" j├í cont├®m uma defini├º├úo para "TxtFiltro" [C:\Users\zacho\OneDrive\Downloads\Documentos\Projetos\pdv_medusax8\PDV_MedusaX8_hznqlc22_wpftmp.csproj]
C:\Users\zacho\OneDrive\Downloads\Documentos\Projetos\pdv_medusax8\v1.1\ConsumidorWindow.xaml(19,51): error CS0102: O tipo "ConsumidorWindow" j├í cont├®m uma defini├º├úo para "GridResultados" [C:\Users\zacho\OneDrive\Downloads\Documentos\Projetos\pdv_medusax8\PDV_MedusaX8_hznqlc22_wpftmp.csproj]
C:\Users\zacho\OneDrive\Downloads\Documentos\Projetos\pdv_medusax8\v1.1\v1.1\ConsumidorWindow.xaml(19,51): error CS0102: O tipo "ConsumidorWindow" j├í cont├®m uma defini├º├úo para "GridResultados" [C:\Users\zacho\OneDrive\Downloads\Documentos\Projetos\pdv_medusax8\PDV_MedusaX8_hznqlc22_wpftmp.csproj]
C:\Users\zacho\OneDrive\Downloads\Documentos\Projetos\pdv_medusax8\v1.1\ConsumidorWindow.xaml(33,49): error CS0102: O tipo "ConsumidorWindow" j├í cont├®m uma defini├º├úo para "BtnCadastrar" [C:\Users\zacho\OneDrive\Downloads\Documentos\Projetos\pdv_medusax8\PDV_MedusaX8_hznqlc22_wpftmp.csproj]
C:\Users\zacho\OneDrive\Downloads\Documentos\Projetos\pdv_medusax8\v1.1\v1.1\ConsumidorWindow.xaml(33,49): error CS0102: O tipo "ConsumidorWindow" j├í cont├®m uma defini├º├úo para "BtnCadastrar" [C:\Users\zacho\OneDrive\Downloads\Documentos\Projetos\pdv_medusax8\PDV_MedusaX8_hznqlc22_wpftmp.csproj]
C:\Users\zacho\OneDrive\Downloads\Documentos\Projetos\pdv_medusax8\v1.1\ConsumidorWindow.xaml(34,49): error CS0102: O tipo "ConsumidorWindow" j├í cont├®m uma defini├º├úo para "BtnOk" [C:\Users\zacho\OneDrive\Downloads\Documentos\Projetos\pdv_medusax8\PDV_MedusaX8_hznqlc22_wpftmp.csproj]
C:\Users\zacho\OneDrive\Downloads\Documentos\Projetos\pdv_medusax8\v1.1\v1.1\ConsumidorWindow.xaml(34,49): error CS0102: O tipo "ConsumidorWindow" j├í cont├®m uma defini├º├úo para "BtnOk" [C:\Users\zacho\OneDrive\Downloads\Documentos\Projetos\pdv_medusax8\PDV_MedusaX8_hznqlc22_wpftmp.csproj]
C:\Users\zacho\OneDrive\Downloads\Documentos\Projetos\pdv_medusax8\v1.1\ConsumidorWindow.xaml(35,49): error CS0102: O tipo "ConsumidorWindow" j├í cont├®m uma defini├º├úo para "BtnCancelar" [C:\Users\zacho\OneDrive\Downloads\Documentos\Projetos\pdv_medusax8\PDV_MedusaX8_hznqlc22_wpftmp.csproj]
C:\Users\zacho\OneDrive\Downloads\Documentos\Projetos\pdv_medusax8\v1.1\v1.1\ConsumidorWindow.xaml(35,49): error CS0102: O tipo "ConsumidorWindow" j├í cont├®m uma defini├º├úo para "BtnCancelar" [C:\Users\zacho\OneDrive\Downloads\Documentos\Projetos\pdv_medusax8\PDV_MedusaX8_hznqlc22_wpftmp.csproj]
C:\Users\zacho\OneDrive\Downloads\Documentos\Projetos\pdv_medusax8\obj\Release\net10.0-windows\v1.1\ConsumidorWindow.g.cs(82,22): error CS0102: O tipo "ConsumidorWindow" j├í cont├®m uma defini├º├úo para "_contentLoaded" [C:\Users\zacho\OneDrive\Downloads\Documentos\Projetos\pdv_medusax8\PDV_MedusaX8_hznqlc22_wpftmp.csproj]
C:\Users\zacho\OneDrive\Downloads\Documentos\Projetos\pdv_medusax8\obj\Release\net10.0-windows\v1.1\v1.1\ConsumidorWindow.g.cs(82,22): error CS0102: O tipo "ConsumidorWindow" j├í cont├®m uma defini├º├úo para "_contentLoaded" [C:\Users\zacho\OneDrive\Downloads\Documentos\Projetos\pdv_medusax8\PDV_MedusaX8_hznqlc22_wpftmp.csproj]
C:\Users\zacho\OneDrive\Downloads\Documentos\Projetos\pdv_medusax8\obj\Release\net10.0-windows\v1.1\ConsumidorWindow.g.cs(89,21): error CS0111: Tipo "ConsumidorWindow" j├í define um membro chamado "InitializeComponent" com os mesmos tipos de par├ómetro [C:\Users\zacho\OneDrive\Downloads\Documentos\Projetos\pdv_medusax8\PDV_MedusaX8_hznqlc22_wpftmp.csproj]
C:\Users\zacho\OneDrive\Downloads\Documentos\Projetos\pdv_medusax8\obj\Release\net10.0-windows\v1.1\v1.1\ConsumidorWindow.g.cs(89,21): error CS0111: Tipo "ConsumidorWindow" j├í define um membro chamado "InitializeComponent" com os mesmos tipos de par├ómetro [C:\Users\zacho\OneDrive\Downloads\Documentos\Projetos\pdv_medusax8\PDV_MedusaX8_hznqlc22_wpftmp.csproj]
C:\Users\zacho\OneDrive\Downloads\Documentos\Projetos\pdv_medusax8\obj\Release\net10.0-windows\v1.1\ConsumidorWindow.g.cs(109,56): error CS0111: Tipo "ConsumidorWindow" j├í define um membro chamado "System.Windows.Markup.IComponentConnector.Connect" com os mesmos tipos de par├ómetro [C:\Users\zacho\OneDrive\Downloads\Documentos\Projetos\pdv_medusax8\PDV_MedusaX8_hznqlc22_wpftmp.csproj]
C:\Users\zacho\OneDrive\Downloads\Documentos\Projetos\pdv_medusax8\obj\Release\net10.0-windows\v1.1\v1.1\ConsumidorWindow.g.cs(109,56): error CS0111: Tipo "ConsumidorWindow" j├í define um membro chamado "System.Windows.Markup.IComponentConnector.Connect" com os mesmos tipos de par├ómetro [C:\Users\zacho\OneDrive\Downloads\Documentos\Projetos\pdv_medusax8\PDV_MedusaX8_hznqlc22_wpftmp.csproj]
C:\Users\zacho\OneDrive\Downloads\Documentos\Projetos\pdv_medusax8\v1.1\ItemDiscountWindow.xaml.cs(12,34): error CS0102: O tipo "ItemDiscountWindow" j├í cont├®m uma defini├º├úo para "_maxPercent" [C:\Users\zacho\OneDrive\Downloads\Documentos\Projetos\pdv_medusax8\PDV_MedusaX8_hznqlc22_wpftmp.csproj]
C:\Users\zacho\OneDrive\Downloads\Documentos\Projetos\pdv_medusax8\v1.1\v1.1\ItemDiscountWindow.xaml.cs(12,34): error CS0102: O tipo "ItemDiscountWindow" j├í cont├®m uma defini├º├úo para "_maxPercent" [C:\Users\zacho\OneDrive\Downloads\Documentos\Projetos\pdv_medusax8\PDV_MedusaX8_hznqlc22_wpftmp.csproj]
C:\Users\zacho\OneDrive\Downloads\Documentos\Projetos\pdv_medusax8\v1.1\ItemDiscountWindow.xaml.cs(13,26): error CS0102: O tipo "ItemDiscountWindow" j├í cont├®m uma defini├º├úo para "SelectedItem" [C:\Users\zacho\OneDrive\Downloads\Documentos\Projetos\pdv_medusax8\PDV_MedusaX8_hznqlc22_wpftmp.csproj]
C:\Users\zacho\OneDrive\Downloads\Documentos\Projetos\pdv_medusax8\v1.1\v1.1\ItemDiscountWindow.xaml.cs(13,26): error CS0102: O tipo "ItemDiscountWindow" j├í cont├®m uma defini├º├úo para "SelectedItem" [C:\Users\zacho\OneDrive\Downloads\Documentos\Projetos\pdv_medusax8\PDV_MedusaX8_hznqlc22_wpftmp.csproj]
C:\Users\zacho\OneDrive\Downloads\Documentos\Projetos\pdv_medusax8\v1.1\ItemDiscountWindow.xaml.cs(14,21): error CS0102: O tipo "ItemDiscountWindow" j├í cont├®m uma defini├º├úo para "IsPercent" [C:\Users\zacho\OneDrive\Downloads\Documentos\Projetos\pdv_medusax8\PDV_MedusaX8_hznqlc22_wpftmp.csproj]
C:\Users\zacho\OneDrive\Downloads\Documentos\Projetos\pdv_medusax8\v1.1\v1.1\ItemDiscountWindow.xaml.cs(14,21): error CS0102: O tipo "ItemDiscountWindow" j├í cont├®m uma defini├º├úo para "IsPercent" [C:\Users\zacho\OneDrive\Downloads\Documentos\Projetos\pdv_medusax8\PDV_MedusaX8_hznqlc22_wpftmp.csproj]
C:\Users\zacho\OneDrive\Downloads\Documentos\Projetos\pdv_medusax8\v1.1\ItemDiscountWindow.xaml.cs(15,24): error CS0102: O tipo "ItemDiscountWindow" j├í cont├®m uma defini├º├úo para "PercentValue" [C:\Users\zacho\OneDrive\Downloads\Documentos\Projetos\pdv_medusax8\PDV_MedusaX8_hznqlc22_wpftmp.csproj]
C:\Users\zacho\OneDrive\Downloads\Documentos\Projetos\pdv_medusax8\v1.1\v1.1\ItemDiscountWindow.xaml.cs(15,24): error CS0102: O tipo "ItemDiscountWindow" j├í cont├®m uma defini├º├úo para "PercentValue" [C:\Users\zacho\OneDrive\Downloads\Documentos\Projetos\pdv_medusax8\PDV_MedusaX8_hznqlc22_wpftmp.csproj]
C:\Users\zacho\OneDrive\Downloads\Documentos\Projetos\pdv_medusax8\v1.1\ItemDiscountWindow.xaml.cs(16,24): error CS0102: O tipo "ItemDiscountWindow" j├í cont├®m uma defini├º├úo para "AppliedAmount" [C:\Users\zacho\OneDrive\Downloads\Documentos\Projetos\pdv_medusax8\PDV_MedusaX8_hznqlc22_wpftmp.csproj]
C:\Users\zacho\OneDrive\Downloads\Documentos\Projetos\pdv_medusax8\v1.1\v1.1\ItemDiscountWindow.xaml.cs(16,24): error CS0102: O tipo "ItemDiscountWindow" j├í cont├®m uma defini├º├úo para "AppliedAmount" [C:\Users\zacho\OneDrive\Downloads\Documentos\Projetos\pdv_medusax8\PDV_MedusaX8_hznqlc22_wpftmp.csproj]
C:\Users\zacho\OneDrive\Downloads\Documentos\Projetos\pdv_medusax8\v1.1\ItemDiscountWindow.xaml.cs(17,24): error CS0102: O tipo "ItemDiscountWindow" j├í cont├®m uma defini├º├úo para "Reason" [C:\Users\zacho\OneDrive\Downloads\Documentos\Projetos\pdv_medusax8\PDV_MedusaX8_hznqlc22_wpftmp.csproj]
C:\Users\zacho\OneDrive\Downloads\Documentos\Projetos\pdv_medusax8\v1.1\v1.1\ItemDiscountWindow.xaml.cs(17,24): error CS0102: O tipo "ItemDiscountWindow" j├í cont├®m uma defini├º├úo para "Reason" [C:\Users\zacho\OneDrive\Downloads\Documentos\Projetos\pdv_medusax8\PDV_MedusaX8_hznqlc22_wpftmp.csproj]
C:\Users\zacho\OneDrive\Downloads\Documentos\Projetos\pdv_medusax8\v1.1\ItemDiscountWindow.xaml.cs(19,16): error CS0111: Tipo "ItemDiscountWindow" j├í define um membro chamado "ItemDiscountWindow" com os mesmos tipos de par├ómetro [C:\Users\zacho\OneDrive\Downloads\Documentos\Projetos\pdv_medusax8\PDV_MedusaX8_hznqlc22_wpftmp.csproj]
C:\Users\zacho\OneDrive\Downloads\Documentos\Projetos\pdv_medusax8\v1.1\v1.1\ItemDiscountWindow.xaml.cs(19,16): error CS0111: Tipo "ItemDiscountWindow" j├í define um membro chamado "ItemDiscountWindow" com os mesmos tipos de par├ómetro [C:\Users\zacho\OneDrive\Downloads\Documentos\Projetos\pdv_medusax8\PDV_MedusaX8_hznqlc22_wpftmp.csproj]
C:\Users\zacho\OneDrive\Downloads\Documentos\Projetos\pdv_medusax8\v1.1\ItemDiscountWindow.xaml.cs(28,22): error CS0111: Tipo "ItemDiscountWindow" j├í define um membro chamado "Confirm_Click" com os mesmos tipos de par├ómetro [C:\Users\zacho\OneDrive\Downloads\Documentos\Projetos\pdv_medusax8\PDV_MedusaX8_hznqlc22_wpftmp.csproj]
C:\Users\zacho\OneDrive\Downloads\Documentos\Projetos\pdv_medusax8\v1.1\v1.1\ItemDiscountWindow.xaml.cs(28,22): error CS0111: Tipo "ItemDiscountWindow" j├í define um membro chamado "Confirm_Click" com os mesmos tipos de par├ómetro [C:\Users\zacho\OneDrive\Downloads\Documentos\Projetos\pdv_medusax8\PDV_MedusaX8_hznqlc22_wpftmp.csproj]
C:\Users\zacho\OneDrive\Downloads\Documentos\Projetos\pdv_medusax8\v1.1\ItemDiscountWindow.xaml(20,51): error CS0102: O tipo "ItemDiscountWindow" j├í cont├®m uma defini├º├úo para "ItemsList" [C:\Users\zacho\OneDrive\Downloads\Documentos\Projetos\pdv_medusax8\PDV_MedusaX8_hznqlc22_wpftmp.csproj]
C:\Users\zacho\OneDrive\Downloads\Documentos\Projetos\pdv_medusax8\v1.1\v1.1\ItemDiscountWindow.xaml(20,51): error CS0102: O tipo "ItemDiscountWindow" j├í cont├®m uma defini├º├úo para "ItemsList" [C:\Users\zacho\OneDrive\Downloads\Documentos\Projetos\pdv_medusax8\PDV_MedusaX8_hznqlc22_wpftmp.csproj]
C:\Users\zacho\OneDrive\Downloads\Documentos\Projetos\pdv_medusax8\v1.1\ItemDiscountWindow.xaml(49,50): error CS0102: O tipo "ItemDiscountWindow" j├í cont├®m uma defini├º├úo para "TxtValue" [C:\Users\zacho\OneDrive\Downloads\Documentos\Projetos\pdv_medusax8\PDV_MedusaX8_hznqlc22_wpftmp.csproj]
C:\Users\zacho\OneDrive\Downloads\Documentos\Projetos\pdv_medusax8\v1.1\v1.1\ItemDiscountWindow.xaml(49,50): error CS0102: O tipo "ItemDiscountWindow" j├í cont├®m uma defini├º├úo para "TxtValue" [C:\Users\zacho\OneDrive\Downloads\Documentos\Projetos\pdv_medusax8\PDV_MedusaX8_hznqlc22_wpftmp.csproj]
C:\Users\zacho\OneDrive\Downloads\Documentos\Projetos\pdv_medusax8\v1.1\ItemDiscountWindow.xaml(51,51): error CS0102: O tipo "ItemDiscountWindow" j├í cont├®m uma defini├º├úo para "ChkPercent" [C:\Users\zacho\OneDrive\Downloads\Documentos\Projetos\pdv_medusax8\PDV_MedusaX8_hznqlc22_wpftmp.csproj]
C:\Users\zacho\OneDrive\Downloads\Documentos\Projetos\pdv_medusax8\v1.1\v1.1\ItemDiscountWindow.xaml(51,51): error CS0102: O tipo "ItemDiscountWindow" j├í cont├®m uma defini├º├úo para "ChkPercent" [C:\Users\zacho\OneDrive\Downloads\Documentos\Projetos\pdv_medusax8\PDV_MedusaX8_hznqlc22_wpftmp.csproj]
C:\Users\zacho\OneDrive\Downloads\Documentos\Projetos\pdv_medusax8\v1.1\ItemDiscountWindow.xaml(54,51): error CS0102: O tipo "ItemDiscountWindow" j├í cont├®m uma defini├º├úo para "CmbReason" [C:\Users\zacho\OneDrive\Downloads\Documentos\Projetos\pdv_medusax8\PDV_MedusaX8_hznqlc22_wpftmp.csproj]
C:\Users\zacho\OneDrive\Downloads\Documentos\Projetos\pdv_medusax8\v1.1\v1.1\ItemDiscountWindow.xaml(54,51): error CS0102: O tipo "ItemDiscountWindow" j├í cont├®m uma defini├º├úo para "CmbReason" [C:\Users\zacho\OneDrive\Downloads\Documentos\Projetos\pdv_medusax8\PDV_MedusaX8_hznqlc22_wpftmp.csproj]
C:\Users\zacho\OneDrive\Downloads\Documentos\Projetos\pdv_medusax8\v1.1\ItemDiscountWindow.xaml(62,52): error CS0102: O tipo "ItemDiscountWindow" j├í cont├®m uma defini├º├úo para "TxtHint" [C:\Users\zacho\OneDrive\Downloads\Documentos\Projetos\pdv_medusax8\PDV_MedusaX8_hznqlc22_wpftmp.csproj]
C:\Users\zacho\OneDrive\Downloads\Documentos\Projetos\pdv_medusax8\v1.1\v1.1\ItemDiscountWindow.xaml(62,52): error CS0102: O tipo "ItemDiscountWindow" j├í cont├®m uma defini├º├úo para "TxtHint" [C:\Users\zacho\OneDrive\Downloads\Documentos\Projetos\pdv_medusax8\PDV_MedusaX8_hznqlc22_wpftmp.csproj]
C:\Users\zacho\OneDrive\Downloads\Documentos\Projetos\pdv_medusax8\obj\Release\net10.0-windows\v1.1\ItemDiscountWindow.g.cs(82,22): error CS0102: O tipo "ItemDiscountWindow" j├í cont├®m uma defini├º├úo para "_contentLoaded" [C:\Users\zacho\OneDrive\Downloads\Documentos\Projetos\pdv_medusax8\PDV_MedusaX8_hznqlc22_wpftmp.csproj]
C:\Users\zacho\OneDrive\Downloads\Documentos\Projetos\pdv_medusax8\obj\Release\net10.0-windows\v1.1\v1.1\ItemDiscountWindow.g.cs(82,22): error CS0102: O tipo "ItemDiscountWindow" j├í cont├®m uma defini├º├úo para "_contentLoaded" [C:\Users\zacho\OneDrive\Downloads\Documentos\Projetos\pdv_medusax8\PDV_MedusaX8_hznqlc22_wpftmp.csproj]
C:\Users\zacho\OneDrive\Downloads\Documentos\Projetos\pdv_medusax8\obj\Release\net10.0-windows\v1.1\ItemDiscountWindow.g.cs(89,21): error CS0111: Tipo "ItemDiscountWindow" j├í define um membro chamado "InitializeComponent" com os mesmos tipos de par├ómetro [C:\Users\zacho\OneDrive\Downloads\Documentos\Projetos\pdv_medusax8\PDV_MedusaX8_hznqlc22_wpftmp.csproj]
C:\Users\zacho\OneDrive\Downloads\Documentos\Projetos\pdv_medusax8\obj\Release\net10.0-windows\v1.1\v1.1\ItemDiscountWindow.g.cs(89,21): error CS0111: Tipo "ItemDiscountWindow" j├í define um membro chamado "InitializeComponent" com os mesmos tipos de par├ómetro [C:\Users\zacho\OneDrive\Downloads\Documentos\Projetos\pdv_medusax8\PDV_MedusaX8_hznqlc22_wpftmp.csproj]
C:\Users\zacho\OneDrive\Downloads\Documentos\Projetos\pdv_medusax8\obj\Release\net10.0-windows\v1.1\ItemDiscountWindow.g.cs(109,56): error CS0111: Tipo "ItemDiscountWindow" j├í define um membro chamado "System.Windows.Markup.IComponentConnector.Connect" com os mesmos tipos de par├ómetro [C:\Users\zacho\OneDrive\Downloads\Documentos\Projetos\pdv_medusax8\PDV_MedusaX8_hznqlc22_wpftmp.csproj]
C:\Users\zacho\OneDrive\Downloads\Documentos\Projetos\pdv_medusax8\obj\Release\net10.0-windows\v1.1\v1.1\ItemDiscountWindow.g.cs(109,56): error CS0111: Tipo "ItemDiscountWindow" j├í define um membro chamado "System.Windows.Markup.IComponentConnector.Connect" com os mesmos tipos de par├ómetro [C:\Users\zacho\OneDrive\Downloads\Documentos\Projetos\pdv_medusax8\PDV_MedusaX8_hznqlc22_wpftmp.csproj]
C:\Users\zacho\OneDrive\Downloads\Documentos\Projetos\pdv_medusax8\ChequeSearchWindow.xaml.cs(12,26): error CS8646: 'IComponentConnector.Connect(int, object)' ├® implementado explicitamente mais de uma vez. [C:\Users\zacho\OneDrive\Downloads\Documentos\Projetos\pdv_medusax8\PDV_MedusaX8_hznqlc22_wpftmp.csproj]
C:\Users\zacho\OneDrive\Downloads\Documentos\Projetos\pdv_medusax8\EnderecoWindow.xaml.cs(8,26): error CS8646: 'IComponentConnector.Connect(int, object)' ├® implementado explicitamente mais de uma vez. [C:\Users\zacho\OneDrive\Downloads\Documentos\Projetos\pdv_medusax8\PDV_MedusaX8_hznqlc22_wpftmp.csproj]
C:\Users\zacho\OneDrive\Downloads\Documentos\Projetos\pdv_medusax8\v1.1\ChequeSearchWindow.xaml.cs(14,28): error CS0102: O tipo "ChequeSearchWindow" j├í cont├®m uma defini├º├úo para "SelectedCheque" [C:\Users\zacho\OneDrive\Downloads\Documentos\Projetos\pdv_medusax8\PDV_MedusaX8_hznqlc22_wpftmp.csproj]
C:\Users\zacho\OneDrive\Downloads\Documentos\Projetos\pdv_medusax8\v1.1\v1.1\ChequeSearchWindow.xaml.cs(14,28): error CS0102: O tipo "ChequeSearchWindow" j├í cont├®m uma defini├º├úo para "SelectedCheque" [C:\Users\zacho\OneDrive\Downloads\Documentos\Projetos\pdv_medusax8\PDV_MedusaX8_hznqlc22_wpftmp.csproj]
C:\Users\zacho\OneDrive\Downloads\Documentos\Projetos\pdv_medusax8\v1.1\ChequeSearchWindow.xaml.cs(15,22): error CS0102: O tipo "ChequeSearchWindow" j├í cont├®m uma defini├º├úo para "_onlyUnused" [C:\Users\zacho\OneDrive\Downloads\Documentos\Projetos\pdv_medusax8\PDV_MedusaX8_hznqlc22_wpftmp.csproj]
C:\Users\zacho\OneDrive\Downloads\Documentos\Projetos\pdv_medusax8\v1.1\v1.1\ChequeSearchWindow.xaml.cs(15,22): error CS0102: O tipo "ChequeSearchWindow" j├í cont├®m uma defini├º├úo para "_onlyUnused" [C:\Users\zacho\OneDrive\Downloads\Documentos\Projetos\pdv_medusax8\PDV_MedusaX8_hznqlc22_wpftmp.csproj]
C:\Users\zacho\OneDrive\Downloads\Documentos\Projetos\pdv_medusax8\v1.1\ChequeSearchWindow.xaml.cs(17,16): error CS0111: Tipo "ChequeSearchWindow" j├í define um membro chamado "ChequeSearchWindow" com os mesmos tipos de par├ómetro [C:\Users\zacho\OneDrive\Downloads\Documentos\Projetos\pdv_medusax8\PDV_MedusaX8_hznqlc22_wpftmp.csproj]
C:\Users\zacho\OneDrive\Downloads\Documentos\Projetos\pdv_medusax8\v1.1\ChequeSearchWindow.xaml.cs(19,16): error CS0111: Tipo "ChequeSearchWindow" j├í define um membro chamado "ChequeSearchWindow" com os mesmos tipos de par├ómetro [C:\Users\zacho\OneDrive\Downloads\Documentos\Projetos\pdv_medusax8\PDV_MedusaX8_hznqlc22_wpftmp.csproj]
C:\Users\zacho\OneDrive\Downloads\Documentos\Projetos\pdv_medusax8\v1.1\v1.1\ChequeSearchWindow.xaml.cs(17,16): error CS0111: Tipo "ChequeSearchWindow" j├í define um membro chamado "ChequeSearchWindow" com os mesmos tipos de par├ómetro [C:\Users\zacho\OneDrive\Downloads\Documentos\Projetos\pdv_medusax8\PDV_MedusaX8_hznqlc22_wpftmp.csproj]
C:\Users\zacho\OneDrive\Downloads\Documentos\Projetos\pdv_medusax8\v1.1\v1.1\ChequeSearchWindow.xaml.cs(19,16): error CS0111: Tipo "ChequeSearchWindow" j├í define um membro chamado "ChequeSearchWindow" com os mesmos tipos de par├ómetro [C:\Users\zacho\OneDrive\Downloads\Documentos\Projetos\pdv_medusax8\PDV_MedusaX8_hznqlc22_wpftmp.csproj]
C:\Users\zacho\OneDrive\Downloads\Documentos\Projetos\pdv_medusax8\v1.1\ChequeSearchWindow.xaml.cs(25,22): error CS0111: Tipo "ChequeSearchWindow" j├í define um membro chamado "ChequeSearchWindow_Loaded" com os mesmos tipos de par├ómetro [C:\Users\zacho\OneDrive\Downloads\Documentos\Projetos\pdv_medusax8\PDV_MedusaX8_hznqlc22_wpftmp.csproj]
C:\Users\zacho\OneDrive\Downloads\Documentos\Projetos\pdv_medusax8\v1.1\v1.1\ChequeSearchWindow.xaml.cs(25,22): error CS0111: Tipo "ChequeSearchWindow" j├í define um membro chamado "ChequeSearchWindow_Loaded" com os mesmos tipos de par├ómetro [C:\Users\zacho\OneDrive\Downloads\Documentos\Projetos\pdv_medusax8\PDV_MedusaX8_hznqlc22_wpftmp.csproj]
C:\Users\zacho\OneDrive\Downloads\Documentos\Projetos\pdv_medusax8\v1.1\ChequeSearchWindow.xaml.cs(32,24): error CS0111: Tipo "ChequeSearchWindow" j├í define um membro chamado "GetConnectionString" com os mesmos tipos de par├ómetro [C:\Users\zacho\OneDrive\Downloads\Documentos\Projetos\pdv_medusax8\PDV_MedusaX8_hznqlc22_wpftmp.csproj]
C:\Users\zacho\OneDrive\Downloads\Documentos\Projetos\pdv_medusax8\v1.1\v1.1\ChequeSearchWindow.xaml.cs(32,24): error CS0111: Tipo "ChequeSearchWindow" j├í define um membro chamado "GetConnectionString" com os mesmos tipos de par├ómetro [C:\Users\zacho\OneDrive\Downloads\Documentos\Projetos\pdv_medusax8\PDV_MedusaX8_hznqlc22_wpftmp.csproj]
C:\Users\zacho\OneDrive\Downloads\Documentos\Projetos\pdv_medusax8\v1.1\ChequeSearchWindow.xaml.cs(37,22): error CS0111: Tipo "ChequeSearchWindow" j├í define um membro chamado "BtnBuscar_Click" com os mesmos tipos de par├ómetro [C:\Users\zacho\OneDrive\Downloads\Documentos\Projetos\pdv_medusax8\PDV_MedusaX8_hznqlc22_wpftmp.csproj]
C:\Users\zacho\OneDrive\Downloads\Documentos\Projetos\pdv_medusax8\v1.1\v1.1\ChequeSearchWindow.xaml.cs(37,22): error CS0111: Tipo "ChequeSearchWindow" j├í define um membro chamado "BtnBuscar_Click" com os mesmos tipos de par├ómetro [C:\Users\zacho\OneDrive\Downloads\Documentos\Projetos\pdv_medusax8\PDV_MedusaX8_hznqlc22_wpftmp.csproj]
C:\Users\zacho\OneDrive\Downloads\Documentos\Projetos\pdv_medusax8\v1.1\ChequeSearchWindow.xaml.cs(42,22): error CS0111: Tipo "ChequeSearchWindow" j├í define um membro chamado "BuscarCheques" com os mesmos tipos de par├ómetro [C:\Users\zacho\OneDrive\Downloads\Documentos\Projetos\pdv_medusax8\PDV_MedusaX8_hznqlc22_wpftmp.csproj]
C:\Users\zacho\OneDrive\Downloads\Documentos\Projetos\pdv_medusax8\v1.1\v1.1\ChequeSearchWindow.xaml.cs(42,22): error CS0111: Tipo "ChequeSearchWindow" j├í define um membro chamado "BuscarCheques" com os mesmos tipos de par├ómetro [C:\Users\zacho\OneDrive\Downloads\Documentos\Projetos\pdv_medusax8\PDV_MedusaX8_hznqlc22_wpftmp.csproj]
C:\Users\zacho\OneDrive\Downloads\Documentos\Projetos\pdv_medusax8\v1.1\ChequeSearchWindow.xaml.cs(146,22): error CS0111: Tipo "ChequeSearchWindow" j├í define um membro chamado "DgCheques_SelectionChanged" com os mesmos tipos de par├ómetro [C:\Users\zacho\OneDrive\Downloads\Documentos\Projetos\pdv_medusax8\PDV_MedusaX8_hznqlc22_wpftmp.csproj]
C:\Users\zacho\OneDrive\Downloads\Documentos\Projetos\pdv_medusax8\v1.1\v1.1\ChequeSearchWindow.xaml.cs(146,22): error CS0111: Tipo "ChequeSearchWindow" j├í define um membro chamado "DgCheques_SelectionChanged" com os mesmos tipos de par├ómetro [C:\Users\zacho\OneDrive\Downloads\Documentos\Projetos\pdv_medusax8\PDV_MedusaX8_hznqlc22_wpftmp.csproj]
C:\Users\zacho\OneDrive\Downloads\Documentos\Projetos\pdv_medusax8\v1.1\ChequeSearchWindow.xaml.cs(151,22): error CS0111: Tipo "ChequeSearchWindow" j├í define um membro chamado "BtnSelecionar_Click" com os mesmos tipos de par├ómetro [C:\Users\zacho\OneDrive\Downloads\Documentos\Projetos\pdv_medusax8\PDV_MedusaX8_hznqlc22_wpftmp.csproj]
C:\Users\zacho\OneDrive\Downloads\Documentos\Projetos\pdv_medusax8\v1.1\v1.1\ChequeSearchWindow.xaml.cs(151,22): error CS0111: Tipo "ChequeSearchWindow" j├í define um membro chamado "BtnSelecionar_Click" com os mesmos tipos de par├ómetro [C:\Users\zacho\OneDrive\Downloads\Documentos\Projetos\pdv_medusax8\PDV_MedusaX8_hznqlc22_wpftmp.csproj]
C:\Users\zacho\OneDrive\Downloads\Documentos\Projetos\pdv_medusax8\v1.1\ChequeSearchWindow.xaml.cs(161,22): error CS0111: Tipo "ChequeSearchWindow" j├í define um membro chamado "BtnCancelar_Click" com os mesmos tipos de par├ómetro [C:\Users\zacho\OneDrive\Downloads\Documentos\Projetos\pdv_medusax8\PDV_MedusaX8_hznqlc22_wpftmp.csproj]
C:\Users\zacho\OneDrive\Downloads\Documentos\Projetos\pdv_medusax8\v1.1\v1.1\ChequeSearchWindow.xaml.cs(161,22): error CS0111: Tipo "ChequeSearchWindow" j├í define um membro chamado "BtnCancelar_Click" com os mesmos tipos de par├ómetro [C:\Users\zacho\OneDrive\Downloads\Documentos\Projetos\pdv_medusax8\PDV_MedusaX8_hznqlc22_wpftmp.csproj]
C:\Users\zacho\OneDrive\Downloads\Documentos\Projetos\pdv_medusax8\v1.1\ChequeSearchWindow.xaml(31,50): error CS0102: O tipo "ChequeSearchWindow" j├í cont├®m uma defini├º├úo para "TxtClienteNome" [C:\Users\zacho\OneDrive\Downloads\Documentos\Projetos\pdv_medusax8\PDV_MedusaX8_hznqlc22_wpftmp.csproj]
C:\Users\zacho\OneDrive\Downloads\Documentos\Projetos\pdv_medusax8\v1.1\v1.1\ChequeSearchWindow.xaml(31,50): error CS0102: O tipo "ChequeSearchWindow" j├í cont├®m uma defini├º├úo para "TxtClienteNome" [C:\Users\zacho\OneDrive\Downloads\Documentos\Projetos\pdv_medusax8\PDV_MedusaX8_hznqlc22_wpftmp.csproj]
C:\Users\zacho\OneDrive\Downloads\Documentos\Projetos\pdv_medusax8\v1.1\ChequeSearchWindow.xaml(34,50): error CS0102: O tipo "ChequeSearchWindow" j├í cont├®m uma defini├º├úo para "TxtNumeroCheque" [C:\Users\zacho\OneDrive\Downloads\Documentos\Projetos\pdv_medusax8\PDV_MedusaX8_hznqlc22_wpftmp.csproj]
C:\Users\zacho\OneDrive\Downloads\Documentos\Projetos\pdv_medusax8\v1.1\v1.1\ChequeSearchWindow.xaml(34,50): error CS0102: O tipo "ChequeSearchWindow" j├í cont├®m uma defini├º├úo para "TxtNumeroCheque" [C:\Users\zacho\OneDrive\Downloads\Documentos\Projetos\pdv_medusax8\PDV_MedusaX8_hznqlc22_wpftmp.csproj]
C:\Users\zacho\OneDrive\Downloads\Documentos\Projetos\pdv_medusax8\v1.1\ChequeSearchWindow.xaml(37,50): error CS0102: O tipo "ChequeSearchWindow" j├í cont├®m uma defini├º├úo para "TxtValorCheque" [C:\Users\zacho\OneDrive\Downloads\Documentos\Projetos\pdv_medusax8\PDV_MedusaX8_hznqlc22_wpftmp.csproj]
C:\Users\zacho\OneDrive\Downloads\Documentos\Projetos\pdv_medusax8\v1.1\v1.1\ChequeSearchWindow.xaml(37,50): error CS0102: O tipo "ChequeSearchWindow" j├í cont├®m uma defini├º├úo para "TxtValorCheque" [C:\Users\zacho\OneDrive\Downloads\Documentos\Projetos\pdv_medusax8\PDV_MedusaX8_hznqlc22_wpftmp.csproj]
C:\Users\zacho\OneDrive\Downloads\Documentos\Projetos\pdv_medusax8\v1.1\ChequeSearchWindow.xaml(40,53): error CS0102: O tipo "ChequeSearchWindow" j├í cont├®m uma defini├º├úo para "DtVencimento" [C:\Users\zacho\OneDrive\Downloads\Documentos\Projetos\pdv_medusax8\PDV_MedusaX8_hznqlc22_wpftmp.csproj]
C:\Users\zacho\OneDrive\Downloads\Documentos\Projetos\pdv_medusax8\v1.1\v1.1\ChequeSearchWindow.xaml(40,53): error CS0102: O tipo "ChequeSearchWindow" j├í cont├®m uma defini├º├úo para "DtVencimento" [C:\Users\zacho\OneDrive\Downloads\Documentos\Projetos\pdv_medusax8\PDV_MedusaX8_hznqlc22_wpftmp.csproj]
C:\Users\zacho\OneDrive\Downloads\Documentos\Projetos\pdv_medusax8\v1.1\ChequeSearchWindow.xaml(45,51): error CS0102: O tipo "ChequeSearchWindow" j├í cont├®m uma defini├º├úo para "DgCheques" [C:\Users\zacho\OneDrive\Downloads\Documentos\Projetos\pdv_medusax8\PDV_MedusaX8_hznqlc22_wpftmp.csproj]
C:\Users\zacho\OneDrive\Downloads\Documentos\Projetos\pdv_medusax8\v1.1\v1.1\ChequeSearchWindow.xaml(45,51): error CS0102: O tipo "ChequeSearchWindow" j├í cont├®m uma defini├º├úo para "DgCheques" [C:\Users\zacho\OneDrive\Downloads\Documentos\Projetos\pdv_medusax8\PDV_MedusaX8_hznqlc22_wpftmp.csproj]
C:\Users\zacho\OneDrive\Downloads\Documentos\Projetos\pdv_medusax8\v1.1\ChequeSearchWindow.xaml(60,49): error CS0102: O tipo "ChequeSearchWindow" j├í cont├®m uma defini├º├úo para "BtnSelecionar" [C:\Users\zacho\OneDrive\Downloads\Documentos\Projetos\pdv_medusax8\PDV_MedusaX8_hznqlc22_wpftmp.csproj]
C:\Users\zacho\OneDrive\Downloads\Documentos\Projetos\pdv_medusax8\v1.1\v1.1\ChequeSearchWindow.xaml(60,49): error CS0102: O tipo "ChequeSearchWindow" j├í cont├®m uma defini├º├úo para "BtnSelecionar" [C:\Users\zacho\OneDrive\Downloads\Documentos\Projetos\pdv_medusax8\PDV_MedusaX8_hznqlc22_wpftmp.csproj]
C:\Users\zacho\OneDrive\Downloads\Documentos\Projetos\pdv_medusax8\obj\Release\net10.0-windows\v1.1\ChequeSearchWindow.g.cs(90,22): error CS0102: O tipo "ChequeSearchWindow" j├í cont├®m uma defini├º├úo para "_contentLoaded" [C:\Users\zacho\OneDrive\Downloads\Documentos\Projetos\pdv_medusax8\PDV_MedusaX8_hznqlc22_wpftmp.csproj]
C:\Users\zacho\OneDrive\Downloads\Documentos\Projetos\pdv_medusax8\obj\Release\net10.0-windows\v1.1\v1.1\ChequeSearchWindow.g.cs(90,22): error CS0102: O tipo "ChequeSearchWindow" j├í cont├®m uma defini├º├úo para "_contentLoaded" [C:\Users\zacho\OneDrive\Downloads\Documentos\Projetos\pdv_medusax8\PDV_MedusaX8_hznqlc22_wpftmp.csproj]
C:\Users\zacho\OneDrive\Downloads\Documentos\Projetos\pdv_medusax8\obj\Release\net10.0-windows\v1.1\ChequeSearchWindow.g.cs(97,21): error CS0111: Tipo "ChequeSearchWindow" j├í define um membro chamado "InitializeComponent" com os mesmos tipos de par├ómetro [C:\Users\zacho\OneDrive\Downloads\Documentos\Projetos\pdv_medusax8\PDV_MedusaX8_hznqlc22_wpftmp.csproj]
C:\Users\zacho\OneDrive\Downloads\Documentos\Projetos\pdv_medusax8\obj\Release\net10.0-windows\v1.1\v1.1\ChequeSearchWindow.g.cs(97,21): error CS0111: Tipo "ChequeSearchWindow" j├í define um membro chamado "InitializeComponent" com os mesmos tipos de par├ómetro [C:\Users\zacho\OneDrive\Downloads\Documentos\Projetos\pdv_medusax8\PDV_MedusaX8_hznqlc22_wpftmp.csproj]
C:\Users\zacho\OneDrive\Downloads\Documentos\Projetos\pdv_medusax8\obj\Release\net10.0-windows\v1.1\ChequeSearchWindow.g.cs(117,56): error CS0111: Tipo "ChequeSearchWindow" j├í define um membro chamado "System.Windows.Markup.IComponentConnector.Connect" com os mesmos tipos de par├ómetro [C:\Users\zacho\OneDrive\Downloads\Documentos\Projetos\pdv_medusax8\PDV_MedusaX8_hznqlc22_wpftmp.csproj]
C:\Users\zacho\OneDrive\Downloads\Documentos\Projetos\pdv_medusax8\obj\Release\net10.0-windows\v1.1\v1.1\ChequeSearchWindow.g.cs(117,56): error CS0111: Tipo "ChequeSearchWindow" j├í define um membro chamado "System.Windows.Markup.IComponentConnector.Connect" com os mesmos tipos de par├ómetro [C:\Users\zacho\OneDrive\Downloads\Documentos\Projetos\pdv_medusax8\PDV_MedusaX8_hznqlc22_wpftmp.csproj]
C:\Users\zacho\OneDrive\Downloads\Documentos\Projetos\pdv_medusax8\ConsumidorQuickWindow.xaml.cs(8,26): error CS8646: 'IComponentConnector.Connect(int, object)' ├® implementado explicitamente mais de uma vez. [C:\Users\zacho\OneDrive\Downloads\Documentos\Projetos\pdv_medusax8\PDV_MedusaX8_hznqlc22_wpftmp.csproj]
C:\Users\zacho\OneDrive\Downloads\Documentos\Projetos\pdv_medusax8\v1.1\EnderecoWindow.xaml.cs(10,30): error CS0102: O tipo "EnderecoWindow" j├í cont├®m uma defini├º├úo para "ResultAddress" [C:\Users\zacho\OneDrive\Downloads\Documentos\Projetos\pdv_medusax8\PDV_MedusaX8_hznqlc22_wpftmp.csproj]
C:\Users\zacho\OneDrive\Downloads\Documentos\Projetos\pdv_medusax8\v1.1\v1.1\EnderecoWindow.xaml.cs(10,30): error CS0102: O tipo "EnderecoWindow" j├í cont├®m uma defini├º├úo para "ResultAddress" [C:\Users\zacho\OneDrive\Downloads\Documentos\Projetos\pdv_medusax8\PDV_MedusaX8_hznqlc22_wpftmp.csproj]
C:\Users\zacho\OneDrive\Downloads\Documentos\Projetos\pdv_medusax8\v1.1\EnderecoWindow.xaml.cs(12,16): error CS0111: Tipo "EnderecoWindow" j├í define um membro chamado "EnderecoWindow" com os mesmos tipos de par├ómetro [C:\Users\zacho\OneDrive\Downloads\Documentos\Projetos\pdv_medusax8\PDV_MedusaX8_hznqlc22_wpftmp.csproj]
C:\Users\zacho\OneDrive\Downloads\Documentos\Projetos\pdv_medusax8\v1.1\v1.1\EnderecoWindow.xaml.cs(12,16): error CS0111: Tipo "EnderecoWindow" j├í define um membro chamado "EnderecoWindow" com os mesmos tipos de par├ómetro [C:\Users\zacho\OneDrive\Downloads\Documentos\Projetos\pdv_medusax8\PDV_MedusaX8_hznqlc22_wpftmp.csproj]
C:\Users\zacho\OneDrive\Downloads\Documentos\Projetos\pdv_medusax8\v1.1\EnderecoWindow.xaml.cs(17,22): error CS0111: Tipo "EnderecoWindow" j├í define um membro chamado "Cancel_Click" com os mesmos tipos de par├ómetro [C:\Users\zacho\OneDrive\Downloads\Documentos\Projetos\pdv_medusax8\PDV_MedusaX8_hznqlc22_wpftmp.csproj]
C:\Users\zacho\OneDrive\Downloads\Documentos\Projetos\pdv_medusax8\v1.1\v1.1\EnderecoWindow.xaml.cs(17,22): error CS0111: Tipo "EnderecoWindow" j├í define um membro chamado "Cancel_Click" com os mesmos tipos de par├ómetro [C:\Users\zacho\OneDrive\Downloads\Documentos\Projetos\pdv_medusax8\PDV_MedusaX8_hznqlc22_wpftmp.csproj]
C:\Users\zacho\OneDrive\Downloads\Documentos\Projetos\pdv_medusax8\v1.1\EnderecoWindow.xaml.cs(23,22): error CS0111: Tipo "EnderecoWindow" j├í define um membro chamado "Ok_Click" com os mesmos tipos de par├ómetro [C:\Users\zacho\OneDrive\Downloads\Documentos\Projetos\pdv_medusax8\PDV_MedusaX8_hznqlc22_wpftmp.csproj]
C:\Users\zacho\OneDrive\Downloads\Documentos\Projetos\pdv_medusax8\v1.1\v1.1\EnderecoWindow.xaml.cs(23,22): error CS0111: Tipo "EnderecoWindow" j├í define um membro chamado "Ok_Click" com os mesmos tipos de par├ómetro [C:\Users\zacho\OneDrive\Downloads\Documentos\Projetos\pdv_medusax8\PDV_MedusaX8_hznqlc22_wpftmp.csproj]
C:\Users\zacho\OneDrive\Downloads\Documentos\Projetos\pdv_medusax8\v1.1\EnderecoWindow.xaml.cs(40,22): error CS0111: Tipo "EnderecoWindow" j├í define um membro chamado "BuscarCidade_Click" com os mesmos tipos de par├ómetro [C:\Users\zacho\OneDrive\Downloads\Documentos\Projetos\pdv_medusax8\PDV_MedusaX8_hznqlc22_wpftmp.csproj]
C:\Users\zacho\OneDrive\Downloads\Documentos\Projetos\pdv_medusax8\v1.1\v1.1\EnderecoWindow.xaml.cs(40,22): error CS0111: Tipo "EnderecoWindow" j├í define um membro chamado "BuscarCidade_Click" com os mesmos tipos de par├ómetro [C:\Users\zacho\OneDrive\Downloads\Documentos\Projetos\pdv_medusax8\PDV_MedusaX8_hznqlc22_wpftmp.csproj]
C:\Users\zacho\OneDrive\Downloads\Documentos\Projetos\pdv_medusax8\v1.1\EnderecoWindow.xaml.cs(51,24): error CS0111: Tipo "EnderecoWindow" j├í define um membro chamado "GetConnectionString" com os mesmos tipos de par├ómetro [C:\Users\zacho\OneDrive\Downloads\Documentos\Projetos\pdv_medusax8\PDV_MedusaX8_hznqlc22_wpftmp.csproj]
C:\Users\zacho\OneDrive\Downloads\Documentos\Projetos\pdv_medusax8\v1.1\v1.1\EnderecoWindow.xaml.cs(51,24): error CS0111: Tipo "EnderecoWindow" j├í define um membro chamado "GetConnectionString" com os mesmos tipos de par├ómetro [C:\Users\zacho\OneDrive\Downloads\Documentos\Projetos\pdv_medusax8\PDV_MedusaX8_hznqlc22_wpftmp.csproj]
C:\Users\zacho\OneDrive\Downloads\Documentos\Projetos\pdv_medusax8\v1.1\EnderecoWindow.xaml(31,50): error CS0102: O tipo "EnderecoWindow" j├í cont├®m uma defini├º├úo para "TxtTipo" [C:\Users\zacho\OneDrive\Downloads\Documentos\Projetos\pdv_medusax8\PDV_MedusaX8_hznqlc22_wpftmp.csproj]
C:\Users\zacho\OneDrive\Downloads\Documentos\Projetos\pdv_medusax8\v1.1\v1.1\EnderecoWindow.xaml(31,50): error CS0102: O tipo "EnderecoWindow" j├í cont├®m uma defini├º├úo para "TxtTipo" [C:\Users\zacho\OneDrive\Downloads\Documentos\Projetos\pdv_medusax8\PDV_MedusaX8_hznqlc22_wpftmp.csproj]
C:\Users\zacho\OneDrive\Downloads\Documentos\Projetos\pdv_medusax8\v1.1\EnderecoWindow.xaml(34,50): error CS0102: O tipo "EnderecoWindow" j├í cont├®m uma defini├º├úo para "TxtRua" [C:\Users\zacho\OneDrive\Downloads\Documentos\Projetos\pdv_medusax8\PDV_MedusaX8_hznqlc22_wpftmp.csproj]
C:\Users\zacho\OneDrive\Downloads\Documentos\Projetos\pdv_medusax8\v1.1\v1.1\EnderecoWindow.xaml(34,50): error CS0102: O tipo "EnderecoWindow" j├í cont├®m uma defini├º├úo para "TxtRua" [C:\Users\zacho\OneDrive\Downloads\Documentos\Projetos\pdv_medusax8\PDV_MedusaX8_hznqlc22_wpftmp.csproj]
C:\Users\zacho\OneDrive\Downloads\Documentos\Projetos\pdv_medusax8\v1.1\EnderecoWindow.xaml(37,50): error CS0102: O tipo "EnderecoWindow" j├í cont├®m uma defini├º├úo para "TxtNumero" [C:\Users\zacho\OneDrive\Downloads\Documentos\Projetos\pdv_medusax8\PDV_MedusaX8_hznqlc22_wpftmp.csproj]
C:\Users\zacho\OneDrive\Downloads\Documentos\Projetos\pdv_medusax8\v1.1\v1.1\EnderecoWindow.xaml(37,50): error CS0102: O tipo "EnderecoWindow" j├í cont├®m uma defini├º├úo para "TxtNumero" [C:\Users\zacho\OneDrive\Downloads\Documentos\Projetos\pdv_medusax8\PDV_MedusaX8_hznqlc22_wpftmp.csproj]
C:\Users\zacho\OneDrive\Downloads\Documentos\Projetos\pdv_medusax8\v1.1\EnderecoWindow.xaml(40,50): error CS0102: O tipo "EnderecoWindow" j├í cont├®m uma defini├º├úo para "TxtComplemento" [C:\Users\zacho\OneDrive\Downloads\Documentos\Projetos\pdv_medusax8\PDV_MedusaX8_hznqlc22_wpftmp.csproj]
C:\Users\zacho\OneDrive\Downloads\Documentos\Projetos\pdv_medusax8\v1.1\v1.1\EnderecoWindow.xaml(40,50): error CS0102: O tipo "EnderecoWindow" j├í cont├®m uma defini├º├úo para "TxtComplemento" [C:\Users\zacho\OneDrive\Downloads\Documentos\Projetos\pdv_medusax8\PDV_MedusaX8_hznqlc22_wpftmp.csproj]
C:\Users\zacho\OneDrive\Downloads\Documentos\Projetos\pdv_medusax8\v1.1\EnderecoWindow.xaml(43,50): error CS0102: O tipo "EnderecoWindow" j├í cont├®m uma defini├º├úo para "TxtBairro" [C:\Users\zacho\OneDrive\Downloads\Documentos\Projetos\pdv_medusax8\PDV_MedusaX8_hznqlc22_wpftmp.csproj]
C:\Users\zacho\OneDrive\Downloads\Documentos\Projetos\pdv_medusax8\v1.1\v1.1\EnderecoWindow.xaml(43,50): error CS0102: O tipo "EnderecoWindow" j├í cont├®m uma defini├º├úo para "TxtBairro" [C:\Users\zacho\OneDrive\Downloads\Documentos\Projetos\pdv_medusax8\PDV_MedusaX8_hznqlc22_wpftmp.csproj]
C:\Users\zacho\OneDrive\Downloads\Documentos\Projetos\pdv_medusax8\v1.1\EnderecoWindow.xaml(47,50): error CS0102: O tipo "EnderecoWindow" j├í cont├®m uma defini├º├úo para "TxtCidade" [C:\Users\zacho\OneDrive\Downloads\Documentos\Projetos\pdv_medusax8\PDV_MedusaX8_hznqlc22_wpftmp.csproj]
C:\Users\zacho\OneDrive\Downloads\Documentos\Projetos\pdv_medusax8\v1.1\v1.1\EnderecoWindow.xaml(47,50): error CS0102: O tipo "EnderecoWindow" j├í cont├®m uma defini├º├úo para "TxtCidade" [C:\Users\zacho\OneDrive\Downloads\Documentos\Projetos\pdv_medusax8\PDV_MedusaX8_hznqlc22_wpftmp.csproj]
C:\Users\zacho\OneDrive\Downloads\Documentos\Projetos\pdv_medusax8\v1.1\EnderecoWindow.xaml(52,50): error CS0102: O tipo "EnderecoWindow" j├í cont├®m uma defini├º├úo para "TxtEstado" [C:\Users\zacho\OneDrive\Downloads\Documentos\Projetos\pdv_medusax8\PDV_MedusaX8_hznqlc22_wpftmp.csproj]
C:\Users\zacho\OneDrive\Downloads\Documentos\Projetos\pdv_medusax8\v1.1\v1.1\EnderecoWindow.xaml(52,50): error CS0102: O tipo "EnderecoWindow" j├í cont├®m uma defini├º├úo para "TxtEstado" [C:\Users\zacho\OneDrive\Downloads\Documentos\Projetos\pdv_medusax8\PDV_MedusaX8_hznqlc22_wpftmp.csproj]
C:\Users\zacho\OneDrive\Downloads\Documentos\Projetos\pdv_medusax8\v1.1\EnderecoWindow.xaml(55,50): error CS0102: O tipo "EnderecoWindow" j├í cont├®m uma defini├º├úo para "TxtCep" [C:\Users\zacho\OneDrive\Downloads\Documentos\Projetos\pdv_medusax8\PDV_MedusaX8_hznqlc22_wpftmp.csproj]
C:\Users\zacho\OneDrive\Downloads\Documentos\Projetos\pdv_medusax8\v1.1\v1.1\EnderecoWindow.xaml(55,50): error CS0102: O tipo "EnderecoWindow" j├í cont├®m uma defini├º├úo para "TxtCep" [C:\Users\zacho\OneDrive\Downloads\Documentos\Projetos\pdv_medusax8\PDV_MedusaX8_hznqlc22_wpftmp.csproj]
C:\Users\zacho\OneDrive\Downloads\Documentos\Projetos\pdv_medusax8\obj\Release\net10.0-windows\v1.1\EnderecoWindow.g.cs(106,22): error CS0102: O tipo "EnderecoWindow" j├í cont├®m uma defini├º├úo para "_contentLoaded" [C:\Users\zacho\OneDrive\Downloads\Documentos\Projetos\pdv_medusax8\PDV_MedusaX8_hznqlc22_wpftmp.csproj]
C:\Users\zacho\OneDrive\Downloads\Documentos\Projetos\pdv_medusax8\obj\Release\net10.0-windows\v1.1\v1.1\EnderecoWindow.g.cs(106,22): error CS0102: O tipo "EnderecoWindow" j├í cont├®m uma defini├º├úo para "_contentLoaded" [C:\Users\zacho\OneDrive\Downloads\Documentos\Projetos\pdv_medusax8\PDV_MedusaX8_hznqlc22_wpftmp.csproj]
C:\Users\zacho\OneDrive\Downloads\Documentos\Projetos\pdv_medusax8\obj\Release\net10.0-windows\v1.1\EnderecoWindow.g.cs(113,21): error CS0111: Tipo "EnderecoWindow" j├í define um membro chamado "InitializeComponent" com os mesmos tipos de par├ómetro [C:\Users\zacho\OneDrive\Downloads\Documentos\Projetos\pdv_medusax8\PDV_MedusaX8_hznqlc22_wpftmp.csproj]
C:\Users\zacho\OneDrive\Downloads\Documentos\Projetos\pdv_medusax8\obj\Release\net10.0-windows\v1.1\v1.1\EnderecoWindow.g.cs(113,21): error CS0111: Tipo "EnderecoWindow" j├í define um membro chamado "InitializeComponent" com os mesmos tipos de par├ómetro [C:\Users\zacho\OneDrive\Downloads\Documentos\Projetos\pdv_medusax8\PDV_MedusaX8_hznqlc22_wpftmp.csproj]
C:\Users\zacho\OneDrive\Downloads\Documentos\Projetos\pdv_medusax8\obj\Release\net10.0-windows\v1.1\EnderecoWindow.g.cs(133,56): error CS0111: Tipo "EnderecoWindow" j├í define um membro chamado "System.Windows.Markup.IComponentConnector.Connect" com os mesmos tipos de par├ómetro [C:\Users\zacho\OneDrive\Downloads\Documentos\Projetos\pdv_medusax8\PDV_MedusaX8_hznqlc22_wpftmp.csproj]
C:\Users\zacho\OneDrive\Downloads\Documentos\Projetos\pdv_medusax8\obj\Release\net10.0-windows\v1.1\v1.1\EnderecoWindow.g.cs(133,56): error CS0111: Tipo "EnderecoWindow" j├í define um membro chamado "System.Windows.Markup.IComponentConnector.Connect" com os mesmos tipos de par├ómetro [C:\Users\zacho\OneDrive\Downloads\Documentos\Projetos\pdv_medusax8\PDV_MedusaX8_hznqlc22_wpftmp.csproj]
C:\Users\zacho\OneDrive\Downloads\Documentos\Projetos\pdv_medusax8\v1.1\ConsumidorQuickWindow.xaml.cs(10,23): error CS0102: O tipo "ConsumidorQuickWindow" j├í cont├®m uma defini├º├úo para "ResultName" [C:\Users\zacho\OneDrive\Downloads\Documentos\Projetos\pdv_medusax8\PDV_MedusaX8_hznqlc22_wpftmp.csproj]
C:\Users\zacho\OneDrive\Downloads\Documentos\Projetos\pdv_medusax8\v1.1\v1.1\ConsumidorQuickWindow.xaml.cs(10,23): error CS0102: O tipo "ConsumidorQuickWindow" j├í cont├®m uma defini├º├úo para "ResultName" [C:\Users\zacho\OneDrive\Downloads\Documentos\Projetos\pdv_medusax8\PDV_MedusaX8_hznqlc22_wpftmp.csproj]
C:\Users\zacho\OneDrive\Downloads\Documentos\Projetos\pdv_medusax8\v1.1\ConsumidorQuickWindow.xaml.cs(11,23): error CS0102: O tipo "ConsumidorQuickWindow" j├í cont├®m uma defini├º├úo para "ResultCPF" [C:\Users\zacho\OneDrive\Downloads\Documentos\Projetos\pdv_medusax8\PDV_MedusaX8_hznqlc22_wpftmp.csproj]
C:\Users\zacho\OneDrive\Downloads\Documentos\Projetos\pdv_medusax8\v1.1\v1.1\ConsumidorQuickWindow.xaml.cs(11,23): error CS0102: O tipo "ConsumidorQuickWindow" j├í cont├®m uma defini├º├úo para "ResultCPF" [C:\Users\zacho\OneDrive\Downloads\Documentos\Projetos\pdv_medusax8\PDV_MedusaX8_hznqlc22_wpftmp.csproj]
C:\Users\zacho\OneDrive\Downloads\Documentos\Projetos\pdv_medusax8\v1.1\ConsumidorQuickWindow.xaml.cs(13,16): error CS0111: Tipo "ConsumidorQuickWindow" j├í define um membro chamado "ConsumidorQuickWindow" com os mesmos tipos de par├ómetro [C:\Users\zacho\OneDrive\Downloads\Documentos\Projetos\pdv_medusax8\PDV_MedusaX8_hznqlc22_wpftmp.csproj]
C:\Users\zacho\OneDrive\Downloads\Documentos\Projetos\pdv_medusax8\v1.1\v1.1\ConsumidorQuickWindow.xaml.cs(13,16): error CS0111: Tipo "ConsumidorQuickWindow" j├í define um membro chamado "ConsumidorQuickWindow" com os mesmos tipos de par├ómetro [C:\Users\zacho\OneDrive\Downloads\Documentos\Projetos\pdv_medusax8\PDV_MedusaX8_hznqlc22_wpftmp.csproj]
C:\Users\zacho\OneDrive\Downloads\Documentos\Projetos\pdv_medusax8\v1.1\ConsumidorQuickWindow.xaml.cs(19,22): error CS0111: Tipo "ConsumidorQuickWindow" j├í define um membro chamado "BtnSalvar_Click" com os mesmos tipos de par├ómetro [C:\Users\zacho\OneDrive\Downloads\Documentos\Projetos\pdv_medusax8\PDV_MedusaX8_hznqlc22_wpftmp.csproj]
C:\Users\zacho\OneDrive\Downloads\Documentos\Projetos\pdv_medusax8\v1.1\v1.1\ConsumidorQuickWindow.xaml.cs(19,22): error CS0111: Tipo "ConsumidorQuickWindow" j├í define um membro chamado "BtnSalvar_Click" com os mesmos tipos de par├ómetro [C:\Users\zacho\OneDrive\Downloads\Documentos\Projetos\pdv_medusax8\PDV_MedusaX8_hznqlc22_wpftmp.csproj]
C:\Users\zacho\OneDrive\Downloads\Documentos\Projetos\pdv_medusax8\v1.1\ConsumidorQuickWindow.xaml.cs(44,22): error CS0111: Tipo "ConsumidorQuickWindow" j├í define um membro chamado "BtnCancelar_Click" com os mesmos tipos de par├ómetro [C:\Users\zacho\OneDrive\Downloads\Documentos\Projetos\pdv_medusax8\PDV_MedusaX8_hznqlc22_wpftmp.csproj]
C:\Users\zacho\OneDrive\Downloads\Documentos\Projetos\pdv_medusax8\v1.1\v1.1\ConsumidorQuickWindow.xaml.cs(44,22): error CS0111: Tipo "ConsumidorQuickWindow" j├í define um membro chamado "BtnCancelar_Click" com os mesmos tipos de par├ómetro [C:\Users\zacho\OneDrive\Downloads\Documentos\Projetos\pdv_medusax8\PDV_MedusaX8_hznqlc22_wpftmp.csproj]
C:\Users\zacho\OneDrive\Downloads\Documentos\Projetos\pdv_medusax8\v1.1\ConsumidorQuickWindow.xaml(17,50): error CS0102: O tipo "ConsumidorQuickWindow" j├í cont├®m uma defini├º├úo para "TxtNome" [C:\Users\zacho\OneDrive\Downloads\Documentos\Projetos\pdv_medusax8\PDV_MedusaX8_hznqlc22_wpftmp.csproj]
C:\Users\zacho\OneDrive\Downloads\Documentos\Projetos\pdv_medusax8\v1.1\v1.1\ConsumidorQuickWindow.xaml(17,50): error CS0102: O tipo "ConsumidorQuickWindow" j├í cont├®m uma defini├º├úo para "TxtNome" [C:\Users\zacho\OneDrive\Downloads\Documentos\Projetos\pdv_medusax8\PDV_MedusaX8_hznqlc22_wpftmp.csproj]
C:\Users\zacho\OneDrive\Downloads\Documentos\Projetos\pdv_medusax8\v1.1\ConsumidorQuickWindow.xaml(21,50): error CS0102: O tipo "ConsumidorQuickWindow" j├í cont├®m uma defini├º├úo para "TxtCPF" [C:\Users\zacho\OneDrive\Downloads\Documentos\Projetos\pdv_medusax8\PDV_MedusaX8_hznqlc22_wpftmp.csproj]
C:\Users\zacho\OneDrive\Downloads\Documentos\Projetos\pdv_medusax8\v1.1\v1.1\ConsumidorQuickWindow.xaml(21,50): error CS0102: O tipo "ConsumidorQuickWindow" j├í cont├®m uma defini├º├úo para "TxtCPF" [C:\Users\zacho\OneDrive\Downloads\Documentos\Projetos\pdv_medusax8\PDV_MedusaX8_hznqlc22_wpftmp.csproj]
C:\Users\zacho\OneDrive\Downloads\Documentos\Projetos\pdv_medusax8\v1.1\ConsumidorQuickWindow.xaml(25,49): error CS0102: O tipo "ConsumidorQuickWindow" j├í cont├®m uma defini├º├úo para "BtnSalvar" [C:\Users\zacho\OneDrive\Downloads\Documentos\Projetos\pdv_medusax8\PDV_MedusaX8_hznqlc22_wpftmp.csproj]
C:\Users\zacho\OneDrive\Downloads\Documentos\Projetos\pdv_medusax8\v1.1\v1.1\ConsumidorQuickWindow.xaml(25,49): error CS0102: O tipo "ConsumidorQuickWindow" j├í cont├®m uma defini├º├úo para "BtnSalvar" [C:\Users\zacho\OneDrive\Downloads\Documentos\Projetos\pdv_medusax8\PDV_MedusaX8_hznqlc22_wpftmp.csproj]
C:\Users\zacho\OneDrive\Downloads\Documentos\Projetos\pdv_medusax8\v1.1\ConsumidorQuickWindow.xaml(26,49): error CS0102: O tipo "ConsumidorQuickWindow" j├í cont├®m uma defini├º├úo para "BtnCancelar" [C:\Users\zacho\OneDrive\Downloads\Documentos\Projetos\pdv_medusax8\PDV_MedusaX8_hznqlc22_wpftmp.csproj]
C:\Users\zacho\OneDrive\Downloads\Documentos\Projetos\pdv_medusax8\v1.1\v1.1\ConsumidorQuickWindow.xaml(26,49): error CS0102: O tipo "ConsumidorQuickWindow" j├í cont├®m uma defini├º├úo para "BtnCancelar" [C:\Users\zacho\OneDrive\Downloads\Documentos\Projetos\pdv_medusax8\PDV_MedusaX8_hznqlc22_wpftmp.csproj]
C:\Users\zacho\OneDrive\Downloads\Documentos\Projetos\pdv_medusax8\obj\Release\net10.0-windows\v1.1\ConsumidorQuickWindow.g.cs(74,22): error CS0102: O tipo "ConsumidorQuickWindow" j├í cont├®m uma defini├º├úo para "_contentLoaded" [C:\Users\zacho\OneDrive\Downloads\Documentos\Projetos\pdv_medusax8\PDV_MedusaX8_hznqlc22_wpftmp.csproj]
C:\Users\zacho\OneDrive\Downloads\Documentos\Projetos\pdv_medusax8\obj\Release\net10.0-windows\v1.1\v1.1\ConsumidorQuickWindow.g.cs(74,22): error CS0102: O tipo "ConsumidorQuickWindow" j├í cont├®m uma defini├º├úo para "_contentLoaded" [C:\Users\zacho\OneDrive\Downloads\Documentos\Projetos\pdv_medusax8\PDV_MedusaX8_hznqlc22_wpftmp.csproj]
C:\Users\zacho\OneDrive\Downloads\Documentos\Projetos\pdv_medusax8\obj\Release\net10.0-windows\v1.1\ConsumidorQuickWindow.g.cs(81,21): error CS0111: Tipo "ConsumidorQuickWindow" j├í define um membro chamado "InitializeComponent" com os mesmos tipos de par├ómetro [C:\Users\zacho\OneDrive\Downloads\Documentos\Projetos\pdv_medusax8\PDV_MedusaX8_hznqlc22_wpftmp.csproj]
C:\Users\zacho\OneDrive\Downloads\Documentos\Projetos\pdv_medusax8\obj\Release\net10.0-windows\v1.1\v1.1\ConsumidorQuickWindow.g.cs(81,21): error CS0111: Tipo "ConsumidorQuickWindow" j├í define um membro chamado "InitializeComponent" com os mesmos tipos de par├ómetro [C:\Users\zacho\OneDrive\Downloads\Documentos\Projetos\pdv_medusax8\PDV_MedusaX8_hznqlc22_wpftmp.csproj]
C:\Users\zacho\OneDrive\Downloads\Documentos\Projetos\pdv_medusax8\obj\Release\net10.0-windows\v1.1\ConsumidorQuickWindow.g.cs(101,56): error CS0111: Tipo "ConsumidorQuickWindow" j├í define um membro chamado "System.Windows.Markup.IComponentConnector.Connect" com os mesmos tipos de par├ómetro [C:\Users\zacho\OneDrive\Downloads\Documentos\Projetos\pdv_medusax8\PDV_MedusaX8_hznqlc22_wpftmp.csproj]
C:\Users\zacho\OneDrive\Downloads\Documentos\Projetos\pdv_medusax8\obj\Release\net10.0-windows\v1.1\v1.1\ConsumidorQuickWindow.g.cs(101,56): error CS0111: Tipo "ConsumidorQuickWindow" j├í define um membro chamado "System.Windows.Markup.IComponentConnector.Connect" com os mesmos tipos de par├ómetro [C:\Users\zacho\OneDrive\Downloads\Documentos\Projetos\pdv_medusax8\PDV_MedusaX8_hznqlc22_wpftmp.csproj]
C:\Users\zacho\OneDrive\Downloads\Documentos\Projetos\pdv_medusax8\v1.1\ChequeWindow.xaml.cs(16,23): error CS0102: O tipo "ChequeWindow" j├í cont├®m uma defini├º├úo para "BankItem" [C:\Users\zacho\OneDrive\Downloads\Documentos\Projetos\pdv_medusax8\PDV_MedusaX8_hznqlc22_wpftmp.csproj]
C:\Users\zacho\OneDrive\Downloads\Documentos\Projetos\pdv_medusax8\v1.1\v1.1\ChequeWindow.xaml.cs(16,23): error CS0102: O tipo "ChequeWindow" j├í cont├®m uma defini├º├úo para "BankItem" [C:\Users\zacho\OneDrive\Downloads\Documentos\Projetos\pdv_medusax8\PDV_MedusaX8_hznqlc22_wpftmp.csproj]
C:\Users\zacho\OneDrive\Downloads\Documentos\Projetos\pdv_medusax8\v1.1\FechamentoCaixaWindow.xaml.cs(21,23): error CS0102: O tipo "FechamentoCaixaWindow" j├í cont├®m uma defini├º├úo para "PagamentoResumo" [C:\Users\zacho\OneDrive\Downloads\Documentos\Projetos\pdv_medusax8\PDV_MedusaX8_hznqlc22_wpftmp.csproj]
C:\Users\zacho\OneDrive\Downloads\Documentos\Projetos\pdv_medusax8\v1.1\v1.1\FechamentoCaixaWindow.xaml.cs(21,23): error CS0102: O tipo "FechamentoCaixaWindow" j├í cont├®m uma defini├º├úo para "PagamentoResumo" [C:\Users\zacho\OneDrive\Downloads\Documentos\Projetos\pdv_medusax8\PDV_MedusaX8_hznqlc22_wpftmp.csproj]
C:\Users\zacho\OneDrive\Downloads\Documentos\Projetos\pdv_medusax8\v1.1\ConsumidorWindow.xaml.cs(22,36): error CS0111: Tipo "ConsumidorWindow.ClienteResultado" j├í define um membro chamado "ToString" com os mesmos tipos de par├ómetro [C:\Users\zacho\OneDrive\Downloads\Documentos\Projetos\pdv_medusax8\PDV_MedusaX8_hznqlc22_wpftmp.csproj]
C:\Users\zacho\OneDrive\Downloads\Documentos\Projetos\pdv_medusax8\v1.1\v1.1\ConsumidorWindow.xaml.cs(22,36): error CS0111: Tipo "ConsumidorWindow.ClienteResultado" j├í define um membro chamado "ToString" com os mesmos tipos de par├ómetro [C:\Users\zacho\OneDrive\Downloads\Documentos\Projetos\pdv_medusax8\PDV_MedusaX8_hznqlc22_wpftmp.csproj]
C:\Users\zacho\OneDrive\Downloads\Documentos\Projetos\pdv_medusax8\FechamentoCaixaWindow.xaml.cs(11,26): error CS8646: 'IComponentConnector.Connect(int, object)' ├® implementado explicitamente mais de uma vez. [C:\Users\zacho\OneDrive\Downloads\Documentos\Projetos\pdv_medusax8\PDV_MedusaX8_hznqlc22_wpftmp.csproj]
C:\Users\zacho\OneDrive\Downloads\Documentos\Projetos\pdv_medusax8\MunicipioSearchWindow.xaml.cs(18,26): error CS8646: 'IComponentConnector.Connect(int, object)' ├® implementado explicitamente mais de uma vez. [C:\Users\zacho\OneDrive\Downloads\Documentos\Projetos\pdv_medusax8\PDV_MedusaX8_hznqlc22_wpftmp.csproj]
C:\Users\zacho\OneDrive\Downloads\Documentos\Projetos\pdv_medusax8\v1.1\FechamentoCaixaWindow.xaml.cs(13,16): error CS0111: Tipo "FechamentoCaixaWindow" j├í define um membro chamado "FechamentoCaixaWindow" com os mesmos tipos de par├ómetro [C:\Users\zacho\OneDrive\Downloads\Documentos\Projetos\pdv_medusax8\PDV_MedusaX8_hznqlc22_wpftmp.csproj]
C:\Users\zacho\OneDrive\Downloads\Documentos\Projetos\pdv_medusax8\v1.1\v1.1\FechamentoCaixaWindow.xaml.cs(13,16): error CS0111: Tipo "FechamentoCaixaWindow" j├í define um membro chamado "FechamentoCaixaWindow" com os mesmos tipos de par├ómetro [C:\Users\zacho\OneDrive\Downloads\Documentos\Projetos\pdv_medusax8\PDV_MedusaX8_hznqlc22_wpftmp.csproj]
C:\Users\zacho\OneDrive\Downloads\Documentos\Projetos\pdv_medusax8\v1.1\FechamentoCaixaWindow.xaml.cs(19,24): error CS0111: Tipo "FechamentoCaixaWindow" j├í define um membro chamado "GetConnectionString" com os mesmos tipos de par├ómetro [C:\Users\zacho\OneDrive\Downloads\Documentos\Projetos\pdv_medusax8\PDV_MedusaX8_hznqlc22_wpftmp.csproj]
C:\Users\zacho\OneDrive\Downloads\Documentos\Projetos\pdv_medusax8\v1.1\v1.1\FechamentoCaixaWindow.xaml.cs(19,24): error CS0111: Tipo "FechamentoCaixaWindow" j├í define um membro chamado "GetConnectionString" com os mesmos tipos de par├ómetro [C:\Users\zacho\OneDrive\Downloads\Documentos\Projetos\pdv_medusax8\PDV_MedusaX8_hznqlc22_wpftmp.csproj]
C:\Users\zacho\OneDrive\Downloads\Documentos\Projetos\pdv_medusax8\v1.1\FechamentoCaixaWindow.xaml.cs(28,22): error CS0111: Tipo "FechamentoCaixaWindow" j├í define um membro chamado "FechamentoCaixaWindow_Loaded" com os mesmos tipos de par├ómetro [C:\Users\zacho\OneDrive\Downloads\Documentos\Projetos\pdv_medusax8\PDV_MedusaX8_hznqlc22_wpftmp.csproj]
C:\Users\zacho\OneDrive\Downloads\Documentos\Projetos\pdv_medusax8\v1.1\v1.1\FechamentoCaixaWindow.xaml.cs(28,22): error CS0111: Tipo "FechamentoCaixaWindow" j├í define um membro chamado "FechamentoCaixaWindow_Loaded" com os mesmos tipos de par├ómetro [C:\Users\zacho\OneDrive\Downloads\Documentos\Projetos\pdv_medusax8\PDV_MedusaX8_hznqlc22_wpftmp.csproj]
C:\Users\zacho\OneDrive\Downloads\Documentos\Projetos\pdv_medusax8\v1.1\FechamentoCaixaWindow.xaml.cs(113,24): error CS0111: Tipo "FechamentoCaixaWindow" j├í define um membro chamado "MapTPag" com os mesmos tipos de par├ómetro [C:\Users\zacho\OneDrive\Downloads\Documentos\Projetos\pdv_medusax8\PDV_MedusaX8_hznqlc22_wpftmp.csproj]
C:\Users\zacho\OneDrive\Downloads\Documentos\Projetos\pdv_medusax8\v1.1\v1.1\FechamentoCaixaWindow.xaml.cs(113,24): error CS0111: Tipo "FechamentoCaixaWindow" j├í define um membro chamado "MapTPag" com os mesmos tipos de par├ómetro [C:\Users\zacho\OneDrive\Downloads\Documentos\Projetos\pdv_medusax8\PDV_MedusaX8_hznqlc22_wpftmp.csproj]
C:\Users\zacho\OneDrive\Downloads\Documentos\Projetos\pdv_medusax8\v1.1\FechamentoCaixaWindow.xaml.cs(128,22): error CS0111: Tipo "FechamentoCaixaWindow" j├í define um membro chamado "BtnImprimir_Click" com os mesmos tipos de par├ómetro [C:\Users\zacho\OneDrive\Downloads\Documentos\Projetos\pdv_medusax8\PDV_MedusaX8_hznqlc22_wpftmp.csproj]
C:\Users\zacho\OneDrive\Downloads\Documentos\Projetos\pdv_medusax8\v1.1\v1.1\FechamentoCaixaWindow.xaml.cs(128,22): error CS0111: Tipo "FechamentoCaixaWindow" j├í define um membro chamado "BtnImprimir_Click" com os mesmos tipos de par├ómetro [C:\Users\zacho\OneDrive\Downloads\Documentos\Projetos\pdv_medusax8\PDV_MedusaX8_hznqlc22_wpftmp.csproj]
C:\Users\zacho\OneDrive\Downloads\Documentos\Projetos\pdv_medusax8\v1.1\FechamentoCaixaWindow.xaml.cs(151,22): error CS0111: Tipo "FechamentoCaixaWindow" j├í define um membro chamado "BtnFechar_Click" com os mesmos tipos de par├ómetro [C:\Users\zacho\OneDrive\Downloads\Documentos\Projetos\pdv_medusax8\PDV_MedusaX8_hznqlc22_wpftmp.csproj]
C:\Users\zacho\OneDrive\Downloads\Documentos\Projetos\pdv_medusax8\v1.1\v1.1\FechamentoCaixaWindow.xaml.cs(151,22): error CS0111: Tipo "FechamentoCaixaWindow" j├í define um membro chamado "BtnFechar_Click" com os mesmos tipos de par├ómetro [C:\Users\zacho\OneDrive\Downloads\Documentos\Projetos\pdv_medusax8\PDV_MedusaX8_hznqlc22_wpftmp.csproj]
C:\Users\zacho\OneDrive\Downloads\Documentos\Projetos\pdv_medusax8\v1.1\FechamentoCaixaWindow.xaml.cs(195,24): error CS0111: Tipo "FechamentoCaixaWindow" j├í define um membro chamado "ParseCurrency" com os mesmos tipos de par├ómetro [C:\Users\zacho\OneDrive\Downloads\Documentos\Projetos\pdv_medusax8\PDV_MedusaX8_hznqlc22_wpftmp.csproj]
C:\Users\zacho\OneDrive\Downloads\Documentos\Projetos\pdv_medusax8\v1.1\v1.1\FechamentoCaixaWindow.xaml.cs(195,24): error CS0111: Tipo "FechamentoCaixaWindow" j├í define um membro chamado "ParseCurrency" com os mesmos tipos de par├ómetro [C:\Users\zacho\OneDrive\Downloads\Documentos\Projetos\pdv_medusax8\PDV_MedusaX8_hznqlc22_wpftmp.csproj]
C:\Users\zacho\OneDrive\Downloads\Documentos\Projetos\pdv_medusax8\v1.1\FechamentoCaixaWindow.xaml.cs(206,22): error CS0111: Tipo "FechamentoCaixaWindow" j├í define um membro chamado "BtnSair_Click" com os mesmos tipos de par├ómetro [C:\Users\zacho\OneDrive\Downloads\Documentos\Projetos\pdv_medusax8\PDV_MedusaX8_hznqlc22_wpftmp.csproj]
C:\Users\zacho\OneDrive\Downloads\Documentos\Projetos\pdv_medusax8\v1.1\v1.1\FechamentoCaixaWindow.xaml.cs(206,22): error CS0111: Tipo "FechamentoCaixaWindow" j├í define um membro chamado "BtnSair_Click" com os mesmos tipos de par├ómetro [C:\Users\zacho\OneDrive\Downloads\Documentos\Projetos\pdv_medusax8\PDV_MedusaX8_hznqlc22_wpftmp.csproj]
C:\Users\zacho\OneDrive\Downloads\Documentos\Projetos\pdv_medusax8\v1.1\FechamentoCaixaWindow.xaml(25,52): error CS0102: O tipo "FechamentoCaixaWindow" j├í cont├®m uma defini├º├úo para "TxtPeriodo" [C:\Users\zacho\OneDrive\Downloads\Documentos\Projetos\pdv_medusax8\PDV_MedusaX8_hznqlc22_wpftmp.csproj]
C:\Users\zacho\OneDrive\Downloads\Documentos\Projetos\pdv_medusax8\v1.1\v1.1\FechamentoCaixaWindow.xaml(25,52): error CS0102: O tipo "FechamentoCaixaWindow" j├í cont├®m uma defini├º├úo para "TxtPeriodo" [C:\Users\zacho\OneDrive\Downloads\Documentos\Projetos\pdv_medusax8\PDV_MedusaX8_hznqlc22_wpftmp.csproj]
C:\Users\zacho\OneDrive\Downloads\Documentos\Projetos\pdv_medusax8\v1.1\FechamentoCaixaWindow.xaml(30,52): error CS0102: O tipo "FechamentoCaixaWindow" j├í cont├®m uma defini├º├úo para "TxtTotalVendas" [C:\Users\zacho\OneDrive\Downloads\Documentos\Projetos\pdv_medusax8\PDV_MedusaX8_hznqlc22_wpftmp.csproj]
C:\Users\zacho\OneDrive\Downloads\Documentos\Projetos\pdv_medusax8\v1.1\v1.1\FechamentoCaixaWindow.xaml(30,52): error CS0102: O tipo "FechamentoCaixaWindow" j├í cont├®m uma defini├º├úo para "TxtTotalVendas" [C:\Users\zacho\OneDrive\Downloads\Documentos\Projetos\pdv_medusax8\PDV_MedusaX8_hznqlc22_wpftmp.csproj]
C:\Users\zacho\OneDrive\Downloads\Documentos\Projetos\pdv_medusax8\v1.1\FechamentoCaixaWindow.xaml(34,52): error CS0102: O tipo "FechamentoCaixaWindow" j├í cont├®m uma defini├º├úo para "TxtQtdVendas" [C:\Users\zacho\OneDrive\Downloads\Documentos\Projetos\pdv_medusax8\PDV_MedusaX8_hznqlc22_wpftmp.csproj]
C:\Users\zacho\OneDrive\Downloads\Documentos\Projetos\pdv_medusax8\v1.1\v1.1\FechamentoCaixaWindow.xaml(34,52): error CS0102: O tipo "FechamentoCaixaWindow" j├í cont├®m uma defini├º├úo para "TxtQtdVendas" [C:\Users\zacho\OneDrive\Downloads\Documentos\Projetos\pdv_medusax8\PDV_MedusaX8_hznqlc22_wpftmp.csproj]
C:\Users\zacho\OneDrive\Downloads\Documentos\Projetos\pdv_medusax8\v1.1\FechamentoCaixaWindow.xaml(40,52): error CS0102: O tipo "FechamentoCaixaWindow" j├í cont├®m uma defini├º├úo para "TxtTotalAbertura" [C:\Users\zacho\OneDrive\Downloads\Documentos\Projetos\pdv_medusax8\PDV_MedusaX8_hznqlc22_wpftmp.csproj]
C:\Users\zacho\OneDrive\Downloads\Documentos\Projetos\pdv_medusax8\v1.1\v1.1\FechamentoCaixaWindow.xaml(40,52): error CS0102: O tipo "FechamentoCaixaWindow" j├í cont├®m uma defini├º├úo para "TxtTotalAbertura" [C:\Users\zacho\OneDrive\Downloads\Documentos\Projetos\pdv_medusax8\PDV_MedusaX8_hznqlc22_wpftmp.csproj]
C:\Users\zacho\OneDrive\Downloads\Documentos\Projetos\pdv_medusax8\v1.1\FechamentoCaixaWindow.xaml(44,52): error CS0102: O tipo "FechamentoCaixaWindow" j├í cont├®m uma defini├º├úo para "TxtTotalSuprimento" [C:\Users\zacho\OneDrive\Downloads\Documentos\Projetos\pdv_medusax8\PDV_MedusaX8_hznqlc22_wpftmp.csproj]
C:\Users\zacho\OneDrive\Downloads\Documentos\Projetos\pdv_medusax8\v1.1\v1.1\FechamentoCaixaWindow.xaml(44,52): error CS0102: O tipo "FechamentoCaixaWindow" j├í cont├®m uma defini├º├úo para "TxtTotalSuprimento" [C:\Users\zacho\OneDrive\Downloads\Documentos\Projetos\pdv_medusax8\PDV_MedusaX8_hznqlc22_wpftmp.csproj]
C:\Users\zacho\OneDrive\Downloads\Documentos\Projetos\pdv_medusax8\v1.1\FechamentoCaixaWindow.xaml(48,52): error CS0102: O tipo "FechamentoCaixaWindow" j├í cont├®m uma defini├º├úo para "TxtTotalSangria" [C:\Users\zacho\OneDrive\Downloads\Documentos\Projetos\pdv_medusax8\PDV_MedusaX8_hznqlc22_wpftmp.csproj]
C:\Users\zacho\OneDrive\Downloads\Documentos\Projetos\pdv_medusax8\v1.1\v1.1\FechamentoCaixaWindow.xaml(48,52): error CS0102: O tipo "FechamentoCaixaWindow" j├í cont├®m uma defini├º├úo para "TxtTotalSangria" [C:\Users\zacho\OneDrive\Downloads\Documentos\Projetos\pdv_medusax8\PDV_MedusaX8_hznqlc22_wpftmp.csproj]
C:\Users\zacho\OneDrive\Downloads\Documentos\Projetos\pdv_medusax8\v1.1\FechamentoCaixaWindow.xaml(57,52): error CS0102: O tipo "FechamentoCaixaWindow" j├í cont├®m uma defini├º├úo para "TxtTotalNFCe" [C:\Users\zacho\OneDrive\Downloads\Documentos\Projetos\pdv_medusax8\PDV_MedusaX8_hznqlc22_wpftmp.csproj]
C:\Users\zacho\OneDrive\Downloads\Documentos\Projetos\pdv_medusax8\v1.1\v1.1\FechamentoCaixaWindow.xaml(57,52): error CS0102: O tipo "FechamentoCaixaWindow" j├í cont├®m uma defini├º├úo para "TxtTotalNFCe" [C:\Users\zacho\OneDrive\Downloads\Documentos\Projetos\pdv_medusax8\PDV_MedusaX8_hznqlc22_wpftmp.csproj]
C:\Users\zacho\OneDrive\Downloads\Documentos\Projetos\pdv_medusax8\v1.1\FechamentoCaixaWindow.xaml(61,52): error CS0102: O tipo "FechamentoCaixaWindow" j├í cont├®m uma defini├º├úo para "TxtQtdNFCe" [C:\Users\zacho\OneDrive\Downloads\Documentos\Projetos\pdv_medusax8\PDV_MedusaX8_hznqlc22_wpftmp.csproj]
C:\Users\zacho\OneDrive\Downloads\Documentos\Projetos\pdv_medusax8\v1.1\v1.1\FechamentoCaixaWindow.xaml(61,52): error CS0102: O tipo "FechamentoCaixaWindow" j├í cont├®m uma defini├º├úo para "TxtQtdNFCe" [C:\Users\zacho\OneDrive\Downloads\Documentos\Projetos\pdv_medusax8\PDV_MedusaX8_hznqlc22_wpftmp.csproj]
C:\Users\zacho\OneDrive\Downloads\Documentos\Projetos\pdv_medusax8\v1.1\FechamentoCaixaWindow.xaml(65,51): error CS0102: O tipo "FechamentoCaixaWindow" j├í cont├®m uma defini├º├úo para "LstPagamentosNFCe" [C:\Users\zacho\OneDrive\Downloads\Documentos\Projetos\pdv_medusax8\PDV_MedusaX8_hznqlc22_wpftmp.csproj]
C:\Users\zacho\OneDrive\Downloads\Documentos\Projetos\pdv_medusax8\v1.1\v1.1\FechamentoCaixaWindow.xaml(65,51): error CS0102: O tipo "FechamentoCaixaWindow" j├í cont├®m uma defini├º├úo para "LstPagamentosNFCe" [C:\Users\zacho\OneDrive\Downloads\Documentos\Projetos\pdv_medusax8\PDV_MedusaX8_hznqlc22_wpftmp.csproj]
C:\Users\zacho\OneDrive\Downloads\Documentos\Projetos\pdv_medusax8\obj\Release\net10.0-windows\v1.1\FechamentoCaixaWindow.g.cs(114,22): error CS0102: O tipo "FechamentoCaixaWindow" j├í cont├®m uma defini├º├úo para "_contentLoaded" [C:\Users\zacho\OneDrive\Downloads\Documentos\Projetos\pdv_medusax8\PDV_MedusaX8_hznqlc22_wpftmp.csproj]
C:\Users\zacho\OneDrive\Downloads\Documentos\Projetos\pdv_medusax8\obj\Release\net10.0-windows\v1.1\v1.1\FechamentoCaixaWindow.g.cs(114,22): error CS0102: O tipo "FechamentoCaixaWindow" j├í cont├®m uma defini├º├úo para "_contentLoaded" [C:\Users\zacho\OneDrive\Downloads\Documentos\Projetos\pdv_medusax8\PDV_MedusaX8_hznqlc22_wpftmp.csproj]
C:\Users\zacho\OneDrive\Downloads\Documentos\Projetos\pdv_medusax8\obj\Release\net10.0-windows\v1.1\FechamentoCaixaWindow.g.cs(121,21): error CS0111: Tipo "FechamentoCaixaWindow" j├í define um membro chamado "InitializeComponent" com os mesmos tipos de par├ómetro [C:\Users\zacho\OneDrive\Downloads\Documentos\Projetos\pdv_medusax8\PDV_MedusaX8_hznqlc22_wpftmp.csproj]
C:\Users\zacho\OneDrive\Downloads\Documentos\Projetos\pdv_medusax8\obj\Release\net10.0-windows\v1.1\v1.1\FechamentoCaixaWindow.g.cs(121,21): error CS0111: Tipo "FechamentoCaixaWindow" j├í define um membro chamado "InitializeComponent" com os mesmos tipos de par├ómetro [C:\Users\zacho\OneDrive\Downloads\Documentos\Projetos\pdv_medusax8\PDV_MedusaX8_hznqlc22_wpftmp.csproj]
C:\Users\zacho\OneDrive\Downloads\Documentos\Projetos\pdv_medusax8\obj\Release\net10.0-windows\v1.1\FechamentoCaixaWindow.g.cs(141,56): error CS0111: Tipo "FechamentoCaixaWindow" j├í define um membro chamado "System.Windows.Markup.IComponentConnector.Connect" com os mesmos tipos de par├ómetro [C:\Users\zacho\OneDrive\Downloads\Documentos\Projetos\pdv_medusax8\PDV_MedusaX8_hznqlc22_wpftmp.csproj]
C:\Users\zacho\OneDrive\Downloads\Documentos\Projetos\pdv_medusax8\obj\Release\net10.0-windows\v1.1\v1.1\FechamentoCaixaWindow.g.cs(141,56): error CS0111: Tipo "FechamentoCaixaWindow" j├í define um membro chamado "System.Windows.Markup.IComponentConnector.Connect" com os mesmos tipos de par├ómetro [C:\Users\zacho\OneDrive\Downloads\Documentos\Projetos\pdv_medusax8\PDV_MedusaX8_hznqlc22_wpftmp.csproj]
C:\Users\zacho\OneDrive\Downloads\Documentos\Projetos\pdv_medusax8\v1.1\MunicipioSearchWindow.xaml.cs(20,51): error CS0102: O tipo "MunicipioSearchWindow" j├í cont├®m uma defini├º├úo para "Municipios" [C:\Users\zacho\OneDrive\Downloads\Documentos\Projetos\pdv_medusax8\PDV_MedusaX8_hznqlc22_wpftmp.csproj]
C:\Users\zacho\OneDrive\Downloads\Documentos\Projetos\pdv_medusax8\v1.1\v1.1\MunicipioSearchWindow.xaml.cs(20,51): error CS0102: O tipo "MunicipioSearchWindow" j├í cont├®m uma defini├º├úo para "Municipios" [C:\Users\zacho\OneDrive\Downloads\Documentos\Projetos\pdv_medusax8\PDV_MedusaX8_hznqlc22_wpftmp.csproj]
C:\Users\zacho\OneDrive\Downloads\Documentos\Projetos\pdv_medusax8\v1.1\MunicipioSearchWindow.xaml.cs(21,30): error CS0102: O tipo "MunicipioSearchWindow" j├í cont├®m uma defini├º├úo para "SelectedMunicipio" [C:\Users\zacho\OneDrive\Downloads\Documentos\Projetos\pdv_medusax8\PDV_MedusaX8_hznqlc22_wpftmp.csproj]
C:\Users\zacho\OneDrive\Downloads\Documentos\Projetos\pdv_medusax8\v1.1\v1.1\MunicipioSearchWindow.xaml.cs(21,30): error CS0102: O tipo "MunicipioSearchWindow" j├í cont├®m uma defini├º├úo para "SelectedMunicipio" [C:\Users\zacho\OneDrive\Downloads\Documentos\Projetos\pdv_medusax8\PDV_MedusaX8_hznqlc22_wpftmp.csproj]
C:\Users\zacho\OneDrive\Downloads\Documentos\Projetos\pdv_medusax8\v1.1\MunicipioSearchWindow.xaml.cs(23,16): error CS0111: Tipo "MunicipioSearchWindow" j├í define um membro chamado "MunicipioSearchWindow" com os mesmos tipos de par├ómetro [C:\Users\zacho\OneDrive\Downloads\Documentos\Projetos\pdv_medusax8\PDV_MedusaX8_hznqlc22_wpftmp.csproj]
C:\Users\zacho\OneDrive\Downloads\Documentos\Projetos\pdv_medusax8\v1.1\v1.1\MunicipioSearchWindow.xaml.cs(23,16): error CS0111: Tipo "MunicipioSearchWindow" j├í define um membro chamado "MunicipioSearchWindow" com os mesmos tipos de par├ómetro [C:\Users\zacho\OneDrive\Downloads\Documentos\Projetos\pdv_medusax8\PDV_MedusaX8_hznqlc22_wpftmp.csproj]
C:\Users\zacho\OneDrive\Downloads\Documentos\Projetos\pdv_medusax8\v1.1\MunicipioSearchWindow.xaml.cs(29,22): error CS0111: Tipo "MunicipioSearchWindow" j├í define um membro chamado "Cancel_Click" com os mesmos tipos de par├ómetro [C:\Users\zacho\OneDrive\Downloads\Documentos\Projetos\pdv_medusax8\PDV_MedusaX8_hznqlc22_wpftmp.csproj]
C:\Users\zacho\OneDrive\Downloads\Documentos\Projetos\pdv_medusax8\v1.1\v1.1\MunicipioSearchWindow.xaml.cs(29,22): error CS0111: Tipo "MunicipioSearchWindow" j├í define um membro chamado "Cancel_Click" com os mesmos tipos de par├ómetro [C:\Users\zacho\OneDrive\Downloads\Documentos\Projetos\pdv_medusax8\PDV_MedusaX8_hznqlc22_wpftmp.csproj]
C:\Users\zacho\OneDrive\Downloads\Documentos\Projetos\pdv_medusax8\v1.1\MunicipioSearchWindow.xaml.cs(35,22): error CS0111: Tipo "MunicipioSearchWindow" j├í define um membro chamado "Ok_Click" com os mesmos tipos de par├ómetro [C:\Users\zacho\OneDrive\Downloads\Documentos\Projetos\pdv_medusax8\PDV_MedusaX8_hznqlc22_wpftmp.csproj]
C:\Users\zacho\OneDrive\Downloads\Documentos\Projetos\pdv_medusax8\v1.1\v1.1\MunicipioSearchWindow.xaml.cs(35,22): error CS0111: Tipo "MunicipioSearchWindow" j├í define um membro chamado "Ok_Click" com os mesmos tipos de par├ómetro [C:\Users\zacho\OneDrive\Downloads\Documentos\Projetos\pdv_medusax8\PDV_MedusaX8_hznqlc22_wpftmp.csproj]
C:\Users\zacho\OneDrive\Downloads\Documentos\Projetos\pdv_medusax8\v1.1\MunicipioSearchWindow.xaml.cs(49,22): error CS0111: Tipo "MunicipioSearchWindow" j├í define um membro chamado "Buscar_Click" com os mesmos tipos de par├ómetro [C:\Users\zacho\OneDrive\Downloads\Documentos\Projetos\pdv_medusax8\PDV_MedusaX8_hznqlc22_wpftmp.csproj]
C:\Users\zacho\OneDrive\Downloads\Documentos\Projetos\pdv_medusax8\v1.1\v1.1\MunicipioSearchWindow.xaml.cs(49,22): error CS0111: Tipo "MunicipioSearchWindow" j├í define um membro chamado "Buscar_Click" com os mesmos tipos de par├ómetro [C:\Users\zacho\OneDrive\Downloads\Documentos\Projetos\pdv_medusax8\PDV_MedusaX8_hznqlc22_wpftmp.csproj]
C:\Users\zacho\OneDrive\Downloads\Documentos\Projetos\pdv_medusax8\v1.1\MunicipioSearchWindow.xaml.cs(55,22): error CS0111: Tipo "MunicipioSearchWindow" j├í define um membro chamado "LoadMunicipios" com os mesmos tipos de par├ómetro [C:\Users\zacho\OneDrive\Downloads\Documentos\Projetos\pdv_medusax8\PDV_MedusaX8_hznqlc22_wpftmp.csproj]
C:\Users\zacho\OneDrive\Downloads\Documentos\Projetos\pdv_medusax8\v1.1\v1.1\MunicipioSearchWindow.xaml.cs(55,22): error CS0111: Tipo "MunicipioSearchWindow" j├í define um membro chamado "LoadMunicipios" com os mesmos tipos de par├ómetro [C:\Users\zacho\OneDrive\Downloads\Documentos\Projetos\pdv_medusax8\PDV_MedusaX8_hznqlc22_wpftmp.csproj]
C:\Users\zacho\OneDrive\Downloads\Documentos\Projetos\pdv_medusax8\v1.1\MunicipioSearchWindow.xaml.cs(91,24): error CS0111: Tipo "MunicipioSearchWindow" j├í define um membro chamado "GetConnectionString" com os mesmos tipos de par├ómetro [C:\Users\zacho\OneDrive\Downloads\Documentos\Projetos\pdv_medusax8\PDV_MedusaX8_hznqlc22_wpftmp.csproj]
C:\Users\zacho\OneDrive\Downloads\Documentos\Projetos\pdv_medusax8\v1.1\v1.1\MunicipioSearchWindow.xaml.cs(91,24): error CS0111: Tipo "MunicipioSearchWindow" j├í define um membro chamado "GetConnectionString" com os mesmos tipos de par├ómetro [C:\Users\zacho\OneDrive\Downloads\Documentos\Projetos\pdv_medusax8\PDV_MedusaX8_hznqlc22_wpftmp.csproj]
C:\Users\zacho\OneDrive\Downloads\Documentos\Projetos\pdv_medusax8\v1.1\MunicipioSearchWindow.xaml(18,50): error CS0102: O tipo "MunicipioSearchWindow" j├í cont├®m uma defini├º├úo para "TxtQuery" [C:\Users\zacho\OneDrive\Downloads\Documentos\Projetos\pdv_medusax8\PDV_MedusaX8_hznqlc22_wpftmp.csproj]
C:\Users\zacho\OneDrive\Downloads\Documentos\Projetos\pdv_medusax8\v1.1\v1.1\MunicipioSearchWindow.xaml(18,50): error CS0102: O tipo "MunicipioSearchWindow" j├í cont├®m uma defini├º├úo para "TxtQuery" [C:\Users\zacho\OneDrive\Downloads\Documentos\Projetos\pdv_medusax8\PDV_MedusaX8_hznqlc22_wpftmp.csproj]
C:\Users\zacho\OneDrive\Downloads\Documentos\Projetos\pdv_medusax8\v1.1\MunicipioSearchWindow.xaml(22,51): error CS0102: O tipo "MunicipioSearchWindow" j├í cont├®m uma defini├º├úo para "GridMunicipios" [C:\Users\zacho\OneDrive\Downloads\Documentos\Projetos\pdv_medusax8\PDV_MedusaX8_hznqlc22_wpftmp.csproj]
C:\Users\zacho\OneDrive\Downloads\Documentos\Projetos\pdv_medusax8\v1.1\v1.1\MunicipioSearchWindow.xaml(22,51): error CS0102: O tipo "MunicipioSearchWindow" j├í cont├®m uma defini├º├úo para "GridMunicipios" [C:\Users\zacho\OneDrive\Downloads\Documentos\Projetos\pdv_medusax8\PDV_MedusaX8_hznqlc22_wpftmp.csproj]
C:\Users\zacho\OneDrive\Downloads\Documentos\Projetos\pdv_medusax8\obj\Release\net10.0-windows\v1.1\MunicipioSearchWindow.g.cs(58,22): error CS0102: O tipo "MunicipioSearchWindow" j├í cont├®m uma defini├º├úo para "_contentLoaded" [C:\Users\zacho\OneDrive\Downloads\Documentos\Projetos\pdv_medusax8\PDV_MedusaX8_hznqlc22_wpftmp.csproj]
C:\Users\zacho\OneDrive\Downloads\Documentos\Projetos\pdv_medusax8\obj\Release\net10.0-windows\v1.1\v1.1\MunicipioSearchWindow.g.cs(58,22): error CS0102: O tipo "MunicipioSearchWindow" j├í cont├®m uma defini├º├úo para "_contentLoaded" [C:\Users\zacho\OneDrive\Downloads\Documentos\Projetos\pdv_medusax8\PDV_MedusaX8_hznqlc22_wpftmp.csproj]
C:\Users\zacho\OneDrive\Downloads\Documentos\Projetos\pdv_medusax8\obj\Release\net10.0-windows\v1.1\MunicipioSearchWindow.g.cs(65,21): error CS0111: Tipo "MunicipioSearchWindow" j├í define um membro chamado "InitializeComponent" com os mesmos tipos de par├ómetro [C:\Users\zacho\OneDrive\Downloads\Documentos\Projetos\pdv_medusax8\PDV_MedusaX8_hznqlc22_wpftmp.csproj]
C:\Users\zacho\OneDrive\Downloads\Documentos\Projetos\pdv_medusax8\obj\Release\net10.0-windows\v1.1\v1.1\MunicipioSearchWindow.g.cs(65,21): error CS0111: Tipo "MunicipioSearchWindow" j├í define um membro chamado "InitializeComponent" com os mesmos tipos de par├ómetro [C:\Users\zacho\OneDrive\Downloads\Documentos\Projetos\pdv_medusax8\PDV_MedusaX8_hznqlc22_wpftmp.csproj]
C:\Users\zacho\OneDrive\Downloads\Documentos\Projetos\pdv_medusax8\obj\Release\net10.0-windows\v1.1\MunicipioSearchWindow.g.cs(85,56): error CS0111: Tipo "MunicipioSearchWindow" j├í define um membro chamado "System.Windows.Markup.IComponentConnector.Connect" com os mesmos tipos de par├ómetro [C:\Users\zacho\OneDrive\Downloads\Documentos\Projetos\pdv_medusax8\PDV_MedusaX8_hznqlc22_wpftmp.csproj]
C:\Users\zacho\OneDrive\Downloads\Documentos\Projetos\pdv_medusax8\obj\Release\net10.0-windows\v1.1\v1.1\MunicipioSearchWindow.g.cs(85,56): error CS0111: Tipo "MunicipioSearchWindow" j├í define um membro chamado "System.Windows.Markup.IComponentConnector.Connect" com os mesmos tipos de par├ómetro [C:\Users\zacho\OneDrive\Downloads\Documentos\Projetos\pdv_medusax8\PDV_MedusaX8_hznqlc22_wpftmp.csproj]
C:\Users\zacho\OneDrive\Downloads\Documentos\Projetos\pdv_medusax8\ParcelamentoWindow.xaml.cs(8,26): error CS8646: 'IComponentConnector.Connect(int, object)' ├® implementado explicitamente mais de uma vez. [C:\Users\zacho\OneDrive\Downloads\Documentos\Projetos\pdv_medusax8\PDV_MedusaX8_hznqlc22_wpftmp.csproj]
C:\Users\zacho\OneDrive\Downloads\Documentos\Projetos\pdv_medusax8\v1.1\ParcelamentoWindow.xaml.cs(10,34): error CS0102: O tipo "ParcelamentoWindow" j├í cont├®m uma defini├º├úo para "valorTotal" [C:\Users\zacho\OneDrive\Downloads\Documentos\Projetos\pdv_medusax8\PDV_MedusaX8_hznqlc22_wpftmp.csproj]
C:\Users\zacho\OneDrive\Downloads\Documentos\Projetos\pdv_medusax8\v1.1\v1.1\ParcelamentoWindow.xaml.cs(10,34): error CS0102: O tipo "ParcelamentoWindow" j├í cont├®m uma defini├º├úo para "valorTotal" [C:\Users\zacho\OneDrive\Downloads\Documentos\Projetos\pdv_medusax8\PDV_MedusaX8_hznqlc22_wpftmp.csproj]
C:\Users\zacho\OneDrive\Downloads\Documentos\Projetos\pdv_medusax8\v1.1\ParcelamentoWindow.xaml.cs(11,20): error CS0102: O tipo "ParcelamentoWindow" j├í cont├®m uma defini├º├úo para "NumeroParcelas" [C:\Users\zacho\OneDrive\Downloads\Documentos\Projetos\pdv_medusax8\PDV_MedusaX8_hznqlc22_wpftmp.csproj]
C:\Users\zacho\OneDrive\Downloads\Documentos\Projetos\pdv_medusax8\v1.1\v1.1\ParcelamentoWindow.xaml.cs(11,20): error CS0102: O tipo "ParcelamentoWindow" j├í cont├®m uma defini├º├úo para "NumeroParcelas" [C:\Users\zacho\OneDrive\Downloads\Documentos\Projetos\pdv_medusax8\PDV_MedusaX8_hznqlc22_wpftmp.csproj]
C:\Users\zacho\OneDrive\Downloads\Documentos\Projetos\pdv_medusax8\v1.1\ParcelamentoWindow.xaml.cs(12,24): error CS0102: O tipo "ParcelamentoWindow" j├í cont├®m uma defini├º├úo para "ValorParcela" [C:\Users\zacho\OneDrive\Downloads\Documentos\Projetos\pdv_medusax8\PDV_MedusaX8_hznqlc22_wpftmp.csproj]
C:\Users\zacho\OneDrive\Downloads\Documentos\Projetos\pdv_medusax8\v1.1\v1.1\ParcelamentoWindow.xaml.cs(12,24): error CS0102: O tipo "ParcelamentoWindow" j├í cont├®m uma defini├º├úo para "ValorParcela" [C:\Users\zacho\OneDrive\Downloads\Documentos\Projetos\pdv_medusax8\PDV_MedusaX8_hznqlc22_wpftmp.csproj]
C:\Users\zacho\OneDrive\Downloads\Documentos\Projetos\pdv_medusax8\v1.1\ParcelamentoWindow.xaml.cs(14,16): error CS0111: Tipo "ParcelamentoWindow" j├í define um membro chamado "ParcelamentoWindow" com os mesmos tipos de par├ómetro [C:\Users\zacho\OneDrive\Downloads\Documentos\Projetos\pdv_medusax8\PDV_MedusaX8_hznqlc22_wpftmp.csproj]
C:\Users\zacho\OneDrive\Downloads\Documentos\Projetos\pdv_medusax8\v1.1\v1.1\ParcelamentoWindow.xaml.cs(14,16): error CS0111: Tipo "ParcelamentoWindow" j├í define um membro chamado "ParcelamentoWindow" com os mesmos tipos de par├ómetro [C:\Users\zacho\OneDrive\Downloads\Documentos\Projetos\pdv_medusax8\PDV_MedusaX8_hznqlc22_wpftmp.csproj]
C:\Users\zacho\OneDrive\Downloads\Documentos\Projetos\pdv_medusax8\v1.1\ParcelamentoWindow.xaml.cs(24,22): error CS0111: Tipo "ParcelamentoWindow" j├í define um membro chamado "CmbParcelas_SelectionChanged" com os mesmos tipos de par├ómetro [C:\Users\zacho\OneDrive\Downloads\Documentos\Projetos\pdv_medusax8\PDV_MedusaX8_hznqlc22_wpftmp.csproj]
C:\Users\zacho\OneDrive\Downloads\Documentos\Projetos\pdv_medusax8\v1.1\v1.1\ParcelamentoWindow.xaml.cs(24,22): error CS0111: Tipo "ParcelamentoWindow" j├í define um membro chamado "CmbParcelas_SelectionChanged" com os mesmos tipos de par├ómetro [C:\Users\zacho\OneDrive\Downloads\Documentos\Projetos\pdv_medusax8\PDV_MedusaX8_hznqlc22_wpftmp.csproj]
C:\Users\zacho\OneDrive\Downloads\Documentos\Projetos\pdv_medusax8\v1.1\ParcelamentoWindow.xaml.cs(29,22): error CS0111: Tipo "ParcelamentoWindow" j├í define um membro chamado "AtualizarValorParcela" com os mesmos tipos de par├ómetro [C:\Users\zacho\OneDrive\Downloads\Documentos\Projetos\pdv_medusax8\PDV_MedusaX8_hznqlc22_wpftmp.csproj]
C:\Users\zacho\OneDrive\Downloads\Documentos\Projetos\pdv_medusax8\v1.1\v1.1\ParcelamentoWindow.xaml.cs(29,22): error CS0111: Tipo "ParcelamentoWindow" j├í define um membro chamado "AtualizarValorParcela" com os mesmos tipos de par├ómetro [C:\Users\zacho\OneDrive\Downloads\Documentos\Projetos\pdv_medusax8\PDV_MedusaX8_hznqlc22_wpftmp.csproj]
C:\Users\zacho\OneDrive\Downloads\Documentos\Projetos\pdv_medusax8\v1.1\ParcelamentoWindow.xaml.cs(42,22): error CS0111: Tipo "ParcelamentoWindow" j├í define um membro chamado "Confirmar_Click" com os mesmos tipos de par├ómetro [C:\Users\zacho\OneDrive\Downloads\Documentos\Projetos\pdv_medusax8\PDV_MedusaX8_hznqlc22_wpftmp.csproj]
C:\Users\zacho\OneDrive\Downloads\Documentos\Projetos\pdv_medusax8\v1.1\v1.1\ParcelamentoWindow.xaml.cs(42,22): error CS0111: Tipo "ParcelamentoWindow" j├í define um membro chamado "Confirmar_Click" com os mesmos tipos de par├ómetro [C:\Users\zacho\OneDrive\Downloads\Documentos\Projetos\pdv_medusax8\PDV_MedusaX8_hznqlc22_wpftmp.csproj]
C:\Users\zacho\OneDrive\Downloads\Documentos\Projetos\pdv_medusax8\v1.1\ParcelamentoWindow.xaml.cs(53,22): error CS0111: Tipo "ParcelamentoWindow" j├í define um membro chamado "Cancelar_Click" com os mesmos tipos de par├ómetro [C:\Users\zacho\OneDrive\Downloads\Documentos\Projetos\pdv_medusax8\PDV_MedusaX8_hznqlc22_wpftmp.csproj]
C:\Users\zacho\OneDrive\Downloads\Documentos\Projetos\pdv_medusax8\v1.1\v1.1\ParcelamentoWindow.xaml.cs(53,22): error CS0111: Tipo "ParcelamentoWindow" j├í define um membro chamado "Cancelar_Click" com os mesmos tipos de par├ómetro [C:\Users\zacho\OneDrive\Downloads\Documentos\Projetos\pdv_medusax8\PDV_MedusaX8_hznqlc22_wpftmp.csproj]
C:\Users\zacho\OneDrive\Downloads\Documentos\Projetos\pdv_medusax8\v1.1\ParcelamentoWindow.xaml(30,52): error CS0102: O tipo "ParcelamentoWindow" j├í cont├®m uma defini├º├úo para "TxtValorTotal" [C:\Users\zacho\OneDrive\Downloads\Documentos\Projetos\pdv_medusax8\PDV_MedusaX8_hznqlc22_wpftmp.csproj]
C:\Users\zacho\OneDrive\Downloads\Documentos\Projetos\pdv_medusax8\v1.1\v1.1\ParcelamentoWindow.xaml(30,52): error CS0102: O tipo "ParcelamentoWindow" j├í cont├®m uma defini├º├úo para "TxtValorTotal" [C:\Users\zacho\OneDrive\Downloads\Documentos\Projetos\pdv_medusax8\PDV_MedusaX8_hznqlc22_wpftmp.csproj]
C:\Users\zacho\OneDrive\Downloads\Documentos\Projetos\pdv_medusax8\v1.1\ParcelamentoWindow.xaml(40,51): error CS0102: O tipo "ParcelamentoWindow" j├í cont├®m uma defini├º├úo para "CmbParcelas" [C:\Users\zacho\OneDrive\Downloads\Documentos\Projetos\pdv_medusax8\PDV_MedusaX8_hznqlc22_wpftmp.csproj]
C:\Users\zacho\OneDrive\Downloads\Documentos\Projetos\pdv_medusax8\v1.1\v1.1\ParcelamentoWindow.xaml(40,51): error CS0102: O tipo "ParcelamentoWindow" j├í cont├®m uma defini├º├úo para "CmbParcelas" [C:\Users\zacho\OneDrive\Downloads\Documentos\Projetos\pdv_medusax8\PDV_MedusaX8_hznqlc22_wpftmp.csproj]
C:\Users\zacho\OneDrive\Downloads\Documentos\Projetos\pdv_medusax8\v1.1\ParcelamentoWindow.xaml(62,50): error CS0102: O tipo "ParcelamentoWindow" j├í cont├®m uma defini├º├úo para "TxtValorParcela" [C:\Users\zacho\OneDrive\Downloads\Documentos\Projetos\pdv_medusax8\PDV_MedusaX8_hznqlc22_wpftmp.csproj]
C:\Users\zacho\OneDrive\Downloads\Documentos\Projetos\pdv_medusax8\v1.1\v1.1\ParcelamentoWindow.xaml(62,50): error CS0102: O tipo "ParcelamentoWindow" j├í cont├®m uma defini├º├úo para "TxtValorParcela" [C:\Users\zacho\OneDrive\Downloads\Documentos\Projetos\pdv_medusax8\PDV_MedusaX8_hznqlc22_wpftmp.csproj]
C:\Users\zacho\OneDrive\Downloads\Documentos\Projetos\pdv_medusax8\obj\Release\net10.0-windows\v1.1\ParcelamentoWindow.g.cs(66,22): error CS0102: O tipo "ParcelamentoWindow" j├í cont├®m uma defini├º├úo para "_contentLoaded" [C:\Users\zacho\OneDrive\Downloads\Documentos\Projetos\pdv_medusax8\PDV_MedusaX8_hznqlc22_wpftmp.csproj]
C:\Users\zacho\OneDrive\Downloads\Documentos\Projetos\pdv_medusax8\obj\Release\net10.0-windows\v1.1\v1.1\ParcelamentoWindow.g.cs(66,22): error CS0102: O tipo "ParcelamentoWindow" j├í cont├®m uma defini├º├úo para "_contentLoaded" [C:\Users\zacho\OneDrive\Downloads\Documentos\Projetos\pdv_medusax8\PDV_MedusaX8_hznqlc22_wpftmp.csproj]
C:\Users\zacho\OneDrive\Downloads\Documentos\Projetos\pdv_medusax8\obj\Release\net10.0-windows\v1.1\ParcelamentoWindow.g.cs(73,21): error CS0111: Tipo "ParcelamentoWindow" j├í define um membro chamado "InitializeComponent" com os mesmos tipos de par├ómetro [C:\Users\zacho\OneDrive\Downloads\Documentos\Projetos\pdv_medusax8\PDV_MedusaX8_hznqlc22_wpftmp.csproj]
C:\Users\zacho\OneDrive\Downloads\Documentos\Projetos\pdv_medusax8\obj\Release\net10.0-windows\v1.1\v1.1\ParcelamentoWindow.g.cs(73,21): error CS0111: Tipo "ParcelamentoWindow" j├í define um membro chamado "InitializeComponent" com os mesmos tipos de par├ómetro [C:\Users\zacho\OneDrive\Downloads\Documentos\Projetos\pdv_medusax8\PDV_MedusaX8_hznqlc22_wpftmp.csproj]
C:\Users\zacho\OneDrive\Downloads\Documentos\Projetos\pdv_medusax8\obj\Release\net10.0-windows\v1.1\ParcelamentoWindow.g.cs(93,56): error CS0111: Tipo "ParcelamentoWindow" j├í define um membro chamado "System.Windows.Markup.IComponentConnector.Connect" com os mesmos tipos de par├ómetro [C:\Users\zacho\OneDrive\Downloads\Documentos\Projetos\pdv_medusax8\PDV_MedusaX8_hznqlc22_wpftmp.csproj]
C:\Users\zacho\OneDrive\Downloads\Documentos\Projetos\pdv_medusax8\obj\Release\net10.0-windows\v1.1\v1.1\ParcelamentoWindow.g.cs(93,56): error CS0111: Tipo "ParcelamentoWindow" j├í define um membro chamado "System.Windows.Markup.IComponentConnector.Connect" com os mesmos tipos de par├ómetro [C:\Users\zacho\OneDrive\Downloads\Documentos\Projetos\pdv_medusax8\PDV_MedusaX8_hznqlc22_wpftmp.csproj]
C:\Users\zacho\OneDrive\Downloads\Documentos\Projetos\pdv_medusax8\MainWindow.xaml.cs(17,26): error CS8646: 'IComponentConnector.Connect(int, object)' ├® implementado explicitamente mais de uma vez. [C:\Users\zacho\OneDrive\Downloads\Documentos\Projetos\pdv_medusax8\PDV_MedusaX8_hznqlc22_wpftmp.csproj]
C:\Users\zacho\OneDrive\Downloads\Documentos\Projetos\pdv_medusax8\ChequeWindow.xaml.cs(11,26): error CS8646: 'IComponentConnector.Connect(int, object)' ├® implementado explicitamente mais de uma vez. [C:\Users\zacho\OneDrive\Downloads\Documentos\Projetos\pdv_medusax8\PDV_MedusaX8_hznqlc22_wpftmp.csproj]
C:\Users\zacho\OneDrive\Downloads\Documentos\Projetos\pdv_medusax8\v1.1\NFCeMonitorWindow.xaml.cs(11,22): error CS0102: O tipo "NFCeMonitorWindow" j├í cont├®m uma defini├º├úo para "NFCeRow" [C:\Users\zacho\OneDrive\Downloads\Documentos\Projetos\pdv_medusax8\PDV_MedusaX8_hznqlc22_wpftmp.csproj]
C:\Users\zacho\OneDrive\Downloads\Documentos\Projetos\pdv_medusax8\v1.1\v1.1\NFCeMonitorWindow.xaml.cs(11,22): error CS0102: O tipo "NFCeMonitorWindow" j├í cont├®m uma defini├º├úo para "NFCeRow" [C:\Users\zacho\OneDrive\Downloads\Documentos\Projetos\pdv_medusax8\PDV_MedusaX8_hznqlc22_wpftmp.csproj]
C:\Users\zacho\OneDrive\Downloads\Documentos\Projetos\pdv_medusax8\v1.1\ChequeWindow.xaml.cs(13,28): error CS0102: O tipo "ChequeWindow" j├í cont├®m uma defini├º├úo para "ResultCheque" [C:\Users\zacho\OneDrive\Downloads\Documentos\Projetos\pdv_medusax8\PDV_MedusaX8_hznqlc22_wpftmp.csproj]
C:\Users\zacho\OneDrive\Downloads\Documentos\Projetos\pdv_medusax8\v1.1\v1.1\ChequeWindow.xaml.cs(13,28): error CS0102: O tipo "ChequeWindow" j├í cont├®m uma defini├º├úo para "ResultCheque" [C:\Users\zacho\OneDrive\Downloads\Documentos\Projetos\pdv_medusax8\PDV_MedusaX8_hznqlc22_wpftmp.csproj]
C:\Users\zacho\OneDrive\Downloads\Documentos\Projetos\pdv_medusax8\v1.1\ChequeWindow.xaml.cs(14,25): error CS0102: O tipo "ChequeWindow" j├í cont├®m uma defini├º├úo para "_cidadeCodigo" [C:\Users\zacho\OneDrive\Downloads\Documentos\Projetos\pdv_medusax8\PDV_MedusaX8_hznqlc22_wpftmp.csproj]
C:\Users\zacho\OneDrive\Downloads\Documentos\Projetos\pdv_medusax8\v1.1\v1.1\ChequeWindow.xaml.cs(14,25): error CS0102: O tipo "ChequeWindow" j├í cont├®m uma defini├º├úo para "_cidadeCodigo" [C:\Users\zacho\OneDrive\Downloads\Documentos\Projetos\pdv_medusax8\PDV_MedusaX8_hznqlc22_wpftmp.csproj]
C:\Users\zacho\OneDrive\Downloads\Documentos\Projetos\pdv_medusax8\v1.1\ChequeWindow.xaml.cs(23,16): error CS0111: Tipo "ChequeWindow" j├í define um membro chamado "ChequeWindow" com os mesmos tipos de par├ómetro [C:\Users\zacho\OneDrive\Downloads\Documentos\Projetos\pdv_medusax8\PDV_MedusaX8_hznqlc22_wpftmp.csproj]
C:\Users\zacho\OneDrive\Downloads\Documentos\Projetos\pdv_medusax8\v1.1\v1.1\ChequeWindow.xaml.cs(23,16): error CS0111: Tipo "ChequeWindow" j├í define um membro chamado "ChequeWindow" com os mesmos tipos de par├ómetro [C:\Users\zacho\OneDrive\Downloads\Documentos\Projetos\pdv_medusax8\PDV_MedusaX8_hznqlc22_wpftmp.csproj]
C:\Users\zacho\OneDrive\Downloads\Documentos\Projetos\pdv_medusax8\v1.1\ChequeWindow.xaml.cs(29,22): error CS0111: Tipo "ChequeWindow" j├í define um membro chamado "ChequeWindow_Loaded" com os mesmos tipos de par├ómetro [C:\Users\zacho\OneDrive\Downloads\Documentos\Projetos\pdv_medusax8\PDV_MedusaX8_hznqlc22_wpftmp.csproj]
C:\Users\zacho\OneDrive\Downloads\Documentos\Projetos\pdv_medusax8\v1.1\v1.1\ChequeWindow.xaml.cs(29,22): error CS0111: Tipo "ChequeWindow" j├í define um membro chamado "ChequeWindow_Loaded" com os mesmos tipos de par├ómetro [C:\Users\zacho\OneDrive\Downloads\Documentos\Projetos\pdv_medusax8\PDV_MedusaX8_hznqlc22_wpftmp.csproj]
C:\Users\zacho\OneDrive\Downloads\Documentos\Projetos\pdv_medusax8\v1.1\ChequeWindow.xaml.cs(35,24): error CS0111: Tipo "ChequeWindow" j├í define um membro chamado "GetConnectionString" com os mesmos tipos de par├ómetro [C:\Users\zacho\OneDrive\Downloads\Documentos\Projetos\pdv_medusax8\PDV_MedusaX8_hznqlc22_wpftmp.csproj]
C:\Users\zacho\OneDrive\Downloads\Documentos\Projetos\pdv_medusax8\v1.1\v1.1\ChequeWindow.xaml.cs(35,24): error CS0111: Tipo "ChequeWindow" j├í define um membro chamado "GetConnectionString" com os mesmos tipos de par├ómetro [C:\Users\zacho\OneDrive\Downloads\Documentos\Projetos\pdv_medusax8\PDV_MedusaX8_hznqlc22_wpftmp.csproj]
C:\Users\zacho\OneDrive\Downloads\Documentos\Projetos\pdv_medusax8\v1.1\ChequeWindow.xaml.cs(40,22): error CS0111: Tipo "ChequeWindow" j├í define um membro chamado "LoadBanks" com os mesmos tipos de par├ómetro [C:\Users\zacho\OneDrive\Downloads\Documentos\Projetos\pdv_medusax8\PDV_MedusaX8_hznqlc22_wpftmp.csproj]
C:\Users\zacho\OneDrive\Downloads\Documentos\Projetos\pdv_medusax8\v1.1\v1.1\ChequeWindow.xaml.cs(40,22): error CS0111: Tipo "ChequeWindow" j├í define um membro chamado "LoadBanks" com os mesmos tipos de par├ómetro [C:\Users\zacho\OneDrive\Downloads\Documentos\Projetos\pdv_medusax8\PDV_MedusaX8_hznqlc22_wpftmp.csproj]
C:\Users\zacho\OneDrive\Downloads\Documentos\Projetos\pdv_medusax8\v1.1\ChequeWindow.xaml.cs(62,22): error CS0111: Tipo "ChequeWindow" j├í define um membro chamado "BtnBuscarCidade_Click" com os mesmos tipos de par├ómetro [C:\Users\zacho\OneDrive\Downloads\Documentos\Projetos\pdv_medusax8\PDV_MedusaX8_hznqlc22_wpftmp.csproj]
C:\Users\zacho\OneDrive\Downloads\Documentos\Projetos\pdv_medusax8\v1.1\v1.1\ChequeWindow.xaml.cs(62,22): error CS0111: Tipo "ChequeWindow" j├í define um membro chamado "BtnBuscarCidade_Click" com os mesmos tipos de par├ómetro [C:\Users\zacho\OneDrive\Downloads\Documentos\Projetos\pdv_medusax8\PDV_MedusaX8_hznqlc22_wpftmp.csproj]
C:\Users\zacho\OneDrive\Downloads\Documentos\Projetos\pdv_medusax8\v1.1\ChequeWindow.xaml.cs(81,22): error CS0111: Tipo "ChequeWindow" j├í define um membro chamado "BtnOk_Click" com os mesmos tipos de par├ómetro [C:\Users\zacho\OneDrive\Downloads\Documentos\Projetos\pdv_medusax8\PDV_MedusaX8_hznqlc22_wpftmp.csproj]
C:\Users\zacho\OneDrive\Downloads\Documentos\Projetos\pdv_medusax8\v1.1\v1.1\ChequeWindow.xaml.cs(81,22): error CS0111: Tipo "ChequeWindow" j├í define um membro chamado "BtnOk_Click" com os mesmos tipos de par├ómetro [C:\Users\zacho\OneDrive\Downloads\Documentos\Projetos\pdv_medusax8\PDV_MedusaX8_hznqlc22_wpftmp.csproj]
C:\Users\zacho\OneDrive\Downloads\Documentos\Projetos\pdv_medusax8\v1.1\ChequeWindow.xaml.cs(136,22): error CS0111: Tipo "ChequeWindow" j├í define um membro chamado "BtnCancel_Click" com os mesmos tipos de par├ómetro [C:\Users\zacho\OneDrive\Downloads\Documentos\Projetos\pdv_medusax8\PDV_MedusaX8_hznqlc22_wpftmp.csproj]
C:\Users\zacho\OneDrive\Downloads\Documentos\Projetos\pdv_medusax8\v1.1\v1.1\ChequeWindow.xaml.cs(136,22): error CS0111: Tipo "ChequeWindow" j├í define um membro chamado "BtnCancel_Click" com os mesmos tipos de par├ómetro [C:\Users\zacho\OneDrive\Downloads\Documentos\Projetos\pdv_medusax8\PDV_MedusaX8_hznqlc22_wpftmp.csproj]
C:\Users\zacho\OneDrive\Downloads\Documentos\Projetos\pdv_medusax8\v1.1\ChequeWindow.xaml(31,50): error CS0102: O tipo "ChequeWindow" j├í cont├®m uma defini├º├úo para "TxtValor" [C:\Users\zacho\OneDrive\Downloads\Documentos\Projetos\pdv_medusax8\PDV_MedusaX8_hznqlc22_wpftmp.csproj]
C:\Users\zacho\OneDrive\Downloads\Documentos\Projetos\pdv_medusax8\v1.1\v1.1\ChequeWindow.xaml(31,50): error CS0102: O tipo "ChequeWindow" j├í cont├®m uma defini├º├úo para "TxtValor" [C:\Users\zacho\OneDrive\Downloads\Documentos\Projetos\pdv_medusax8\PDV_MedusaX8_hznqlc22_wpftmp.csproj]
C:\Users\zacho\OneDrive\Downloads\Documentos\Projetos\pdv_medusax8\v1.1\ChequeWindow.xaml(34,53): error CS0102: O tipo "ChequeWindow" j├í cont├®m uma defini├º├úo para "DtBomPara" [C:\Users\zacho\OneDrive\Downloads\Documentos\Projetos\pdv_medusax8\PDV_MedusaX8_hznqlc22_wpftmp.csproj]
C:\Users\zacho\OneDrive\Downloads\Documentos\Projetos\pdv_medusax8\v1.1\v1.1\ChequeWindow.xaml(34,53): error CS0102: O tipo "ChequeWindow" j├í cont├®m uma defini├º├úo para "DtBomPara" [C:\Users\zacho\OneDrive\Downloads\Documentos\Projetos\pdv_medusax8\PDV_MedusaX8_hznqlc22_wpftmp.csproj]
C:\Users\zacho\OneDrive\Downloads\Documentos\Projetos\pdv_medusax8\v1.1\ChequeWindow.xaml(37,50): error CS0102: O tipo "ChequeWindow" j├í cont├®m uma defini├º├úo para "TxtEmitente" [C:\Users\zacho\OneDrive\Downloads\Documentos\Projetos\pdv_medusax8\PDV_MedusaX8_hznqlc22_wpftmp.csproj]
C:\Users\zacho\OneDrive\Downloads\Documentos\Projetos\pdv_medusax8\v1.1\v1.1\ChequeWindow.xaml(37,50): error CS0102: O tipo "ChequeWindow" j├í cont├®m uma defini├º├úo para "TxtEmitente" [C:\Users\zacho\OneDrive\Downloads\Documentos\Projetos\pdv_medusax8\PDV_MedusaX8_hznqlc22_wpftmp.csproj]
C:\Users\zacho\OneDrive\Downloads\Documentos\Projetos\pdv_medusax8\v1.1\ChequeWindow.xaml(40,51): error CS0102: O tipo "ChequeWindow" j├í cont├®m uma defini├º├úo para "CmbBanco" [C:\Users\zacho\OneDrive\Downloads\Documentos\Projetos\pdv_medusax8\PDV_MedusaX8_hznqlc22_wpftmp.csproj]
C:\Users\zacho\OneDrive\Downloads\Documentos\Projetos\pdv_medusax8\v1.1\v1.1\ChequeWindow.xaml(40,51): error CS0102: O tipo "ChequeWindow" j├í cont├®m uma defini├º├úo para "CmbBanco" [C:\Users\zacho\OneDrive\Downloads\Documentos\Projetos\pdv_medusax8\PDV_MedusaX8_hznqlc22_wpftmp.csproj]
C:\Users\zacho\OneDrive\Downloads\Documentos\Projetos\pdv_medusax8\v1.1\ChequeWindow.xaml(43,50): error CS0102: O tipo "ChequeWindow" j├í cont├®m uma defini├º├úo para "TxtAgencia" [C:\Users\zacho\OneDrive\Downloads\Documentos\Projetos\pdv_medusax8\PDV_MedusaX8_hznqlc22_wpftmp.csproj]
C:\Users\zacho\OneDrive\Downloads\Documentos\Projetos\pdv_medusax8\v1.1\v1.1\ChequeWindow.xaml(43,50): error CS0102: O tipo "ChequeWindow" j├í cont├®m uma defini├º├úo para "TxtAgencia" [C:\Users\zacho\OneDrive\Downloads\Documentos\Projetos\pdv_medusax8\PDV_MedusaX8_hznqlc22_wpftmp.csproj]
C:\Users\zacho\OneDrive\Downloads\Documentos\Projetos\pdv_medusax8\v1.1\ChequeWindow.xaml(46,50): error CS0102: O tipo "ChequeWindow" j├í cont├®m uma defini├º├úo para "TxtConta" [C:\Users\zacho\OneDrive\Downloads\Documentos\Projetos\pdv_medusax8\PDV_MedusaX8_hznqlc22_wpftmp.csproj]
C:\Users\zacho\OneDrive\Downloads\Documentos\Projetos\pdv_medusax8\v1.1\v1.1\ChequeWindow.xaml(46,50): error CS0102: O tipo "ChequeWindow" j├í cont├®m uma defini├º├úo para "TxtConta" [C:\Users\zacho\OneDrive\Downloads\Documentos\Projetos\pdv_medusax8\PDV_MedusaX8_hznqlc22_wpftmp.csproj]
C:\Users\zacho\OneDrive\Downloads\Documentos\Projetos\pdv_medusax8\v1.1\ChequeWindow.xaml(49,50): error CS0102: O tipo "ChequeWindow" j├í cont├®m uma defini├º├úo para "TxtNumeroCheque" [C:\Users\zacho\OneDrive\Downloads\Documentos\Projetos\pdv_medusax8\PDV_MedusaX8_hznqlc22_wpftmp.csproj]
C:\Users\zacho\OneDrive\Downloads\Documentos\Projetos\pdv_medusax8\v1.1\v1.1\ChequeWindow.xaml(49,50): error CS0102: O tipo "ChequeWindow" j├í cont├®m uma defini├º├úo para "TxtNumeroCheque" [C:\Users\zacho\OneDrive\Downloads\Documentos\Projetos\pdv_medusax8\PDV_MedusaX8_hznqlc22_wpftmp.csproj]
C:\Users\zacho\OneDrive\Downloads\Documentos\Projetos\pdv_medusax8\v1.1\ChequeWindow.xaml(52,50): error CS0102: O tipo "ChequeWindow" j├í cont├®m uma defini├º├úo para "TxtCpfCnpj" [C:\Users\zacho\OneDrive\Downloads\Documentos\Projetos\pdv_medusax8\PDV_MedusaX8_hznqlc22_wpftmp.csproj]
C:\Users\zacho\OneDrive\Downloads\Documentos\Projetos\pdv_medusax8\v1.1\v1.1\ChequeWindow.xaml(52,50): error CS0102: O tipo "ChequeWindow" j├í cont├®m uma defini├º├úo para "TxtCpfCnpj" [C:\Users\zacho\OneDrive\Downloads\Documentos\Projetos\pdv_medusax8\PDV_MedusaX8_hznqlc22_wpftmp.csproj]
C:\Users\zacho\OneDrive\Downloads\Documentos\Projetos\pdv_medusax8\v1.1\ChequeWindow.xaml(57,50): error CS0102: O tipo "ChequeWindow" j├í cont├®m uma defini├º├úo para "TxtCidadeBanco" [C:\Users\zacho\OneDrive\Downloads\Documentos\Projetos\pdv_medusax8\PDV_MedusaX8_hznqlc22_wpftmp.csproj]
C:\Users\zacho\OneDrive\Downloads\Documentos\Projetos\pdv_medusax8\v1.1\v1.1\ChequeWindow.xaml(57,50): error CS0102: O tipo "ChequeWindow" j├í cont├®m uma defini├º├úo para "TxtCidadeBanco" [C:\Users\zacho\OneDrive\Downloads\Documentos\Projetos\pdv_medusax8\PDV_MedusaX8_hznqlc22_wpftmp.csproj]
C:\Users\zacho\OneDrive\Downloads\Documentos\Projetos\pdv_medusax8\obj\Release\net10.0-windows\v1.1\ChequeWindow.g.cs(114,22): error CS0102: O tipo "ChequeWindow" j├í cont├®m uma defini├º├úo para "_contentLoaded" [C:\Users\zacho\OneDrive\Downloads\Documentos\Projetos\pdv_medusax8\PDV_MedusaX8_hznqlc22_wpftmp.csproj]
C:\Users\zacho\OneDrive\Downloads\Documentos\Projetos\pdv_medusax8\obj\Release\net10.0-windows\v1.1\v1.1\ChequeWindow.g.cs(114,22): error CS0102: O tipo "ChequeWindow" j├í cont├®m uma defini├º├úo para "_contentLoaded" [C:\Users\zacho\OneDrive\Downloads\Documentos\Projetos\pdv_medusax8\PDV_MedusaX8_hznqlc22_wpftmp.csproj]
C:\Users\zacho\OneDrive\Downloads\Documentos\Projetos\pdv_medusax8\obj\Release\net10.0-windows\v1.1\ChequeWindow.g.cs(121,21): error CS0111: Tipo "ChequeWindow" j├í define um membro chamado "InitializeComponent" com os mesmos tipos de par├ómetro [C:\Users\zacho\OneDrive\Downloads\Documentos\Projetos\pdv_medusax8\PDV_MedusaX8_hznqlc22_wpftmp.csproj]
C:\Users\zacho\OneDrive\Downloads\Documentos\Projetos\pdv_medusax8\obj\Release\net10.0-windows\v1.1\v1.1\ChequeWindow.g.cs(121,21): error CS0111: Tipo "ChequeWindow" j├í define um membro chamado "InitializeComponent" com os mesmos tipos de par├ómetro [C:\Users\zacho\OneDrive\Downloads\Documentos\Projetos\pdv_medusax8\PDV_MedusaX8_hznqlc22_wpftmp.csproj]
C:\Users\zacho\OneDrive\Downloads\Documentos\Projetos\pdv_medusax8\obj\Release\net10.0-windows\v1.1\ChequeWindow.g.cs(141,56): error CS0111: Tipo "ChequeWindow" j├í define um membro chamado "System.Windows.Markup.IComponentConnector.Connect" com os mesmos tipos de par├ómetro [C:\Users\zacho\OneDrive\Downloads\Documentos\Projetos\pdv_medusax8\PDV_MedusaX8_hznqlc22_wpftmp.csproj]
C:\Users\zacho\OneDrive\Downloads\Documentos\Projetos\pdv_medusax8\obj\Release\net10.0-windows\v1.1\v1.1\ChequeWindow.g.cs(141,56): error CS0111: Tipo "ChequeWindow" j├í define um membro chamado "System.Windows.Markup.IComponentConnector.Connect" com os mesmos tipos de par├ómetro [C:\Users\zacho\OneDrive\Downloads\Documentos\Projetos\pdv_medusax8\PDV_MedusaX8_hznqlc22_wpftmp.csproj]
C:\Users\zacho\OneDrive\Downloads\Documentos\Projetos\pdv_medusax8\NFCeMonitorWindow.xaml.cs(9,26): error CS8646: 'IComponentConnector.Connect(int, object)' ├® implementado explicitamente mais de uma vez. [C:\Users\zacho\OneDrive\Downloads\Documentos\Projetos\pdv_medusax8\PDV_MedusaX8_hznqlc22_wpftmp.csproj]
C:\Users\zacho\OneDrive\Downloads\Documentos\Projetos\pdv_medusax8\v1.1\NFCeMonitorWindow.xaml.cs(27,47): error CS0102: O tipo "NFCeMonitorWindow" j├í cont├®m uma defini├º├úo para "_rows" [C:\Users\zacho\OneDrive\Downloads\Documentos\Projetos\pdv_medusax8\PDV_MedusaX8_hznqlc22_wpftmp.csproj]
C:\Users\zacho\OneDrive\Downloads\Documentos\Projetos\pdv_medusax8\v1.1\v1.1\NFCeMonitorWindow.xaml.cs(27,47): error CS0102: O tipo "NFCeMonitorWindow" j├í cont├®m uma defini├º├úo para "_rows" [C:\Users\zacho\OneDrive\Downloads\Documentos\Projetos\pdv_medusax8\PDV_MedusaX8_hznqlc22_wpftmp.csproj]
C:\Users\zacho\OneDrive\Downloads\Documentos\Projetos\pdv_medusax8\v1.1\NFCeMonitorWindow.xaml.cs(29,16): error CS0111: Tipo "NFCeMonitorWindow" j├í define um membro chamado "NFCeMonitorWindow" com os mesmos tipos de par├ómetro [C:\Users\zacho\OneDrive\Downloads\Documentos\Projetos\pdv_medusax8\PDV_MedusaX8_hznqlc22_wpftmp.csproj]
C:\Users\zacho\OneDrive\Downloads\Documentos\Projetos\pdv_medusax8\v1.1\v1.1\NFCeMonitorWindow.xaml.cs(29,16): error CS0111: Tipo "NFCeMonitorWindow" j├í define um membro chamado "NFCeMonitorWindow" com os mesmos tipos de par├ómetro [C:\Users\zacho\OneDrive\Downloads\Documentos\Projetos\pdv_medusax8\PDV_MedusaX8_hznqlc22_wpftmp.csproj]
C:\Users\zacho\OneDrive\Downloads\Documentos\Projetos\pdv_medusax8\v1.1\NFCeMonitorWindow.xaml.cs(36,24): error CS0111: Tipo "NFCeMonitorWindow" j├í define um membro chamado "GetConnectionString" com os mesmos tipos de par├ómetro [C:\Users\zacho\OneDrive\Downloads\Documentos\Projetos\pdv_medusax8\PDV_MedusaX8_hznqlc22_wpftmp.csproj]
C:\Users\zacho\OneDrive\Downloads\Documentos\Projetos\pdv_medusax8\v1.1\v1.1\NFCeMonitorWindow.xaml.cs(36,24): error CS0111: Tipo "NFCeMonitorWindow" j├í define um membro chamado "GetConnectionString" com os mesmos tipos de par├ómetro [C:\Users\zacho\OneDrive\Downloads\Documentos\Projetos\pdv_medusax8\PDV_MedusaX8_hznqlc22_wpftmp.csproj]
C:\Users\zacho\OneDrive\Downloads\Documentos\Projetos\pdv_medusax8\v1.1\NFCeMonitorWindow.xaml.cs(38,22): error CS0111: Tipo "NFCeMonitorWindow" j├í define um membro chamado "LoadRows" com os mesmos tipos de par├ómetro [C:\Users\zacho\OneDrive\Downloads\Documentos\Projetos\pdv_medusax8\PDV_MedusaX8_hznqlc22_wpftmp.csproj]
C:\Users\zacho\OneDrive\Downloads\Documentos\Projetos\pdv_medusax8\v1.1\v1.1\NFCeMonitorWindow.xaml.cs(38,22): error CS0111: Tipo "NFCeMonitorWindow" j├í define um membro chamado "LoadRows" com os mesmos tipos de par├ómetro [C:\Users\zacho\OneDrive\Downloads\Documentos\Projetos\pdv_medusax8\PDV_MedusaX8_hznqlc22_wpftmp.csproj]
C:\Users\zacho\OneDrive\Downloads\Documentos\Projetos\pdv_medusax8\v1.1\NFCeMonitorWindow.xaml.cs(75,22): error CS0111: Tipo "NFCeMonitorWindow" j├í define um membro chamado "Refresh_Click" com os mesmos tipos de par├ómetro [C:\Users\zacho\OneDrive\Downloads\Documentos\Projetos\pdv_medusax8\PDV_MedusaX8_hznqlc22_wpftmp.csproj]
C:\Users\zacho\OneDrive\Downloads\Documentos\Projetos\pdv_medusax8\v1.1\v1.1\NFCeMonitorWindow.xaml.cs(75,22): error CS0111: Tipo "NFCeMonitorWindow" j├í define um membro chamado "Refresh_Click" com os mesmos tipos de par├ómetro [C:\Users\zacho\OneDrive\Downloads\Documentos\Projetos\pdv_medusax8\PDV_MedusaX8_hznqlc22_wpftmp.csproj]
C:\Users\zacho\OneDrive\Downloads\Documentos\Projetos\pdv_medusax8\v1.1\NFCeMonitorWindow.xaml.cs(80,22): error CS0111: Tipo "NFCeMonitorWindow" j├í define um membro chamado "OpenXml_Click" com os mesmos tipos de par├ómetro [C:\Users\zacho\OneDrive\Downloads\Documentos\Projetos\pdv_medusax8\PDV_MedusaX8_hznqlc22_wpftmp.csproj]
C:\Users\zacho\OneDrive\Downloads\Documentos\Projetos\pdv_medusax8\v1.1\v1.1\NFCeMonitorWindow.xaml.cs(80,22): error CS0111: Tipo "NFCeMonitorWindow" j├í define um membro chamado "OpenXml_Click" com os mesmos tipos de par├ómetro [C:\Users\zacho\OneDrive\Downloads\Documentos\Projetos\pdv_medusax8\PDV_MedusaX8_hznqlc22_wpftmp.csproj]
C:\Users\zacho\OneDrive\Downloads\Documentos\Projetos\pdv_medusax8\v1.1\NFCeMonitorWindow.xaml.cs(110,22): error CS0111: Tipo "NFCeMonitorWindow" j├í define um membro chamado "Close_Click" com os mesmos tipos de par├ómetro [C:\Users\zacho\OneDrive\Downloads\Documentos\Projetos\pdv_medusax8\PDV_MedusaX8_hznqlc22_wpftmp.csproj]
C:\Users\zacho\OneDrive\Downloads\Documentos\Projetos\pdv_medusax8\v1.1\v1.1\NFCeMonitorWindow.xaml.cs(110,22): error CS0111: Tipo "NFCeMonitorWindow" j├í define um membro chamado "Close_Click" com os mesmos tipos de par├ómetro [C:\Users\zacho\OneDrive\Downloads\Documentos\Projetos\pdv_medusax8\PDV_MedusaX8_hznqlc22_wpftmp.csproj]
C:\Users\zacho\OneDrive\Downloads\Documentos\Projetos\pdv_medusax8\v1.1\NFCeMonitorWindow.xaml(18,51): error CS0102: O tipo "NFCeMonitorWindow" j├í cont├®m uma defini├º├úo para "DgvNFCe" [C:\Users\zacho\OneDrive\Downloads\Documentos\Projetos\pdv_medusax8\PDV_MedusaX8_hznqlc22_wpftmp.csproj]
C:\Users\zacho\OneDrive\Downloads\Documentos\Projetos\pdv_medusax8\v1.1\v1.1\NFCeMonitorWindow.xaml(18,51): error CS0102: O tipo "NFCeMonitorWindow" j├í cont├®m uma defini├º├úo para "DgvNFCe" [C:\Users\zacho\OneDrive\Downloads\Documentos\Projetos\pdv_medusax8\PDV_MedusaX8_hznqlc22_wpftmp.csproj]
C:\Users\zacho\OneDrive\Downloads\Documentos\Projetos\pdv_medusax8\obj\Release\net10.0-windows\v1.1\NFCeMonitorWindow.g.cs(50,22): error CS0102: O tipo "NFCeMonitorWindow" j├í cont├®m uma defini├º├úo para "_contentLoaded" [C:\Users\zacho\OneDrive\Downloads\Documentos\Projetos\pdv_medusax8\PDV_MedusaX8_hznqlc22_wpftmp.csproj]
C:\Users\zacho\OneDrive\Downloads\Documentos\Projetos\pdv_medusax8\obj\Release\net10.0-windows\v1.1\v1.1\NFCeMonitorWindow.g.cs(50,22): error CS0102: O tipo "NFCeMonitorWindow" j├í cont├®m uma defini├º├úo para "_contentLoaded" [C:\Users\zacho\OneDrive\Downloads\Documentos\Projetos\pdv_medusax8\PDV_MedusaX8_hznqlc22_wpftmp.csproj]
C:\Users\zacho\OneDrive\Downloads\Documentos\Projetos\pdv_medusax8\obj\Release\net10.0-windows\v1.1\NFCeMonitorWindow.g.cs(57,21): error CS0111: Tipo "NFCeMonitorWindow" j├í define um membro chamado "InitializeComponent" com os mesmos tipos de par├ómetro [C:\Users\zacho\OneDrive\Downloads\Documentos\Projetos\pdv_medusax8\PDV_MedusaX8_hznqlc22_wpftmp.csproj]
C:\Users\zacho\OneDrive\Downloads\Documentos\Projetos\pdv_medusax8\obj\Release\net10.0-windows\v1.1\v1.1\NFCeMonitorWindow.g.cs(57,21): error CS0111: Tipo "NFCeMonitorWindow" j├í define um membro chamado "InitializeComponent" com os mesmos tipos de par├ómetro [C:\Users\zacho\OneDrive\Downloads\Documentos\Projetos\pdv_medusax8\PDV_MedusaX8_hznqlc22_wpftmp.csproj]
C:\Users\zacho\OneDrive\Downloads\Documentos\Projetos\pdv_medusax8\obj\Release\net10.0-windows\v1.1\NFCeMonitorWindow.g.cs(77,56): error CS0111: Tipo "NFCeMonitorWindow" j├í define um membro chamado "System.Windows.Markup.IComponentConnector.Connect" com os mesmos tipos de par├ómetro [C:\Users\zacho\OneDrive\Downloads\Documentos\Projetos\pdv_medusax8\PDV_MedusaX8_hznqlc22_wpftmp.csproj]
C:\Users\zacho\OneDrive\Downloads\Documentos\Projetos\pdv_medusax8\obj\Release\net10.0-windows\v1.1\v1.1\NFCeMonitorWindow.g.cs(77,56): error CS0111: Tipo "NFCeMonitorWindow" j├í define um membro chamado "System.Windows.Markup.IComponentConnector.Connect" com os mesmos tipos de par├ómetro [C:\Users\zacho\OneDrive\Downloads\Documentos\Projetos\pdv_medusax8\PDV_MedusaX8_hznqlc22_wpftmp.csproj]
C:\Users\zacho\OneDrive\Downloads\Documentos\Projetos\pdv_medusax8\v1.1\ProdutosSearchWindow.xaml.cs(14,22): error CS0102: O tipo "ProdutosSearchWindow" j├í cont├®m uma defini├º├úo para "ProductEntry" [C:\Users\zacho\OneDrive\Downloads\Documentos\Projetos\pdv_medusax8\PDV_MedusaX8_hznqlc22_wpftmp.csproj]
C:\Users\zacho\OneDrive\Downloads\Documentos\Projetos\pdv_medusax8\v1.1\v1.1\ProdutosSearchWindow.xaml.cs(14,22): error CS0102: O tipo "ProdutosSearchWindow" j├í cont├®m uma defini├º├úo para "ProductEntry" [C:\Users\zacho\OneDrive\Downloads\Documentos\Projetos\pdv_medusax8\PDV_MedusaX8_hznqlc22_wpftmp.csproj]
C:\Users\zacho\OneDrive\Downloads\Documentos\Projetos\pdv_medusax8\v1.1\MainWindow.xaml.cs(19,33): error CS0102: O tipo "MainWindow" j├í cont├®m uma defini├º├úo para "timer" [C:\Users\zacho\OneDrive\Downloads\Documentos\Projetos\pdv_medusax8\PDV_MedusaX8_hznqlc22_wpftmp.csproj]
C:\Users\zacho\OneDrive\Downloads\Documentos\Projetos\pdv_medusax8\v1.1\v1.1\MainWindow.xaml.cs(19,33): error CS0102: O tipo "MainWindow" j├í cont├®m uma defini├º├úo para "timer" [C:\Users\zacho\OneDrive\Downloads\Documentos\Projetos\pdv_medusax8\PDV_MedusaX8_hznqlc22_wpftmp.csproj]
C:\Users\zacho\OneDrive\Downloads\Documentos\Projetos\pdv_medusax8\v1.1\MainWindow.xaml.cs(20,25): error CS0102: O tipo "MainWindow" j├í cont├®m uma defini├º├úo para "currentSaleTotal" [C:\Users\zacho\OneDrive\Downloads\Documentos\Projetos\pdv_medusax8\PDV_MedusaX8_hznqlc22_wpftmp.csproj]
C:\Users\zacho\OneDrive\Downloads\Documentos\Projetos\pdv_medusax8\v1.1\v1.1\MainWindow.xaml.cs(20,25): error CS0102: O tipo "MainWindow" j├í cont├®m uma defini├º├úo para "currentSaleTotal" [C:\Users\zacho\OneDrive\Downloads\Documentos\Projetos\pdv_medusax8\PDV_MedusaX8_hznqlc22_wpftmp.csproj]
C:\Users\zacho\OneDrive\Downloads\Documentos\Projetos\pdv_medusax8\v1.1\MainWindow.xaml.cs(21,22): error CS0102: O tipo "MainWindow" j├í cont├®m uma defini├º├úo para "_isParsingCodeInput" [C:\Users\zacho\OneDrive\Downloads\Documentos\Projetos\pdv_medusax8\PDV_MedusaX8_hznqlc22_wpftmp.csproj]
C:\Users\zacho\OneDrive\Downloads\Documentos\Projetos\pdv_medusax8\v1.1\v1.1\MainWindow.xaml.cs(21,22): error CS0102: O tipo "MainWindow" j├í cont├®m uma defini├º├úo para "_isParsingCodeInput" [C:\Users\zacho\OneDrive\Downloads\Documentos\Projetos\pdv_medusax8\PDV_MedusaX8_hznqlc22_wpftmp.csproj]
C:\Users\zacho\OneDrive\Downloads\Documentos\Projetos\pdv_medusax8\v1.1\MainWindow.xaml.cs(22,22): error CS0102: O tipo "MainWindow" j├í cont├®m uma defini├º├úo para "_modoAlteracaoPrecoF9" [C:\Users\zacho\OneDrive\Downloads\Documentos\Projetos\pdv_medusax8\PDV_MedusaX8_hznqlc22_wpftmp.csproj]
C:\Users\zacho\OneDrive\Downloads\Documentos\Projetos\pdv_medusax8\v1.1\v1.1\MainWindow.xaml.cs(22,22): error CS0102: O tipo "MainWindow" j├í cont├®m uma defini├º├úo para "_modoAlteracaoPrecoF9" [C:\Users\zacho\OneDrive\Downloads\Documentos\Projetos\pdv_medusax8\PDV_MedusaX8_hznqlc22_wpftmp.csproj]
C:\Users\zacho\OneDrive\Downloads\Documentos\Projetos\pdv_medusax8\v1.1\MainWindow.xaml.cs(23,22): error CS0102: O tipo "MainWindow" j├í cont├®m uma defini├º├úo para "_f9Enabled" [C:\Users\zacho\OneDrive\Downloads\Documentos\Projetos\pdv_medusax8\PDV_MedusaX8_hznqlc22_wpftmp.csproj]
C:\Users\zacho\OneDrive\Downloads\Documentos\Projetos\pdv_medusax8\v1.1\v1.1\MainWindow.xaml.cs(23,22): error CS0102: O tipo "MainWindow" j├í cont├®m uma defini├º├úo para "_f9Enabled" [C:\Users\zacho\OneDrive\Downloads\Documentos\Projetos\pdv_medusax8\PDV_MedusaX8_hznqlc22_wpftmp.csproj]
C:\Users\zacho\OneDrive\Downloads\Documentos\Projetos\pdv_medusax8\v1.1\MainWindow.xaml.cs(24,22): error CS0102: O tipo "MainWindow" j├í cont├®m uma defini├º├úo para "_promptConsumerOnFirstItem" [C:\Users\zacho\OneDrive\Downloads\Documentos\Projetos\pdv_medusax8\PDV_MedusaX8_hznqlc22_wpftmp.csproj]
C:\Users\zacho\OneDrive\Downloads\Documentos\Projetos\pdv_medusax8\v1.1\v1.1\MainWindow.xaml.cs(24,22): error CS0102: O tipo "MainWindow" j├í cont├®m uma defini├º├úo para "_promptConsumerOnFirstItem" [C:\Users\zacho\OneDrive\Downloads\Documentos\Projetos\pdv_medusax8\PDV_MedusaX8_hznqlc22_wpftmp.csproj]
C:\Users\zacho\OneDrive\Downloads\Documentos\Projetos\pdv_medusax8\v1.1\MainWindow.xaml.cs(27,22): error CS0102: O tipo "MainWindow" j├í cont├®m uma defini├º├úo para "_requireF2ToStartSale" [C:\Users\zacho\OneDrive\Downloads\Documentos\Projetos\pdv_medusax8\PDV_MedusaX8_hznqlc22_wpftmp.csproj]
C:\Users\zacho\OneDrive\Downloads\Documentos\Projetos\pdv_medusax8\v1.1\v1.1\MainWindow.xaml.cs(27,22): error CS0102: O tipo "MainWindow" j├í cont├®m uma defini├º├úo para "_requireF2ToStartSale" [C:\Users\zacho\OneDrive\Downloads\Documentos\Projetos\pdv_medusax8\PDV_MedusaX8_hznqlc22_wpftmp.csproj]
C:\Users\zacho\OneDrive\Downloads\Documentos\Projetos\pdv_medusax8\v1.1\MainWindow.xaml.cs(28,22): error CS0102: O tipo "MainWindow" j├í cont├®m uma defini├º├úo para "_saleStarted" [C:\Users\zacho\OneDrive\Downloads\Documentos\Projetos\pdv_medusax8\PDV_MedusaX8_hznqlc22_wpftmp.csproj]
C:\Users\zacho\OneDrive\Downloads\Documentos\Projetos\pdv_medusax8\v1.1\v1.1\MainWindow.xaml.cs(28,22): error CS0102: O tipo "MainWindow" j├í cont├®m uma defini├º├úo para "_saleStarted" [C:\Users\zacho\OneDrive\Downloads\Documentos\Projetos\pdv_medusax8\PDV_MedusaX8_hznqlc22_wpftmp.csproj]
C:\Users\zacho\OneDrive\Downloads\Documentos\Projetos\pdv_medusax8\v1.1\MainWindow.xaml.cs(31,41): error CS0102: O tipo "MainWindow" j├í cont├®m uma defini├º├úo para "_cartItems" [C:\Users\zacho\OneDrive\Downloads\Documentos\Projetos\pdv_medusax8\PDV_MedusaX8_hznqlc22_wpftmp.csproj]
C:\Users\zacho\OneDrive\Downloads\Documentos\Projetos\pdv_medusax8\v1.1\v1.1\MainWindow.xaml.cs(31,41): error CS0102: O tipo "MainWindow" j├í cont├®m uma defini├º├úo para "_cartItems" [C:\Users\zacho\OneDrive\Downloads\Documentos\Projetos\pdv_medusax8\PDV_MedusaX8_hznqlc22_wpftmp.csproj]
C:\Users\zacho\OneDrive\Downloads\Documentos\Projetos\pdv_medusax8\v1.1\MainWindow.xaml.cs(32,86): error CS0102: O tipo "MainWindow" j├í cont├®m uma defini├º├úo para "_catalog" [C:\Users\zacho\OneDrive\Downloads\Documentos\Projetos\pdv_medusax8\PDV_MedusaX8_hznqlc22_wpftmp.csproj]
C:\Users\zacho\OneDrive\Downloads\Documentos\Projetos\pdv_medusax8\v1.1\v1.1\MainWindow.xaml.cs(32,86): error CS0102: O tipo "MainWindow" j├í cont├®m uma defini├º├úo para "_catalog" [C:\Users\zacho\OneDrive\Downloads\Documentos\Projetos\pdv_medusax8\PDV_MedusaX8_hznqlc22_wpftmp.csproj]
C:\Users\zacho\OneDrive\Downloads\Documentos\Projetos\pdv_medusax8\v1.1\MainWindow.xaml.cs(35,25): error CS0102: O tipo "MainWindow" j├í cont├®m uma defini├º├úo para "_consumerName" [C:\Users\zacho\OneDrive\Downloads\Documentos\Projetos\pdv_medusax8\PDV_MedusaX8_hznqlc22_wpftmp.csproj]
C:\Users\zacho\OneDrive\Downloads\Documentos\Projetos\pdv_medusax8\v1.1\v1.1\MainWindow.xaml.cs(35,25): error CS0102: O tipo "MainWindow" j├í cont├®m uma defini├º├úo para "_consumerName" [C:\Users\zacho\OneDrive\Downloads\Documentos\Projetos\pdv_medusax8\PDV_MedusaX8_hznqlc22_wpftmp.csproj]
C:\Users\zacho\OneDrive\Downloads\Documentos\Projetos\pdv_medusax8\v1.1\MainWindow.xaml.cs(36,25): error CS0102: O tipo "MainWindow" j├í cont├®m uma defini├º├úo para "_consumerCPF" [C:\Users\zacho\OneDrive\Downloads\Documentos\Projetos\pdv_medusax8\PDV_MedusaX8_hznqlc22_wpftmp.csproj]
C:\Users\zacho\OneDrive\Downloads\Documentos\Projetos\pdv_medusax8\v1.1\v1.1\MainWindow.xaml.cs(36,25): error CS0102: O tipo "MainWindow" j├í cont├®m uma defini├º├úo para "_consumerCPF" [C:\Users\zacho\OneDrive\Downloads\Documentos\Projetos\pdv_medusax8\PDV_MedusaX8_hznqlc22_wpftmp.csproj]
C:\Users\zacho\OneDrive\Downloads\Documentos\Projetos\pdv_medusax8\v1.1\MainWindow.xaml.cs(37,22): error CS0102: O tipo "MainWindow" j├í cont├®m uma defini├º├úo para "_consumerCustomerId" [C:\Users\zacho\OneDrive\Downloads\Documentos\Projetos\pdv_medusax8\PDV_MedusaX8_hznqlc22_wpftmp.csproj]
C:\Users\zacho\OneDrive\Downloads\Documentos\Projetos\pdv_medusax8\v1.1\v1.1\MainWindow.xaml.cs(37,22): error CS0102: O tipo "MainWindow" j├í cont├®m uma defini├º├úo para "_consumerCustomerId" [C:\Users\zacho\OneDrive\Downloads\Documentos\Projetos\pdv_medusax8\PDV_MedusaX8_hznqlc22_wpftmp.csproj]
C:\Users\zacho\OneDrive\Downloads\Documentos\Projetos\pdv_medusax8\v1.1\MainWindow.xaml.cs(40,21): error CS0102: O tipo "MainWindow" j├í cont├®m uma defini├º├úo para "HasConsumer" [C:\Users\zacho\OneDrive\Downloads\Documentos\Projetos\pdv_medusax8\PDV_MedusaX8_hznqlc22_wpftmp.csproj]
C:\Users\zacho\OneDrive\Downloads\Documentos\Projetos\pdv_medusax8\v1.1\v1.1\MainWindow.xaml.cs(40,21): error CS0102: O tipo "MainWindow" j├í cont├®m uma defini├º├úo para "HasConsumer" [C:\Users\zacho\OneDrive\Downloads\Documentos\Projetos\pdv_medusax8\PDV_MedusaX8_hznqlc22_wpftmp.csproj]
C:\Users\zacho\OneDrive\Downloads\Documentos\Projetos\pdv_medusax8\v1.1\MainWindow.xaml.cs(41,24): error CS0102: O tipo "MainWindow" j├í cont├®m uma defini├º├úo para "ConsumerName" [C:\Users\zacho\OneDrive\Downloads\Documentos\Projetos\pdv_medusax8\PDV_MedusaX8_hznqlc22_wpftmp.csproj]
C:\Users\zacho\OneDrive\Downloads\Documentos\Projetos\pdv_medusax8\v1.1\v1.1\MainWindow.xaml.cs(41,24): error CS0102: O tipo "MainWindow" j├í cont├®m uma defini├º├úo para "ConsumerName" [C:\Users\zacho\OneDrive\Downloads\Documentos\Projetos\pdv_medusax8\PDV_MedusaX8_hznqlc22_wpftmp.csproj]
C:\Users\zacho\OneDrive\Downloads\Documentos\Projetos\pdv_medusax8\v1.1\MainWindow.xaml.cs(42,24): error CS0102: O tipo "MainWindow" j├í cont├®m uma defini├º├úo para "ConsumerCPF" [C:\Users\zacho\OneDrive\Downloads\Documentos\Projetos\pdv_medusax8\PDV_MedusaX8_hznqlc22_wpftmp.csproj]
C:\Users\zacho\OneDrive\Downloads\Documentos\Projetos\pdv_medusax8\v1.1\v1.1\MainWindow.xaml.cs(42,24): error CS0102: O tipo "MainWindow" j├í cont├®m uma defini├º├úo para "ConsumerCPF" [C:\Users\zacho\OneDrive\Downloads\Documentos\Projetos\pdv_medusax8\PDV_MedusaX8_hznqlc22_wpftmp.csproj]
C:\Users\zacho\OneDrive\Downloads\Documentos\Projetos\pdv_medusax8\v1.1\MainWindow.xaml.cs(43,21): error CS0102: O tipo "MainWindow" j├í cont├®m uma defini├º├úo para "ConsumerCustomerId" [C:\Users\zacho\OneDrive\Downloads\Documentos\Projetos\pdv_medusax8\PDV_MedusaX8_hznqlc22_wpftmp.csproj]
C:\Users\zacho\OneDrive\Downloads\Documentos\Projetos\pdv_medusax8\v1.1\v1.1\MainWindow.xaml.cs(43,21): error CS0102: O tipo "MainWindow" j├í cont├®m uma defini├º├úo para "ConsumerCustomerId" [C:\Users\zacho\OneDrive\Downloads\Documentos\Projetos\pdv_medusax8\PDV_MedusaX8_hznqlc22_wpftmp.csproj]
C:\Users\zacho\OneDrive\Downloads\Documentos\Projetos\pdv_medusax8\v1.1\MainWindow.xaml.cs(46,21): error CS0102: O tipo "MainWindow" j├í cont├®m uma defini├º├úo para "HasCustomerSelected" [C:\Users\zacho\OneDrive\Downloads\Documentos\Projetos\pdv_medusax8\PDV_MedusaX8_hznqlc22_wpftmp.csproj]
C:\Users\zacho\OneDrive\Downloads\Documentos\Projetos\pdv_medusax8\v1.1\v1.1\MainWindow.xaml.cs(46,21): error CS0102: O tipo "MainWindow" j├í cont├®m uma defini├º├úo para "HasCustomerSelected" [C:\Users\zacho\OneDrive\Downloads\Documentos\Projetos\pdv_medusax8\PDV_MedusaX8_hznqlc22_wpftmp.csproj]
C:\Users\zacho\OneDrive\Downloads\Documentos\Projetos\pdv_medusax8\v1.1\MainWindow.xaml.cs(49,22): error CS0102: O tipo "MainWindow" j├í cont├®m uma defini├º├úo para "_requireSupervisorForSangria" [C:\Users\zacho\OneDrive\Downloads\Documentos\Projetos\pdv_medusax8\PDV_MedusaX8_hznqlc22_wpftmp.csproj]
C:\Users\zacho\OneDrive\Downloads\Documentos\Projetos\pdv_medusax8\v1.1\v1.1\MainWindow.xaml.cs(49,22): error CS0102: O tipo "MainWindow" j├í cont├®m uma defini├º├úo para "_requireSupervisorForSangria" [C:\Users\zacho\OneDrive\Downloads\Documentos\Projetos\pdv_medusax8\PDV_MedusaX8_hznqlc22_wpftmp.csproj]
C:\Users\zacho\OneDrive\Downloads\Documentos\Projetos\pdv_medusax8\v1.1\MainWindow.xaml.cs(50,24): error CS0102: O tipo "MainWindow" j├í cont├®m uma defini├º├úo para "_supervisorCode" [C:\Users\zacho\OneDrive\Downloads\Documentos\Projetos\pdv_medusax8\PDV_MedusaX8_hznqlc22_wpftmp.csproj]
C:\Users\zacho\OneDrive\Downloads\Documentos\Projetos\pdv_medusax8\v1.1\v1.1\MainWindow.xaml.cs(50,24): error CS0102: O tipo "MainWindow" j├í cont├®m uma defini├º├úo para "_supervisorCode" [C:\Users\zacho\OneDrive\Downloads\Documentos\Projetos\pdv_medusax8\PDV_MedusaX8_hznqlc22_wpftmp.csproj]
C:\Users\zacho\OneDrive\Downloads\Documentos\Projetos\pdv_medusax8\v1.1\MainWindow.xaml.cs(51,24): error CS0102: O tipo "MainWindow" j├í cont├®m uma defini├º├úo para "_supervisorPassword" [C:\Users\zacho\OneDrive\Downloads\Documentos\Projetos\pdv_medusax8\PDV_MedusaX8_hznqlc22_wpftmp.csproj]
C:\Users\zacho\OneDrive\Downloads\Documentos\Projetos\pdv_medusax8\v1.1\v1.1\MainWindow.xaml.cs(51,24): error CS0102: O tipo "MainWindow" j├í cont├®m uma defini├º├úo para "_supervisorPassword" [C:\Users\zacho\OneDrive\Downloads\Documentos\Projetos\pdv_medusax8\PDV_MedusaX8_hznqlc22_wpftmp.csproj]
C:\Users\zacho\OneDrive\Downloads\Documentos\Projetos\pdv_medusax8\v1.1\MainWindow.xaml.cs(52,24): error CS0102: O tipo "MainWindow" j├í cont├®m uma defini├º├úo para "_supervisorName" [C:\Users\zacho\OneDrive\Downloads\Documentos\Projetos\pdv_medusax8\PDV_MedusaX8_hznqlc22_wpftmp.csproj]
C:\Users\zacho\OneDrive\Downloads\Documentos\Projetos\pdv_medusax8\v1.1\v1.1\MainWindow.xaml.cs(52,24): error CS0102: O tipo "MainWindow" j├í cont├®m uma defini├º├úo para "_supervisorName" [C:\Users\zacho\OneDrive\Downloads\Documentos\Projetos\pdv_medusax8\PDV_MedusaX8_hznqlc22_wpftmp.csproj]
C:\Users\zacho\OneDrive\Downloads\Documentos\Projetos\pdv_medusax8\v1.1\MainWindow.xaml.cs(55,21): error CS0102: O tipo "MainWindow" j├í cont├®m uma defini├º├úo para "RequiresSupervisorForSangria" [C:\Users\zacho\OneDrive\Downloads\Documentos\Projetos\pdv_medusax8\PDV_MedusaX8_hznqlc22_wpftmp.csproj]
C:\Users\zacho\OneDrive\Downloads\Documentos\Projetos\pdv_medusax8\v1.1\v1.1\MainWindow.xaml.cs(55,21): error CS0102: O tipo "MainWindow" j├í cont├®m uma defini├º├úo para "RequiresSupervisorForSangria" [C:\Users\zacho\OneDrive\Downloads\Documentos\Projetos\pdv_medusax8\PDV_MedusaX8_hznqlc22_wpftmp.csproj]
C:\Users\zacho\OneDrive\Downloads\Documentos\Projetos\pdv_medusax8\v1.1\MainWindow.xaml.cs(56,23): error CS0102: O tipo "MainWindow" j├í cont├®m uma defini├º├úo para "SupervisorName" [C:\Users\zacho\OneDrive\Downloads\Documentos\Projetos\pdv_medusax8\PDV_MedusaX8_hznqlc22_wpftmp.csproj]
C:\Users\zacho\OneDrive\Downloads\Documentos\Projetos\pdv_medusax8\v1.1\v1.1\MainWindow.xaml.cs(56,23): error CS0102: O tipo "MainWindow" j├í cont├®m uma defini├º├úo para "SupervisorName" [C:\Users\zacho\OneDrive\Downloads\Documentos\Projetos\pdv_medusax8\PDV_MedusaX8_hznqlc22_wpftmp.csproj]
C:\Users\zacho\OneDrive\Downloads\Documentos\Projetos\pdv_medusax8\v1.1\MainWindow.xaml.cs(57,21): error CS0111: Tipo "MainWindow" j├í define um membro chamado "ValidateSupervisor" com os mesmos tipos de par├ómetro [C:\Users\zacho\OneDrive\Downloads\Documentos\Projetos\pdv_medusax8\PDV_MedusaX8_hznqlc22_wpftmp.csproj]
C:\Users\zacho\OneDrive\Downloads\Documentos\Projetos\pdv_medusax8\v1.1\v1.1\MainWindow.xaml.cs(57,21): error CS0111: Tipo "MainWindow" j├í define um membro chamado "ValidateSupervisor" com os mesmos tipos de par├ómetro [C:\Users\zacho\OneDrive\Downloads\Documentos\Projetos\pdv_medusax8\PDV_MedusaX8_hznqlc22_wpftmp.csproj]
C:\Users\zacho\OneDrive\Downloads\Documentos\Projetos\pdv_medusax8\v1.1\MainWindow.xaml.cs(65,16): error CS0111: Tipo "MainWindow" j├í define um membro chamado "MainWindow" com os mesmos tipos de par├ómetro [C:\Users\zacho\OneDrive\Downloads\Documentos\Projetos\pdv_medusax8\PDV_MedusaX8_hznqlc22_wpftmp.csproj]
C:\Users\zacho\OneDrive\Downloads\Documentos\Projetos\pdv_medusax8\v1.1\v1.1\MainWindow.xaml.cs(65,16): error CS0111: Tipo "MainWindow" j├í define um membro chamado "MainWindow" com os mesmos tipos de par├ómetro [C:\Users\zacho\OneDrive\Downloads\Documentos\Projetos\pdv_medusax8\PDV_MedusaX8_hznqlc22_wpftmp.csproj]
C:\Users\zacho\OneDrive\Downloads\Documentos\Projetos\pdv_medusax8\v1.1\MainWindow.xaml.cs(95,21): error CS0111: Tipo "MainWindow" j├í define um membro chamado "SetConsumer" com os mesmos tipos de par├ómetro [C:\Users\zacho\OneDrive\Downloads\Documentos\Projetos\pdv_medusax8\PDV_MedusaX8_hznqlc22_wpftmp.csproj]
C:\Users\zacho\OneDrive\Downloads\Documentos\Projetos\pdv_medusax8\v1.1\v1.1\MainWindow.xaml.cs(95,21): error CS0111: Tipo "MainWindow" j├í define um membro chamado "SetConsumer" com os mesmos tipos de par├ómetro [C:\Users\zacho\OneDrive\Downloads\Documentos\Projetos\pdv_medusax8\PDV_MedusaX8_hznqlc22_wpftmp.csproj]
C:\Users\zacho\OneDrive\Downloads\Documentos\Projetos\pdv_medusax8\v1.1\MainWindow.xaml.cs(105,21): error CS0111: Tipo "MainWindow" j├í define um membro chamado "EnsureConsumerSelected" com os mesmos tipos de par├ómetro [C:\Users\zacho\OneDrive\Downloads\Documentos\Projetos\pdv_medusax8\PDV_MedusaX8_hznqlc22_wpftmp.csproj]
C:\Users\zacho\OneDrive\Downloads\Documentos\Projetos\pdv_medusax8\v1.1\v1.1\MainWindow.xaml.cs(105,21): error CS0111: Tipo "MainWindow" j├í define um membro chamado "EnsureConsumerSelected" com os mesmos tipos de par├ómetro [C:\Users\zacho\OneDrive\Downloads\Documentos\Projetos\pdv_medusax8\PDV_MedusaX8_hznqlc22_wpftmp.csproj]
C:\Users\zacho\OneDrive\Downloads\Documentos\Projetos\pdv_medusax8\v1.1\MainWindow.xaml.cs(119,22): error CS0111: Tipo "MainWindow" j├í define um membro chamado "MainWindow_Closing" com os mesmos tipos de par├ómetro [C:\Users\zacho\OneDrive\Downloads\Documentos\Projetos\pdv_medusax8\PDV_MedusaX8_hznqlc22_wpftmp.csproj]
C:\Users\zacho\OneDrive\Downloads\Documentos\Projetos\pdv_medusax8\v1.1\v1.1\MainWindow.xaml.cs(119,22): error CS0111: Tipo "MainWindow" j├í define um membro chamado "MainWindow_Closing" com os mesmos tipos de par├ómetro [C:\Users\zacho\OneDrive\Downloads\Documentos\Projetos\pdv_medusax8\PDV_MedusaX8_hznqlc22_wpftmp.csproj]
C:\Users\zacho\OneDrive\Downloads\Documentos\Projetos\pdv_medusax8\v1.1\MainWindow.xaml.cs(128,22): error CS0111: Tipo "MainWindow" j├í define um membro chamado "CloseWindow" com os mesmos tipos de par├ómetro [C:\Users\zacho\OneDrive\Downloads\Documentos\Projetos\pdv_medusax8\PDV_MedusaX8_hznqlc22_wpftmp.csproj]
C:\Users\zacho\OneDrive\Downloads\Documentos\Projetos\pdv_medusax8\v1.1\v1.1\MainWindow.xaml.cs(128,22): error CS0111: Tipo "MainWindow" j├í define um membro chamado "CloseWindow" com os mesmos tipos de par├ómetro [C:\Users\zacho\OneDrive\Downloads\Documentos\Projetos\pdv_medusax8\PDV_MedusaX8_hznqlc22_wpftmp.csproj]
C:\Users\zacho\OneDrive\Downloads\Documentos\Projetos\pdv_medusax8\v1.1\MainWindow.xaml.cs(138,22): error CS0111: Tipo "MainWindow" j├í define um membro chamado "UpdateWindowCloseState" com os mesmos tipos de par├ómetro [C:\Users\zacho\OneDrive\Downloads\Documentos\Projetos\pdv_medusax8\PDV_MedusaX8_hznqlc22_wpftmp.csproj]
C:\Users\zacho\OneDrive\Downloads\Documentos\Projetos\pdv_medusax8\v1.1\v1.1\MainWindow.xaml.cs(138,22): error CS0111: Tipo "MainWindow" j├í define um membro chamado "UpdateWindowCloseState" com os mesmos tipos de par├ómetro [C:\Users\zacho\OneDrive\Downloads\Documentos\Projetos\pdv_medusax8\PDV_MedusaX8_hznqlc22_wpftmp.csproj]
C:\Users\zacho\OneDrive\Downloads\Documentos\Projetos\pdv_medusax8\v1.1\MainWindow.xaml.cs(151,22): error CS0111: Tipo "MainWindow" j├í define um membro chamado "LoadCartItems" com os mesmos tipos de par├ómetro [C:\Users\zacho\OneDrive\Downloads\Documentos\Projetos\pdv_medusax8\PDV_MedusaX8_hznqlc22_wpftmp.csproj]
C:\Users\zacho\OneDrive\Downloads\Documentos\Projetos\pdv_medusax8\v1.1\v1.1\MainWindow.xaml.cs(151,22): error CS0111: Tipo "MainWindow" j├í define um membro chamado "LoadCartItems" com os mesmos tipos de par├ómetro [C:\Users\zacho\OneDrive\Downloads\Documentos\Projetos\pdv_medusax8\PDV_MedusaX8_hznqlc22_wpftmp.csproj]
C:\Users\zacho\OneDrive\Downloads\Documentos\Projetos\pdv_medusax8\v1.1\MainWindow.xaml.cs(160,22): error CS0111: Tipo "MainWindow" j├í define um membro chamado "ShortcutAction" com os mesmos tipos de par├ómetro [C:\Users\zacho\OneDrive\Downloads\Documentos\Projetos\pdv_medusax8\PDV_MedusaX8_hznqlc22_wpftmp.csproj]
C:\Users\zacho\OneDrive\Downloads\Documentos\Projetos\pdv_medusax8\v1.1\v1.1\MainWindow.xaml.cs(160,22): error CS0111: Tipo "MainWindow" j├í define um membro chamado "ShortcutAction" com os mesmos tipos de par├ómetro [C:\Users\zacho\OneDrive\Downloads\Documentos\Projetos\pdv_medusax8\PDV_MedusaX8_hznqlc22_wpftmp.csproj]
C:\Users\zacho\OneDrive\Downloads\Documentos\Projetos\pdv_medusax8\v1.1\MainWindow.xaml.cs(179,22): error CS0111: Tipo "MainWindow" j├í define um membro chamado "HandleShortcutMode" com os mesmos tipos de par├ómetro [C:\Users\zacho\OneDrive\Downloads\Documentos\Projetos\pdv_medusax8\PDV_MedusaX8_hznqlc22_wpftmp.csproj]
C:\Users\zacho\OneDrive\Downloads\Documentos\Projetos\pdv_medusax8\v1.1\v1.1\MainWindow.xaml.cs(179,22): error CS0111: Tipo "MainWindow" j├í define um membro chamado "HandleShortcutMode" com os mesmos tipos de par├ómetro [C:\Users\zacho\OneDrive\Downloads\Documentos\Projetos\pdv_medusax8\PDV_MedusaX8_hznqlc22_wpftmp.csproj]
C:\Users\zacho\OneDrive\Downloads\Documentos\Projetos\pdv_medusax8\v1.1\MainWindow.xaml.cs(372,22): error CS0111: Tipo "MainWindow" j├í define um membro chamado "OpenCancelItemWindow" com os mesmos tipos de par├ómetro [C:\Users\zacho\OneDrive\Downloads\Documentos\Projetos\pdv_medusax8\PDV_MedusaX8_hznqlc22_wpftmp.csproj]
C:\Users\zacho\OneDrive\Downloads\Documentos\Projetos\pdv_medusax8\v1.1\v1.1\MainWindow.xaml.cs(372,22): error CS0111: Tipo "MainWindow" j├í define um membro chamado "OpenCancelItemWindow" com os mesmos tipos de par├ómetro [C:\Users\zacho\OneDrive\Downloads\Documentos\Projetos\pdv_medusax8\PDV_MedusaX8_hznqlc22_wpftmp.csproj]
C:\Users\zacho\OneDrive\Downloads\Documentos\Projetos\pdv_medusax8\v1.1\MainWindow.xaml.cs(402,60): error CS0111: Tipo "MainWindow" j├í define um membro chamado "BuildCancelOptionsFromCart" com os mesmos tipos de par├ómetro [C:\Users\zacho\OneDrive\Downloads\Documentos\Projetos\pdv_medusax8\PDV_MedusaX8_hznqlc22_wpftmp.csproj]
C:\Users\zacho\OneDrive\Downloads\Documentos\Projetos\pdv_medusax8\v1.1\v1.1\MainWindow.xaml.cs(402,60): error CS0111: Tipo "MainWindow" j├í define um membro chamado "BuildCancelOptionsFromCart" com os mesmos tipos de par├ómetro [C:\Users\zacho\OneDrive\Downloads\Documentos\Projetos\pdv_medusax8\PDV_MedusaX8_hznqlc22_wpftmp.csproj]
C:\Users\zacho\OneDrive\Downloads\Documentos\Projetos\pdv_medusax8\v1.1\MainWindow.xaml.cs(429,22): error CS0111: Tipo "MainWindow" j├í define um membro chamado "CancelCartItem" com os mesmos tipos de par├ómetro [C:\Users\zacho\OneDrive\Downloads\Documentos\Projetos\pdv_medusax8\PDV_MedusaX8_hznqlc22_wpftmp.csproj]
C:\Users\zacho\OneDrive\Downloads\Documentos\Projetos\pdv_medusax8\v1.1\v1.1\MainWindow.xaml.cs(429,22): error CS0111: Tipo "MainWindow" j├í define um membro chamado "CancelCartItem" com os mesmos tipos de par├ómetro [C:\Users\zacho\OneDrive\Downloads\Documentos\Projetos\pdv_medusax8\PDV_MedusaX8_hznqlc22_wpftmp.csproj]
C:\Users\zacho\OneDrive\Downloads\Documentos\Projetos\pdv_medusax8\v1.1\MainWindow.xaml.cs(457,22): error CS0111: Tipo "MainWindow" j├í define um membro chamado "UpdateTotalsAndRefresh" com os mesmos tipos de par├ómetro [C:\Users\zacho\OneDrive\Downloads\Documentos\Projetos\pdv_medusax8\PDV_MedusaX8_hznqlc22_wpftmp.csproj]
C:\Users\zacho\OneDrive\Downloads\Documentos\Projetos\pdv_medusax8\v1.1\v1.1\MainWindow.xaml.cs(457,22): error CS0111: Tipo "MainWindow" j├í define um membro chamado "UpdateTotalsAndRefresh" com os mesmos tipos de par├ómetro [C:\Users\zacho\OneDrive\Downloads\Documentos\Projetos\pdv_medusax8\PDV_MedusaX8_hznqlc22_wpftmp.csproj]
C:\Users\zacho\OneDrive\Downloads\Documentos\Projetos\pdv_medusax8\v1.1\MainWindow.xaml.cs(476,22): error CS0111: Tipo "MainWindow" j├í define um membro chamado "Window_KeyDown" com os mesmos tipos de par├ómetro [C:\Users\zacho\OneDrive\Downloads\Documentos\Projetos\pdv_medusax8\PDV_MedusaX8_hznqlc22_wpftmp.csproj]
C:\Users\zacho\OneDrive\Downloads\Documentos\Projetos\pdv_medusax8\v1.1\v1.1\MainWindow.xaml.cs(476,22): error CS0111: Tipo "MainWindow" j├í define um membro chamado "Window_KeyDown" com os mesmos tipos de par├ómetro [C:\Users\zacho\OneDrive\Downloads\Documentos\Projetos\pdv_medusax8\PDV_MedusaX8_hznqlc22_wpftmp.csproj]
C:\Users\zacho\OneDrive\Downloads\Documentos\Projetos\pdv_medusax8\v1.1\MainWindow.xaml.cs(534,22): error CS0111: Tipo "MainWindow" j├í define um membro chamado "MinimizeWindow" com os mesmos tipos de par├ómetro [C:\Users\zacho\OneDrive\Downloads\Documentos\Projetos\pdv_medusax8\PDV_MedusaX8_hznqlc22_wpftmp.csproj]
C:\Users\zacho\OneDrive\Downloads\Documentos\Projetos\pdv_medusax8\v1.1\v1.1\MainWindow.xaml.cs(534,22): error CS0111: Tipo "MainWindow" j├í define um membro chamado "MinimizeWindow" com os mesmos tipos de par├ómetro [C:\Users\zacho\OneDrive\Downloads\Documentos\Projetos\pdv_medusax8\PDV_MedusaX8_hznqlc22_wpftmp.csproj]
C:\Users\zacho\OneDrive\Downloads\Documentos\Projetos\pdv_medusax8\v1.1\MainWindow.xaml.cs(539,22): error CS0111: Tipo "MainWindow" j├í define um membro chamado "MaximizeRestoreWindow" com os mesmos tipos de par├ómetro [C:\Users\zacho\OneDrive\Downloads\Documentos\Projetos\pdv_medusax8\PDV_MedusaX8_hznqlc22_wpftmp.csproj]
C:\Users\zacho\OneDrive\Downloads\Documentos\Projetos\pdv_medusax8\v1.1\v1.1\MainWindow.xaml.cs(539,22): error CS0111: Tipo "MainWindow" j├í define um membro chamado "MaximizeRestoreWindow" com os mesmos tipos de par├ómetro [C:\Users\zacho\OneDrive\Downloads\Documentos\Projetos\pdv_medusax8\PDV_MedusaX8_hznqlc22_wpftmp.csproj]
C:\Users\zacho\OneDrive\Downloads\Documentos\Projetos\pdv_medusax8\v1.1\MainWindow.xaml.cs(544,22): error CS0111: Tipo "MainWindow" j├í define um membro chamado "InputCodeField_KeyDown" com os mesmos tipos de par├ómetro [C:\Users\zacho\OneDrive\Downloads\Documentos\Projetos\pdv_medusax8\PDV_MedusaX8_hznqlc22_wpftmp.csproj]
C:\Users\zacho\OneDrive\Downloads\Documentos\Projetos\pdv_medusax8\v1.1\v1.1\MainWindow.xaml.cs(544,22): error CS0111: Tipo "MainWindow" j├í define um membro chamado "InputCodeField_KeyDown" com os mesmos tipos de par├ómetro [C:\Users\zacho\OneDrive\Downloads\Documentos\Projetos\pdv_medusax8\PDV_MedusaX8_hznqlc22_wpftmp.csproj]
C:\Users\zacho\OneDrive\Downloads\Documentos\Projetos\pdv_medusax8\v1.1\MainWindow.xaml.cs(589,22): error CS0111: Tipo "MainWindow" j├í define um membro chamado "InputCodeField_TextChanged" com os mesmos tipos de par├ómetro [C:\Users\zacho\OneDrive\Downloads\Documentos\Projetos\pdv_medusax8\PDV_MedusaX8_hznqlc22_wpftmp.csproj]
C:\Users\zacho\OneDrive\Downloads\Documentos\Projetos\pdv_medusax8\v1.1\v1.1\MainWindow.xaml.cs(589,22): error CS0111: Tipo "MainWindow" j├í define um membro chamado "InputCodeField_TextChanged" com os mesmos tipos de par├ómetro [C:\Users\zacho\OneDrive\Downloads\Documentos\Projetos\pdv_medusax8\PDV_MedusaX8_hznqlc22_wpftmp.csproj]
C:\Users\zacho\OneDrive\Downloads\Documentos\Projetos\pdv_medusax8\v1.1\MainWindow.xaml.cs(638,22): error CS0111: Tipo "MainWindow" j├í define um membro chamado "RedirectQtyClickToCode" com os mesmos tipos de par├ómetro [C:\Users\zacho\OneDrive\Downloads\Documentos\Projetos\pdv_medusax8\PDV_MedusaX8_hznqlc22_wpftmp.csproj]
C:\Users\zacho\OneDrive\Downloads\Documentos\Projetos\pdv_medusax8\v1.1\v1.1\MainWindow.xaml.cs(638,22): error CS0111: Tipo "MainWindow" j├í define um membro chamado "RedirectQtyClickToCode" com os mesmos tipos de par├ómetro [C:\Users\zacho\OneDrive\Downloads\Documentos\Projetos\pdv_medusax8\PDV_MedusaX8_hznqlc22_wpftmp.csproj]
C:\Users\zacho\OneDrive\Downloads\Documentos\Projetos\pdv_medusax8\v1.1\MainWindow.xaml.cs(648,22): error CS0111: Tipo "MainWindow" j├í define um membro chamado "HandleCodeInput" com os mesmos tipos de par├ómetro [C:\Users\zacho\OneDrive\Downloads\Documentos\Projetos\pdv_medusax8\PDV_MedusaX8_hznqlc22_wpftmp.csproj]
C:\Users\zacho\OneDrive\Downloads\Documentos\Projetos\pdv_medusax8\v1.1\v1.1\MainWindow.xaml.cs(648,22): error CS0111: Tipo "MainWindow" j├í define um membro chamado "HandleCodeInput" com os mesmos tipos de par├ómetro [C:\Users\zacho\OneDrive\Downloads\Documentos\Projetos\pdv_medusax8\PDV_MedusaX8_hznqlc22_wpftmp.csproj]
C:\Users\zacho\OneDrive\Downloads\Documentos\Projetos\pdv_medusax8\v1.1\MainWindow.xaml.cs(749,22): error CS0111: Tipo "MainWindow" j├í define um membro chamado "AddOrMergeCartItem" com os mesmos tipos de par├ómetro [C:\Users\zacho\OneDrive\Downloads\Documentos\Projetos\pdv_medusax8\PDV_MedusaX8_hznqlc22_wpftmp.csproj]
C:\Users\zacho\OneDrive\Downloads\Documentos\Projetos\pdv_medusax8\v1.1\v1.1\MainWindow.xaml.cs(749,22): error CS0111: Tipo "MainWindow" j├í define um membro chamado "AddOrMergeCartItem" com os mesmos tipos de par├ómetro [C:\Users\zacho\OneDrive\Downloads\Documentos\Projetos\pdv_medusax8\PDV_MedusaX8_hznqlc22_wpftmp.csproj]
C:\Users\zacho\OneDrive\Downloads\Documentos\Projetos\pdv_medusax8\v1.1\MainWindow.xaml.cs(782,22): error CS0111: Tipo "MainWindow" j├í define um membro chamado "UpdateConsumerLabels" com os mesmos tipos de par├ómetro [C:\Users\zacho\OneDrive\Downloads\Documentos\Projetos\pdv_medusax8\PDV_MedusaX8_hznqlc22_wpftmp.csproj]
C:\Users\zacho\OneDrive\Downloads\Documentos\Projetos\pdv_medusax8\v1.1\v1.1\MainWindow.xaml.cs(782,22): error CS0111: Tipo "MainWindow" j├í define um membro chamado "UpdateConsumerLabels" com os mesmos tipos de par├ómetro [C:\Users\zacho\OneDrive\Downloads\Documentos\Projetos\pdv_medusax8\PDV_MedusaX8_hznqlc22_wpftmp.csproj]
C:\Users\zacho\OneDrive\Downloads\Documentos\Projetos\pdv_medusax8\v1.1\MainWindow.xaml.cs(787,22): error CS0111: Tipo "MainWindow" j├í define um membro chamado "FinalizeSale" com os mesmos tipos de par├ómetro [C:\Users\zacho\OneDrive\Downloads\Documentos\Projetos\pdv_medusax8\PDV_MedusaX8_hznqlc22_wpftmp.csproj]
C:\Users\zacho\OneDrive\Downloads\Documentos\Projetos\pdv_medusax8\v1.1\v1.1\MainWindow.xaml.cs(787,22): error CS0111: Tipo "MainWindow" j├í define um membro chamado "FinalizeSale" com os mesmos tipos de par├ómetro [C:\Users\zacho\OneDrive\Downloads\Documentos\Projetos\pdv_medusax8\PDV_MedusaX8_hznqlc22_wpftmp.csproj]
C:\Users\zacho\OneDrive\Downloads\Documentos\Projetos\pdv_medusax8\v1.1\MainWindow.xaml.cs(806,22): error CS0111: Tipo "MainWindow" j├í define um membro chamado "CancelSale" com os mesmos tipos de par├ómetro [C:\Users\zacho\OneDrive\Downloads\Documentos\Projetos\pdv_medusax8\PDV_MedusaX8_hznqlc22_wpftmp.csproj]
C:\Users\zacho\OneDrive\Downloads\Documentos\Projetos\pdv_medusax8\v1.1\v1.1\MainWindow.xaml.cs(806,22): error CS0111: Tipo "MainWindow" j├í define um membro chamado "CancelSale" com os mesmos tipos de par├ómetro [C:\Users\zacho\OneDrive\Downloads\Documentos\Projetos\pdv_medusax8\PDV_MedusaX8_hznqlc22_wpftmp.csproj]
C:\Users\zacho\OneDrive\Downloads\Documentos\Projetos\pdv_medusax8\v1.1\MainWindow.xaml.cs(825,22): error CS0111: Tipo "MainWindow" j├í define um membro chamado "InitProductCatalog" com os mesmos tipos de par├ómetro [C:\Users\zacho\OneDrive\Downloads\Documentos\Projetos\pdv_medusax8\PDV_MedusaX8_hznqlc22_wpftmp.csproj]
C:\Users\zacho\OneDrive\Downloads\Documentos\Projetos\pdv_medusax8\v1.1\v1.1\MainWindow.xaml.cs(825,22): error CS0111: Tipo "MainWindow" j├í define um membro chamado "InitProductCatalog" com os mesmos tipos de par├ómetro [C:\Users\zacho\OneDrive\Downloads\Documentos\Projetos\pdv_medusax8\PDV_MedusaX8_hznqlc22_wpftmp.csproj]
C:\Users\zacho\OneDrive\Downloads\Documentos\Projetos\pdv_medusax8\v1.1\MainWindow.xaml.cs(853,24): error CS0111: Tipo "MainWindow" j├í define um membro chamado "GetConnectionString" com os mesmos tipos de par├ómetro [C:\Users\zacho\OneDrive\Downloads\Documentos\Projetos\pdv_medusax8\PDV_MedusaX8_hznqlc22_wpftmp.csproj]
C:\Users\zacho\OneDrive\Downloads\Documentos\Projetos\pdv_medusax8\v1.1\v1.1\MainWindow.xaml.cs(853,24): error CS0111: Tipo "MainWindow" j├í define um membro chamado "GetConnectionString" com os mesmos tipos de par├ómetro [C:\Users\zacho\OneDrive\Downloads\Documentos\Projetos\pdv_medusax8\PDV_MedusaX8_hznqlc22_wpftmp.csproj]
C:\Users\zacho\OneDrive\Downloads\Documentos\Projetos\pdv_medusax8\v1.1\MainWindow.xaml.cs(858,22): error CS0111: Tipo "MainWindow" j├í define um membro chamado "InitializeDatabase" com os mesmos tipos de par├ómetro [C:\Users\zacho\OneDrive\Downloads\Documentos\Projetos\pdv_medusax8\PDV_MedusaX8_hznqlc22_wpftmp.csproj]
C:\Users\zacho\OneDrive\Downloads\Documentos\Projetos\pdv_medusax8\v1.1\v1.1\MainWindow.xaml.cs(858,22): error CS0111: Tipo "MainWindow" j├í define um membro chamado "InitializeDatabase" com os mesmos tipos de par├ómetro [C:\Users\zacho\OneDrive\Downloads\Documentos\Projetos\pdv_medusax8\PDV_MedusaX8_hznqlc22_wpftmp.csproj]
C:\Users\zacho\OneDrive\Downloads\Documentos\Projetos\pdv_medusax8\v1.1\MainWindow.xaml.cs(1139,22): error CS0111: Tipo "MainWindow" j├í define um membro chamado "LoadF9OptionFlag" com os mesmos tipos de par├ómetro [C:\Users\zacho\OneDrive\Downloads\Documentos\Projetos\pdv_medusax8\PDV_MedusaX8_hznqlc22_wpftmp.csproj]
C:\Users\zacho\OneDrive\Downloads\Documentos\Projetos\pdv_medusax8\v1.1\v1.1\MainWindow.xaml.cs(1139,22): error CS0111: Tipo "MainWindow" j├í define um membro chamado "LoadF9OptionFlag" com os mesmos tipos de par├ómetro [C:\Users\zacho\OneDrive\Downloads\Documentos\Projetos\pdv_medusax8\PDV_MedusaX8_hznqlc22_wpftmp.csproj]
C:\Users\zacho\OneDrive\Downloads\Documentos\Projetos\pdv_medusax8\v1.1\MainWindow.xaml.cs(1154,22): error CS0111: Tipo "MainWindow" j├í define um membro chamado "LoadPromptConsumerFlag" com os mesmos tipos de par├ómetro [C:\Users\zacho\OneDrive\Downloads\Documentos\Projetos\pdv_medusax8\PDV_MedusaX8_hznqlc22_wpftmp.csproj]
C:\Users\zacho\OneDrive\Downloads\Documentos\Projetos\pdv_medusax8\v1.1\v1.1\MainWindow.xaml.cs(1154,22): error CS0111: Tipo "MainWindow" j├í define um membro chamado "LoadPromptConsumerFlag" com os mesmos tipos de par├ómetro [C:\Users\zacho\OneDrive\Downloads\Documentos\Projetos\pdv_medusax8\PDV_MedusaX8_hznqlc22_wpftmp.csproj]
C:\Users\zacho\OneDrive\Downloads\Documentos\Projetos\pdv_medusax8\v1.1\MainWindow.xaml.cs(1168,22): error CS0111: Tipo "MainWindow" j├í define um membro chamado "LoadSupervisorSettings" com os mesmos tipos de par├ómetro [C:\Users\zacho\OneDrive\Downloads\Documentos\Projetos\pdv_medusax8\PDV_MedusaX8_hznqlc22_wpftmp.csproj]
C:\Users\zacho\OneDrive\Downloads\Documentos\Projetos\pdv_medusax8\v1.1\v1.1\MainWindow.xaml.cs(1168,22): error CS0111: Tipo "MainWindow" j├í define um membro chamado "LoadSupervisorSettings" com os mesmos tipos de par├ómetro [C:\Users\zacho\OneDrive\Downloads\Documentos\Projetos\pdv_medusax8\PDV_MedusaX8_hznqlc22_wpftmp.csproj]
C:\Users\zacho\OneDrive\Downloads\Documentos\Projetos\pdv_medusax8\v1.1\MainWindow.xaml.cs(1201,22): error CS0111: Tipo "MainWindow" j├í define um membro chamado "LoadRequireF2StartSaleFlag" com os mesmos tipos de par├ómetro [C:\Users\zacho\OneDrive\Downloads\Documentos\Projetos\pdv_medusax8\PDV_MedusaX8_hznqlc22_wpftmp.csproj]
C:\Users\zacho\OneDrive\Downloads\Documentos\Projetos\pdv_medusax8\v1.1\v1.1\MainWindow.xaml.cs(1201,22): error CS0111: Tipo "MainWindow" j├í define um membro chamado "LoadRequireF2StartSaleFlag" com os mesmos tipos de par├ómetro [C:\Users\zacho\OneDrive\Downloads\Documentos\Projetos\pdv_medusax8\PDV_MedusaX8_hznqlc22_wpftmp.csproj]
C:\Users\zacho\OneDrive\Downloads\Documentos\Projetos\pdv_medusax8\v1.1\MainWindow.xaml.cs(1216,22): error CS0111: Tipo "MainWindow" j├í define um membro chamado "InitializeTEF" com os mesmos tipos de par├ómetro [C:\Users\zacho\OneDrive\Downloads\Documentos\Projetos\pdv_medusax8\PDV_MedusaX8_hznqlc22_wpftmp.csproj]
C:\Users\zacho\OneDrive\Downloads\Documentos\Projetos\pdv_medusax8\v1.1\v1.1\MainWindow.xaml.cs(1216,22): error CS0111: Tipo "MainWindow" j├í define um membro chamado "InitializeTEF" com os mesmos tipos de par├ómetro [C:\Users\zacho\OneDrive\Downloads\Documentos\Projetos\pdv_medusax8\PDV_MedusaX8_hznqlc22_wpftmp.csproj]
C:\Users\zacho\OneDrive\Downloads\Documentos\Projetos\pdv_medusax8\v1.1\MainWindow.xaml.cs(1245,22): error CS0111: Tipo "MainWindow" j├í define um membro chamado "EnsureProductTableSeededFromCatalog" com os mesmos tipos de par├ómetro [C:\Users\zacho\OneDrive\Downloads\Documentos\Projetos\pdv_medusax8\PDV_MedusaX8_hznqlc22_wpftmp.csproj]
C:\Users\zacho\OneDrive\Downloads\Documentos\Projetos\pdv_medusax8\v1.1\v1.1\MainWindow.xaml.cs(1245,22): error CS0111: Tipo "MainWindow" j├í define um membro chamado "EnsureProductTableSeededFromCatalog" com os mesmos tipos de par├ómetro [C:\Users\zacho\OneDrive\Downloads\Documentos\Projetos\pdv_medusax8\PDV_MedusaX8_hznqlc22_wpftmp.csproj]
C:\Users\zacho\OneDrive\Downloads\Documentos\Projetos\pdv_medusax8\v1.1\MainWindow.xaml.cs(1288,18): error CS0111: Tipo "MainWindow" j├í define um membro chamado "OpenPriceAlterationWindow" com os mesmos tipos de par├ómetro [C:\Users\zacho\OneDrive\Downloads\Documentos\Projetos\pdv_medusax8\PDV_MedusaX8_hznqlc22_wpftmp.csproj]
C:\Users\zacho\OneDrive\Downloads\Documentos\Projetos\pdv_medusax8\v1.1\v1.1\MainWindow.xaml.cs(1288,18): error CS0111: Tipo "MainWindow" j├í define um membro chamado "OpenPriceAlterationWindow" com os mesmos tipos de par├ómetro [C:\Users\zacho\OneDrive\Downloads\Documentos\Projetos\pdv_medusax8\PDV_MedusaX8_hznqlc22_wpftmp.csproj]
C:\Users\zacho\OneDrive\Downloads\Documentos\Projetos\pdv_medusax8\v1.1\MainWindow.xaml.cs(1319,18): error CS0111: Tipo "MainWindow" j├í define um membro chamado "OpenItemDiscountWindow" com os mesmos tipos de par├ómetro [C:\Users\zacho\OneDrive\Downloads\Documentos\Projetos\pdv_medusax8\PDV_MedusaX8_hznqlc22_wpftmp.csproj]
C:\Users\zacho\OneDrive\Downloads\Documentos\Projetos\pdv_medusax8\v1.1\v1.1\MainWindow.xaml.cs(1319,18): error CS0111: Tipo "MainWindow" j├í define um membro chamado "OpenItemDiscountWindow" com os mesmos tipos de par├ómetro [C:\Users\zacho\OneDrive\Downloads\Documentos\Projetos\pdv_medusax8\PDV_MedusaX8_hznqlc22_wpftmp.csproj]
C:\Users\zacho\OneDrive\Downloads\Documentos\Projetos\pdv_medusax8\v1.1\MainWindow.xaml.cs(1354,21): error CS0111: Tipo "MainWindow" j├í define um membro chamado "LoadMaxDiscountPercentOrDefault" com os mesmos tipos de par├ómetro [C:\Users\zacho\OneDrive\Downloads\Documentos\Projetos\pdv_medusax8\PDV_MedusaX8_hznqlc22_wpftmp.csproj]
C:\Users\zacho\OneDrive\Downloads\Documentos\Projetos\pdv_medusax8\v1.1\v1.1\MainWindow.xaml.cs(1354,21): error CS0111: Tipo "MainWindow" j├í define um membro chamado "LoadMaxDiscountPercentOrDefault" com os mesmos tipos de par├ómetro [C:\Users\zacho\OneDrive\Downloads\Documentos\Projetos\pdv_medusax8\PDV_MedusaX8_hznqlc22_wpftmp.csproj]
C:\Users\zacho\OneDrive\Downloads\Documentos\Projetos\pdv_medusax8\v1.1\MainWindow.xaml.cs(1392,27): error CS0111: Tipo "MainWindow" j├í define um membro chamado "GetCartItemsSnapshot" com os mesmos tipos de par├ómetro [C:\Users\zacho\OneDrive\Downloads\Documentos\Projetos\pdv_medusax8\PDV_MedusaX8_hznqlc22_wpftmp.csproj]
C:\Users\zacho\OneDrive\Downloads\Documentos\Projetos\pdv_medusax8\v1.1\v1.1\MainWindow.xaml.cs(1392,27): error CS0111: Tipo "MainWindow" j├í define um membro chamado "GetCartItemsSnapshot" com os mesmos tipos de par├ómetro [C:\Users\zacho\OneDrive\Downloads\Documentos\Projetos\pdv_medusax8\PDV_MedusaX8_hznqlc22_wpftmp.csproj]
C:\Users\zacho\OneDrive\Downloads\Documentos\Projetos\pdv_medusax8\v1.1\MainWindow.xaml(153,49): error CS0102: O tipo "MainWindow" j├í cont├®m uma defini├º├úo para "BtnCloseWindow" [C:\Users\zacho\OneDrive\Downloads\Documentos\Projetos\pdv_medusax8\PDV_MedusaX8_hznqlc22_wpftmp.csproj]
C:\Users\zacho\OneDrive\Downloads\Documentos\Projetos\pdv_medusax8\v1.1\v1.1\MainWindow.xaml(153,49): error CS0102: O tipo "MainWindow" j├í cont├®m uma defini├º├úo para "BtnCloseWindow" [C:\Users\zacho\OneDrive\Downloads\Documentos\Projetos\pdv_medusax8\PDV_MedusaX8_hznqlc22_wpftmp.csproj]
C:\Users\zacho\OneDrive\Downloads\Documentos\Projetos\pdv_medusax8\v1.1\MainWindow.xaml(174,52): error CS0102: O tipo "MainWindow" j├í cont├®m uma defini├º├úo para "LastProductText" [C:\Users\zacho\OneDrive\Downloads\Documentos\Projetos\pdv_medusax8\PDV_MedusaX8_hznqlc22_wpftmp.csproj]
C:\Users\zacho\OneDrive\Downloads\Documentos\Projetos\pdv_medusax8\v1.1\v1.1\MainWindow.xaml(174,52): error CS0102: O tipo "MainWindow" j├í cont├®m uma defini├º├úo para "LastProductText" [C:\Users\zacho\OneDrive\Downloads\Documentos\Projetos\pdv_medusax8\PDV_MedusaX8_hznqlc22_wpftmp.csproj]
C:\Users\zacho\OneDrive\Downloads\Documentos\Projetos\pdv_medusax8\v1.1\MainWindow.xaml(198,51): error CS0102: O tipo "MainWindow" j├í cont├®m uma defini├º├úo para "DgvProdutos" [C:\Users\zacho\OneDrive\Downloads\Documentos\Projetos\pdv_medusax8\PDV_MedusaX8_hznqlc22_wpftmp.csproj]
C:\Users\zacho\OneDrive\Downloads\Documentos\Projetos\pdv_medusax8\v1.1\v1.1\MainWindow.xaml(198,51): error CS0102: O tipo "MainWindow" j├í cont├®m uma defini├º├úo para "DgvProdutos" [C:\Users\zacho\OneDrive\Downloads\Documentos\Projetos\pdv_medusax8\PDV_MedusaX8_hznqlc22_wpftmp.csproj]
C:\Users\zacho\OneDrive\Downloads\Documentos\Projetos\pdv_medusax8\v1.1\MainWindow.xaml(331,52): error CS0102: O tipo "MainWindow" j├í cont├®m uma defini├º├úo para "LblSubtotal" [C:\Users\zacho\OneDrive\Downloads\Documentos\Projetos\pdv_medusax8\PDV_MedusaX8_hznqlc22_wpftmp.csproj]
C:\Users\zacho\OneDrive\Downloads\Documentos\Projetos\pdv_medusax8\v1.1\v1.1\MainWindow.xaml(331,52): error CS0102: O tipo "MainWindow" j├í cont├®m uma defini├º├úo para "LblSubtotal" [C:\Users\zacho\OneDrive\Downloads\Documentos\Projetos\pdv_medusax8\PDV_MedusaX8_hznqlc22_wpftmp.csproj]
C:\Users\zacho\OneDrive\Downloads\Documentos\Projetos\pdv_medusax8\v1.1\MainWindow.xaml(335,52): error CS0102: O tipo "MainWindow" j├í cont├®m uma defini├º├úo para "LblDescontoTotal" [C:\Users\zacho\OneDrive\Downloads\Documentos\Projetos\pdv_medusax8\PDV_MedusaX8_hznqlc22_wpftmp.csproj]
C:\Users\zacho\OneDrive\Downloads\Documentos\Projetos\pdv_medusax8\v1.1\v1.1\MainWindow.xaml(335,52): error CS0102: O tipo "MainWindow" j├í cont├®m uma defini├º├úo para "LblDescontoTotal" [C:\Users\zacho\OneDrive\Downloads\Documentos\Projetos\pdv_medusax8\PDV_MedusaX8_hznqlc22_wpftmp.csproj]
C:\Users\zacho\OneDrive\Downloads\Documentos\Projetos\pdv_medusax8\v1.1\MainWindow.xaml(339,52): error CS0102: O tipo "MainWindow" j├í cont├®m uma defini├º├úo para "LblFinalTotal" [C:\Users\zacho\OneDrive\Downloads\Documentos\Projetos\pdv_medusax8\PDV_MedusaX8_hznqlc22_wpftmp.csproj]
C:\Users\zacho\OneDrive\Downloads\Documentos\Projetos\pdv_medusax8\v1.1\v1.1\MainWindow.xaml(339,52): error CS0102: O tipo "MainWindow" j├í cont├®m uma defini├º├úo para "LblFinalTotal" [C:\Users\zacho\OneDrive\Downloads\Documentos\Projetos\pdv_medusax8\PDV_MedusaX8_hznqlc22_wpftmp.csproj]
C:\Users\zacho\OneDrive\Downloads\Documentos\Projetos\pdv_medusax8\v1.1\MainWindow.xaml(353,48): error CS0102: O tipo "MainWindow" j├í cont├®m uma defini├º├úo para "ProductImageDisplay" [C:\Users\zacho\OneDrive\Downloads\Documentos\Projetos\pdv_medusax8\PDV_MedusaX8_hznqlc22_wpftmp.csproj]
C:\Users\zacho\OneDrive\Downloads\Documentos\Projetos\pdv_medusax8\v1.1\v1.1\MainWindow.xaml(353,48): error CS0102: O tipo "MainWindow" j├í cont├®m uma defini├º├úo para "ProductImageDisplay" [C:\Users\zacho\OneDrive\Downloads\Documentos\Projetos\pdv_medusax8\PDV_MedusaX8_hznqlc22_wpftmp.csproj]
C:\Users\zacho\OneDrive\Downloads\Documentos\Projetos\pdv_medusax8\v1.1\MainWindow.xaml(371,50): error CS0102: O tipo "MainWindow" j├í cont├®m uma defini├º├úo para "InputQtyField" [C:\Users\zacho\OneDrive\Downloads\Documentos\Projetos\pdv_medusax8\PDV_MedusaX8_hznqlc22_wpftmp.csproj]
C:\Users\zacho\OneDrive\Downloads\Documentos\Projetos\pdv_medusax8\v1.1\v1.1\MainWindow.xaml(371,50): error CS0102: O tipo "MainWindow" j├í cont├®m uma defini├º├úo para "InputQtyField" [C:\Users\zacho\OneDrive\Downloads\Documentos\Projetos\pdv_medusax8\PDV_MedusaX8_hznqlc22_wpftmp.csproj]
C:\Users\zacho\OneDrive\Downloads\Documentos\Projetos\pdv_medusax8\v1.1\MainWindow.xaml(391,50): error CS0102: O tipo "MainWindow" j├í cont├®m uma defini├º├úo para "InputCodeField" [C:\Users\zacho\OneDrive\Downloads\Documentos\Projetos\pdv_medusax8\PDV_MedusaX8_hznqlc22_wpftmp.csproj]
C:\Users\zacho\OneDrive\Downloads\Documentos\Projetos\pdv_medusax8\v1.1\v1.1\MainWindow.xaml(391,50): error CS0102: O tipo "MainWindow" j├í cont├®m uma defini├º├úo para "InputCodeField" [C:\Users\zacho\OneDrive\Downloads\Documentos\Projetos\pdv_medusax8\PDV_MedusaX8_hznqlc22_wpftmp.csproj]
C:\Users\zacho\OneDrive\Downloads\Documentos\Projetos\pdv_medusax8\v1.1\MainWindow.xaml(423,49): error CS0102: O tipo "MainWindow" j├í cont├®m uma defini├º├úo para "BtnClienteShortcut" [C:\Users\zacho\OneDrive\Downloads\Documentos\Projetos\pdv_medusax8\PDV_MedusaX8_hznqlc22_wpftmp.csproj]
C:\Users\zacho\OneDrive\Downloads\Documentos\Projetos\pdv_medusax8\v1.1\v1.1\MainWindow.xaml(423,49): error CS0102: O tipo "MainWindow" j├í cont├®m uma defini├º├úo para "BtnClienteShortcut" [C:\Users\zacho\OneDrive\Downloads\Documentos\Projetos\pdv_medusax8\PDV_MedusaX8_hznqlc22_wpftmp.csproj]
C:\Users\zacho\OneDrive\Downloads\Documentos\Projetos\pdv_medusax8\v1.1\MainWindow.xaml(449,52): error CS0102: O tipo "MainWindow" j├í cont├®m uma defini├º├úo para "TxtStatusBar" [C:\Users\zacho\OneDrive\Downloads\Documentos\Projetos\pdv_medusax8\PDV_MedusaX8_hznqlc22_wpftmp.csproj]
C:\Users\zacho\OneDrive\Downloads\Documentos\Projetos\pdv_medusax8\v1.1\v1.1\MainWindow.xaml(449,52): error CS0102: O tipo "MainWindow" j├í cont├®m uma defini├º├úo para "TxtStatusBar" [C:\Users\zacho\OneDrive\Downloads\Documentos\Projetos\pdv_medusax8\PDV_MedusaX8_hznqlc22_wpftmp.csproj]
C:\Users\zacho\OneDrive\Downloads\Documentos\Projetos\pdv_medusax8\v1.1\MainWindow.xaml(453,52): error CS0102: O tipo "MainWindow" j├í cont├®m uma defini├º├úo para "CurrentTimeText" [C:\Users\zacho\OneDrive\Downloads\Documentos\Projetos\pdv_medusax8\PDV_MedusaX8_hznqlc22_wpftmp.csproj]
C:\Users\zacho\OneDrive\Downloads\Documentos\Projetos\pdv_medusax8\v1.1\v1.1\MainWindow.xaml(453,52): error CS0102: O tipo "MainWindow" j├í cont├®m uma defini├º├úo para "CurrentTimeText" [C:\Users\zacho\OneDrive\Downloads\Documentos\Projetos\pdv_medusax8\PDV_MedusaX8_hznqlc22_wpftmp.csproj]
C:\Users\zacho\OneDrive\Downloads\Documentos\Projetos\pdv_medusax8\obj\Release\net10.0-windows\v1.1\MainWindow.g.cs(138,22): error CS0102: O tipo "MainWindow" j├í cont├®m uma defini├º├úo para "_contentLoaded" [C:\Users\zacho\OneDrive\Downloads\Documentos\Projetos\pdv_medusax8\PDV_MedusaX8_hznqlc22_wpftmp.csproj]
C:\Users\zacho\OneDrive\Downloads\Documentos\Projetos\pdv_medusax8\obj\Release\net10.0-windows\v1.1\v1.1\MainWindow.g.cs(138,22): error CS0102: O tipo "MainWindow" j├í cont├®m uma defini├º├úo para "_contentLoaded" [C:\Users\zacho\OneDrive\Downloads\Documentos\Projetos\pdv_medusax8\PDV_MedusaX8_hznqlc22_wpftmp.csproj]
C:\Users\zacho\OneDrive\Downloads\Documentos\Projetos\pdv_medusax8\obj\Release\net10.0-windows\v1.1\MainWindow.g.cs(145,21): error CS0111: Tipo "MainWindow" j├í define um membro chamado "InitializeComponent" com os mesmos tipos de par├ómetro [C:\Users\zacho\OneDrive\Downloads\Documentos\Projetos\pdv_medusax8\PDV_MedusaX8_hznqlc22_wpftmp.csproj]
C:\Users\zacho\OneDrive\Downloads\Documentos\Projetos\pdv_medusax8\obj\Release\net10.0-windows\v1.1\v1.1\MainWindow.g.cs(145,21): error CS0111: Tipo "MainWindow" j├í define um membro chamado "InitializeComponent" com os mesmos tipos de par├ómetro [C:\Users\zacho\OneDrive\Downloads\Documentos\Projetos\pdv_medusax8\PDV_MedusaX8_hznqlc22_wpftmp.csproj]
C:\Users\zacho\OneDrive\Downloads\Documentos\Projetos\pdv_medusax8\obj\Release\net10.0-windows\v1.1\MainWindow.g.cs(165,56): error CS0111: Tipo "MainWindow" j├í define um membro chamado "System.Windows.Markup.IComponentConnector.Connect" com os mesmos tipos de par├ómetro [C:\Users\zacho\OneDrive\Downloads\Documentos\Projetos\pdv_medusax8\PDV_MedusaX8_hznqlc22_wpftmp.csproj]
C:\Users\zacho\OneDrive\Downloads\Documentos\Projetos\pdv_medusax8\obj\Release\net10.0-windows\v1.1\v1.1\MainWindow.g.cs(165,56): error CS0111: Tipo "MainWindow" j├í define um membro chamado "System.Windows.Markup.IComponentConnector.Connect" com os mesmos tipos de par├ómetro [C:\Users\zacho\OneDrive\Downloads\Documentos\Projetos\pdv_medusax8\PDV_MedusaX8_hznqlc22_wpftmp.csproj]
C:\Users\zacho\OneDrive\Downloads\Documentos\Projetos\pdv_medusax8\PaymentWindow.xaml.cs(23,26): error CS8646: 'IComponentConnector.Connect(int, object)' ├® implementado explicitamente mais de uma vez. [C:\Users\zacho\OneDrive\Downloads\Documentos\Projetos\pdv_medusax8\PDV_MedusaX8_hznqlc22_wpftmp.csproj]
C:\Users\zacho\OneDrive\Downloads\Documentos\Projetos\pdv_medusax8\PaymentWindow.xaml.cs(23,26): error CS8646: 'IStyleConnector.Connect(int, object)' ├® implementado explicitamente mais de uma vez. [C:\Users\zacho\OneDrive\Downloads\Documentos\Projetos\pdv_medusax8\PDV_MedusaX8_hznqlc22_wpftmp.csproj]
C:\Users\zacho\OneDrive\Downloads\Documentos\Projetos\pdv_medusax8\SangriaWindow.xaml.cs(9,26): error CS8646: 'IComponentConnector.Connect(int, object)' ├® implementado explicitamente mais de uma vez. [C:\Users\zacho\OneDrive\Downloads\Documentos\Projetos\pdv_medusax8\PDV_MedusaX8_hznqlc22_wpftmp.csproj]
C:\Users\zacho\OneDrive\Downloads\Documentos\Projetos\pdv_medusax8\v1.1\SangriaWindow.xaml.cs(11,16): error CS0111: Tipo "SangriaWindow" j├í define um membro chamado "SangriaWindow" com os mesmos tipos de par├ómetro [C:\Users\zacho\OneDrive\Downloads\Documentos\Projetos\pdv_medusax8\PDV_MedusaX8_hznqlc22_wpftmp.csproj]
C:\Users\zacho\OneDrive\Downloads\Documentos\Projetos\pdv_medusax8\v1.1\v1.1\SangriaWindow.xaml.cs(11,16): error CS0111: Tipo "SangriaWindow" j├í define um membro chamado "SangriaWindow" com os mesmos tipos de par├ómetro [C:\Users\zacho\OneDrive\Downloads\Documentos\Projetos\pdv_medusax8\PDV_MedusaX8_hznqlc22_wpftmp.csproj]
C:\Users\zacho\OneDrive\Downloads\Documentos\Projetos\pdv_medusax8\v1.1\SangriaWindow.xaml.cs(18,22): error CS0111: Tipo "SangriaWindow" j├í define um membro chamado "SangriaWindow_Loaded" com os mesmos tipos de par├ómetro [C:\Users\zacho\OneDrive\Downloads\Documentos\Projetos\pdv_medusax8\PDV_MedusaX8_hznqlc22_wpftmp.csproj]
C:\Users\zacho\OneDrive\Downloads\Documentos\Projetos\pdv_medusax8\v1.1\v1.1\SangriaWindow.xaml.cs(18,22): error CS0111: Tipo "SangriaWindow" j├í define um membro chamado "SangriaWindow_Loaded" com os mesmos tipos de par├ómetro [C:\Users\zacho\OneDrive\Downloads\Documentos\Projetos\pdv_medusax8\PDV_MedusaX8_hznqlc22_wpftmp.csproj]
C:\Users\zacho\OneDrive\Downloads\Documentos\Projetos\pdv_medusax8\v1.1\SangriaWindow.xaml.cs(26,24): error CS0111: Tipo "SangriaWindow" j├í define um membro chamado "GetConnectionString" com os mesmos tipos de par├ómetro [C:\Users\zacho\OneDrive\Downloads\Documentos\Projetos\pdv_medusax8\PDV_MedusaX8_hznqlc22_wpftmp.csproj]
C:\Users\zacho\OneDrive\Downloads\Documentos\Projetos\pdv_medusax8\v1.1\v1.1\SangriaWindow.xaml.cs(26,24): error CS0111: Tipo "SangriaWindow" j├í define um membro chamado "GetConnectionString" com os mesmos tipos de par├ómetro [C:\Users\zacho\OneDrive\Downloads\Documentos\Projetos\pdv_medusax8\PDV_MedusaX8_hznqlc22_wpftmp.csproj]
C:\Users\zacho\OneDrive\Downloads\Documentos\Projetos\pdv_medusax8\v1.1\SangriaWindow.xaml.cs(31,22): error CS0111: Tipo "SangriaWindow" j├í define um membro chamado "BtnBuscarCheque_Click" com os mesmos tipos de par├ómetro [C:\Users\zacho\OneDrive\Downloads\Documentos\Projetos\pdv_medusax8\PDV_MedusaX8_hznqlc22_wpftmp.csproj]
C:\Users\zacho\OneDrive\Downloads\Documentos\Projetos\pdv_medusax8\v1.1\v1.1\SangriaWindow.xaml.cs(31,22): error CS0111: Tipo "SangriaWindow" j├í define um membro chamado "BtnBuscarCheque_Click" com os mesmos tipos de par├ómetro [C:\Users\zacho\OneDrive\Downloads\Documentos\Projetos\pdv_medusax8\PDV_MedusaX8_hznqlc22_wpftmp.csproj]
C:\Users\zacho\OneDrive\Downloads\Documentos\Projetos\pdv_medusax8\v1.1\SangriaWindow.xaml.cs(53,22): error CS0111: Tipo "SangriaWindow" j├í define um membro chamado "BtnSalvar_Click" com os mesmos tipos de par├ómetro [C:\Users\zacho\OneDrive\Downloads\Documentos\Projetos\pdv_medusax8\PDV_MedusaX8_hznqlc22_wpftmp.csproj]
C:\Users\zacho\OneDrive\Downloads\Documentos\Projetos\pdv_medusax8\v1.1\v1.1\SangriaWindow.xaml.cs(53,22): error CS0111: Tipo "SangriaWindow" j├í define um membro chamado "BtnSalvar_Click" com os mesmos tipos de par├ómetro [C:\Users\zacho\OneDrive\Downloads\Documentos\Projetos\pdv_medusax8\PDV_MedusaX8_hznqlc22_wpftmp.csproj]
C:\Users\zacho\OneDrive\Downloads\Documentos\Projetos\pdv_medusax8\v1.1\SangriaWindow.xaml.cs(119,22): error CS0111: Tipo "SangriaWindow" j├í define um membro chamado "BtnCancelar_Click" com os mesmos tipos de par├ómetro [C:\Users\zacho\OneDrive\Downloads\Documentos\Projetos\pdv_medusax8\PDV_MedusaX8_hznqlc22_wpftmp.csproj]
C:\Users\zacho\OneDrive\Downloads\Documentos\Projetos\pdv_medusax8\v1.1\v1.1\SangriaWindow.xaml.cs(119,22): error CS0111: Tipo "SangriaWindow" j├í define um membro chamado "BtnCancelar_Click" com os mesmos tipos de par├ómetro [C:\Users\zacho\OneDrive\Downloads\Documentos\Projetos\pdv_medusax8\PDV_MedusaX8_hznqlc22_wpftmp.csproj]
C:\Users\zacho\OneDrive\Downloads\Documentos\Projetos\pdv_medusax8\v1.1\SangriaWindow.xaml(17,50): error CS0102: O tipo "SangriaWindow" j├í cont├®m uma defini├º├úo para "TxtValor" [C:\Users\zacho\OneDrive\Downloads\Documentos\Projetos\pdv_medusax8\PDV_MedusaX8_hznqlc22_wpftmp.csproj]
C:\Users\zacho\OneDrive\Downloads\Documentos\Projetos\pdv_medusax8\v1.1\v1.1\SangriaWindow.xaml(17,50): error CS0102: O tipo "SangriaWindow" j├í cont├®m uma defini├º├úo para "TxtValor" [C:\Users\zacho\OneDrive\Downloads\Documentos\Projetos\pdv_medusax8\PDV_MedusaX8_hznqlc22_wpftmp.csproj]
C:\Users\zacho\OneDrive\Downloads\Documentos\Projetos\pdv_medusax8\v1.1\SangriaWindow.xaml(18,49): error CS0102: O tipo "SangriaWindow" j├í cont├®m uma defini├º├úo para "BtnBuscarCheque" [C:\Users\zacho\OneDrive\Downloads\Documentos\Projetos\pdv_medusax8\PDV_MedusaX8_hznqlc22_wpftmp.csproj]
C:\Users\zacho\OneDrive\Downloads\Documentos\Projetos\pdv_medusax8\v1.1\v1.1\SangriaWindow.xaml(18,49): error CS0102: O tipo "SangriaWindow" j├í cont├®m uma defini├º├úo para "BtnBuscarCheque" [C:\Users\zacho\OneDrive\Downloads\Documentos\Projetos\pdv_medusax8\PDV_MedusaX8_hznqlc22_wpftmp.csproj]
C:\Users\zacho\OneDrive\Downloads\Documentos\Projetos\pdv_medusax8\v1.1\SangriaWindow.xaml(21,50): error CS0102: O tipo "SangriaWindow" j├í cont├®m uma defini├º├úo para "TxtMotivo" [C:\Users\zacho\OneDrive\Downloads\Documentos\Projetos\pdv_medusax8\PDV_MedusaX8_hznqlc22_wpftmp.csproj]
C:\Users\zacho\OneDrive\Downloads\Documentos\Projetos\pdv_medusax8\v1.1\v1.1\SangriaWindow.xaml(21,50): error CS0102: O tipo "SangriaWindow" j├í cont├®m uma defini├º├úo para "TxtMotivo" [C:\Users\zacho\OneDrive\Downloads\Documentos\Projetos\pdv_medusax8\PDV_MedusaX8_hznqlc22_wpftmp.csproj]
C:\Users\zacho\OneDrive\Downloads\Documentos\Projetos\pdv_medusax8\v1.1\SangriaWindow.xaml(24,53): error CS0102: O tipo "SangriaWindow" j├í cont├®m uma defini├º├úo para "SupervisorPanel" [C:\Users\zacho\OneDrive\Downloads\Documentos\Projetos\pdv_medusax8\PDV_MedusaX8_hznqlc22_wpftmp.csproj]
C:\Users\zacho\OneDrive\Downloads\Documentos\Projetos\pdv_medusax8\v1.1\v1.1\SangriaWindow.xaml(24,53): error CS0102: O tipo "SangriaWindow" j├í cont├®m uma defini├º├úo para "SupervisorPanel" [C:\Users\zacho\OneDrive\Downloads\Documentos\Projetos\pdv_medusax8\PDV_MedusaX8_hznqlc22_wpftmp.csproj]
C:\Users\zacho\OneDrive\Downloads\Documentos\Projetos\pdv_medusax8\v1.1\SangriaWindow.xaml(28,50): error CS0102: O tipo "SangriaWindow" j├í cont├®m uma defini├º├úo para "TxtSupervisorCode" [C:\Users\zacho\OneDrive\Downloads\Documentos\Projetos\pdv_medusax8\PDV_MedusaX8_hznqlc22_wpftmp.csproj]
C:\Users\zacho\OneDrive\Downloads\Documentos\Projetos\pdv_medusax8\v1.1\v1.1\SangriaWindow.xaml(28,50): error CS0102: O tipo "SangriaWindow" j├í cont├®m uma defini├º├úo para "TxtSupervisorCode" [C:\Users\zacho\OneDrive\Downloads\Documentos\Projetos\pdv_medusax8\PDV_MedusaX8_hznqlc22_wpftmp.csproj]
C:\Users\zacho\OneDrive\Downloads\Documentos\Projetos\pdv_medusax8\v1.1\SangriaWindow.xaml(32,54): error CS0102: O tipo "SangriaWindow" j├í cont├®m uma defini├º├úo para "TxtSupervisorPassword" [C:\Users\zacho\OneDrive\Downloads\Documentos\Projetos\pdv_medusax8\PDV_MedusaX8_hznqlc22_wpftmp.csproj]
C:\Users\zacho\OneDrive\Downloads\Documentos\Projetos\pdv_medusax8\v1.1\v1.1\SangriaWindow.xaml(32,54): error CS0102: O tipo "SangriaWindow" j├í cont├®m uma defini├º├úo para "TxtSupervisorPassword" [C:\Users\zacho\OneDrive\Downloads\Documentos\Projetos\pdv_medusax8\PDV_MedusaX8_hznqlc22_wpftmp.csproj]
C:\Users\zacho\OneDrive\Downloads\Documentos\Projetos\pdv_medusax8\obj\Release\net10.0-windows\v1.1\SangriaWindow.g.cs(90,22): error CS0102: O tipo "SangriaWindow" j├í cont├®m uma defini├º├úo para "_contentLoaded" [C:\Users\zacho\OneDrive\Downloads\Documentos\Projetos\pdv_medusax8\PDV_MedusaX8_hznqlc22_wpftmp.csproj]
C:\Users\zacho\OneDrive\Downloads\Documentos\Projetos\pdv_medusax8\obj\Release\net10.0-windows\v1.1\v1.1\SangriaWindow.g.cs(90,22): error CS0102: O tipo "SangriaWindow" j├í cont├®m uma defini├º├úo para "_contentLoaded" [C:\Users\zacho\OneDrive\Downloads\Documentos\Projetos\pdv_medusax8\PDV_MedusaX8_hznqlc22_wpftmp.csproj]
C:\Users\zacho\OneDrive\Downloads\Documentos\Projetos\pdv_medusax8\obj\Release\net10.0-windows\v1.1\SangriaWindow.g.cs(97,21): error CS0111: Tipo "SangriaWindow" j├í define um membro chamado "InitializeComponent" com os mesmos tipos de par├ómetro [C:\Users\zacho\OneDrive\Downloads\Documentos\Projetos\pdv_medusax8\PDV_MedusaX8_hznqlc22_wpftmp.csproj]
C:\Users\zacho\OneDrive\Downloads\Documentos\Projetos\pdv_medusax8\obj\Release\net10.0-windows\v1.1\v1.1\SangriaWindow.g.cs(97,21): error CS0111: Tipo "SangriaWindow" j├í define um membro chamado "InitializeComponent" com os mesmos tipos de par├ómetro [C:\Users\zacho\OneDrive\Downloads\Documentos\Projetos\pdv_medusax8\PDV_MedusaX8_hznqlc22_wpftmp.csproj]
C:\Users\zacho\OneDrive\Downloads\Documentos\Projetos\pdv_medusax8\obj\Release\net10.0-windows\v1.1\SangriaWindow.g.cs(117,56): error CS0111: Tipo "SangriaWindow" j├í define um membro chamado "System.Windows.Markup.IComponentConnector.Connect" com os mesmos tipos de par├ómetro [C:\Users\zacho\OneDrive\Downloads\Documentos\Projetos\pdv_medusax8\PDV_MedusaX8_hznqlc22_wpftmp.csproj]
C:\Users\zacho\OneDrive\Downloads\Documentos\Projetos\pdv_medusax8\obj\Release\net10.0-windows\v1.1\v1.1\SangriaWindow.g.cs(117,56): error CS0111: Tipo "SangriaWindow" j├í define um membro chamado "System.Windows.Markup.IComponentConnector.Connect" com os mesmos tipos de par├ómetro [C:\Users\zacho\OneDrive\Downloads\Documentos\Projetos\pdv_medusax8\PDV_MedusaX8_hznqlc22_wpftmp.csproj]
C:\Users\zacho\OneDrive\Downloads\Documentos\Projetos\pdv_medusax8\v1.1\PaymentWindow.xaml.cs(25,25): error CS0102: O tipo "PaymentWindow" j├í cont├®m uma defini├º├úo para "SaleTotal" [C:\Users\zacho\OneDrive\Downloads\Documentos\Projetos\pdv_medusax8\PDV_MedusaX8_hznqlc22_wpftmp.csproj]
C:\Users\zacho\OneDrive\Downloads\Documentos\Projetos\pdv_medusax8\v1.1\v1.1\PaymentWindow.xaml.cs(25,25): error CS0102: O tipo "PaymentWindow" j├í cont├®m uma defini├º├úo para "SaleTotal" [C:\Users\zacho\OneDrive\Downloads\Documentos\Projetos\pdv_medusax8\PDV_MedusaX8_hznqlc22_wpftmp.csproj]
C:\Users\zacho\OneDrive\Downloads\Documentos\Projetos\pdv_medusax8\v1.1\PaymentWindow.xaml.cs(26,25): error CS0102: O tipo "PaymentWindow" j├í cont├®m uma defini├º├úo para "AppliedTotal" [C:\Users\zacho\OneDrive\Downloads\Documentos\Projetos\pdv_medusax8\PDV_MedusaX8_hznqlc22_wpftmp.csproj]
C:\Users\zacho\OneDrive\Downloads\Documentos\Projetos\pdv_medusax8\v1.1\v1.1\PaymentWindow.xaml.cs(26,25): error CS0102: O tipo "PaymentWindow" j├í cont├®m uma defini├º├úo para "AppliedTotal" [C:\Users\zacho\OneDrive\Downloads\Documentos\Projetos\pdv_medusax8\PDV_MedusaX8_hznqlc22_wpftmp.csproj]
C:\Users\zacho\OneDrive\Downloads\Documentos\Projetos\pdv_medusax8\v1.1\PaymentWindow.xaml.cs(27,32): error CS0102: O tipo "PaymentWindow" j├í cont├®m uma defini├º├úo para "SelectedPayment" [C:\Users\zacho\OneDrive\Downloads\Documentos\Projetos\pdv_medusax8\PDV_MedusaX8_hznqlc22_wpftmp.csproj]
C:\Users\zacho\OneDrive\Downloads\Documentos\Projetos\pdv_medusax8\v1.1\v1.1\PaymentWindow.xaml.cs(27,32): error CS0102: O tipo "PaymentWindow" j├í cont├®m uma defini├º├úo para "SelectedPayment" [C:\Users\zacho\OneDrive\Downloads\Documentos\Projetos\pdv_medusax8\PDV_MedusaX8_hznqlc22_wpftmp.csproj]
C:\Users\zacho\OneDrive\Downloads\Documentos\Projetos\pdv_medusax8\v1.1\PaymentWindow.xaml.cs(28,44): error CS0102: O tipo "PaymentWindow" j├í cont├®m uma defini├º├úo para "appliedItems" [C:\Users\zacho\OneDrive\Downloads\Documentos\Projetos\pdv_medusax8\PDV_MedusaX8_hznqlc22_wpftmp.csproj]
C:\Users\zacho\OneDrive\Downloads\Documentos\Projetos\pdv_medusax8\v1.1\v1.1\PaymentWindow.xaml.cs(28,44): error CS0102: O tipo "PaymentWindow" j├í cont├®m uma defini├º├úo para "appliedItems" [C:\Users\zacho\OneDrive\Downloads\Documentos\Projetos\pdv_medusax8\PDV_MedusaX8_hznqlc22_wpftmp.csproj]
C:\Users\zacho\OneDrive\Downloads\Documentos\Projetos\pdv_medusax8\v1.1\PaymentWindow.xaml.cs(29,29): error CS0102: O tipo "PaymentWindow" j├í cont├®m uma defini├º├úo para "pendingChequeFromSearch" [C:\Users\zacho\OneDrive\Downloads\Documentos\Projetos\pdv_medusax8\PDV_MedusaX8_hznqlc22_wpftmp.csproj]
C:\Users\zacho\OneDrive\Downloads\Documentos\Projetos\pdv_medusax8\v1.1\v1.1\PaymentWindow.xaml.cs(29,29): error CS0102: O tipo "PaymentWindow" j├í cont├®m uma defini├º├úo para "pendingChequeFromSearch" [C:\Users\zacho\OneDrive\Downloads\Documentos\Projetos\pdv_medusax8\PDV_MedusaX8_hznqlc22_wpftmp.csproj]
C:\Users\zacho\OneDrive\Downloads\Documentos\Projetos\pdv_medusax8\v1.1\PaymentWindow.xaml.cs(32,25): error CS0102: O tipo "PaymentWindow" j├í cont├®m uma defini├º├úo para "OriginalSaleTotal" [C:\Users\zacho\OneDrive\Downloads\Documentos\Projetos\pdv_medusax8\PDV_MedusaX8_hznqlc22_wpftmp.csproj]
C:\Users\zacho\OneDrive\Downloads\Documentos\Projetos\pdv_medusax8\v1.1\v1.1\PaymentWindow.xaml.cs(32,25): error CS0102: O tipo "PaymentWindow" j├í cont├®m uma defini├º├úo para "OriginalSaleTotal" [C:\Users\zacho\OneDrive\Downloads\Documentos\Projetos\pdv_medusax8\PDV_MedusaX8_hznqlc22_wpftmp.csproj]
C:\Users\zacho\OneDrive\Downloads\Documentos\Projetos\pdv_medusax8\v1.1\PaymentWindow.xaml.cs(33,25): error CS0102: O tipo "PaymentWindow" j├í cont├®m uma defini├º├úo para "SaleDiscountAmount" [C:\Users\zacho\OneDrive\Downloads\Documentos\Projetos\pdv_medusax8\PDV_MedusaX8_hznqlc22_wpftmp.csproj]
C:\Users\zacho\OneDrive\Downloads\Documentos\Projetos\pdv_medusax8\v1.1\v1.1\PaymentWindow.xaml.cs(33,25): error CS0102: O tipo "PaymentWindow" j├í cont├®m uma defini├º├úo para "SaleDiscountAmount" [C:\Users\zacho\OneDrive\Downloads\Documentos\Projetos\pdv_medusax8\PDV_MedusaX8_hznqlc22_wpftmp.csproj]
C:\Users\zacho\OneDrive\Downloads\Documentos\Projetos\pdv_medusax8\v1.1\PaymentWindow.xaml.cs(34,22): error CS0102: O tipo "PaymentWindow" j├í cont├®m uma defini├º├úo para "SaleDiscountIsPercent" [C:\Users\zacho\OneDrive\Downloads\Documentos\Projetos\pdv_medusax8\PDV_MedusaX8_hznqlc22_wpftmp.csproj]
C:\Users\zacho\OneDrive\Downloads\Documentos\Projetos\pdv_medusax8\v1.1\v1.1\PaymentWindow.xaml.cs(34,22): error CS0102: O tipo "PaymentWindow" j├í cont├®m uma defini├º├úo para "SaleDiscountIsPercent" [C:\Users\zacho\OneDrive\Downloads\Documentos\Projetos\pdv_medusax8\PDV_MedusaX8_hznqlc22_wpftmp.csproj]
C:\Users\zacho\OneDrive\Downloads\Documentos\Projetos\pdv_medusax8\v1.1\PaymentWindow.xaml.cs(35,25): error CS0102: O tipo "PaymentWindow" j├í cont├®m uma defini├º├úo para "SaleDiscountPercent" [C:\Users\zacho\OneDrive\Downloads\Documentos\Projetos\pdv_medusax8\PDV_MedusaX8_hznqlc22_wpftmp.csproj]
C:\Users\zacho\OneDrive\Downloads\Documentos\Projetos\pdv_medusax8\v1.1\v1.1\PaymentWindow.xaml.cs(35,25): error CS0102: O tipo "PaymentWindow" j├í cont├®m uma defini├º├úo para "SaleDiscountPercent" [C:\Users\zacho\OneDrive\Downloads\Documentos\Projetos\pdv_medusax8\PDV_MedusaX8_hznqlc22_wpftmp.csproj]
C:\Users\zacho\OneDrive\Downloads\Documentos\Projetos\pdv_medusax8\v1.1\PaymentWindow.xaml.cs(36,24): error CS0102: O tipo "PaymentWindow" j├í cont├®m uma defini├º├úo para "SaleDiscountReason" [C:\Users\zacho\OneDrive\Downloads\Documentos\Projetos\pdv_medusax8\PDV_MedusaX8_hznqlc22_wpftmp.csproj]
C:\Users\zacho\OneDrive\Downloads\Documentos\Projetos\pdv_medusax8\v1.1\v1.1\PaymentWindow.xaml.cs(36,24): error CS0102: O tipo "PaymentWindow" j├í cont├®m uma defini├º├úo para "SaleDiscountReason" [C:\Users\zacho\OneDrive\Downloads\Documentos\Projetos\pdv_medusax8\PDV_MedusaX8_hznqlc22_wpftmp.csproj]
C:\Users\zacho\OneDrive\Downloads\Documentos\Projetos\pdv_medusax8\v1.1\PaymentWindow.xaml.cs(38,16): error CS0111: Tipo "PaymentWindow" j├í define um membro chamado "PaymentWindow" com os mesmos tipos de par├ómetro [C:\Users\zacho\OneDrive\Downloads\Documentos\Projetos\pdv_medusax8\PDV_MedusaX8_hznqlc22_wpftmp.csproj]
C:\Users\zacho\OneDrive\Downloads\Documentos\Projetos\pdv_medusax8\v1.1\PaymentWindow.xaml.cs(49,16): error CS0111: Tipo "PaymentWindow" j├í define um membro chamado "PaymentWindow" com os mesmos tipos de par├ómetro [C:\Users\zacho\OneDrive\Downloads\Documentos\Projetos\pdv_medusax8\PDV_MedusaX8_hznqlc22_wpftmp.csproj]
C:\Users\zacho\OneDrive\Downloads\Documentos\Projetos\pdv_medusax8\v1.1\v1.1\PaymentWindow.xaml.cs(38,16): error CS0111: Tipo "PaymentWindow" j├í define um membro chamado "PaymentWindow" com os mesmos tipos de par├ómetro [C:\Users\zacho\OneDrive\Downloads\Documentos\Projetos\pdv_medusax8\PDV_MedusaX8_hznqlc22_wpftmp.csproj]
C:\Users\zacho\OneDrive\Downloads\Documentos\Projetos\pdv_medusax8\v1.1\v1.1\PaymentWindow.xaml.cs(49,16): error CS0111: Tipo "PaymentWindow" j├í define um membro chamado "PaymentWindow" com os mesmos tipos de par├ómetro [C:\Users\zacho\OneDrive\Downloads\Documentos\Projetos\pdv_medusax8\PDV_MedusaX8_hznqlc22_wpftmp.csproj]
C:\Users\zacho\OneDrive\Downloads\Documentos\Projetos\pdv_medusax8\v1.1\PaymentWindow.xaml.cs(51,34): error CS0111: Tipo "PaymentWindow" j├í define um membro chamado "GetAppliedPaymentsSnapshot" com os mesmos tipos de par├ómetro [C:\Users\zacho\OneDrive\Downloads\Documentos\Projetos\pdv_medusax8\PDV_MedusaX8_hznqlc22_wpftmp.csproj]
C:\Users\zacho\OneDrive\Downloads\Documentos\Projetos\pdv_medusax8\v1.1\v1.1\PaymentWindow.xaml.cs(51,34): error CS0111: Tipo "PaymentWindow" j├í define um membro chamado "GetAppliedPaymentsSnapshot" com os mesmos tipos de par├ómetro [C:\Users\zacho\OneDrive\Downloads\Documentos\Projetos\pdv_medusax8\PDV_MedusaX8_hznqlc22_wpftmp.csproj]
C:\Users\zacho\OneDrive\Downloads\Documentos\Projetos\pdv_medusax8\v1.1\PaymentWindow.xaml.cs(62,24): error CS0111: Tipo "PaymentWindow" j├í define um membro chamado "GetConnectionString" com os mesmos tipos de par├ómetro [C:\Users\zacho\OneDrive\Downloads\Documentos\Projetos\pdv_medusax8\PDV_MedusaX8_hznqlc22_wpftmp.csproj]
C:\Users\zacho\OneDrive\Downloads\Documentos\Projetos\pdv_medusax8\v1.1\v1.1\PaymentWindow.xaml.cs(62,24): error CS0111: Tipo "PaymentWindow" j├í define um membro chamado "GetConnectionString" com os mesmos tipos de par├ómetro [C:\Users\zacho\OneDrive\Downloads\Documentos\Projetos\pdv_medusax8\PDV_MedusaX8_hznqlc22_wpftmp.csproj]
C:\Users\zacho\OneDrive\Downloads\Documentos\Projetos\pdv_medusax8\v1.1\PaymentWindow.xaml.cs(67,22): error CS0111: Tipo "PaymentWindow" j├í define um membro chamado "LoadEnabledPaymentMethods" com os mesmos tipos de par├ómetro [C:\Users\zacho\OneDrive\Downloads\Documentos\Projetos\pdv_medusax8\PDV_MedusaX8_hznqlc22_wpftmp.csproj]
C:\Users\zacho\OneDrive\Downloads\Documentos\Projetos\pdv_medusax8\v1.1\v1.1\PaymentWindow.xaml.cs(67,22): error CS0111: Tipo "PaymentWindow" j├í define um membro chamado "LoadEnabledPaymentMethods" com os mesmos tipos de par├ómetro [C:\Users\zacho\OneDrive\Downloads\Documentos\Projetos\pdv_medusax8\PDV_MedusaX8_hznqlc22_wpftmp.csproj]
C:\Users\zacho\OneDrive\Downloads\Documentos\Projetos\pdv_medusax8\v1.1\PaymentWindow.xaml.cs(102,22): error CS0111: Tipo "PaymentWindow" j├í define um membro chamado "SelectPayment" com os mesmos tipos de par├ómetro [C:\Users\zacho\OneDrive\Downloads\Documentos\Projetos\pdv_medusax8\PDV_MedusaX8_hznqlc22_wpftmp.csproj]
C:\Users\zacho\OneDrive\Downloads\Documentos\Projetos\pdv_medusax8\v1.1\v1.1\PaymentWindow.xaml.cs(102,22): error CS0111: Tipo "PaymentWindow" j├í define um membro chamado "SelectPayment" com os mesmos tipos de par├ómetro [C:\Users\zacho\OneDrive\Downloads\Documentos\Projetos\pdv_medusax8\PDV_MedusaX8_hznqlc22_wpftmp.csproj]
C:\Users\zacho\OneDrive\Downloads\Documentos\Projetos\pdv_medusax8\v1.1\PaymentWindow.xaml.cs(137,22): error CS0111: Tipo "PaymentWindow" j├í define um membro chamado "PaymentItems_SelectionChanged" com os mesmos tipos de par├ómetro [C:\Users\zacho\OneDrive\Downloads\Documentos\Projetos\pdv_medusax8\PDV_MedusaX8_hznqlc22_wpftmp.csproj]
C:\Users\zacho\OneDrive\Downloads\Documentos\Projetos\pdv_medusax8\v1.1\v1.1\PaymentWindow.xaml.cs(137,22): error CS0111: Tipo "PaymentWindow" j├í define um membro chamado "PaymentItems_SelectionChanged" com os mesmos tipos de par├ómetro [C:\Users\zacho\OneDrive\Downloads\Documentos\Projetos\pdv_medusax8\PDV_MedusaX8_hznqlc22_wpftmp.csproj]
C:\Users\zacho\OneDrive\Downloads\Documentos\Projetos\pdv_medusax8\v1.1\PaymentWindow.xaml.cs(174,22): error CS0111: Tipo "PaymentWindow" j├í define um membro chamado "RequiresCustomer" com os mesmos tipos de par├ómetro [C:\Users\zacho\OneDrive\Downloads\Documentos\Projetos\pdv_medusax8\PDV_MedusaX8_hznqlc22_wpftmp.csproj]
C:\Users\zacho\OneDrive\Downloads\Documentos\Projetos\pdv_medusax8\v1.1\v1.1\PaymentWindow.xaml.cs(174,22): error CS0111: Tipo "PaymentWindow" j├í define um membro chamado "RequiresCustomer" com os mesmos tipos de par├ómetro [C:\Users\zacho\OneDrive\Downloads\Documentos\Projetos\pdv_medusax8\PDV_MedusaX8_hznqlc22_wpftmp.csproj]
C:\Users\zacho\OneDrive\Downloads\Documentos\Projetos\pdv_medusax8\v1.1\PaymentWindow.xaml.cs(181,22): error CS0111: Tipo "PaymentWindow" j├í define um membro chamado "EnsureConsumerSelectedForPayment" com os mesmos tipos de par├ómetro [C:\Users\zacho\OneDrive\Downloads\Documentos\Projetos\pdv_medusax8\PDV_MedusaX8_hznqlc22_wpftmp.csproj]
C:\Users\zacho\OneDrive\Downloads\Documentos\Projetos\pdv_medusax8\v1.1\v1.1\PaymentWindow.xaml.cs(181,22): error CS0111: Tipo "PaymentWindow" j├í define um membro chamado "EnsureConsumerSelectedForPayment" com os mesmos tipos de par├ómetro [C:\Users\zacho\OneDrive\Downloads\Documentos\Projetos\pdv_medusax8\PDV_MedusaX8_hznqlc22_wpftmp.csproj]
C:\Users\zacho\OneDrive\Downloads\Documentos\Projetos\pdv_medusax8\v1.1\PaymentWindow.xaml.cs(212,22): error CS0111: Tipo "PaymentWindow" j├í define um membro chamado "ApplyValue" com os mesmos tipos de par├ómetro [C:\Users\zacho\OneDrive\Downloads\Documentos\Projetos\pdv_medusax8\PDV_MedusaX8_hznqlc22_wpftmp.csproj]
C:\Users\zacho\OneDrive\Downloads\Documentos\Projetos\pdv_medusax8\v1.1\v1.1\PaymentWindow.xaml.cs(212,22): error CS0111: Tipo "PaymentWindow" j├í define um membro chamado "ApplyValue" com os mesmos tipos de par├ómetro [C:\Users\zacho\OneDrive\Downloads\Documentos\Projetos\pdv_medusax8\PDV_MedusaX8_hznqlc22_wpftmp.csproj]
C:\Users\zacho\OneDrive\Downloads\Documentos\Projetos\pdv_medusax8\v1.1\PaymentWindow.xaml.cs(326,22): error CS0111: Tipo "PaymentWindow" j├í define um membro chamado "ClearValue" com os mesmos tipos de par├ómetro [C:\Users\zacho\OneDrive\Downloads\Documentos\Projetos\pdv_medusax8\PDV_MedusaX8_hznqlc22_wpftmp.csproj]
C:\Users\zacho\OneDrive\Downloads\Documentos\Projetos\pdv_medusax8\v1.1\v1.1\PaymentWindow.xaml.cs(326,22): error CS0111: Tipo "PaymentWindow" j├í define um membro chamado "ClearValue" com os mesmos tipos de par├ómetro [C:\Users\zacho\OneDrive\Downloads\Documentos\Projetos\pdv_medusax8\PDV_MedusaX8_hznqlc22_wpftmp.csproj]
C:\Users\zacho\OneDrive\Downloads\Documentos\Projetos\pdv_medusax8\v1.1\PaymentWindow.xaml.cs(331,22): error CS0111: Tipo "PaymentWindow" j├í define um membro chamado "UpdateTotalsLabels" com os mesmos tipos de par├ómetro [C:\Users\zacho\OneDrive\Downloads\Documentos\Projetos\pdv_medusax8\PDV_MedusaX8_hznqlc22_wpftmp.csproj]
C:\Users\zacho\OneDrive\Downloads\Documentos\Projetos\pdv_medusax8\v1.1\v1.1\PaymentWindow.xaml.cs(331,22): error CS0111: Tipo "PaymentWindow" j├í define um membro chamado "UpdateTotalsLabels" com os mesmos tipos de par├ómetro [C:\Users\zacho\OneDrive\Downloads\Documentos\Projetos\pdv_medusax8\PDV_MedusaX8_hznqlc22_wpftmp.csproj]
C:\Users\zacho\OneDrive\Downloads\Documentos\Projetos\pdv_medusax8\v1.1\PaymentWindow.xaml.cs(358,22): error CS0111: Tipo "PaymentWindow" j├í define um membro chamado "OpenSettings" com os mesmos tipos de par├ómetro [C:\Users\zacho\OneDrive\Downloads\Documentos\Projetos\pdv_medusax8\PDV_MedusaX8_hznqlc22_wpftmp.csproj]
C:\Users\zacho\OneDrive\Downloads\Documentos\Projetos\pdv_medusax8\v1.1\v1.1\PaymentWindow.xaml.cs(358,22): error CS0111: Tipo "PaymentWindow" j├í define um membro chamado "OpenSettings" com os mesmos tipos de par├ómetro [C:\Users\zacho\OneDrive\Downloads\Documentos\Projetos\pdv_medusax8\PDV_MedusaX8_hznqlc22_wpftmp.csproj]
C:\Users\zacho\OneDrive\Downloads\Documentos\Projetos\pdv_medusax8\v1.1\PaymentWindow.xaml.cs(366,22): error CS0111: Tipo "PaymentWindow" j├í define um membro chamado "CloseModal" com os mesmos tipos de par├ómetro [C:\Users\zacho\OneDrive\Downloads\Documentos\Projetos\pdv_medusax8\PDV_MedusaX8_hznqlc22_wpftmp.csproj]
C:\Users\zacho\OneDrive\Downloads\Documentos\Projetos\pdv_medusax8\v1.1\v1.1\PaymentWindow.xaml.cs(366,22): error CS0111: Tipo "PaymentWindow" j├í define um membro chamado "CloseModal" com os mesmos tipos de par├ómetro [C:\Users\zacho\OneDrive\Downloads\Documentos\Projetos\pdv_medusax8\PDV_MedusaX8_hznqlc22_wpftmp.csproj]
C:\Users\zacho\OneDrive\Downloads\Documentos\Projetos\pdv_medusax8\v1.1\PaymentWindow.xaml.cs(372,22): error CS0111: Tipo "PaymentWindow" j├í define um membro chamado "CancelarPagamentos" com os mesmos tipos de par├ómetro [C:\Users\zacho\OneDrive\Downloads\Documentos\Projetos\pdv_medusax8\PDV_MedusaX8_hznqlc22_wpftmp.csproj]
C:\Users\zacho\OneDrive\Downloads\Documentos\Projetos\pdv_medusax8\v1.1\v1.1\PaymentWindow.xaml.cs(372,22): error CS0111: Tipo "PaymentWindow" j├í define um membro chamado "CancelarPagamentos" com os mesmos tipos de par├ómetro [C:\Users\zacho\OneDrive\Downloads\Documentos\Projetos\pdv_medusax8\PDV_MedusaX8_hznqlc22_wpftmp.csproj]
C:\Users\zacho\OneDrive\Downloads\Documentos\Projetos\pdv_medusax8\v1.1\PaymentWindow.xaml.cs(387,22): error CS0111: Tipo "PaymentWindow" j├í define um membro chamado "ConfirmarPagamentos" com os mesmos tipos de par├ómetro [C:\Users\zacho\OneDrive\Downloads\Documentos\Projetos\pdv_medusax8\PDV_MedusaX8_hznqlc22_wpftmp.csproj]
C:\Users\zacho\OneDrive\Downloads\Documentos\Projetos\pdv_medusax8\v1.1\v1.1\PaymentWindow.xaml.cs(387,22): error CS0111: Tipo "PaymentWindow" j├í define um membro chamado "ConfirmarPagamentos" com os mesmos tipos de par├ómetro [C:\Users\zacho\OneDrive\Downloads\Documentos\Projetos\pdv_medusax8\PDV_MedusaX8_hznqlc22_wpftmp.csproj]
C:\Users\zacho\OneDrive\Downloads\Documentos\Projetos\pdv_medusax8\v1.1\PaymentWindow.xaml.cs(448,22): error CS0111: Tipo "PaymentWindow" j├í define um membro chamado "RemoveAppliedItem_Click" com os mesmos tipos de par├ómetro [C:\Users\zacho\OneDrive\Downloads\Documentos\Projetos\pdv_medusax8\PDV_MedusaX8_hznqlc22_wpftmp.csproj]
C:\Users\zacho\OneDrive\Downloads\Documentos\Projetos\pdv_medusax8\v1.1\v1.1\PaymentWindow.xaml.cs(448,22): error CS0111: Tipo "PaymentWindow" j├í define um membro chamado "RemoveAppliedItem_Click" com os mesmos tipos de par├ómetro [C:\Users\zacho\OneDrive\Downloads\Documentos\Projetos\pdv_medusax8\PDV_MedusaX8_hznqlc22_wpftmp.csproj]
C:\Users\zacho\OneDrive\Downloads\Documentos\Projetos\pdv_medusax8\v1.1\PaymentWindow.xaml.cs(469,22): error CS0111: Tipo "PaymentWindow" j├í define um membro chamado "BuscarCheque_Click" com os mesmos tipos de par├ómetro [C:\Users\zacho\OneDrive\Downloads\Documentos\Projetos\pdv_medusax8\PDV_MedusaX8_hznqlc22_wpftmp.csproj]
C:\Users\zacho\OneDrive\Downloads\Documentos\Projetos\pdv_medusax8\v1.1\v1.1\PaymentWindow.xaml.cs(469,22): error CS0111: Tipo "PaymentWindow" j├í define um membro chamado "BuscarCheque_Click" com os mesmos tipos de par├ómetro [C:\Users\zacho\OneDrive\Downloads\Documentos\Projetos\pdv_medusax8\PDV_MedusaX8_hznqlc22_wpftmp.csproj]
C:\Users\zacho\OneDrive\Downloads\Documentos\Projetos\pdv_medusax8\v1.1\PaymentWindow.xaml.cs(489,22): error CS0111: Tipo "PaymentWindow" j├í define um membro chamado "PaymentWindow_Loaded" com os mesmos tipos de par├ómetro [C:\Users\zacho\OneDrive\Downloads\Documentos\Projetos\pdv_medusax8\PDV_MedusaX8_hznqlc22_wpftmp.csproj]
C:\Users\zacho\OneDrive\Downloads\Documentos\Projetos\pdv_medusax8\v1.1\v1.1\PaymentWindow.xaml.cs(489,22): error CS0111: Tipo "PaymentWindow" j├í define um membro chamado "PaymentWindow_Loaded" com os mesmos tipos de par├ómetro [C:\Users\zacho\OneDrive\Downloads\Documentos\Projetos\pdv_medusax8\PDV_MedusaX8_hznqlc22_wpftmp.csproj]
C:\Users\zacho\OneDrive\Downloads\Documentos\Projetos\pdv_medusax8\v1.1\PaymentWindow.xaml.cs(520,22): error CS0111: Tipo "PaymentWindow" j├í define um membro chamado "Header_Drag" com os mesmos tipos de par├ómetro [C:\Users\zacho\OneDrive\Downloads\Documentos\Projetos\pdv_medusax8\PDV_MedusaX8_hznqlc22_wpftmp.csproj]
C:\Users\zacho\OneDrive\Downloads\Documentos\Projetos\pdv_medusax8\v1.1\v1.1\PaymentWindow.xaml.cs(520,22): error CS0111: Tipo "PaymentWindow" j├í define um membro chamado "Header_Drag" com os mesmos tipos de par├ómetro [C:\Users\zacho\OneDrive\Downloads\Documentos\Projetos\pdv_medusax8\PDV_MedusaX8_hznqlc22_wpftmp.csproj]
C:\Users\zacho\OneDrive\Downloads\Documentos\Projetos\pdv_medusax8\v1.1\PaymentWindow.xaml.cs(528,22): error CS0111: Tipo "PaymentWindow" j├í define um membro chamado "BtnMinimize_Click" com os mesmos tipos de par├ómetro [C:\Users\zacho\OneDrive\Downloads\Documentos\Projetos\pdv_medusax8\PDV_MedusaX8_hznqlc22_wpftmp.csproj]
C:\Users\zacho\OneDrive\Downloads\Documentos\Projetos\pdv_medusax8\v1.1\v1.1\PaymentWindow.xaml.cs(528,22): error CS0111: Tipo "PaymentWindow" j├í define um membro chamado "BtnMinimize_Click" com os mesmos tipos de par├ómetro [C:\Users\zacho\OneDrive\Downloads\Documentos\Projetos\pdv_medusax8\PDV_MedusaX8_hznqlc22_wpftmp.csproj]
C:\Users\zacho\OneDrive\Downloads\Documentos\Projetos\pdv_medusax8\v1.1\PaymentWindow.xaml.cs(533,22): error CS0111: Tipo "PaymentWindow" j├í define um membro chamado "BtnClose_Click" com os mesmos tipos de par├ómetro [C:\Users\zacho\OneDrive\Downloads\Documentos\Projetos\pdv_medusax8\PDV_MedusaX8_hznqlc22_wpftmp.csproj]
C:\Users\zacho\OneDrive\Downloads\Documentos\Projetos\pdv_medusax8\v1.1\v1.1\PaymentWindow.xaml.cs(533,22): error CS0111: Tipo "PaymentWindow" j├í define um membro chamado "BtnClose_Click" com os mesmos tipos de par├ómetro [C:\Users\zacho\OneDrive\Downloads\Documentos\Projetos\pdv_medusax8\PDV_MedusaX8_hznqlc22_wpftmp.csproj]
C:\Users\zacho\OneDrive\Downloads\Documentos\Projetos\pdv_medusax8\v1.1\PaymentWindow.xaml.cs(538,22): error CS0111: Tipo "PaymentWindow" j├í define um membro chamado "OpenParcelamento_Click" com os mesmos tipos de par├ómetro [C:\Users\zacho\OneDrive\Downloads\Documentos\Projetos\pdv_medusax8\PDV_MedusaX8_hznqlc22_wpftmp.csproj]
C:\Users\zacho\OneDrive\Downloads\Documentos\Projetos\pdv_medusax8\v1.1\v1.1\PaymentWindow.xaml.cs(538,22): error CS0111: Tipo "PaymentWindow" j├í define um membro chamado "OpenParcelamento_Click" com os mesmos tipos de par├ómetro [C:\Users\zacho\OneDrive\Downloads\Documentos\Projetos\pdv_medusax8\PDV_MedusaX8_hznqlc22_wpftmp.csproj]
C:\Users\zacho\OneDrive\Downloads\Documentos\Projetos\pdv_medusax8\v1.1\PaymentWindow.xaml.cs(557,22): error CS0111: Tipo "PaymentWindow" j├í define um membro chamado "OpenSaleDiscountWindow" com os mesmos tipos de par├ómetro [C:\Users\zacho\OneDrive\Downloads\Documentos\Projetos\pdv_medusax8\PDV_MedusaX8_hznqlc22_wpftmp.csproj]
C:\Users\zacho\OneDrive\Downloads\Documentos\Projetos\pdv_medusax8\v1.1\v1.1\PaymentWindow.xaml.cs(557,22): error CS0111: Tipo "PaymentWindow" j├í define um membro chamado "OpenSaleDiscountWindow" com os mesmos tipos de par├ómetro [C:\Users\zacho\OneDrive\Downloads\Documentos\Projetos\pdv_medusax8\PDV_MedusaX8_hznqlc22_wpftmp.csproj]
C:\Users\zacho\OneDrive\Downloads\Documentos\Projetos\pdv_medusax8\v1.1\PaymentWindow.xaml.cs(583,25): error CS0111: Tipo "PaymentWindow" j├í define um membro chamado "LoadMaxDiscountPercentOrDefault" com os mesmos tipos de par├ómetro [C:\Users\zacho\OneDrive\Downloads\Documentos\Projetos\pdv_medusax8\PDV_MedusaX8_hznqlc22_wpftmp.csproj]
C:\Users\zacho\OneDrive\Downloads\Documentos\Projetos\pdv_medusax8\v1.1\v1.1\PaymentWindow.xaml.cs(583,25): error CS0111: Tipo "PaymentWindow" j├í define um membro chamado "LoadMaxDiscountPercentOrDefault" com os mesmos tipos de par├ómetro [C:\Users\zacho\OneDrive\Downloads\Documentos\Projetos\pdv_medusax8\PDV_MedusaX8_hznqlc22_wpftmp.csproj]
C:\Users\zacho\OneDrive\Downloads\Documentos\Projetos\pdv_medusax8\v1.1\PaymentWindow.xaml.cs(603,22): error CS0111: Tipo "PaymentWindow" j├í define um membro chamado "PersistReceivedCheques" com os mesmos tipos de par├ómetro [C:\Users\zacho\OneDrive\Downloads\Documentos\Projetos\pdv_medusax8\PDV_MedusaX8_hznqlc22_wpftmp.csproj]
C:\Users\zacho\OneDrive\Downloads\Documentos\Projetos\pdv_medusax8\v1.1\v1.1\PaymentWindow.xaml.cs(603,22): error CS0111: Tipo "PaymentWindow" j├í define um membro chamado "PersistReceivedCheques" com os mesmos tipos de par├ómetro [C:\Users\zacho\OneDrive\Downloads\Documentos\Projetos\pdv_medusax8\PDV_MedusaX8_hznqlc22_wpftmp.csproj]
C:\Users\zacho\OneDrive\Downloads\Documentos\Projetos\pdv_medusax8\v1.1\PaymentWindow.xaml.cs(727,22): error CS0111: Tipo "PaymentWindow" j├í define um membro chamado "PersistSale" com os mesmos tipos de par├ómetro [C:\Users\zacho\OneDrive\Downloads\Documentos\Projetos\pdv_medusax8\PDV_MedusaX8_hznqlc22_wpftmp.csproj]
C:\Users\zacho\OneDrive\Downloads\Documentos\Projetos\pdv_medusax8\v1.1\v1.1\PaymentWindow.xaml.cs(727,22): error CS0111: Tipo "PaymentWindow" j├í define um membro chamado "PersistSale" com os mesmos tipos de par├ómetro [C:\Users\zacho\OneDrive\Downloads\Documentos\Projetos\pdv_medusax8\PDV_MedusaX8_hznqlc22_wpftmp.csproj]
C:\Users\zacho\OneDrive\Downloads\Documentos\Projetos\pdv_medusax8\v1.1\PaymentWindow.xaml(98,50): error CS0102: O tipo "PaymentWindow" j├í cont├®m uma defini├º├úo para "PaymentItems" [C:\Users\zacho\OneDrive\Downloads\Documentos\Projetos\pdv_medusax8\PDV_MedusaX8_hznqlc22_wpftmp.csproj]
C:\Users\zacho\OneDrive\Downloads\Documentos\Projetos\pdv_medusax8\v1.1\v1.1\PaymentWindow.xaml(98,50): error CS0102: O tipo "PaymentWindow" j├í cont├®m uma defini├º├úo para "PaymentItems" [C:\Users\zacho\OneDrive\Downloads\Documentos\Projetos\pdv_medusax8\PDV_MedusaX8_hznqlc22_wpftmp.csproj]
C:\Users\zacho\OneDrive\Downloads\Documentos\Projetos\pdv_medusax8\v1.1\PaymentWindow.xaml(149,51): error CS0102: O tipo "PaymentWindow" j├í cont├®m uma defini├º├úo para "GbParcelamento" [C:\Users\zacho\OneDrive\Downloads\Documentos\Projetos\pdv_medusax8\PDV_MedusaX8_hznqlc22_wpftmp.csproj]
C:\Users\zacho\OneDrive\Downloads\Documentos\Projetos\pdv_medusax8\v1.1\v1.1\PaymentWindow.xaml(149,51): error CS0102: O tipo "PaymentWindow" j├í cont├®m uma defini├º├úo para "GbParcelamento" [C:\Users\zacho\OneDrive\Downloads\Documentos\Projetos\pdv_medusax8\PDV_MedusaX8_hznqlc22_wpftmp.csproj]
C:\Users\zacho\OneDrive\Downloads\Documentos\Projetos\pdv_medusax8\v1.1\PaymentWindow.xaml(167,50): error CS0102: O tipo "PaymentWindow" j├í cont├®m uma defini├º├úo para "TxtNumParcela" [C:\Users\zacho\OneDrive\Downloads\Documentos\Projetos\pdv_medusax8\PDV_MedusaX8_hznqlc22_wpftmp.csproj]
C:\Users\zacho\OneDrive\Downloads\Documentos\Projetos\pdv_medusax8\v1.1\v1.1\PaymentWindow.xaml(167,50): error CS0102: O tipo "PaymentWindow" j├í cont├®m uma defini├º├úo para "TxtNumParcela" [C:\Users\zacho\OneDrive\Downloads\Documentos\Projetos\pdv_medusax8\PDV_MedusaX8_hznqlc22_wpftmp.csproj]
C:\Users\zacho\OneDrive\Downloads\Documentos\Projetos\pdv_medusax8\v1.1\PaymentWindow.xaml(169,50): error CS0102: O tipo "PaymentWindow" j├í cont├®m uma defini├º├úo para "TxtValorParcela" [C:\Users\zacho\OneDrive\Downloads\Documentos\Projetos\pdv_medusax8\PDV_MedusaX8_hznqlc22_wpftmp.csproj]
C:\Users\zacho\OneDrive\Downloads\Documentos\Projetos\pdv_medusax8\v1.1\v1.1\PaymentWindow.xaml(169,50): error CS0102: O tipo "PaymentWindow" j├í cont├®m uma defini├º├úo para "TxtValorParcela" [C:\Users\zacho\OneDrive\Downloads\Documentos\Projetos\pdv_medusax8\PDV_MedusaX8_hznqlc22_wpftmp.csproj]
C:\Users\zacho\OneDrive\Downloads\Documentos\Projetos\pdv_medusax8\v1.1\PaymentWindow.xaml(180,50): error CS0102: O tipo "PaymentWindow" j├í cont├®m uma defini├º├úo para "TxtSelectedMethod" [C:\Users\zacho\OneDrive\Downloads\Documentos\Projetos\pdv_medusax8\PDV_MedusaX8_hznqlc22_wpftmp.csproj]
C:\Users\zacho\OneDrive\Downloads\Documentos\Projetos\pdv_medusax8\v1.1\v1.1\PaymentWindow.xaml(180,50): error CS0102: O tipo "PaymentWindow" j├í cont├®m uma defini├º├úo para "TxtSelectedMethod" [C:\Users\zacho\OneDrive\Downloads\Documentos\Projetos\pdv_medusax8\PDV_MedusaX8_hznqlc22_wpftmp.csproj]
C:\Users\zacho\OneDrive\Downloads\Documentos\Projetos\pdv_medusax8\v1.1\PaymentWindow.xaml(187,52): error CS0102: O tipo "PaymentWindow" j├í cont├®m uma defini├º├úo para "TxtSaleTotal" [C:\Users\zacho\OneDrive\Downloads\Documentos\Projetos\pdv_medusax8\PDV_MedusaX8_hznqlc22_wpftmp.csproj]
C:\Users\zacho\OneDrive\Downloads\Documentos\Projetos\pdv_medusax8\v1.1\v1.1\PaymentWindow.xaml(187,52): error CS0102: O tipo "PaymentWindow" j├í cont├®m uma defini├º├úo para "TxtSaleTotal" [C:\Users\zacho\OneDrive\Downloads\Documentos\Projetos\pdv_medusax8\PDV_MedusaX8_hznqlc22_wpftmp.csproj]
C:\Users\zacho\OneDrive\Downloads\Documentos\Projetos\pdv_medusax8\v1.1\PaymentWindow.xaml(199,50): error CS0102: O tipo "PaymentWindow" j├í cont├®m uma defini├º├úo para "TxtValueToApply" [C:\Users\zacho\OneDrive\Downloads\Documentos\Projetos\pdv_medusax8\PDV_MedusaX8_hznqlc22_wpftmp.csproj]
C:\Users\zacho\OneDrive\Downloads\Documentos\Projetos\pdv_medusax8\v1.1\v1.1\PaymentWindow.xaml(199,50): error CS0102: O tipo "PaymentWindow" j├í cont├®m uma defini├º├úo para "TxtValueToApply" [C:\Users\zacho\OneDrive\Downloads\Documentos\Projetos\pdv_medusax8\PDV_MedusaX8_hznqlc22_wpftmp.csproj]
C:\Users\zacho\OneDrive\Downloads\Documentos\Projetos\pdv_medusax8\v1.1\PaymentWindow.xaml(227,52): error CS0102: O tipo "PaymentWindow" j├í cont├®m uma defini├º├úo para "TxtTotalVenda" [C:\Users\zacho\OneDrive\Downloads\Documentos\Projetos\pdv_medusax8\PDV_MedusaX8_hznqlc22_wpftmp.csproj]
C:\Users\zacho\OneDrive\Downloads\Documentos\Projetos\pdv_medusax8\v1.1\v1.1\PaymentWindow.xaml(227,52): error CS0102: O tipo "PaymentWindow" j├í cont├®m uma defini├º├úo para "TxtTotalVenda" [C:\Users\zacho\OneDrive\Downloads\Documentos\Projetos\pdv_medusax8\PDV_MedusaX8_hznqlc22_wpftmp.csproj]
C:\Users\zacho\OneDrive\Downloads\Documentos\Projetos\pdv_medusax8\v1.1\PaymentWindow.xaml(229,52): error CS0102: O tipo "PaymentWindow" j├í cont├®m uma defini├º├úo para "TxtValorPago" [C:\Users\zacho\OneDrive\Downloads\Documentos\Projetos\pdv_medusax8\PDV_MedusaX8_hznqlc22_wpftmp.csproj]
C:\Users\zacho\OneDrive\Downloads\Documentos\Projetos\pdv_medusax8\v1.1\v1.1\PaymentWindow.xaml(229,52): error CS0102: O tipo "PaymentWindow" j├í cont├®m uma defini├º├úo para "TxtValorPago" [C:\Users\zacho\OneDrive\Downloads\Documentos\Projetos\pdv_medusax8\PDV_MedusaX8_hznqlc22_wpftmp.csproj]
C:\Users\zacho\OneDrive\Downloads\Documentos\Projetos\pdv_medusax8\v1.1\PaymentWindow.xaml(231,52): error CS0102: O tipo "PaymentWindow" j├í cont├®m uma defini├º├úo para "TxtDescontoVenda" [C:\Users\zacho\OneDrive\Downloads\Documentos\Projetos\pdv_medusax8\PDV_MedusaX8_hznqlc22_wpftmp.csproj]
C:\Users\zacho\OneDrive\Downloads\Documentos\Projetos\pdv_medusax8\v1.1\v1.1\PaymentWindow.xaml(231,52): error CS0102: O tipo "PaymentWindow" j├í cont├®m uma defini├º├úo para "TxtDescontoVenda" [C:\Users\zacho\OneDrive\Downloads\Documentos\Projetos\pdv_medusax8\PDV_MedusaX8_hznqlc22_wpftmp.csproj]
C:\Users\zacho\OneDrive\Downloads\Documentos\Projetos\pdv_medusax8\v1.1\PaymentWindow.xaml(247,52): error CS0102: O tipo "PaymentWindow" j├í cont├®m uma defini├º├úo para "LblFaltaPagar" [C:\Users\zacho\OneDrive\Downloads\Documentos\Projetos\pdv_medusax8\PDV_MedusaX8_hznqlc22_wpftmp.csproj]
C:\Users\zacho\OneDrive\Downloads\Documentos\Projetos\pdv_medusax8\v1.1\v1.1\PaymentWindow.xaml(247,52): error CS0102: O tipo "PaymentWindow" j├í cont├®m uma defini├º├úo para "LblFaltaPagar" [C:\Users\zacho\OneDrive\Downloads\Documentos\Projetos\pdv_medusax8\PDV_MedusaX8_hznqlc22_wpftmp.csproj]
C:\Users\zacho\OneDrive\Downloads\Documentos\Projetos\pdv_medusax8\v1.1\PaymentWindow.xaml(248,52): error CS0102: O tipo "PaymentWindow" j├í cont├®m uma defini├º├úo para "TxtFaltaPagar" [C:\Users\zacho\OneDrive\Downloads\Documentos\Projetos\pdv_medusax8\PDV_MedusaX8_hznqlc22_wpftmp.csproj]
C:\Users\zacho\OneDrive\Downloads\Documentos\Projetos\pdv_medusax8\v1.1\v1.1\PaymentWindow.xaml(248,52): error CS0102: O tipo "PaymentWindow" j├í cont├®m uma defini├º├úo para "TxtFaltaPagar" [C:\Users\zacho\OneDrive\Downloads\Documentos\Projetos\pdv_medusax8\PDV_MedusaX8_hznqlc22_wpftmp.csproj]
C:\Users\zacho\OneDrive\Downloads\Documentos\Projetos\pdv_medusax8\v1.1\PaymentWindow.xaml(249,52): error CS0102: O tipo "PaymentWindow" j├í cont├®m uma defini├º├úo para "LblVendaFechada" [C:\Users\zacho\OneDrive\Downloads\Documentos\Projetos\pdv_medusax8\PDV_MedusaX8_hznqlc22_wpftmp.csproj]
C:\Users\zacho\OneDrive\Downloads\Documentos\Projetos\pdv_medusax8\v1.1\v1.1\PaymentWindow.xaml(249,52): error CS0102: O tipo "PaymentWindow" j├í cont├®m uma defini├º├úo para "LblVendaFechada" [C:\Users\zacho\OneDrive\Downloads\Documentos\Projetos\pdv_medusax8\PDV_MedusaX8_hznqlc22_wpftmp.csproj]
C:\Users\zacho\OneDrive\Downloads\Documentos\Projetos\pdv_medusax8\v1.1\PaymentWindow.xaml(250,52): error CS0102: O tipo "PaymentWindow" j├í cont├®m uma defini├º├úo para "TxtVendaFechada" [C:\Users\zacho\OneDrive\Downloads\Documentos\Projetos\pdv_medusax8\PDV_MedusaX8_hznqlc22_wpftmp.csproj]
C:\Users\zacho\OneDrive\Downloads\Documentos\Projetos\pdv_medusax8\v1.1\v1.1\PaymentWindow.xaml(250,52): error CS0102: O tipo "PaymentWindow" j├í cont├®m uma defini├º├úo para "TxtVendaFechada" [C:\Users\zacho\OneDrive\Downloads\Documentos\Projetos\pdv_medusax8\PDV_MedusaX8_hznqlc22_wpftmp.csproj]
C:\Users\zacho\OneDrive\Downloads\Documentos\Projetos\pdv_medusax8\v1.1\PaymentWindow.xaml(262,51): error CS0102: O tipo "PaymentWindow" j├í cont├®m uma defini├º├úo para "AppliedList" [C:\Users\zacho\OneDrive\Downloads\Documentos\Projetos\pdv_medusax8\PDV_MedusaX8_hznqlc22_wpftmp.csproj]
C:\Users\zacho\OneDrive\Downloads\Documentos\Projetos\pdv_medusax8\v1.1\v1.1\PaymentWindow.xaml(262,51): error CS0102: O tipo "PaymentWindow" j├í cont├®m uma defini├º├úo para "AppliedList" [C:\Users\zacho\OneDrive\Downloads\Documentos\Projetos\pdv_medusax8\PDV_MedusaX8_hznqlc22_wpftmp.csproj]
C:\Users\zacho\OneDrive\Downloads\Documentos\Projetos\pdv_medusax8\v1.1\PaymentWindow.xaml(295,49): error CS0102: O tipo "PaymentWindow" j├í cont├®m uma defini├º├úo para "BtnConfirm" [C:\Users\zacho\OneDrive\Downloads\Documentos\Projetos\pdv_medusax8\PDV_MedusaX8_hznqlc22_wpftmp.csproj]
C:\Users\zacho\OneDrive\Downloads\Documentos\Projetos\pdv_medusax8\v1.1\v1.1\PaymentWindow.xaml(295,49): error CS0102: O tipo "PaymentWindow" j├í cont├®m uma defini├º├úo para "BtnConfirm" [C:\Users\zacho\OneDrive\Downloads\Documentos\Projetos\pdv_medusax8\PDV_MedusaX8_hznqlc22_wpftmp.csproj]
C:\Users\zacho\OneDrive\Downloads\Documentos\Projetos\pdv_medusax8\obj\Release\net10.0-windows\v1.1\PaymentWindow.g.cs(171,22): error CS0102: O tipo "PaymentWindow" j├í cont├®m uma defini├º├úo para "_contentLoaded" [C:\Users\zacho\OneDrive\Downloads\Documentos\Projetos\pdv_medusax8\PDV_MedusaX8_hznqlc22_wpftmp.csproj]
C:\Users\zacho\OneDrive\Downloads\Documentos\Projetos\pdv_medusax8\obj\Release\net10.0-windows\v1.1\v1.1\PaymentWindow.g.cs(171,22): error CS0102: O tipo "PaymentWindow" j├í cont├®m uma defini├º├úo para "_contentLoaded" [C:\Users\zacho\OneDrive\Downloads\Documentos\Projetos\pdv_medusax8\PDV_MedusaX8_hznqlc22_wpftmp.csproj]
C:\Users\zacho\OneDrive\Downloads\Documentos\Projetos\pdv_medusax8\obj\Release\net10.0-windows\v1.1\PaymentWindow.g.cs(178,21): error CS0111: Tipo "PaymentWindow" j├í define um membro chamado "InitializeComponent" com os mesmos tipos de par├ómetro [C:\Users\zacho\OneDrive\Downloads\Documentos\Projetos\pdv_medusax8\PDV_MedusaX8_hznqlc22_wpftmp.csproj]
C:\Users\zacho\OneDrive\Downloads\Documentos\Projetos\pdv_medusax8\obj\Release\net10.0-windows\v1.1\v1.1\PaymentWindow.g.cs(178,21): error CS0111: Tipo "PaymentWindow" j├í define um membro chamado "InitializeComponent" com os mesmos tipos de par├ómetro [C:\Users\zacho\OneDrive\Downloads\Documentos\Projetos\pdv_medusax8\PDV_MedusaX8_hznqlc22_wpftmp.csproj]
C:\Users\zacho\OneDrive\Downloads\Documentos\Projetos\pdv_medusax8\obj\Release\net10.0-windows\v1.1\PaymentWindow.g.cs(198,56): error CS0111: Tipo "PaymentWindow" j├í define um membro chamado "System.Windows.Markup.IComponentConnector.Connect" com os mesmos tipos de par├ómetro [C:\Users\zacho\OneDrive\Downloads\Documentos\Projetos\pdv_medusax8\PDV_MedusaX8_hznqlc22_wpftmp.csproj]
C:\Users\zacho\OneDrive\Downloads\Documentos\Projetos\pdv_medusax8\obj\Release\net10.0-windows\v1.1\v1.1\PaymentWindow.g.cs(198,56): error CS0111: Tipo "PaymentWindow" j├í define um membro chamado "System.Windows.Markup.IComponentConnector.Connect" com os mesmos tipos de par├ómetro [C:\Users\zacho\OneDrive\Downloads\Documentos\Projetos\pdv_medusax8\PDV_MedusaX8_hznqlc22_wpftmp.csproj]
C:\Users\zacho\OneDrive\Downloads\Documentos\Projetos\pdv_medusax8\obj\Release\net10.0-windows\v1.1\PaymentWindow.g.cs(327,52): error CS0111: Tipo "PaymentWindow" j├í define um membro chamado "System.Windows.Markup.IStyleConnector.Connect" com os mesmos tipos de par├ómetro [C:\Users\zacho\OneDrive\Downloads\Documentos\Projetos\pdv_medusax8\PDV_MedusaX8_hznqlc22_wpftmp.csproj]
C:\Users\zacho\OneDrive\Downloads\Documentos\Projetos\pdv_medusax8\obj\Release\net10.0-windows\v1.1\v1.1\PaymentWindow.g.cs(327,52): error CS0111: Tipo "PaymentWindow" j├í define um membro chamado "System.Windows.Markup.IStyleConnector.Connect" com os mesmos tipos de par├ómetro [C:\Users\zacho\OneDrive\Downloads\Documentos\Projetos\pdv_medusax8\PDV_MedusaX8_hznqlc22_wpftmp.csproj]
C:\Users\zacho\OneDrive\Downloads\Documentos\Projetos\pdv_medusax8\v1.1\Services\DbHelper.cs(14,30): error CS0111: Tipo "DbHelper" j├í define um membro chamado "GetSecureDbFolder" com os mesmos tipos de par├ómetro [C:\Users\zacho\OneDrive\Downloads\Documentos\Projetos\pdv_medusax8\PDV_MedusaX8_hznqlc22_wpftmp.csproj]
C:\Users\zacho\OneDrive\Downloads\Documentos\Projetos\pdv_medusax8\v1.1\v1.1\Services\DbHelper.cs(14,30): error CS0111: Tipo "DbHelper" j├í define um membro chamado "GetSecureDbFolder" com os mesmos tipos de par├ómetro [C:\Users\zacho\OneDrive\Downloads\Documentos\Projetos\pdv_medusax8\PDV_MedusaX8_hznqlc22_wpftmp.csproj]
C:\Users\zacho\OneDrive\Downloads\Documentos\Projetos\pdv_medusax8\v1.1\Services\DbHelper.cs(21,30): error CS0111: Tipo "DbHelper" j├í define um membro chamado "GetDbPath" com os mesmos tipos de par├ómetro [C:\Users\zacho\OneDrive\Downloads\Documentos\Projetos\pdv_medusax8\PDV_MedusaX8_hznqlc22_wpftmp.csproj]
C:\Users\zacho\OneDrive\Downloads\Documentos\Projetos\pdv_medusax8\v1.1\v1.1\Services\DbHelper.cs(21,30): error CS0111: Tipo "DbHelper" j├í define um membro chamado "GetDbPath" com os mesmos tipos de par├ómetro [C:\Users\zacho\OneDrive\Downloads\Documentos\Projetos\pdv_medusax8\PDV_MedusaX8_hznqlc22_wpftmp.csproj]
C:\Users\zacho\OneDrive\Downloads\Documentos\Projetos\pdv_medusax8\v1.1\Services\DbHelper.cs(29,30): error CS0111: Tipo "DbHelper" j├í define um membro chamado "GetConnectionString" com os mesmos tipos de par├ómetro [C:\Users\zacho\OneDrive\Downloads\Documentos\Projetos\pdv_medusax8\PDV_MedusaX8_hznqlc22_wpftmp.csproj]
C:\Users\zacho\OneDrive\Downloads\Documentos\Projetos\pdv_medusax8\v1.1\v1.1\Services\DbHelper.cs(29,30): error CS0111: Tipo "DbHelper" j├í define um membro chamado "GetConnectionString" com os mesmos tipos de par├ómetro [C:\Users\zacho\OneDrive\Downloads\Documentos\Projetos\pdv_medusax8\PDV_MedusaX8_hznqlc22_wpftmp.csproj]
C:\Users\zacho\OneDrive\Downloads\Documentos\Projetos\pdv_medusax8\v1.1\Services\DbHelper.cs(35,28): error CS0111: Tipo "DbHelper" j├í define um membro chamado "Initialize" com os mesmos tipos de par├ómetro [C:\Users\zacho\OneDrive\Downloads\Documentos\Projetos\pdv_medusax8\PDV_MedusaX8_hznqlc22_wpftmp.csproj]
C:\Users\zacho\OneDrive\Downloads\Documentos\Projetos\pdv_medusax8\v1.1\v1.1\Services\DbHelper.cs(35,28): error CS0111: Tipo "DbHelper" j├í define um membro chamado "Initialize" com os mesmos tipos de par├ómetro [C:\Users\zacho\OneDrive\Downloads\Documentos\Projetos\pdv_medusax8\PDV_MedusaX8_hznqlc22_wpftmp.csproj]
C:\Users\zacho\OneDrive\Downloads\Documentos\Projetos\pdv_medusax8\v1.1\Services\DbHelper.cs(70,29): error CS0111: Tipo "DbHelper" j├í define um membro chamado "TryHardenPermissions" com os mesmos tipos de par├ómetro [C:\Users\zacho\OneDrive\Downloads\Documentos\Projetos\pdv_medusax8\PDV_MedusaX8_hznqlc22_wpftmp.csproj]
C:\Users\zacho\OneDrive\Downloads\Documentos\Projetos\pdv_medusax8\v1.1\v1.1\Services\DbHelper.cs(70,29): error CS0111: Tipo "DbHelper" j├í define um membro chamado "TryHardenPermissions" com os mesmos tipos de par├ómetro [C:\Users\zacho\OneDrive\Downloads\Documentos\Projetos\pdv_medusax8\PDV_MedusaX8_hznqlc22_wpftmp.csproj]
C:\Users\zacho\OneDrive\Downloads\Documentos\Projetos\pdv_medusax8\v1.1\Services\NFCeService.cs(13,24): error CS0111: Tipo "NFCeService" j├í define um membro chamado "GetConnectionString" com os mesmos tipos de par├ómetro [C:\Users\zacho\OneDrive\Downloads\Documentos\Projetos\pdv_medusax8\PDV_MedusaX8_hznqlc22_wpftmp.csproj]
C:\Users\zacho\OneDrive\Downloads\Documentos\Projetos\pdv_medusax8\v1.1\v1.1\Services\NFCeService.cs(13,24): error CS0111: Tipo "NFCeService" j├í define um membro chamado "GetConnectionString" com os mesmos tipos de par├ómetro [C:\Users\zacho\OneDrive\Downloads\Documentos\Projetos\pdv_medusax8\PDV_MedusaX8_hznqlc22_wpftmp.csproj]
C:\Users\zacho\OneDrive\Downloads\Documentos\Projetos\pdv_medusax8\v1.1\Services\NFCeService.cs(15,21): error CS0111: Tipo "NFCeService" j├í define um membro chamado "EmitirNFCe" com os mesmos tipos de par├ómetro [C:\Users\zacho\OneDrive\Downloads\Documentos\Projetos\pdv_medusax8\PDV_MedusaX8_hznqlc22_wpftmp.csproj]
C:\Users\zacho\OneDrive\Downloads\Documentos\Projetos\pdv_medusax8\v1.1\v1.1\Services\NFCeService.cs(15,21): error CS0111: Tipo "NFCeService" j├í define um membro chamado "EmitirNFCe" com os mesmos tipos de par├ómetro [C:\Users\zacho\OneDrive\Downloads\Documentos\Projetos\pdv_medusax8\PDV_MedusaX8_hznqlc22_wpftmp.csproj]
C:\Users\zacho\OneDrive\Downloads\Documentos\Projetos\pdv_medusax8\ProdutosSearchWindow.xaml.cs(12,26): error CS8646: 'IComponentConnector.Connect(int, object)' ├® implementado explicitamente mais de uma vez. [C:\Users\zacho\OneDrive\Downloads\Documentos\Projetos\pdv_medusax8\PDV_MedusaX8_hznqlc22_wpftmp.csproj]
C:\Users\zacho\OneDrive\Downloads\Documentos\Projetos\pdv_medusax8\v1.1\ProdutosSearchWindow.xaml.cs(24,30): error CS0102: O tipo "ProdutosSearchWindow" j├í cont├®m uma defini├º├úo para "SelectedEntry" [C:\Users\zacho\OneDrive\Downloads\Documentos\Projetos\pdv_medusax8\PDV_MedusaX8_hznqlc22_wpftmp.csproj]
C:\Users\zacho\OneDrive\Downloads\Documentos\Projetos\pdv_medusax8\v1.1\v1.1\ProdutosSearchWindow.xaml.cs(24,30): error CS0102: O tipo "ProdutosSearchWindow" j├í cont├®m uma defini├º├úo para "SelectedEntry" [C:\Users\zacho\OneDrive\Downloads\Documentos\Projetos\pdv_medusax8\PDV_MedusaX8_hznqlc22_wpftmp.csproj]
C:\Users\zacho\OneDrive\Downloads\Documentos\Projetos\pdv_medusax8\v1.1\ProdutosSearchWindow.xaml.cs(25,24): error CS0102: O tipo "ProdutosSearchWindow" j├í cont├®m uma defini├º├úo para "SelectedQty" [C:\Users\zacho\OneDrive\Downloads\Documentos\Projetos\pdv_medusax8\PDV_MedusaX8_hznqlc22_wpftmp.csproj]
C:\Users\zacho\OneDrive\Downloads\Documentos\Projetos\pdv_medusax8\v1.1\v1.1\ProdutosSearchWindow.xaml.cs(25,24): error CS0102: O tipo "ProdutosSearchWindow" j├í cont├®m uma defini├º├úo para "SelectedQty" [C:\Users\zacho\OneDrive\Downloads\Documentos\Projetos\pdv_medusax8\PDV_MedusaX8_hznqlc22_wpftmp.csproj]
C:\Users\zacho\OneDrive\Downloads\Documentos\Projetos\pdv_medusax8\v1.1\ProdutosSearchWindow.xaml.cs(26,36): error CS0102: O tipo "ProdutosSearchWindow" j├í cont├®m uma defini├º├úo para "_allProducts" [C:\Users\zacho\OneDrive\Downloads\Documentos\Projetos\pdv_medusax8\PDV_MedusaX8_hznqlc22_wpftmp.csproj]
C:\Users\zacho\OneDrive\Downloads\Documentos\Projetos\pdv_medusax8\v1.1\v1.1\ProdutosSearchWindow.xaml.cs(26,36): error CS0102: O tipo "ProdutosSearchWindow" j├í cont├®m uma defini├º├úo para "_allProducts" [C:\Users\zacho\OneDrive\Downloads\Documentos\Projetos\pdv_medusax8\PDV_MedusaX8_hznqlc22_wpftmp.csproj]
C:\Users\zacho\OneDrive\Downloads\Documentos\Projetos\pdv_medusax8\v1.1\ProdutosSearchWindow.xaml.cs(28,16): error CS0111: Tipo "ProdutosSearchWindow" j├í define um membro chamado "ProdutosSearchWindow" com os mesmos tipos de par├ómetro [C:\Users\zacho\OneDrive\Downloads\Documentos\Projetos\pdv_medusax8\PDV_MedusaX8_hznqlc22_wpftmp.csproj]
C:\Users\zacho\OneDrive\Downloads\Documentos\Projetos\pdv_medusax8\v1.1\v1.1\ProdutosSearchWindow.xaml.cs(28,16): error CS0111: Tipo "ProdutosSearchWindow" j├í define um membro chamado "ProdutosSearchWindow" com os mesmos tipos de par├ómetro [C:\Users\zacho\OneDrive\Downloads\Documentos\Projetos\pdv_medusax8\PDV_MedusaX8_hznqlc22_wpftmp.csproj]
C:\Users\zacho\OneDrive\Downloads\Documentos\Projetos\pdv_medusax8\v1.1\ProdutosSearchWindow.xaml.cs(35,22): error CS0111: Tipo "ProdutosSearchWindow" j├í define um membro chamado "LoadProducts" com os mesmos tipos de par├ómetro [C:\Users\zacho\OneDrive\Downloads\Documentos\Projetos\pdv_medusax8\PDV_MedusaX8_hznqlc22_wpftmp.csproj]
C:\Users\zacho\OneDrive\Downloads\Documentos\Projetos\pdv_medusax8\v1.1\v1.1\ProdutosSearchWindow.xaml.cs(35,22): error CS0111: Tipo "ProdutosSearchWindow" j├í define um membro chamado "LoadProducts" com os mesmos tipos de par├ómetro [C:\Users\zacho\OneDrive\Downloads\Documentos\Projetos\pdv_medusax8\PDV_MedusaX8_hznqlc22_wpftmp.csproj]
C:\Users\zacho\OneDrive\Downloads\Documentos\Projetos\pdv_medusax8\v1.1\ProdutosSearchWindow.xaml.cs(70,24): error CS0111: Tipo "ProdutosSearchWindow" j├í define um membro chamado "GetConnectionString" com os mesmos tipos de par├ómetro [C:\Users\zacho\OneDrive\Downloads\Documentos\Projetos\pdv_medusax8\PDV_MedusaX8_hznqlc22_wpftmp.csproj]
C:\Users\zacho\OneDrive\Downloads\Documentos\Projetos\pdv_medusax8\v1.1\v1.1\ProdutosSearchWindow.xaml.cs(70,24): error CS0111: Tipo "ProdutosSearchWindow" j├í define um membro chamado "GetConnectionString" com os mesmos tipos de par├ómetro [C:\Users\zacho\OneDrive\Downloads\Documentos\Projetos\pdv_medusax8\PDV_MedusaX8_hznqlc22_wpftmp.csproj]
C:\Users\zacho\OneDrive\Downloads\Documentos\Projetos\pdv_medusax8\v1.1\ProdutosSearchWindow.xaml.cs(75,22): error CS0111: Tipo "ProdutosSearchWindow" j├í define um membro chamado "TxtFiltro_TextChanged" com os mesmos tipos de par├ómetro [C:\Users\zacho\OneDrive\Downloads\Documentos\Projetos\pdv_medusax8\PDV_MedusaX8_hznqlc22_wpftmp.csproj]
C:\Users\zacho\OneDrive\Downloads\Documentos\Projetos\pdv_medusax8\v1.1\v1.1\ProdutosSearchWindow.xaml.cs(75,22): error CS0111: Tipo "ProdutosSearchWindow" j├í define um membro chamado "TxtFiltro_TextChanged" com os mesmos tipos de par├ómetro [C:\Users\zacho\OneDrive\Downloads\Documentos\Projetos\pdv_medusax8\PDV_MedusaX8_hznqlc22_wpftmp.csproj]
C:\Users\zacho\OneDrive\Downloads\Documentos\Projetos\pdv_medusax8\v1.1\ProdutosSearchWindow.xaml.cs(93,22): error CS0111: Tipo "ProdutosSearchWindow" j├í define um membro chamado "BtnAdicionar_Click" com os mesmos tipos de par├ómetro [C:\Users\zacho\OneDrive\Downloads\Documentos\Projetos\pdv_medusax8\PDV_MedusaX8_hznqlc22_wpftmp.csproj]
C:\Users\zacho\OneDrive\Downloads\Documentos\Projetos\pdv_medusax8\v1.1\v1.1\ProdutosSearchWindow.xaml.cs(93,22): error CS0111: Tipo "ProdutosSearchWindow" j├í define um membro chamado "BtnAdicionar_Click" com os mesmos tipos de par├ómetro [C:\Users\zacho\OneDrive\Downloads\Documentos\Projetos\pdv_medusax8\PDV_MedusaX8_hznqlc22_wpftmp.csproj]
C:\Users\zacho\OneDrive\Downloads\Documentos\Projetos\pdv_medusax8\v1.1\ProdutosSearchWindow.xaml.cs(115,22): error CS0111: Tipo "ProdutosSearchWindow" j├í define um membro chamado "BtnFechar_Click" com os mesmos tipos de par├ómetro [C:\Users\zacho\OneDrive\Downloads\Documentos\Projetos\pdv_medusax8\PDV_MedusaX8_hznqlc22_wpftmp.csproj]
C:\Users\zacho\OneDrive\Downloads\Documentos\Projetos\pdv_medusax8\v1.1\v1.1\ProdutosSearchWindow.xaml.cs(115,22): error CS0111: Tipo "ProdutosSearchWindow" j├í define um membro chamado "BtnFechar_Click" com os mesmos tipos de par├ómetro [C:\Users\zacho\OneDrive\Downloads\Documentos\Projetos\pdv_medusax8\PDV_MedusaX8_hznqlc22_wpftmp.csproj]
C:\Users\zacho\OneDrive\Downloads\Documentos\Projetos\pdv_medusax8\v1.1\ProdutosSearchWindow.xaml.cs(121,22): error CS0111: Tipo "ProdutosSearchWindow" j├í define um membro chamado "LstProdutos_MouseDoubleClick" com os mesmos tipos de par├ómetro [C:\Users\zacho\OneDrive\Downloads\Documentos\Projetos\pdv_medusax8\PDV_MedusaX8_hznqlc22_wpftmp.csproj]
C:\Users\zacho\OneDrive\Downloads\Documentos\Projetos\pdv_medusax8\v1.1\v1.1\ProdutosSearchWindow.xaml.cs(121,22): error CS0111: Tipo "ProdutosSearchWindow" j├í define um membro chamado "LstProdutos_MouseDoubleClick" com os mesmos tipos de par├ómetro [C:\Users\zacho\OneDrive\Downloads\Documentos\Projetos\pdv_medusax8\PDV_MedusaX8_hznqlc22_wpftmp.csproj]
C:\Users\zacho\OneDrive\Downloads\Documentos\Projetos\pdv_medusax8\v1.1\ProdutosSearchWindow.xaml(16,50): error CS0102: O tipo "ProdutosSearchWindow" j├í cont├®m uma defini├º├úo para "TxtFiltro" [C:\Users\zacho\OneDrive\Downloads\Documentos\Projetos\pdv_medusax8\PDV_MedusaX8_hznqlc22_wpftmp.csproj]
C:\Users\zacho\OneDrive\Downloads\Documentos\Projetos\pdv_medusax8\v1.1\v1.1\ProdutosSearchWindow.xaml(16,50): error CS0102: O tipo "ProdutosSearchWindow" j├í cont├®m uma defini├º├úo para "TxtFiltro" [C:\Users\zacho\OneDrive\Downloads\Documentos\Projetos\pdv_medusax8\PDV_MedusaX8_hznqlc22_wpftmp.csproj]
C:\Users\zacho\OneDrive\Downloads\Documentos\Projetos\pdv_medusax8\v1.1\ProdutosSearchWindow.xaml(20,51): error CS0102: O tipo "ProdutosSearchWindow" j├í cont├®m uma defini├º├úo para "LstProdutos" [C:\Users\zacho\OneDrive\Downloads\Documentos\Projetos\pdv_medusax8\PDV_MedusaX8_hznqlc22_wpftmp.csproj]
C:\Users\zacho\OneDrive\Downloads\Documentos\Projetos\pdv_medusax8\v1.1\v1.1\ProdutosSearchWindow.xaml(20,51): error CS0102: O tipo "ProdutosSearchWindow" j├í cont├®m uma defini├º├úo para "LstProdutos" [C:\Users\zacho\OneDrive\Downloads\Documentos\Projetos\pdv_medusax8\PDV_MedusaX8_hznqlc22_wpftmp.csproj]
C:\Users\zacho\OneDrive\Downloads\Documentos\Projetos\pdv_medusax8\v1.1\ProdutosSearchWindow.xaml(34,50): error CS0102: O tipo "ProdutosSearchWindow" j├í cont├®m uma defini├º├úo para "TxtQtd" [C:\Users\zacho\OneDrive\Downloads\Documentos\Projetos\pdv_medusax8\PDV_MedusaX8_hznqlc22_wpftmp.csproj]
C:\Users\zacho\OneDrive\Downloads\Documentos\Projetos\pdv_medusax8\v1.1\v1.1\ProdutosSearchWindow.xaml(34,50): error CS0102: O tipo "ProdutosSearchWindow" j├í cont├®m uma defini├º├úo para "TxtQtd" [C:\Users\zacho\OneDrive\Downloads\Documentos\Projetos\pdv_medusax8\PDV_MedusaX8_hznqlc22_wpftmp.csproj]
C:\Users\zacho\OneDrive\Downloads\Documentos\Projetos\pdv_medusax8\obj\Release\net10.0-windows\v1.1\ProdutosSearchWindow.g.cs(66,22): error CS0102: O tipo "ProdutosSearchWindow" j├í cont├®m uma defini├º├úo para "_contentLoaded" [C:\Users\zacho\OneDrive\Downloads\Documentos\Projetos\pdv_medusax8\PDV_MedusaX8_hznqlc22_wpftmp.csproj]
C:\Users\zacho\OneDrive\Downloads\Documentos\Projetos\pdv_medusax8\obj\Release\net10.0-windows\v1.1\v1.1\ProdutosSearchWindow.g.cs(66,22): error CS0102: O tipo "ProdutosSearchWindow" j├í cont├®m uma defini├º├úo para "_contentLoaded" [C:\Users\zacho\OneDrive\Downloads\Documentos\Projetos\pdv_medusax8\PDV_MedusaX8_hznqlc22_wpftmp.csproj]
C:\Users\zacho\OneDrive\Downloads\Documentos\Projetos\pdv_medusax8\obj\Release\net10.0-windows\v1.1\ProdutosSearchWindow.g.cs(73,21): error CS0111: Tipo "ProdutosSearchWindow" j├í define um membro chamado "InitializeComponent" com os mesmos tipos de par├ómetro [C:\Users\zacho\OneDrive\Downloads\Documentos\Projetos\pdv_medusax8\PDV_MedusaX8_hznqlc22_wpftmp.csproj]
C:\Users\zacho\OneDrive\Downloads\Documentos\Projetos\pdv_medusax8\obj\Release\net10.0-windows\v1.1\v1.1\ProdutosSearchWindow.g.cs(73,21): error CS0111: Tipo "ProdutosSearchWindow" j├í define um membro chamado "InitializeComponent" com os mesmos tipos de par├ómetro [C:\Users\zacho\OneDrive\Downloads\Documentos\Projetos\pdv_medusax8\PDV_MedusaX8_hznqlc22_wpftmp.csproj]
C:\Users\zacho\OneDrive\Downloads\Documentos\Projetos\pdv_medusax8\obj\Release\net10.0-windows\v1.1\ProdutosSearchWindow.g.cs(93,56): error CS0111: Tipo "ProdutosSearchWindow" j├í define um membro chamado "System.Windows.Markup.IComponentConnector.Connect" com os mesmos tipos de par├ómetro [C:\Users\zacho\OneDrive\Downloads\Documentos\Projetos\pdv_medusax8\PDV_MedusaX8_hznqlc22_wpftmp.csproj]
C:\Users\zacho\OneDrive\Downloads\Documentos\Projetos\pdv_medusax8\obj\Release\net10.0-windows\v1.1\v1.1\ProdutosSearchWindow.g.cs(93,56): error CS0111: Tipo "ProdutosSearchWindow" j├í define um membro chamado "System.Windows.Markup.IComponentConnector.Connect" com os mesmos tipos de par├ómetro [C:\Users\zacho\OneDrive\Downloads\Documentos\Projetos\pdv_medusax8\PDV_MedusaX8_hznqlc22_wpftmp.csproj]
C:\Users\zacho\OneDrive\Downloads\Documentos\Projetos\pdv_medusax8\v1.1\Services\PrintingService.cs(15,31): error CS0111: Tipo "PrintingService" j├í define um membro chamado "GetConnectionString" com os mesmos tipos de par├ómetro [C:\Users\zacho\OneDrive\Downloads\Documentos\Projetos\pdv_medusax8\PDV_MedusaX8_hznqlc22_wpftmp.csproj]
C:\Users\zacho\OneDrive\Downloads\Documentos\Projetos\pdv_medusax8\v1.1\v1.1\Services\PrintingService.cs(15,31): error CS0111: Tipo "PrintingService" j├í define um membro chamado "GetConnectionString" com os mesmos tipos de par├ómetro [C:\Users\zacho\OneDrive\Downloads\Documentos\Projetos\pdv_medusax8\PDV_MedusaX8_hznqlc22_wpftmp.csproj]
C:\Users\zacho\OneDrive\Downloads\Documentos\Projetos\pdv_medusax8\v1.1\Services\PrintingService.cs(20,31): error CS0111: Tipo "PrintingService" j├í define um membro chamado "GetSetting" com os mesmos tipos de par├ómetro [C:\Users\zacho\OneDrive\Downloads\Documentos\Projetos\pdv_medusax8\PDV_MedusaX8_hznqlc22_wpftmp.csproj]
C:\Users\zacho\OneDrive\Downloads\Documentos\Projetos\pdv_medusax8\v1.1\v1.1\Services\PrintingService.cs(20,31): error CS0111: Tipo "PrintingService" j├í define um membro chamado "GetSetting" com os mesmos tipos de par├ómetro [C:\Users\zacho\OneDrive\Downloads\Documentos\Projetos\pdv_medusax8\PDV_MedusaX8_hznqlc22_wpftmp.csproj]
C:\Users\zacho\OneDrive\Downloads\Documentos\Projetos\pdv_medusax8\v1.1\Services\PrintingService.cs(35,36): error CS0111: Tipo "PrintingService" j├í define um membro chamado "GetPrintQueueByName" com os mesmos tipos de par├ómetro [C:\Users\zacho\OneDrive\Downloads\Documentos\Projetos\pdv_medusax8\PDV_MedusaX8_hznqlc22_wpftmp.csproj]
C:\Users\zacho\OneDrive\Downloads\Documentos\Projetos\pdv_medusax8\v1.1\v1.1\Services\PrintingService.cs(35,36): error CS0111: Tipo "PrintingService" j├í define um membro chamado "GetPrintQueueByName" com os mesmos tipos de par├ómetro [C:\Users\zacho\OneDrive\Downloads\Documentos\Projetos\pdv_medusax8\PDV_MedusaX8_hznqlc22_wpftmp.csproj]
C:\Users\zacho\OneDrive\Downloads\Documentos\Projetos\pdv_medusax8\v1.1\Services\PrintingService.cs(54,29): error CS0111: Tipo "PrintingService" j├í define um membro chamado "PrintVisualTo" com os mesmos tipos de par├ómetro [C:\Users\zacho\OneDrive\Downloads\Documentos\Projetos\pdv_medusax8\PDV_MedusaX8_hznqlc22_wpftmp.csproj]
C:\Users\zacho\OneDrive\Downloads\Documentos\Projetos\pdv_medusax8\v1.1\v1.1\Services\PrintingService.cs(54,29): error CS0111: Tipo "PrintingService" j├í define um membro chamado "PrintVisualTo" com os mesmos tipos de par├ómetro [C:\Users\zacho\OneDrive\Downloads\Documentos\Projetos\pdv_medusax8\PDV_MedusaX8_hznqlc22_wpftmp.csproj]
C:\Users\zacho\OneDrive\Downloads\Documentos\Projetos\pdv_medusax8\v1.1\Services\PrintingService.cs(74,28): error CS0111: Tipo "PrintingService" j├í define um membro chamado "PrintConfissao" com os mesmos tipos de par├ómetro [C:\Users\zacho\OneDrive\Downloads\Documentos\Projetos\pdv_medusax8\PDV_MedusaX8_hznqlc22_wpftmp.csproj]
C:\Users\zacho\OneDrive\Downloads\Documentos\Projetos\pdv_medusax8\v1.1\v1.1\Services\PrintingService.cs(74,28): error CS0111: Tipo "PrintingService" j├í define um membro chamado "PrintConfissao" com os mesmos tipos de par├ómetro [C:\Users\zacho\OneDrive\Downloads\Documentos\Projetos\pdv_medusax8\PDV_MedusaX8_hznqlc22_wpftmp.csproj]
C:\Users\zacho\OneDrive\Downloads\Documentos\Projetos\pdv_medusax8\v1.1\Services\PrintingService.cs(108,28): error CS0111: Tipo "PrintingService" j├í define um membro chamado "PrintCarne" com os mesmos tipos de par├ómetro [C:\Users\zacho\OneDrive\Downloads\Documentos\Projetos\pdv_medusax8\PDV_MedusaX8_hznqlc22_wpftmp.csproj]
C:\Users\zacho\OneDrive\Downloads\Documentos\Projetos\pdv_medusax8\v1.1\v1.1\Services\PrintingService.cs(108,28): error CS0111: Tipo "PrintingService" j├í define um membro chamado "PrintCarne" com os mesmos tipos de par├ómetro [C:\Users\zacho\OneDrive\Downloads\Documentos\Projetos\pdv_medusax8\PDV_MedusaX8_hznqlc22_wpftmp.csproj]
C:\Users\zacho\OneDrive\Downloads\Documentos\Projetos\pdv_medusax8\v1.1\Services\PrintingService.cs(144,28): error CS0111: Tipo "PrintingService" j├í define um membro chamado "PrintFechamentoCaixa" com os mesmos tipos de par├ómetro [C:\Users\zacho\OneDrive\Downloads\Documentos\Projetos\pdv_medusax8\PDV_MedusaX8_hznqlc22_wpftmp.csproj]
C:\Users\zacho\OneDrive\Downloads\Documentos\Projetos\pdv_medusax8\v1.1\v1.1\Services\PrintingService.cs(144,28): error CS0111: Tipo "PrintingService" j├í define um membro chamado "PrintFechamentoCaixa" com os mesmos tipos de par├ómetro [C:\Users\zacho\OneDrive\Downloads\Documentos\Projetos\pdv_medusax8\PDV_MedusaX8_hznqlc22_wpftmp.csproj]
C:\Users\zacho\OneDrive\Downloads\Documentos\Projetos\pdv_medusax8\v1.1\ProdutosTesteWindow.xaml.cs(10,22): error CS0102: O tipo "ProdutosTesteWindow" j├í cont├®m uma defini├º├úo para "CatalogEntry" [C:\Users\zacho\OneDrive\Downloads\Documentos\Projetos\pdv_medusax8\PDV_MedusaX8_hznqlc22_wpftmp.csproj]
C:\Users\zacho\OneDrive\Downloads\Documentos\Projetos\pdv_medusax8\v1.1\v1.1\ProdutosTesteWindow.xaml.cs(10,22): error CS0102: O tipo "ProdutosTesteWindow" j├í cont├®m uma defini├º├úo para "CatalogEntry" [C:\Users\zacho\OneDrive\Downloads\Documentos\Projetos\pdv_medusax8\PDV_MedusaX8_hznqlc22_wpftmp.csproj]
C:\Users\zacho\OneDrive\Downloads\Documentos\Projetos\pdv_medusax8\SuprimentoWindow.xaml.cs(9,26): error CS8646: 'IComponentConnector.Connect(int, object)' ├® implementado explicitamente mais de uma vez. [C:\Users\zacho\OneDrive\Downloads\Documentos\Projetos\pdv_medusax8\PDV_MedusaX8_hznqlc22_wpftmp.csproj]
C:\Users\zacho\OneDrive\Downloads\Documentos\Projetos\pdv_medusax8\v1.1\SuprimentoWindow.xaml.cs(11,16): error CS0111: Tipo "SuprimentoWindow" j├í define um membro chamado "SuprimentoWindow" com os mesmos tipos de par├ómetro [C:\Users\zacho\OneDrive\Downloads\Documentos\Projetos\pdv_medusax8\PDV_MedusaX8_hznqlc22_wpftmp.csproj]
C:\Users\zacho\OneDrive\Downloads\Documentos\Projetos\pdv_medusax8\v1.1\v1.1\SuprimentoWindow.xaml.cs(11,16): error CS0111: Tipo "SuprimentoWindow" j├í define um membro chamado "SuprimentoWindow" com os mesmos tipos de par├ómetro [C:\Users\zacho\OneDrive\Downloads\Documentos\Projetos\pdv_medusax8\PDV_MedusaX8_hznqlc22_wpftmp.csproj]
C:\Users\zacho\OneDrive\Downloads\Documentos\Projetos\pdv_medusax8\v1.1\SuprimentoWindow.xaml.cs(17,24): error CS0111: Tipo "SuprimentoWindow" j├í define um membro chamado "GetConnectionString" com os mesmos tipos de par├ómetro [C:\Users\zacho\OneDrive\Downloads\Documentos\Projetos\pdv_medusax8\PDV_MedusaX8_hznqlc22_wpftmp.csproj]
C:\Users\zacho\OneDrive\Downloads\Documentos\Projetos\pdv_medusax8\v1.1\v1.1\SuprimentoWindow.xaml.cs(17,24): error CS0111: Tipo "SuprimentoWindow" j├í define um membro chamado "GetConnectionString" com os mesmos tipos de par├ómetro [C:\Users\zacho\OneDrive\Downloads\Documentos\Projetos\pdv_medusax8\PDV_MedusaX8_hznqlc22_wpftmp.csproj]
C:\Users\zacho\OneDrive\Downloads\Documentos\Projetos\pdv_medusax8\v1.1\SuprimentoWindow.xaml.cs(22,22): error CS0111: Tipo "SuprimentoWindow" j├í define um membro chamado "EnsureTables" com os mesmos tipos de par├ómetro [C:\Users\zacho\OneDrive\Downloads\Documentos\Projetos\pdv_medusax8\PDV_MedusaX8_hznqlc22_wpftmp.csproj]
C:\Users\zacho\OneDrive\Downloads\Documentos\Projetos\pdv_medusax8\v1.1\v1.1\SuprimentoWindow.xaml.cs(22,22): error CS0111: Tipo "SuprimentoWindow" j├í define um membro chamado "EnsureTables" com os mesmos tipos de par├ómetro [C:\Users\zacho\OneDrive\Downloads\Documentos\Projetos\pdv_medusax8\PDV_MedusaX8_hznqlc22_wpftmp.csproj]
C:\Users\zacho\OneDrive\Downloads\Documentos\Projetos\pdv_medusax8\v1.1\SuprimentoWindow.xaml.cs(41,22): error CS0111: Tipo "SuprimentoWindow" j├í define um membro chamado "BtnSalvar_Click" com os mesmos tipos de par├ómetro [C:\Users\zacho\OneDrive\Downloads\Documentos\Projetos\pdv_medusax8\PDV_MedusaX8_hznqlc22_wpftmp.csproj]
C:\Users\zacho\OneDrive\Downloads\Documentos\Projetos\pdv_medusax8\v1.1\v1.1\SuprimentoWindow.xaml.cs(41,22): error CS0111: Tipo "SuprimentoWindow" j├í define um membro chamado "BtnSalvar_Click" com os mesmos tipos de par├ómetro [C:\Users\zacho\OneDrive\Downloads\Documentos\Projetos\pdv_medusax8\PDV_MedusaX8_hznqlc22_wpftmp.csproj]
C:\Users\zacho\OneDrive\Downloads\Documentos\Projetos\pdv_medusax8\v1.1\SuprimentoWindow.xaml.cs(108,22): error CS0111: Tipo "SuprimentoWindow" j├í define um membro chamado "BtnCancelar_Click" com os mesmos tipos de par├ómetro [C:\Users\zacho\OneDrive\Downloads\Documentos\Projetos\pdv_medusax8\PDV_MedusaX8_hznqlc22_wpftmp.csproj]
C:\Users\zacho\OneDrive\Downloads\Documentos\Projetos\pdv_medusax8\v1.1\v1.1\SuprimentoWindow.xaml.cs(108,22): error CS0111: Tipo "SuprimentoWindow" j├í define um membro chamado "BtnCancelar_Click" com os mesmos tipos de par├ómetro [C:\Users\zacho\OneDrive\Downloads\Documentos\Projetos\pdv_medusax8\PDV_MedusaX8_hznqlc22_wpftmp.csproj]
C:\Users\zacho\OneDrive\Downloads\Documentos\Projetos\pdv_medusax8\v1.1\SuprimentoWindow.xaml(15,50): error CS0102: O tipo "SuprimentoWindow" j├í cont├®m uma defini├º├úo para "TxtValor" [C:\Users\zacho\OneDrive\Downloads\Documentos\Projetos\pdv_medusax8\PDV_MedusaX8_hznqlc22_wpftmp.csproj]
C:\Users\zacho\OneDrive\Downloads\Documentos\Projetos\pdv_medusax8\v1.1\v1.1\SuprimentoWindow.xaml(15,50): error CS0102: O tipo "SuprimentoWindow" j├í cont├®m uma defini├º├úo para "TxtValor" [C:\Users\zacho\OneDrive\Downloads\Documentos\Projetos\pdv_medusax8\PDV_MedusaX8_hznqlc22_wpftmp.csproj]
C:\Users\zacho\OneDrive\Downloads\Documentos\Projetos\pdv_medusax8\v1.1\SuprimentoWindow.xaml(18,50): error CS0102: O tipo "SuprimentoWindow" j├í cont├®m uma defini├º├úo para "TxtMotivo" [C:\Users\zacho\OneDrive\Downloads\Documentos\Projetos\pdv_medusax8\PDV_MedusaX8_hznqlc22_wpftmp.csproj]
C:\Users\zacho\OneDrive\Downloads\Documentos\Projetos\pdv_medusax8\v1.1\v1.1\SuprimentoWindow.xaml(18,50): error CS0102: O tipo "SuprimentoWindow" j├í cont├®m uma defini├º├úo para "TxtMotivo" [C:\Users\zacho\OneDrive\Downloads\Documentos\Projetos\pdv_medusax8\PDV_MedusaX8_hznqlc22_wpftmp.csproj]
C:\Users\zacho\OneDrive\Downloads\Documentos\Projetos\pdv_medusax8\obj\Release\net10.0-windows\v1.1\SuprimentoWindow.g.cs(58,22): error CS0102: O tipo "SuprimentoWindow" j├í cont├®m uma defini├º├úo para "_contentLoaded" [C:\Users\zacho\OneDrive\Downloads\Documentos\Projetos\pdv_medusax8\PDV_MedusaX8_hznqlc22_wpftmp.csproj]
C:\Users\zacho\OneDrive\Downloads\Documentos\Projetos\pdv_medusax8\obj\Release\net10.0-windows\v1.1\v1.1\SuprimentoWindow.g.cs(58,22): error CS0102: O tipo "SuprimentoWindow" j├í cont├®m uma defini├º├úo para "_contentLoaded" [C:\Users\zacho\OneDrive\Downloads\Documentos\Projetos\pdv_medusax8\PDV_MedusaX8_hznqlc22_wpftmp.csproj]
C:\Users\zacho\OneDrive\Downloads\Documentos\Projetos\pdv_medusax8\obj\Release\net10.0-windows\v1.1\SuprimentoWindow.g.cs(65,21): error CS0111: Tipo "SuprimentoWindow" j├í define um membro chamado "InitializeComponent" com os mesmos tipos de par├ómetro [C:\Users\zacho\OneDrive\Downloads\Documentos\Projetos\pdv_medusax8\PDV_MedusaX8_hznqlc22_wpftmp.csproj]
C:\Users\zacho\OneDrive\Downloads\Documentos\Projetos\pdv_medusax8\obj\Release\net10.0-windows\v1.1\v1.1\SuprimentoWindow.g.cs(65,21): error CS0111: Tipo "SuprimentoWindow" j├í define um membro chamado "InitializeComponent" com os mesmos tipos de par├ómetro [C:\Users\zacho\OneDrive\Downloads\Documentos\Projetos\pdv_medusax8\PDV_MedusaX8_hznqlc22_wpftmp.csproj]
C:\Users\zacho\OneDrive\Downloads\Documentos\Projetos\pdv_medusax8\obj\Release\net10.0-windows\v1.1\SuprimentoWindow.g.cs(85,56): error CS0111: Tipo "SuprimentoWindow" j├í define um membro chamado "System.Windows.Markup.IComponentConnector.Connect" com os mesmos tipos de par├ómetro [C:\Users\zacho\OneDrive\Downloads\Documentos\Projetos\pdv_medusax8\PDV_MedusaX8_hznqlc22_wpftmp.csproj]
C:\Users\zacho\OneDrive\Downloads\Documentos\Projetos\pdv_medusax8\obj\Release\net10.0-windows\v1.1\v1.1\SuprimentoWindow.g.cs(85,56): error CS0111: Tipo "SuprimentoWindow" j├í define um membro chamado "System.Windows.Markup.IComponentConnector.Connect" com os mesmos tipos de par├ómetro [C:\Users\zacho\OneDrive\Downloads\Documentos\Projetos\pdv_medusax8\PDV_MedusaX8_hznqlc22_wpftmp.csproj]
C:\Users\zacho\OneDrive\Downloads\Documentos\Projetos\pdv_medusax8\v1.1\Services\TEF\CapptaProvider.cs(8,21): error CS0111: Tipo "CapptaProvider" j├í define um membro chamado "Initialize" com os mesmos tipos de par├ómetro [C:\Users\zacho\OneDrive\Downloads\Documentos\Projetos\pdv_medusax8\PDV_MedusaX8_hznqlc22_wpftmp.csproj]
C:\Users\zacho\OneDrive\Downloads\Documentos\Projetos\pdv_medusax8\v1.1\v1.1\Services\TEF\CapptaProvider.cs(8,21): error CS0111: Tipo "CapptaProvider" j├í define um membro chamado "Initialize" com os mesmos tipos de par├ómetro [C:\Users\zacho\OneDrive\Downloads\Documentos\Projetos\pdv_medusax8\PDV_MedusaX8_hznqlc22_wpftmp.csproj]
C:\Users\zacho\OneDrive\Downloads\Documentos\Projetos\pdv_medusax8\v1.1\Services\TEF\CapptaProvider.cs(22,26): error CS0111: Tipo "CapptaProvider" j├í define um membro chamado "ProcessPayment" com os mesmos tipos de par├ómetro [C:\Users\zacho\OneDrive\Downloads\Documentos\Projetos\pdv_medusax8\PDV_MedusaX8_hznqlc22_wpftmp.csproj]
C:\Users\zacho\OneDrive\Downloads\Documentos\Projetos\pdv_medusax8\v1.1\v1.1\Services\TEF\CapptaProvider.cs(22,26): error CS0111: Tipo "CapptaProvider" j├í define um membro chamado "ProcessPayment" com os mesmos tipos de par├ómetro [C:\Users\zacho\OneDrive\Downloads\Documentos\Projetos\pdv_medusax8\PDV_MedusaX8_hznqlc22_wpftmp.csproj]
C:\Users\zacho\OneDrive\Downloads\Documentos\Projetos\pdv_medusax8\v1.1\Services\TEF\ITEFProvider.cs(7,14): error CS0111: Tipo "ITEFProvider" j├í define um membro chamado "Initialize" com os mesmos tipos de par├ómetro [C:\Users\zacho\OneDrive\Downloads\Documentos\Projetos\pdv_medusax8\PDV_MedusaX8_hznqlc22_wpftmp.csproj]
C:\Users\zacho\OneDrive\Downloads\Documentos\Projetos\pdv_medusax8\v1.1\v1.1\Services\TEF\ITEFProvider.cs(7,14): error CS0111: Tipo "ITEFProvider" j├í define um membro chamado "Initialize" com os mesmos tipos de par├ómetro [C:\Users\zacho\OneDrive\Downloads\Documentos\Projetos\pdv_medusax8\PDV_MedusaX8_hznqlc22_wpftmp.csproj]
C:\Users\zacho\OneDrive\Downloads\Documentos\Projetos\pdv_medusax8\v1.1\Services\TEF\ITEFProvider.cs(8,19): error CS0111: Tipo "ITEFProvider" j├í define um membro chamado "ProcessPayment" com os mesmos tipos de par├ómetro [C:\Users\zacho\OneDrive\Downloads\Documentos\Projetos\pdv_medusax8\PDV_MedusaX8_hznqlc22_wpftmp.csproj]
C:\Users\zacho\OneDrive\Downloads\Documentos\Projetos\pdv_medusax8\v1.1\v1.1\Services\TEF\ITEFProvider.cs(8,19): error CS0111: Tipo "ITEFProvider" j├í define um membro chamado "ProcessPayment" com os mesmos tipos de par├ómetro [C:\Users\zacho\OneDrive\Downloads\Documentos\Projetos\pdv_medusax8\PDV_MedusaX8_hznqlc22_wpftmp.csproj]
C:\Users\zacho\OneDrive\Downloads\Documentos\Projetos\pdv_medusax8\v1.1\Services\TEFManager.cs(65,17): error CS0111: Tipo "TEFManager" j├í define um membro chamado "TEFManager" com os mesmos tipos de par├ómetro [C:\Users\zacho\OneDrive\Downloads\Documentos\Projetos\pdv_medusax8\PDV_MedusaX8_hznqlc22_wpftmp.csproj]
C:\Users\zacho\OneDrive\Downloads\Documentos\Projetos\pdv_medusax8\v1.1\v1.1\Services\TEFManager.cs(65,17): error CS0111: Tipo "TEFManager" j├í define um membro chamado "TEFManager" com os mesmos tipos de par├ómetro [C:\Users\zacho\OneDrive\Downloads\Documentos\Projetos\pdv_medusax8\PDV_MedusaX8_hznqlc22_wpftmp.csproj]
C:\Users\zacho\OneDrive\Downloads\Documentos\Projetos\pdv_medusax8\v1.1\Services\TEFManager.cs(70,21): error CS0111: Tipo "TEFManager" j├í define um membro chamado "LoadTEFConfiguration" com os mesmos tipos de par├ómetro [C:\Users\zacho\OneDrive\Downloads\Documentos\Projetos\pdv_medusax8\PDV_MedusaX8_hznqlc22_wpftmp.csproj]
C:\Users\zacho\OneDrive\Downloads\Documentos\Projetos\pdv_medusax8\v1.1\v1.1\Services\TEFManager.cs(70,21): error CS0111: Tipo "TEFManager" j├í define um membro chamado "LoadTEFConfiguration" com os mesmos tipos de par├ómetro [C:\Users\zacho\OneDrive\Downloads\Documentos\Projetos\pdv_medusax8\PDV_MedusaX8_hznqlc22_wpftmp.csproj]
C:\Users\zacho\OneDrive\Downloads\Documentos\Projetos\pdv_medusax8\v1.1\Services\TEFManager.cs(106,22): error CS0111: Tipo "TEFManager" j├í define um membro chamado "LoadTEFSpecificSettings" com os mesmos tipos de par├ómetro [C:\Users\zacho\OneDrive\Downloads\Documentos\Projetos\pdv_medusax8\PDV_MedusaX8_hznqlc22_wpftmp.csproj]
C:\Users\zacho\OneDrive\Downloads\Documentos\Projetos\pdv_medusax8\v1.1\v1.1\Services\TEFManager.cs(106,22): error CS0111: Tipo "TEFManager" j├í define um membro chamado "LoadTEFSpecificSettings" com os mesmos tipos de par├ómetro [C:\Users\zacho\OneDrive\Downloads\Documentos\Projetos\pdv_medusax8\PDV_MedusaX8_hznqlc22_wpftmp.csproj]
C:\Users\zacho\OneDrive\Downloads\Documentos\Projetos\pdv_medusax8\v1.1\Services\TEFManager.cs(141,24): error CS0111: Tipo "TEFManager" j├í define um membro chamado "GetSetting" com os mesmos tipos de par├ómetro [C:\Users\zacho\OneDrive\Downloads\Documentos\Projetos\pdv_medusax8\PDV_MedusaX8_hznqlc22_wpftmp.csproj]
C:\Users\zacho\OneDrive\Downloads\Documentos\Projetos\pdv_medusax8\v1.1\v1.1\Services\TEFManager.cs(141,24): error CS0111: Tipo "TEFManager" j├í define um membro chamado "GetSetting" com os mesmos tipos de par├ómetro [C:\Users\zacho\OneDrive\Downloads\Documentos\Projetos\pdv_medusax8\PDV_MedusaX8_hznqlc22_wpftmp.csproj]
C:\Users\zacho\OneDrive\Downloads\Documentos\Projetos\pdv_medusax8\v1.1\Services\TEFManager.cs(152,21): error CS0111: Tipo "TEFManager" j├í define um membro chamado "InitializeTEF" com os mesmos tipos de par├ómetro [C:\Users\zacho\OneDrive\Downloads\Documentos\Projetos\pdv_medusax8\PDV_MedusaX8_hznqlc22_wpftmp.csproj]
C:\Users\zacho\OneDrive\Downloads\Documentos\Projetos\pdv_medusax8\v1.1\v1.1\Services\TEFManager.cs(152,21): error CS0111: Tipo "TEFManager" j├í define um membro chamado "InitializeTEF" com os mesmos tipos de par├ómetro [C:\Users\zacho\OneDrive\Downloads\Documentos\Projetos\pdv_medusax8\PDV_MedusaX8_hznqlc22_wpftmp.csproj]
C:\Users\zacho\OneDrive\Downloads\Documentos\Projetos\pdv_medusax8\v1.1\Services\TEFManager.cs(177,22): error CS0111: Tipo "TEFManager" j├í define um membro chamado "InitializeTEFComponent" com os mesmos tipos de par├ómetro [C:\Users\zacho\OneDrive\Downloads\Documentos\Projetos\pdv_medusax8\PDV_MedusaX8_hznqlc22_wpftmp.csproj]
C:\Users\zacho\OneDrive\Downloads\Documentos\Projetos\pdv_medusax8\v1.1\v1.1\Services\TEFManager.cs(177,22): error CS0111: Tipo "TEFManager" j├í define um membro chamado "InitializeTEFComponent" com os mesmos tipos de par├ómetro [C:\Users\zacho\OneDrive\Downloads\Documentos\Projetos\pdv_medusax8\PDV_MedusaX8_hznqlc22_wpftmp.csproj]
C:\Users\zacho\OneDrive\Downloads\Documentos\Projetos\pdv_medusax8\v1.1\Services\TEFManager.cs(185,31): error CS0111: Tipo "TEFManager" j├í define um membro chamado "CreateProvider" com os mesmos tipos de par├ómetro [C:\Users\zacho\OneDrive\Downloads\Documentos\Projetos\pdv_medusax8\PDV_MedusaX8_hznqlc22_wpftmp.csproj]
C:\Users\zacho\OneDrive\Downloads\Documentos\Projetos\pdv_medusax8\v1.1\v1.1\Services\TEFManager.cs(185,31): error CS0111: Tipo "TEFManager" j├í define um membro chamado "CreateProvider" com os mesmos tipos de par├ómetro [C:\Users\zacho\OneDrive\Downloads\Documentos\Projetos\pdv_medusax8\PDV_MedusaX8_hznqlc22_wpftmp.csproj]
C:\Users\zacho\OneDrive\Downloads\Documentos\Projetos\pdv_medusax8\v1.1\Services\TEFManager.cs(209,22): error CS0111: Tipo "TEFManager" j├í define um membro chamado "InitializeSitef" com os mesmos tipos de par├ómetro [C:\Users\zacho\OneDrive\Downloads\Documentos\Projetos\pdv_medusax8\PDV_MedusaX8_hznqlc22_wpftmp.csproj]
C:\Users\zacho\OneDrive\Downloads\Documentos\Projetos\pdv_medusax8\v1.1\v1.1\Services\TEFManager.cs(209,22): error CS0111: Tipo "TEFManager" j├í define um membro chamado "InitializeSitef" com os mesmos tipos de par├ómetro [C:\Users\zacho\OneDrive\Downloads\Documentos\Projetos\pdv_medusax8\PDV_MedusaX8_hznqlc22_wpftmp.csproj]
C:\Users\zacho\OneDrive\Downloads\Documentos\Projetos\pdv_medusax8\v1.1\Services\TEFManager.cs(227,22): error CS0111: Tipo "TEFManager" j├í define um membro chamado "InitializeCliSitef" com os mesmos tipos de par├ómetro [C:\Users\zacho\OneDrive\Downloads\Documentos\Projetos\pdv_medusax8\PDV_MedusaX8_hznqlc22_wpftmp.csproj]
C:\Users\zacho\OneDrive\Downloads\Documentos\Projetos\pdv_medusax8\v1.1\v1.1\Services\TEFManager.cs(227,22): error CS0111: Tipo "TEFManager" j├í define um membro chamado "InitializeCliSitef" com os mesmos tipos de par├ómetro [C:\Users\zacho\OneDrive\Downloads\Documentos\Projetos\pdv_medusax8\PDV_MedusaX8_hznqlc22_wpftmp.csproj]
C:\Users\zacho\OneDrive\Downloads\Documentos\Projetos\pdv_medusax8\v1.1\Services\TEFManager.cs(245,22): error CS0111: Tipo "TEFManager" j├í define um membro chamado "InitializePayGo" com os mesmos tipos de par├ómetro [C:\Users\zacho\OneDrive\Downloads\Documentos\Projetos\pdv_medusax8\PDV_MedusaX8_hznqlc22_wpftmp.csproj]
C:\Users\zacho\OneDrive\Downloads\Documentos\Projetos\pdv_medusax8\v1.1\v1.1\Services\TEFManager.cs(245,22): error CS0111: Tipo "TEFManager" j├í define um membro chamado "InitializePayGo" com os mesmos tipos de par├ómetro [C:\Users\zacho\OneDrive\Downloads\Documentos\Projetos\pdv_medusax8\PDV_MedusaX8_hznqlc22_wpftmp.csproj]
C:\Users\zacho\OneDrive\Downloads\Documentos\Projetos\pdv_medusax8\v1.1\Services\TEFManager.cs(263,22): error CS0111: Tipo "TEFManager" j├í define um membro chamado "InitializeCappta" com os mesmos tipos de par├ómetro [C:\Users\zacho\OneDrive\Downloads\Documentos\Projetos\pdv_medusax8\PDV_MedusaX8_hznqlc22_wpftmp.csproj]
C:\Users\zacho\OneDrive\Downloads\Documentos\Projetos\pdv_medusax8\v1.1\v1.1\Services\TEFManager.cs(263,22): error CS0111: Tipo "TEFManager" j├í define um membro chamado "InitializeCappta" com os mesmos tipos de par├ómetro [C:\Users\zacho\OneDrive\Downloads\Documentos\Projetos\pdv_medusax8\PDV_MedusaX8_hznqlc22_wpftmp.csproj]
C:\Users\zacho\OneDrive\Downloads\Documentos\Projetos\pdv_medusax8\v1.1\Services\TEFManager.cs(281,22): error CS0111: Tipo "TEFManager" j├í define um membro chamado "InitializeVeSPague" com os mesmos tipos de par├ómetro [C:\Users\zacho\OneDrive\Downloads\Documentos\Projetos\pdv_medusax8\PDV_MedusaX8_hznqlc22_wpftmp.csproj]
C:\Users\zacho\OneDrive\Downloads\Documentos\Projetos\pdv_medusax8\v1.1\v1.1\Services\TEFManager.cs(281,22): error CS0111: Tipo "TEFManager" j├í define um membro chamado "InitializeVeSPague" com os mesmos tipos de par├ómetro [C:\Users\zacho\OneDrive\Downloads\Documentos\Projetos\pdv_medusax8\PDV_MedusaX8_hznqlc22_wpftmp.csproj]
C:\Users\zacho\OneDrive\Downloads\Documentos\Projetos\pdv_medusax8\v1.1\Services\TEFManager.cs(296,22): error CS0111: Tipo "TEFManager" j├í define um membro chamado "InitializeBinCard" com os mesmos tipos de par├ómetro [C:\Users\zacho\OneDrive\Downloads\Documentos\Projetos\pdv_medusax8\PDV_MedusaX8_hznqlc22_wpftmp.csproj]
C:\Users\zacho\OneDrive\Downloads\Documentos\Projetos\pdv_medusax8\v1.1\v1.1\Services\TEFManager.cs(296,22): error CS0111: Tipo "TEFManager" j├í define um membro chamado "InitializeBinCard" com os mesmos tipos de par├ómetro [C:\Users\zacho\OneDrive\Downloads\Documentos\Projetos\pdv_medusax8\PDV_MedusaX8_hznqlc22_wpftmp.csproj]
C:\Users\zacho\OneDrive\Downloads\Documentos\Projetos\pdv_medusax8\v1.1\Services\TEFManager.cs(311,22): error CS0111: Tipo "TEFManager" j├í define um membro chamado "InitializeCredsystem" com os mesmos tipos de par├ómetro [C:\Users\zacho\OneDrive\Downloads\Documentos\Projetos\pdv_medusax8\PDV_MedusaX8_hznqlc22_wpftmp.csproj]
C:\Users\zacho\OneDrive\Downloads\Documentos\Projetos\pdv_medusax8\v1.1\v1.1\Services\TEFManager.cs(311,22): error CS0111: Tipo "TEFManager" j├í define um membro chamado "InitializeCredsystem" com os mesmos tipos de par├ómetro [C:\Users\zacho\OneDrive\Downloads\Documentos\Projetos\pdv_medusax8\PDV_MedusaX8_hznqlc22_wpftmp.csproj]
C:\Users\zacho\OneDrive\Downloads\Documentos\Projetos\pdv_medusax8\v1.1\Services\TEFManager.cs(326,22): error CS0111: Tipo "TEFManager" j├í define um membro chamado "InitializeFoxWin" com os mesmos tipos de par├ómetro [C:\Users\zacho\OneDrive\Downloads\Documentos\Projetos\pdv_medusax8\PDV_MedusaX8_hznqlc22_wpftmp.csproj]
C:\Users\zacho\OneDrive\Downloads\Documentos\Projetos\pdv_medusax8\v1.1\v1.1\Services\TEFManager.cs(326,22): error CS0111: Tipo "TEFManager" j├í define um membro chamado "InitializeFoxWin" com os mesmos tipos de par├ómetro [C:\Users\zacho\OneDrive\Downloads\Documentos\Projetos\pdv_medusax8\PDV_MedusaX8_hznqlc22_wpftmp.csproj]
C:\Users\zacho\OneDrive\Downloads\Documentos\Projetos\pdv_medusax8\v1.1\Services\TEFManager.cs(341,22): error CS0111: Tipo "TEFManager" j├í define um membro chamado "InitializeGoodCard" com os mesmos tipos de par├ómetro [C:\Users\zacho\OneDrive\Downloads\Documentos\Projetos\pdv_medusax8\PDV_MedusaX8_hznqlc22_wpftmp.csproj]
C:\Users\zacho\OneDrive\Downloads\Documentos\Projetos\pdv_medusax8\v1.1\v1.1\Services\TEFManager.cs(341,22): error CS0111: Tipo "TEFManager" j├í define um membro chamado "InitializeGoodCard" com os mesmos tipos de par├ómetro [C:\Users\zacho\OneDrive\Downloads\Documentos\Projetos\pdv_medusax8\PDV_MedusaX8_hznqlc22_wpftmp.csproj]
C:\Users\zacho\OneDrive\Downloads\Documentos\Projetos\pdv_medusax8\v1.1\Services\TEFManager.cs(356,22): error CS0111: Tipo "TEFManager" j├í define um membro chamado "InitializePagFor" com os mesmos tipos de par├ómetro [C:\Users\zacho\OneDrive\Downloads\Documentos\Projetos\pdv_medusax8\PDV_MedusaX8_hznqlc22_wpftmp.csproj]
C:\Users\zacho\OneDrive\Downloads\Documentos\Projetos\pdv_medusax8\v1.1\v1.1\Services\TEFManager.cs(356,22): error CS0111: Tipo "TEFManager" j├í define um membro chamado "InitializePagFor" com os mesmos tipos de par├ómetro [C:\Users\zacho\OneDrive\Downloads\Documentos\Projetos\pdv_medusax8\PDV_MedusaX8_hznqlc22_wpftmp.csproj]
C:\Users\zacho\OneDrive\Downloads\Documentos\Projetos\pdv_medusax8\v1.1\Services\TEFManager.cs(371,22): error CS0111: Tipo "TEFManager" j├í define um membro chamado "InitializeDedicado" com os mesmos tipos de par├ómetro [C:\Users\zacho\OneDrive\Downloads\Documentos\Projetos\pdv_medusax8\PDV_MedusaX8_hznqlc22_wpftmp.csproj]
C:\Users\zacho\OneDrive\Downloads\Documentos\Projetos\pdv_medusax8\v1.1\v1.1\Services\TEFManager.cs(371,22): error CS0111: Tipo "TEFManager" j├í define um membro chamado "InitializeDedicado" com os mesmos tipos de par├ómetro [C:\Users\zacho\OneDrive\Downloads\Documentos\Projetos\pdv_medusax8\PDV_MedusaX8_hznqlc22_wpftmp.csproj]
C:\Users\zacho\OneDrive\Downloads\Documentos\Projetos\pdv_medusax8\v1.1\Services\TEFManager.cs(386,22): error CS0111: Tipo "TEFManager" j├í define um membro chamado "InitializeHiper" com os mesmos tipos de par├ómetro [C:\Users\zacho\OneDrive\Downloads\Documentos\Projetos\pdv_medusax8\PDV_MedusaX8_hznqlc22_wpftmp.csproj]
C:\Users\zacho\OneDrive\Downloads\Documentos\Projetos\pdv_medusax8\v1.1\v1.1\Services\TEFManager.cs(386,22): error CS0111: Tipo "TEFManager" j├í define um membro chamado "InitializeHiper" com os mesmos tipos de par├ómetro [C:\Users\zacho\OneDrive\Downloads\Documentos\Projetos\pdv_medusax8\PDV_MedusaX8_hznqlc22_wpftmp.csproj]
C:\Users\zacho\OneDrive\Downloads\Documentos\Projetos\pdv_medusax8\v1.1\Services\TEFManager.cs(401,22): error CS0111: Tipo "TEFManager" j├í define um membro chamado "InitializeTicket" com os mesmos tipos de par├ómetro [C:\Users\zacho\OneDrive\Downloads\Documentos\Projetos\pdv_medusax8\PDV_MedusaX8_hznqlc22_wpftmp.csproj]
C:\Users\zacho\OneDrive\Downloads\Documentos\Projetos\pdv_medusax8\v1.1\v1.1\Services\TEFManager.cs(401,22): error CS0111: Tipo "TEFManager" j├í define um membro chamado "InitializeTicket" com os mesmos tipos de par├ómetro [C:\Users\zacho\OneDrive\Downloads\Documentos\Projetos\pdv_medusax8\PDV_MedusaX8_hznqlc22_wpftmp.csproj]
C:\Users\zacho\OneDrive\Downloads\Documentos\Projetos\pdv_medusax8\v1.1\Services\TEFManager.cs(416,22): error CS0111: Tipo "TEFManager" j├í define um membro chamado "InitializeVeriFone" com os mesmos tipos de par├ómetro [C:\Users\zacho\OneDrive\Downloads\Documentos\Projetos\pdv_medusax8\PDV_MedusaX8_hznqlc22_wpftmp.csproj]
C:\Users\zacho\OneDrive\Downloads\Documentos\Projetos\pdv_medusax8\v1.1\v1.1\Services\TEFManager.cs(416,22): error CS0111: Tipo "TEFManager" j├í define um membro chamado "InitializeVeriFone" com os mesmos tipos de par├ómetro [C:\Users\zacho\OneDrive\Downloads\Documentos\Projetos\pdv_medusax8\PDV_MedusaX8_hznqlc22_wpftmp.csproj]
C:\Users\zacho\OneDrive\Downloads\Documentos\Projetos\pdv_medusax8\v1.1\Services\TEFManager.cs(433,26): error CS0111: Tipo "TEFManager" j├í define um membro chamado "ProcessPayment" com os mesmos tipos de par├ómetro [C:\Users\zacho\OneDrive\Downloads\Documentos\Projetos\pdv_medusax8\PDV_MedusaX8_hznqlc22_wpftmp.csproj]
C:\Users\zacho\OneDrive\Downloads\Documentos\Projetos\pdv_medusax8\v1.1\v1.1\Services\TEFManager.cs(433,26): error CS0111: Tipo "TEFManager" j├í define um membro chamado "ProcessPayment" com os mesmos tipos de par├ómetro [C:\Users\zacho\OneDrive\Downloads\Documentos\Projetos\pdv_medusax8\PDV_MedusaX8_hznqlc22_wpftmp.csproj]
C:\Users\zacho\OneDrive\Downloads\Documentos\Projetos\pdv_medusax8\v1.1\Services\TEFManager.cs(465,35): error CS0111: Tipo "TEFManager" j├í define um membro chamado "GetCurrentTEFType" com os mesmos tipos de par├ómetro [C:\Users\zacho\OneDrive\Downloads\Documentos\Projetos\pdv_medusax8\PDV_MedusaX8_hznqlc22_wpftmp.csproj]
C:\Users\zacho\OneDrive\Downloads\Documentos\Projetos\pdv_medusax8\v1.1\v1.1\Services\TEFManager.cs(465,35): error CS0111: Tipo "TEFManager" j├í define um membro chamado "GetCurrentTEFType" com os mesmos tipos de par├ómetro [C:\Users\zacho\OneDrive\Downloads\Documentos\Projetos\pdv_medusax8\PDV_MedusaX8_hznqlc22_wpftmp.csproj]
C:\Users\zacho\OneDrive\Downloads\Documentos\Projetos\pdv_medusax8\v1.1\Services\TEFManager.cs(470,21): error CS0111: Tipo "TEFManager" j├í define um membro chamado "IsInitialized" com os mesmos tipos de par├ómetro [C:\Users\zacho\OneDrive\Downloads\Documentos\Projetos\pdv_medusax8\PDV_MedusaX8_hznqlc22_wpftmp.csproj]
C:\Users\zacho\OneDrive\Downloads\Documentos\Projetos\pdv_medusax8\v1.1\v1.1\Services\TEFManager.cs(470,21): error CS0111: Tipo "TEFManager" j├í define um membro chamado "IsInitialized" com os mesmos tipos de par├ómetro [C:\Users\zacho\OneDrive\Downloads\Documentos\Projetos\pdv_medusax8\PDV_MedusaX8_hznqlc22_wpftmp.csproj]
C:\Users\zacho\OneDrive\Downloads\Documentos\Projetos\pdv_medusax8\v1.1\Services\TEFManager.cs(475,21): error CS0111: Tipo "TEFManager" j├í define um membro chamado "Dispose" com os mesmos tipos de par├ómetro [C:\Users\zacho\OneDrive\Downloads\Documentos\Projetos\pdv_medusax8\PDV_MedusaX8_hznqlc22_wpftmp.csproj]
C:\Users\zacho\OneDrive\Downloads\Documentos\Projetos\pdv_medusax8\v1.1\v1.1\Services\TEFManager.cs(475,21): error CS0111: Tipo "TEFManager" j├í define um membro chamado "Dispose" com os mesmos tipos de par├ómetro [C:\Users\zacho\OneDrive\Downloads\Documentos\Projetos\pdv_medusax8\PDV_MedusaX8_hznqlc22_wpftmp.csproj]
C:\Users\zacho\OneDrive\Downloads\Documentos\Projetos\pdv_medusax8\ProdutosTesteWindow.xaml.cs(8,26): error CS8646: 'IComponentConnector.Connect(int, object)' ├® implementado explicitamente mais de uma vez. [C:\Users\zacho\OneDrive\Downloads\Documentos\Projetos\pdv_medusax8\PDV_MedusaX8_hznqlc22_wpftmp.csproj]
C:\Users\zacho\OneDrive\Downloads\Documentos\Projetos\pdv_medusax8\v1.1\ProdutosTesteWindow.xaml.cs(18,30): error CS0102: O tipo "ProdutosTesteWindow" j├í cont├®m uma defini├º├úo para "SelectedEntry" [C:\Users\zacho\OneDrive\Downloads\Documentos\Projetos\pdv_medusax8\PDV_MedusaX8_hznqlc22_wpftmp.csproj]
C:\Users\zacho\OneDrive\Downloads\Documentos\Projetos\pdv_medusax8\v1.1\v1.1\ProdutosTesteWindow.xaml.cs(18,30): error CS0102: O tipo "ProdutosTesteWindow" j├í cont├®m uma defini├º├úo para "SelectedEntry" [C:\Users\zacho\OneDrive\Downloads\Documentos\Projetos\pdv_medusax8\PDV_MedusaX8_hznqlc22_wpftmp.csproj]
C:\Users\zacho\OneDrive\Downloads\Documentos\Projetos\pdv_medusax8\v1.1\ProdutosTesteWindow.xaml.cs(19,24): error CS0102: O tipo "ProdutosTesteWindow" j├í cont├®m uma defini├º├úo para "SelectedQty" [C:\Users\zacho\OneDrive\Downloads\Documentos\Projetos\pdv_medusax8\PDV_MedusaX8_hznqlc22_wpftmp.csproj]
C:\Users\zacho\OneDrive\Downloads\Documentos\Projetos\pdv_medusax8\v1.1\v1.1\ProdutosTesteWindow.xaml.cs(19,24): error CS0102: O tipo "ProdutosTesteWindow" j├í cont├®m uma defini├º├úo para "SelectedQty" [C:\Users\zacho\OneDrive\Downloads\Documentos\Projetos\pdv_medusax8\PDV_MedusaX8_hznqlc22_wpftmp.csproj]
C:\Users\zacho\OneDrive\Downloads\Documentos\Projetos\pdv_medusax8\v1.1\ProdutosTesteWindow.xaml.cs(21,16): error CS0111: Tipo "ProdutosTesteWindow" j├í define um membro chamado "ProdutosTesteWindow" com os mesmos tipos de par├ómetro [C:\Users\zacho\OneDrive\Downloads\Documentos\Projetos\pdv_medusax8\PDV_MedusaX8_hznqlc22_wpftmp.csproj]
C:\Users\zacho\OneDrive\Downloads\Documentos\Projetos\pdv_medusax8\v1.1\v1.1\ProdutosTesteWindow.xaml.cs(21,16): error CS0111: Tipo "ProdutosTesteWindow" j├í define um membro chamado "ProdutosTesteWindow" com os mesmos tipos de par├ómetro [C:\Users\zacho\OneDrive\Downloads\Documentos\Projetos\pdv_medusax8\PDV_MedusaX8_hznqlc22_wpftmp.csproj]
C:\Users\zacho\OneDrive\Downloads\Documentos\Projetos\pdv_medusax8\v1.1\ProdutosTesteWindow.xaml.cs(32,22): error CS0111: Tipo "ProdutosTesteWindow" j├í define um membro chamado "BtnAdicionar_Click" com os mesmos tipos de par├ómetro [C:\Users\zacho\OneDrive\Downloads\Documentos\Projetos\pdv_medusax8\PDV_MedusaX8_hznqlc22_wpftmp.csproj]
C:\Users\zacho\OneDrive\Downloads\Documentos\Projetos\pdv_medusax8\v1.1\v1.1\ProdutosTesteWindow.xaml.cs(32,22): error CS0111: Tipo "ProdutosTesteWindow" j├í define um membro chamado "BtnAdicionar_Click" com os mesmos tipos de par├ómetro [C:\Users\zacho\OneDrive\Downloads\Documentos\Projetos\pdv_medusax8\PDV_MedusaX8_hznqlc22_wpftmp.csproj]
C:\Users\zacho\OneDrive\Downloads\Documentos\Projetos\pdv_medusax8\v1.1\ProdutosTesteWindow.xaml.cs(52,22): error CS0111: Tipo "ProdutosTesteWindow" j├í define um membro chamado "BtnCancelar_Click" com os mesmos tipos de par├ómetro [C:\Users\zacho\OneDrive\Downloads\Documentos\Projetos\pdv_medusax8\PDV_MedusaX8_hznqlc22_wpftmp.csproj]
C:\Users\zacho\OneDrive\Downloads\Documentos\Projetos\pdv_medusax8\v1.1\v1.1\ProdutosTesteWindow.xaml.cs(52,22): error CS0111: Tipo "ProdutosTesteWindow" j├í define um membro chamado "BtnCancelar_Click" com os mesmos tipos de par├ómetro [C:\Users\zacho\OneDrive\Downloads\Documentos\Projetos\pdv_medusax8\PDV_MedusaX8_hznqlc22_wpftmp.csproj]
C:\Users\zacho\OneDrive\Downloads\Documentos\Projetos\pdv_medusax8\v1.1\ProdutosTesteWindow.xaml(14,51): error CS0102: O tipo "ProdutosTesteWindow" j├í cont├®m uma defini├º├úo para "LstProdutos" [C:\Users\zacho\OneDrive\Downloads\Documentos\Projetos\pdv_medusax8\PDV_MedusaX8_hznqlc22_wpftmp.csproj]
C:\Users\zacho\OneDrive\Downloads\Documentos\Projetos\pdv_medusax8\v1.1\v1.1\ProdutosTesteWindow.xaml(14,51): error CS0102: O tipo "ProdutosTesteWindow" j├í cont├®m uma defini├º├úo para "LstProdutos" [C:\Users\zacho\OneDrive\Downloads\Documentos\Projetos\pdv_medusax8\PDV_MedusaX8_hznqlc22_wpftmp.csproj]
C:\Users\zacho\OneDrive\Downloads\Documentos\Projetos\pdv_medusax8\v1.1\ProdutosTesteWindow.xaml(27,50): error CS0102: O tipo "ProdutosTesteWindow" j├í cont├®m uma defini├º├úo para "TxtQtd" [C:\Users\zacho\OneDrive\Downloads\Documentos\Projetos\pdv_medusax8\PDV_MedusaX8_hznqlc22_wpftmp.csproj]
C:\Users\zacho\OneDrive\Downloads\Documentos\Projetos\pdv_medusax8\v1.1\v1.1\ProdutosTesteWindow.xaml(27,50): error CS0102: O tipo "ProdutosTesteWindow" j├í cont├®m uma defini├º├úo para "TxtQtd" [C:\Users\zacho\OneDrive\Downloads\Documentos\Projetos\pdv_medusax8\PDV_MedusaX8_hznqlc22_wpftmp.csproj]
C:\Users\zacho\OneDrive\Downloads\Documentos\Projetos\pdv_medusax8\obj\Release\net10.0-windows\v1.1\ProdutosTesteWindow.g.cs(58,22): error CS0102: O tipo "ProdutosTesteWindow" j├í cont├®m uma defini├º├úo para "_contentLoaded" [C:\Users\zacho\OneDrive\Downloads\Documentos\Projetos\pdv_medusax8\PDV_MedusaX8_hznqlc22_wpftmp.csproj]
C:\Users\zacho\OneDrive\Downloads\Documentos\Projetos\pdv_medusax8\obj\Release\net10.0-windows\v1.1\v1.1\ProdutosTesteWindow.g.cs(58,22): error CS0102: O tipo "ProdutosTesteWindow" j├í cont├®m uma defini├º├úo para "_contentLoaded" [C:\Users\zacho\OneDrive\Downloads\Documentos\Projetos\pdv_medusax8\PDV_MedusaX8_hznqlc22_wpftmp.csproj]
C:\Users\zacho\OneDrive\Downloads\Documentos\Projetos\pdv_medusax8\obj\Release\net10.0-windows\v1.1\ProdutosTesteWindow.g.cs(65,21): error CS0111: Tipo "ProdutosTesteWindow" j├í define um membro chamado "InitializeComponent" com os mesmos tipos de par├ómetro [C:\Users\zacho\OneDrive\Downloads\Documentos\Projetos\pdv_medusax8\PDV_MedusaX8_hznqlc22_wpftmp.csproj]
C:\Users\zacho\OneDrive\Downloads\Documentos\Projetos\pdv_medusax8\obj\Release\net10.0-windows\v1.1\v1.1\ProdutosTesteWindow.g.cs(65,21): error CS0111: Tipo "ProdutosTesteWindow" j├í define um membro chamado "InitializeComponent" com os mesmos tipos de par├ómetro [C:\Users\zacho\OneDrive\Downloads\Documentos\Projetos\pdv_medusax8\PDV_MedusaX8_hznqlc22_wpftmp.csproj]
C:\Users\zacho\OneDrive\Downloads\Documentos\Projetos\pdv_medusax8\obj\Release\net10.0-windows\v1.1\ProdutosTesteWindow.g.cs(85,56): error CS0111: Tipo "ProdutosTesteWindow" j├í define um membro chamado "System.Windows.Markup.IComponentConnector.Connect" com os mesmos tipos de par├ómetro [C:\Users\zacho\OneDrive\Downloads\Documentos\Projetos\pdv_medusax8\PDV_MedusaX8_hznqlc22_wpftmp.csproj]
C:\Users\zacho\OneDrive\Downloads\Documentos\Projetos\pdv_medusax8\obj\Release\net10.0-windows\v1.1\v1.1\ProdutosTesteWindow.g.cs(85,56): error CS0111: Tipo "ProdutosTesteWindow" j├í define um membro chamado "System.Windows.Markup.IComponentConnector.Connect" com os mesmos tipos de par├ómetro [C:\Users\zacho\OneDrive\Downloads\Documentos\Projetos\pdv_medusax8\PDV_MedusaX8_hznqlc22_wpftmp.csproj]
C:\Users\zacho\OneDrive\Downloads\Documentos\Projetos\pdv_medusax8\v1.1\Services\TEF\PayGoProvider.cs(8,21): error CS0111: Tipo "PayGoProvider" j├í define um membro chamado "Initialize" com os mesmos tipos de par├ómetro [C:\Users\zacho\OneDrive\Downloads\Documentos\Projetos\pdv_medusax8\PDV_MedusaX8_hznqlc22_wpftmp.csproj]
C:\Users\zacho\OneDrive\Downloads\Documentos\Projetos\pdv_medusax8\v1.1\v1.1\Services\TEF\PayGoProvider.cs(8,21): error CS0111: Tipo "PayGoProvider" j├í define um membro chamado "Initialize" com os mesmos tipos de par├ómetro [C:\Users\zacho\OneDrive\Downloads\Documentos\Projetos\pdv_medusax8\PDV_MedusaX8_hznqlc22_wpftmp.csproj]
C:\Users\zacho\OneDrive\Downloads\Documentos\Projetos\pdv_medusax8\v1.1\Services\TEF\PayGoProvider.cs(22,26): error CS0111: Tipo "PayGoProvider" j├í define um membro chamado "ProcessPayment" com os mesmos tipos de par├ómetro [C:\Users\zacho\OneDrive\Downloads\Documentos\Projetos\pdv_medusax8\PDV_MedusaX8_hznqlc22_wpftmp.csproj]
C:\Users\zacho\OneDrive\Downloads\Documentos\Projetos\pdv_medusax8\v1.1\v1.1\Services\TEF\PayGoProvider.cs(22,26): error CS0111: Tipo "PayGoProvider" j├í define um membro chamado "ProcessPayment" com os mesmos tipos de par├ómetro [C:\Users\zacho\OneDrive\Downloads\Documentos\Projetos\pdv_medusax8\PDV_MedusaX8_hznqlc22_wpftmp.csproj]
C:\Users\zacho\OneDrive\Downloads\Documentos\Projetos\pdv_medusax8\v1.1\Services\TEF\SitefProvider.cs(11,21): error CS0111: Tipo "SitefProvider" j├í define um membro chamado "Initialize" com os mesmos tipos de par├ómetro [C:\Users\zacho\OneDrive\Downloads\Documentos\Projetos\pdv_medusax8\PDV_MedusaX8_hznqlc22_wpftmp.csproj]
C:\Users\zacho\OneDrive\Downloads\Documentos\Projetos\pdv_medusax8\v1.1\v1.1\Services\TEF\SitefProvider.cs(11,21): error CS0111: Tipo "SitefProvider" j├í define um membro chamado "Initialize" com os mesmos tipos de par├ómetro [C:\Users\zacho\OneDrive\Downloads\Documentos\Projetos\pdv_medusax8\PDV_MedusaX8_hznqlc22_wpftmp.csproj]
C:\Users\zacho\OneDrive\Downloads\Documentos\Projetos\pdv_medusax8\v1.1\Services\TEF\SitefProvider.cs(39,26): error CS0111: Tipo "SitefProvider" j├í define um membro chamado "ProcessPayment" com os mesmos tipos de par├ómetro [C:\Users\zacho\OneDrive\Downloads\Documentos\Projetos\pdv_medusax8\PDV_MedusaX8_hznqlc22_wpftmp.csproj]
C:\Users\zacho\OneDrive\Downloads\Documentos\Projetos\pdv_medusax8\v1.1\v1.1\Services\TEF\SitefProvider.cs(39,26): error CS0111: Tipo "SitefProvider" j├í define um membro chamado "ProcessPayment" com os mesmos tipos de par├ómetro [C:\Users\zacho\OneDrive\Downloads\Documentos\Projetos\pdv_medusax8\PDV_MedusaX8_hznqlc22_wpftmp.csproj]
C:\Users\zacho\OneDrive\Downloads\Documentos\Projetos\pdv_medusax8\v1.1\Services\TEF\SitefProvider.cs(139,22): error CS0111: Tipo "SitefProvider" j├í define um membro chamado "SafeDelete" com os mesmos tipos de par├ómetro [C:\Users\zacho\OneDrive\Downloads\Documentos\Projetos\pdv_medusax8\PDV_MedusaX8_hznqlc22_wpftmp.csproj]
C:\Users\zacho\OneDrive\Downloads\Documentos\Projetos\pdv_medusax8\v1.1\v1.1\Services\TEF\SitefProvider.cs(139,22): error CS0111: Tipo "SitefProvider" j├í define um membro chamado "SafeDelete" com os mesmos tipos de par├ómetro [C:\Users\zacho\OneDrive\Downloads\Documentos\Projetos\pdv_medusax8\PDV_MedusaX8_hznqlc22_wpftmp.csproj]
C:\Users\zacho\OneDrive\Downloads\Documentos\Projetos\pdv_medusax8\SettingsWindow.xaml.cs(17,26): error CS8646: 'IComponentConnector.Connect(int, object)' ├® implementado explicitamente mais de uma vez. [C:\Users\zacho\OneDrive\Downloads\Documentos\Projetos\pdv_medusax8\PDV_MedusaX8_hznqlc22_wpftmp.csproj]
C:\Users\zacho\OneDrive\Downloads\Documentos\Projetos\pdv_medusax8\SaleDiscountWindow.xaml.cs(8,26): error CS8646: 'IComponentConnector.Connect(int, object)' ├® implementado explicitamente mais de uma vez. [C:\Users\zacho\OneDrive\Downloads\Documentos\Projetos\pdv_medusax8\PDV_MedusaX8_hznqlc22_wpftmp.csproj]
C:\Users\zacho\OneDrive\Downloads\Documentos\Projetos\pdv_medusax8\v1.1\SaleDiscountWindow.xaml.cs(10,34): error CS0102: O tipo "SaleDiscountWindow" j├í cont├®m uma defini├º├úo para "_originalTotal" [C:\Users\zacho\OneDrive\Downloads\Documentos\Projetos\pdv_medusax8\PDV_MedusaX8_hznqlc22_wpftmp.csproj]
C:\Users\zacho\OneDrive\Downloads\Documentos\Projetos\pdv_medusax8\v1.1\v1.1\SaleDiscountWindow.xaml.cs(10,34): error CS0102: O tipo "SaleDiscountWindow" j├í cont├®m uma defini├º├úo para "_originalTotal" [C:\Users\zacho\OneDrive\Downloads\Documentos\Projetos\pdv_medusax8\PDV_MedusaX8_hznqlc22_wpftmp.csproj]
C:\Users\zacho\OneDrive\Downloads\Documentos\Projetos\pdv_medusax8\v1.1\SaleDiscountWindow.xaml.cs(11,34): error CS0102: O tipo "SaleDiscountWindow" j├í cont├®m uma defini├º├úo para "_maxPercent" [C:\Users\zacho\OneDrive\Downloads\Documentos\Projetos\pdv_medusax8\PDV_MedusaX8_hznqlc22_wpftmp.csproj]
C:\Users\zacho\OneDrive\Downloads\Documentos\Projetos\pdv_medusax8\v1.1\v1.1\SaleDiscountWindow.xaml.cs(11,34): error CS0102: O tipo "SaleDiscountWindow" j├í cont├®m uma defini├º├úo para "_maxPercent" [C:\Users\zacho\OneDrive\Downloads\Documentos\Projetos\pdv_medusax8\PDV_MedusaX8_hznqlc22_wpftmp.csproj]
C:\Users\zacho\OneDrive\Downloads\Documentos\Projetos\pdv_medusax8\v1.1\SaleDiscountWindow.xaml.cs(13,24): error CS0102: O tipo "SaleDiscountWindow" j├í cont├®m uma defini├º├úo para "AppliedAmount" [C:\Users\zacho\OneDrive\Downloads\Documentos\Projetos\pdv_medusax8\PDV_MedusaX8_hznqlc22_wpftmp.csproj]
C:\Users\zacho\OneDrive\Downloads\Documentos\Projetos\pdv_medusax8\v1.1\v1.1\SaleDiscountWindow.xaml.cs(13,24): error CS0102: O tipo "SaleDiscountWindow" j├í cont├®m uma defini├º├úo para "AppliedAmount" [C:\Users\zacho\OneDrive\Downloads\Documentos\Projetos\pdv_medusax8\PDV_MedusaX8_hznqlc22_wpftmp.csproj]
C:\Users\zacho\OneDrive\Downloads\Documentos\Projetos\pdv_medusax8\v1.1\SaleDiscountWindow.xaml.cs(14,21): error CS0102: O tipo "SaleDiscountWindow" j├í cont├®m uma defini├º├úo para "IsPercent" [C:\Users\zacho\OneDrive\Downloads\Documentos\Projetos\pdv_medusax8\PDV_MedusaX8_hznqlc22_wpftmp.csproj]
C:\Users\zacho\OneDrive\Downloads\Documentos\Projetos\pdv_medusax8\v1.1\v1.1\SaleDiscountWindow.xaml.cs(14,21): error CS0102: O tipo "SaleDiscountWindow" j├í cont├®m uma defini├º├úo para "IsPercent" [C:\Users\zacho\OneDrive\Downloads\Documentos\Projetos\pdv_medusax8\PDV_MedusaX8_hznqlc22_wpftmp.csproj]
C:\Users\zacho\OneDrive\Downloads\Documentos\Projetos\pdv_medusax8\v1.1\SaleDiscountWindow.xaml.cs(15,24): error CS0102: O tipo "SaleDiscountWindow" j├í cont├®m uma defini├º├úo para "PercentValue" [C:\Users\zacho\OneDrive\Downloads\Documentos\Projetos\pdv_medusax8\PDV_MedusaX8_hznqlc22_wpftmp.csproj]
C:\Users\zacho\OneDrive\Downloads\Documentos\Projetos\pdv_medusax8\v1.1\v1.1\SaleDiscountWindow.xaml.cs(15,24): error CS0102: O tipo "SaleDiscountWindow" j├í cont├®m uma defini├º├úo para "PercentValue" [C:\Users\zacho\OneDrive\Downloads\Documentos\Projetos\pdv_medusax8\PDV_MedusaX8_hznqlc22_wpftmp.csproj]
C:\Users\zacho\OneDrive\Downloads\Documentos\Projetos\pdv_medusax8\v1.1\SaleDiscountWindow.xaml.cs(16,23): error CS0102: O tipo "SaleDiscountWindow" j├í cont├®m uma defini├º├úo para "Reason" [C:\Users\zacho\OneDrive\Downloads\Documentos\Projetos\pdv_medusax8\PDV_MedusaX8_hznqlc22_wpftmp.csproj]
C:\Users\zacho\OneDrive\Downloads\Documentos\Projetos\pdv_medusax8\v1.1\v1.1\SaleDiscountWindow.xaml.cs(16,23): error CS0102: O tipo "SaleDiscountWindow" j├í cont├®m uma defini├º├úo para "Reason" [C:\Users\zacho\OneDrive\Downloads\Documentos\Projetos\pdv_medusax8\PDV_MedusaX8_hznqlc22_wpftmp.csproj]
C:\Users\zacho\OneDrive\Downloads\Documentos\Projetos\pdv_medusax8\v1.1\SaleDiscountWindow.xaml.cs(18,16): error CS0111: Tipo "SaleDiscountWindow" j├í define um membro chamado "SaleDiscountWindow" com os mesmos tipos de par├ómetro [C:\Users\zacho\OneDrive\Downloads\Documentos\Projetos\pdv_medusax8\PDV_MedusaX8_hznqlc22_wpftmp.csproj]
C:\Users\zacho\OneDrive\Downloads\Documentos\Projetos\pdv_medusax8\v1.1\v1.1\SaleDiscountWindow.xaml.cs(18,16): error CS0111: Tipo "SaleDiscountWindow" j├í define um membro chamado "SaleDiscountWindow" com os mesmos tipos de par├ómetro [C:\Users\zacho\OneDrive\Downloads\Documentos\Projetos\pdv_medusax8\PDV_MedusaX8_hznqlc22_wpftmp.csproj]
C:\Users\zacho\OneDrive\Downloads\Documentos\Projetos\pdv_medusax8\v1.1\SaleDiscountWindow.xaml.cs(26,22): error CS0111: Tipo "SaleDiscountWindow" j├í define um membro chamado "Confirm_Click" com os mesmos tipos de par├ómetro [C:\Users\zacho\OneDrive\Downloads\Documentos\Projetos\pdv_medusax8\PDV_MedusaX8_hznqlc22_wpftmp.csproj]
C:\Users\zacho\OneDrive\Downloads\Documentos\Projetos\pdv_medusax8\v1.1\v1.1\SaleDiscountWindow.xaml.cs(26,22): error CS0111: Tipo "SaleDiscountWindow" j├í define um membro chamado "Confirm_Click" com os mesmos tipos de par├ómetro [C:\Users\zacho\OneDrive\Downloads\Documentos\Projetos\pdv_medusax8\PDV_MedusaX8_hznqlc22_wpftmp.csproj]
C:\Users\zacho\OneDrive\Downloads\Documentos\Projetos\pdv_medusax8\v1.1\SaleDiscountWindow.xaml.cs(84,22): error CS0111: Tipo "SaleDiscountWindow" j├í define um membro chamado "Cancel_Click" com os mesmos tipos de par├ómetro [C:\Users\zacho\OneDrive\Downloads\Documentos\Projetos\pdv_medusax8\PDV_MedusaX8_hznqlc22_wpftmp.csproj]
C:\Users\zacho\OneDrive\Downloads\Documentos\Projetos\pdv_medusax8\v1.1\v1.1\SaleDiscountWindow.xaml.cs(84,22): error CS0111: Tipo "SaleDiscountWindow" j├í define um membro chamado "Cancel_Click" com os mesmos tipos de par├ómetro [C:\Users\zacho\OneDrive\Downloads\Documentos\Projetos\pdv_medusax8\PDV_MedusaX8_hznqlc22_wpftmp.csproj]
C:\Users\zacho\OneDrive\Downloads\Documentos\Projetos\pdv_medusax8\v1.1\SaleDiscountWindow.xaml(9,52): error CS0102: O tipo "SaleDiscountWindow" j├í cont├®m uma defini├º├úo para "TxtTotalBase" [C:\Users\zacho\OneDrive\Downloads\Documentos\Projetos\pdv_medusax8\PDV_MedusaX8_hznqlc22_wpftmp.csproj]
C:\Users\zacho\OneDrive\Downloads\Documentos\Projetos\pdv_medusax8\v1.1\v1.1\SaleDiscountWindow.xaml(9,52): error CS0102: O tipo "SaleDiscountWindow" j├í cont├®m uma defini├º├úo para "TxtTotalBase" [C:\Users\zacho\OneDrive\Downloads\Documentos\Projetos\pdv_medusax8\PDV_MedusaX8_hznqlc22_wpftmp.csproj]
C:\Users\zacho\OneDrive\Downloads\Documentos\Projetos\pdv_medusax8\v1.1\SaleDiscountWindow.xaml(21,50): error CS0102: O tipo "SaleDiscountWindow" j├í cont├®m uma defini├º├úo para "TxtDiscountValue" [C:\Users\zacho\OneDrive\Downloads\Documentos\Projetos\pdv_medusax8\PDV_MedusaX8_hznqlc22_wpftmp.csproj]
C:\Users\zacho\OneDrive\Downloads\Documentos\Projetos\pdv_medusax8\v1.1\v1.1\SaleDiscountWindow.xaml(21,50): error CS0102: O tipo "SaleDiscountWindow" j├í cont├®m uma defini├º├úo para "TxtDiscountValue" [C:\Users\zacho\OneDrive\Downloads\Documentos\Projetos\pdv_medusax8\PDV_MedusaX8_hznqlc22_wpftmp.csproj]
C:\Users\zacho\OneDrive\Downloads\Documentos\Projetos\pdv_medusax8\v1.1\SaleDiscountWindow.xaml(22,51): error CS0102: O tipo "SaleDiscountWindow" j├í cont├®m uma defini├º├úo para "ChkPercent" [C:\Users\zacho\OneDrive\Downloads\Documentos\Projetos\pdv_medusax8\PDV_MedusaX8_hznqlc22_wpftmp.csproj]
C:\Users\zacho\OneDrive\Downloads\Documentos\Projetos\pdv_medusax8\v1.1\v1.1\SaleDiscountWindow.xaml(22,51): error CS0102: O tipo "SaleDiscountWindow" j├í cont├®m uma defini├º├úo para "ChkPercent" [C:\Users\zacho\OneDrive\Downloads\Documentos\Projetos\pdv_medusax8\PDV_MedusaX8_hznqlc22_wpftmp.csproj]
C:\Users\zacho\OneDrive\Downloads\Documentos\Projetos\pdv_medusax8\v1.1\SaleDiscountWindow.xaml(25,51): error CS0102: O tipo "SaleDiscountWindow" j├í cont├®m uma defini├º├úo para "CmbReason" [C:\Users\zacho\OneDrive\Downloads\Documentos\Projetos\pdv_medusax8\PDV_MedusaX8_hznqlc22_wpftmp.csproj]
C:\Users\zacho\OneDrive\Downloads\Documentos\Projetos\pdv_medusax8\v1.1\v1.1\SaleDiscountWindow.xaml(25,51): error CS0102: O tipo "SaleDiscountWindow" j├í cont├®m uma defini├º├úo para "CmbReason" [C:\Users\zacho\OneDrive\Downloads\Documentos\Projetos\pdv_medusax8\PDV_MedusaX8_hznqlc22_wpftmp.csproj]
C:\Users\zacho\OneDrive\Downloads\Documentos\Projetos\pdv_medusax8\v1.1\SaleDiscountWindow.xaml(33,52): error CS0102: O tipo "SaleDiscountWindow" j├í cont├®m uma defini├º├úo para "TxtHint" [C:\Users\zacho\OneDrive\Downloads\Documentos\Projetos\pdv_medusax8\PDV_MedusaX8_hznqlc22_wpftmp.csproj]
C:\Users\zacho\OneDrive\Downloads\Documentos\Projetos\pdv_medusax8\v1.1\v1.1\SaleDiscountWindow.xaml(33,52): error CS0102: O tipo "SaleDiscountWindow" j├í cont├®m uma defini├º├úo para "TxtHint" [C:\Users\zacho\OneDrive\Downloads\Documentos\Projetos\pdv_medusax8\PDV_MedusaX8_hznqlc22_wpftmp.csproj]
C:\Users\zacho\OneDrive\Downloads\Documentos\Projetos\pdv_medusax8\obj\Release\net10.0-windows\v1.1\SaleDiscountWindow.g.cs(82,22): error CS0102: O tipo "SaleDiscountWindow" j├í cont├®m uma defini├º├úo para "_contentLoaded" [C:\Users\zacho\OneDrive\Downloads\Documentos\Projetos\pdv_medusax8\PDV_MedusaX8_hznqlc22_wpftmp.csproj]
C:\Users\zacho\OneDrive\Downloads\Documentos\Projetos\pdv_medusax8\obj\Release\net10.0-windows\v1.1\v1.1\SaleDiscountWindow.g.cs(82,22): error CS0102: O tipo "SaleDiscountWindow" j├í cont├®m uma defini├º├úo para "_contentLoaded" [C:\Users\zacho\OneDrive\Downloads\Documentos\Projetos\pdv_medusax8\PDV_MedusaX8_hznqlc22_wpftmp.csproj]
C:\Users\zacho\OneDrive\Downloads\Documentos\Projetos\pdv_medusax8\obj\Release\net10.0-windows\v1.1\SaleDiscountWindow.g.cs(89,21): error CS0111: Tipo "SaleDiscountWindow" j├í define um membro chamado "InitializeComponent" com os mesmos tipos de par├ómetro [C:\Users\zacho\OneDrive\Downloads\Documentos\Projetos\pdv_medusax8\PDV_MedusaX8_hznqlc22_wpftmp.csproj]
C:\Users\zacho\OneDrive\Downloads\Documentos\Projetos\pdv_medusax8\obj\Release\net10.0-windows\v1.1\v1.1\SaleDiscountWindow.g.cs(89,21): error CS0111: Tipo "SaleDiscountWindow" j├í define um membro chamado "InitializeComponent" com os mesmos tipos de par├ómetro [C:\Users\zacho\OneDrive\Downloads\Documentos\Projetos\pdv_medusax8\PDV_MedusaX8_hznqlc22_wpftmp.csproj]
C:\Users\zacho\OneDrive\Downloads\Documentos\Projetos\pdv_medusax8\obj\Release\net10.0-windows\v1.1\SaleDiscountWindow.g.cs(109,56): error CS0111: Tipo "SaleDiscountWindow" j├í define um membro chamado "System.Windows.Markup.IComponentConnector.Connect" com os mesmos tipos de par├ómetro [C:\Users\zacho\OneDrive\Downloads\Documentos\Projetos\pdv_medusax8\PDV_MedusaX8_hznqlc22_wpftmp.csproj]
C:\Users\zacho\OneDrive\Downloads\Documentos\Projetos\pdv_medusax8\obj\Release\net10.0-windows\v1.1\v1.1\SaleDiscountWindow.g.cs(109,56): error CS0111: Tipo "SaleDiscountWindow" j├í define um membro chamado "System.Windows.Markup.IComponentConnector.Connect" com os mesmos tipos de par├ómetro [C:\Users\zacho\OneDrive\Downloads\Documentos\Projetos\pdv_medusax8\PDV_MedusaX8_hznqlc22_wpftmp.csproj]
C:\Users\zacho\OneDrive\Downloads\Documentos\Projetos\pdv_medusax8\v1.1\SettingsWindow.xaml.cs(19,37): error CS0102: O tipo "SettingsWindow" j├í cont├®m uma defini├º├úo para "_methods" [C:\Users\zacho\OneDrive\Downloads\Documentos\Projetos\pdv_medusax8\PDV_MedusaX8_hznqlc22_wpftmp.csproj]
C:\Users\zacho\OneDrive\Downloads\Documentos\Projetos\pdv_medusax8\v1.1\v1.1\SettingsWindow.xaml.cs(19,37): error CS0102: O tipo "SettingsWindow" j├í cont├®m uma defini├º├úo para "_methods" [C:\Users\zacho\OneDrive\Downloads\Documentos\Projetos\pdv_medusax8\PDV_MedusaX8_hznqlc22_wpftmp.csproj]
C:\Users\zacho\OneDrive\Downloads\Documentos\Projetos\pdv_medusax8\v1.1\SettingsWindow.xaml.cs(20,29): error CS0102: O tipo "SettingsWindow" j├í cont├®m uma defini├º├úo para "LinkTypes" [C:\Users\zacho\OneDrive\Downloads\Documentos\Projetos\pdv_medusax8\PDV_MedusaX8_hznqlc22_wpftmp.csproj]
C:\Users\zacho\OneDrive\Downloads\Documentos\Projetos\pdv_medusax8\v1.1\v1.1\SettingsWindow.xaml.cs(20,29): error CS0102: O tipo "SettingsWindow" j├í cont├®m uma defini├º├úo para "LinkTypes" [C:\Users\zacho\OneDrive\Downloads\Documentos\Projetos\pdv_medusax8\PDV_MedusaX8_hznqlc22_wpftmp.csproj]
C:\Users\zacho\OneDrive\Downloads\Documentos\Projetos\pdv_medusax8\v1.1\SettingsWindow.xaml.cs(22,24): error CS0102: O tipo "SettingsWindow" j├í cont├®m uma defini├º├úo para "_dragStartPoint" [C:\Users\zacho\OneDrive\Downloads\Documentos\Projetos\pdv_medusax8\PDV_MedusaX8_hznqlc22_wpftmp.csproj]
C:\Users\zacho\OneDrive\Downloads\Documentos\Projetos\pdv_medusax8\v1.1\v1.1\SettingsWindow.xaml.cs(22,24): error CS0102: O tipo "SettingsWindow" j├í cont├®m uma defini├º├úo para "_dragStartPoint" [C:\Users\zacho\OneDrive\Downloads\Documentos\Projetos\pdv_medusax8\PDV_MedusaX8_hznqlc22_wpftmp.csproj]
C:\Users\zacho\OneDrive\Downloads\Documentos\Projetos\pdv_medusax8\v1.1\SettingsWindow.xaml.cs(23,32): error CS0102: O tipo "SettingsWindow" j├í cont├®m uma defini├º├úo para "_dragSourceItem" [C:\Users\zacho\OneDrive\Downloads\Documentos\Projetos\pdv_medusax8\PDV_MedusaX8_hznqlc22_wpftmp.csproj]
C:\Users\zacho\OneDrive\Downloads\Documentos\Projetos\pdv_medusax8\v1.1\v1.1\SettingsWindow.xaml.cs(23,32): error CS0102: O tipo "SettingsWindow" j├í cont├®m uma defini├º├úo para "_dragSourceItem" [C:\Users\zacho\OneDrive\Downloads\Documentos\Projetos\pdv_medusax8\PDV_MedusaX8_hznqlc22_wpftmp.csproj]
C:\Users\zacho\OneDrive\Downloads\Documentos\Projetos\pdv_medusax8\v1.1\SettingsWindow.xaml.cs(25,25): error CS0102: O tipo "SettingsWindow" j├í cont├®m uma defini├º├úo para "_currentCertThumb" [C:\Users\zacho\OneDrive\Downloads\Documentos\Projetos\pdv_medusax8\PDV_MedusaX8_hznqlc22_wpftmp.csproj]
C:\Users\zacho\OneDrive\Downloads\Documentos\Projetos\pdv_medusax8\v1.1\v1.1\SettingsWindow.xaml.cs(25,25): error CS0102: O tipo "SettingsWindow" j├í cont├®m uma defini├º├úo para "_currentCertThumb" [C:\Users\zacho\OneDrive\Downloads\Documentos\Projetos\pdv_medusax8\PDV_MedusaX8_hznqlc22_wpftmp.csproj]
C:\Users\zacho\OneDrive\Downloads\Documentos\Projetos\pdv_medusax8\v1.1\SettingsWindow.xaml.cs(26,24): error CS0102: O tipo "SettingsWindow" j├í cont├®m uma defini├º├úo para "_certStoreLocation" [C:\Users\zacho\OneDrive\Downloads\Documentos\Projetos\pdv_medusax8\PDV_MedusaX8_hznqlc22_wpftmp.csproj]
C:\Users\zacho\OneDrive\Downloads\Documentos\Projetos\pdv_medusax8\v1.1\v1.1\SettingsWindow.xaml.cs(26,24): error CS0102: O tipo "SettingsWindow" j├í cont├®m uma defini├º├úo para "_certStoreLocation" [C:\Users\zacho\OneDrive\Downloads\Documentos\Projetos\pdv_medusax8\PDV_MedusaX8_hznqlc22_wpftmp.csproj]
C:\Users\zacho\OneDrive\Downloads\Documentos\Projetos\pdv_medusax8\v1.1\SettingsWindow.xaml.cs(28,16): error CS0111: Tipo "SettingsWindow" j├í define um membro chamado "SettingsWindow" com os mesmos tipos de par├ómetro [C:\Users\zacho\OneDrive\Downloads\Documentos\Projetos\pdv_medusax8\PDV_MedusaX8_hznqlc22_wpftmp.csproj]
C:\Users\zacho\OneDrive\Downloads\Documentos\Projetos\pdv_medusax8\v1.1\v1.1\SettingsWindow.xaml.cs(28,16): error CS0111: Tipo "SettingsWindow" j├í define um membro chamado "SettingsWindow" com os mesmos tipos de par├ómetro [C:\Users\zacho\OneDrive\Downloads\Documentos\Projetos\pdv_medusax8\PDV_MedusaX8_hznqlc22_wpftmp.csproj]
C:\Users\zacho\OneDrive\Downloads\Documentos\Projetos\pdv_medusax8\v1.1\SettingsWindow.xaml.cs(38,22): error CS0111: Tipo "SettingsWindow" j├í define um membro chamado "SettingsWindow_Loaded" com os mesmos tipos de par├ómetro [C:\Users\zacho\OneDrive\Downloads\Documentos\Projetos\pdv_medusax8\PDV_MedusaX8_hznqlc22_wpftmp.csproj]
C:\Users\zacho\OneDrive\Downloads\Documentos\Projetos\pdv_medusax8\v1.1\v1.1\SettingsWindow.xaml.cs(38,22): error CS0111: Tipo "SettingsWindow" j├í define um membro chamado "SettingsWindow_Loaded" com os mesmos tipos de par├ómetro [C:\Users\zacho\OneDrive\Downloads\Documentos\Projetos\pdv_medusax8\PDV_MedusaX8_hznqlc22_wpftmp.csproj]
C:\Users\zacho\OneDrive\Downloads\Documentos\Projetos\pdv_medusax8\v1.1\SettingsWindow.xaml.cs(65,24): error CS0111: Tipo "SettingsWindow" j├í define um membro chamado "GetConnectionString" com os mesmos tipos de par├ómetro [C:\Users\zacho\OneDrive\Downloads\Documentos\Projetos\pdv_medusax8\PDV_MedusaX8_hznqlc22_wpftmp.csproj]
C:\Users\zacho\OneDrive\Downloads\Documentos\Projetos\pdv_medusax8\v1.1\v1.1\SettingsWindow.xaml.cs(65,24): error CS0111: Tipo "SettingsWindow" j├í define um membro chamado "GetConnectionString" com os mesmos tipos de par├ómetro [C:\Users\zacho\OneDrive\Downloads\Documentos\Projetos\pdv_medusax8\PDV_MedusaX8_hznqlc22_wpftmp.csproj]
C:\Users\zacho\OneDrive\Downloads\Documentos\Projetos\pdv_medusax8\v1.1\SettingsWindow.xaml.cs(70,22): error CS0111: Tipo "SettingsWindow" j├í define um membro chamado "LoadPaymentMethods" com os mesmos tipos de par├ómetro [C:\Users\zacho\OneDrive\Downloads\Documentos\Projetos\pdv_medusax8\PDV_MedusaX8_hznqlc22_wpftmp.csproj]
C:\Users\zacho\OneDrive\Downloads\Documentos\Projetos\pdv_medusax8\v1.1\v1.1\SettingsWindow.xaml.cs(70,22): error CS0111: Tipo "SettingsWindow" j├í define um membro chamado "LoadPaymentMethods" com os mesmos tipos de par├ómetro [C:\Users\zacho\OneDrive\Downloads\Documentos\Projetos\pdv_medusax8\PDV_MedusaX8_hznqlc22_wpftmp.csproj]
C:\Users\zacho\OneDrive\Downloads\Documentos\Projetos\pdv_medusax8\v1.1\SettingsWindow.xaml.cs(111,22): error CS0111: Tipo "SettingsWindow" j├í define um membro chamado "LoadNFCeConfig" com os mesmos tipos de par├ómetro [C:\Users\zacho\OneDrive\Downloads\Documentos\Projetos\pdv_medusax8\PDV_MedusaX8_hznqlc22_wpftmp.csproj]
C:\Users\zacho\OneDrive\Downloads\Documentos\Projetos\pdv_medusax8\v1.1\v1.1\SettingsWindow.xaml.cs(111,22): error CS0111: Tipo "SettingsWindow" j├í define um membro chamado "LoadNFCeConfig" com os mesmos tipos de par├ómetro [C:\Users\zacho\OneDrive\Downloads\Documentos\Projetos\pdv_medusax8\PDV_MedusaX8_hznqlc22_wpftmp.csproj]
C:\Users\zacho\OneDrive\Downloads\Documentos\Projetos\pdv_medusax8\v1.1\SettingsWindow.xaml.cs(196,22): error CS0111: Tipo "SettingsWindow" j├í define um membro chamado "SavePayments" com os mesmos tipos de par├ómetro [C:\Users\zacho\OneDrive\Downloads\Documentos\Projetos\pdv_medusax8\PDV_MedusaX8_hznqlc22_wpftmp.csproj]
C:\Users\zacho\OneDrive\Downloads\Documentos\Projetos\pdv_medusax8\v1.1\v1.1\SettingsWindow.xaml.cs(196,22): error CS0111: Tipo "SettingsWindow" j├í define um membro chamado "SavePayments" com os mesmos tipos de par├ómetro [C:\Users\zacho\OneDrive\Downloads\Documentos\Projetos\pdv_medusax8\PDV_MedusaX8_hznqlc22_wpftmp.csproj]
C:\Users\zacho\OneDrive\Downloads\Documentos\Projetos\pdv_medusax8\v1.1\SettingsWindow.xaml.cs(229,22): error CS0111: Tipo "SettingsWindow" j├í define um membro chamado "CloseSettings" com os mesmos tipos de par├ómetro [C:\Users\zacho\OneDrive\Downloads\Documentos\Projetos\pdv_medusax8\PDV_MedusaX8_hznqlc22_wpftmp.csproj]
C:\Users\zacho\OneDrive\Downloads\Documentos\Projetos\pdv_medusax8\v1.1\v1.1\SettingsWindow.xaml.cs(229,22): error CS0111: Tipo "SettingsWindow" j├í define um membro chamado "CloseSettings" com os mesmos tipos de par├ómetro [C:\Users\zacho\OneDrive\Downloads\Documentos\Projetos\pdv_medusax8\PDV_MedusaX8_hznqlc22_wpftmp.csproj]
C:\Users\zacho\OneDrive\Downloads\Documentos\Projetos\pdv_medusax8\v1.1\SettingsWindow.xaml.cs(234,22): error CS0111: Tipo "SettingsWindow" j├í define um membro chamado "DgPaymentMethods_PreviewMouseLeftButtonDown" com os mesmos tipos de par├ómetro [C:\Users\zacho\OneDrive\Downloads\Documentos\Projetos\pdv_medusax8\PDV_MedusaX8_hznqlc22_wpftmp.csproj]
C:\Users\zacho\OneDrive\Downloads\Documentos\Projetos\pdv_medusax8\v1.1\v1.1\SettingsWindow.xaml.cs(234,22): error CS0111: Tipo "SettingsWindow" j├í define um membro chamado "DgPaymentMethods_PreviewMouseLeftButtonDown" com os mesmos tipos de par├ómetro [C:\Users\zacho\OneDrive\Downloads\Documentos\Projetos\pdv_medusax8\PDV_MedusaX8_hznqlc22_wpftmp.csproj]
C:\Users\zacho\OneDrive\Downloads\Documentos\Projetos\pdv_medusax8\v1.1\SettingsWindow.xaml.cs(241,22): error CS0111: Tipo "SettingsWindow" j├í define um membro chamado "DgPaymentMethods_MouseMove" com os mesmos tipos de par├ómetro [C:\Users\zacho\OneDrive\Downloads\Documentos\Projetos\pdv_medusax8\PDV_MedusaX8_hznqlc22_wpftmp.csproj]
C:\Users\zacho\OneDrive\Downloads\Documentos\Projetos\pdv_medusax8\v1.1\v1.1\SettingsWindow.xaml.cs(241,22): error CS0111: Tipo "SettingsWindow" j├í define um membro chamado "DgPaymentMethods_MouseMove" com os mesmos tipos de par├ómetro [C:\Users\zacho\OneDrive\Downloads\Documentos\Projetos\pdv_medusax8\PDV_MedusaX8_hznqlc22_wpftmp.csproj]
C:\Users\zacho\OneDrive\Downloads\Documentos\Projetos\pdv_medusax8\v1.1\SettingsWindow.xaml.cs(257,22): error CS0111: Tipo "SettingsWindow" j├í define um membro chamado "DgPaymentMethods_DragOver" com os mesmos tipos de par├ómetro [C:\Users\zacho\OneDrive\Downloads\Documentos\Projetos\pdv_medusax8\PDV_MedusaX8_hznqlc22_wpftmp.csproj]
C:\Users\zacho\OneDrive\Downloads\Documentos\Projetos\pdv_medusax8\v1.1\v1.1\SettingsWindow.xaml.cs(257,22): error CS0111: Tipo "SettingsWindow" j├í define um membro chamado "DgPaymentMethods_DragOver" com os mesmos tipos de par├ómetro [C:\Users\zacho\OneDrive\Downloads\Documentos\Projetos\pdv_medusax8\PDV_MedusaX8_hznqlc22_wpftmp.csproj]
C:\Users\zacho\OneDrive\Downloads\Documentos\Projetos\pdv_medusax8\v1.1\SettingsWindow.xaml.cs(263,22): error CS0111: Tipo "SettingsWindow" j├í define um membro chamado "DgPaymentMethods_Drop" com os mesmos tipos de par├ómetro [C:\Users\zacho\OneDrive\Downloads\Documentos\Projetos\pdv_medusax8\PDV_MedusaX8_hznqlc22_wpftmp.csproj]
C:\Users\zacho\OneDrive\Downloads\Documentos\Projetos\pdv_medusax8\v1.1\v1.1\SettingsWindow.xaml.cs(263,22): error CS0111: Tipo "SettingsWindow" j├í define um membro chamado "DgPaymentMethods_Drop" com os mesmos tipos de par├ómetro [C:\Users\zacho\OneDrive\Downloads\Documentos\Projetos\pdv_medusax8\PDV_MedusaX8_hznqlc22_wpftmp.csproj]
C:\Users\zacho\OneDrive\Downloads\Documentos\Projetos\pdv_medusax8\v1.1\SettingsWindow.xaml.cs(287,22): error CS0111: Tipo "SettingsWindow" j├í define um membro chamado "DgPaymentMethods_CellEditEnding" com os mesmos tipos de par├ómetro [C:\Users\zacho\OneDrive\Downloads\Documentos\Projetos\pdv_medusax8\PDV_MedusaX8_hznqlc22_wpftmp.csproj]
C:\Users\zacho\OneDrive\Downloads\Documentos\Projetos\pdv_medusax8\v1.1\v1.1\SettingsWindow.xaml.cs(287,22): error CS0111: Tipo "SettingsWindow" j├í define um membro chamado "DgPaymentMethods_CellEditEnding" com os mesmos tipos de par├ómetro [C:\Users\zacho\OneDrive\Downloads\Documentos\Projetos\pdv_medusax8\PDV_MedusaX8_hznqlc22_wpftmp.csproj]
C:\Users\zacho\OneDrive\Downloads\Documentos\Projetos\pdv_medusax8\v1.1\SettingsWindow.xaml.cs(301,22): error CS0111: Tipo "SettingsWindow" j├í define um membro chamado "RenumberAndRefresh" com os mesmos tipos de par├ómetro [C:\Users\zacho\OneDrive\Downloads\Documentos\Projetos\pdv_medusax8\PDV_MedusaX8_hznqlc22_wpftmp.csproj]
C:\Users\zacho\OneDrive\Downloads\Documentos\Projetos\pdv_medusax8\v1.1\v1.1\SettingsWindow.xaml.cs(301,22): error CS0111: Tipo "SettingsWindow" j├í define um membro chamado "RenumberAndRefresh" com os mesmos tipos de par├ómetro [C:\Users\zacho\OneDrive\Downloads\Documentos\Projetos\pdv_medusax8\PDV_MedusaX8_hznqlc22_wpftmp.csproj]
C:\Users\zacho\OneDrive\Downloads\Documentos\Projetos\pdv_medusax8\v1.1\SettingsWindow.xaml.cs(315,22): error CS0111: Tipo "SettingsWindow" j├í define um membro chamado "LoadTEFConfig" com os mesmos tipos de par├ómetro [C:\Users\zacho\OneDrive\Downloads\Documentos\Projetos\pdv_medusax8\PDV_MedusaX8_hznqlc22_wpftmp.csproj]
C:\Users\zacho\OneDrive\Downloads\Documentos\Projetos\pdv_medusax8\v1.1\v1.1\SettingsWindow.xaml.cs(315,22): error CS0111: Tipo "SettingsWindow" j├í define um membro chamado "LoadTEFConfig" com os mesmos tipos de par├ómetro [C:\Users\zacho\OneDrive\Downloads\Documentos\Projetos\pdv_medusax8\PDV_MedusaX8_hznqlc22_wpftmp.csproj]
C:\Users\zacho\OneDrive\Downloads\Documentos\Projetos\pdv_medusax8\v1.1\SettingsWindow.xaml.cs(350,22): error CS0111: Tipo "SettingsWindow" j├í define um membro chamado "SaveTEFConfig_Click" com os mesmos tipos de par├ómetro [C:\Users\zacho\OneDrive\Downloads\Documentos\Projetos\pdv_medusax8\PDV_MedusaX8_hznqlc22_wpftmp.csproj]
C:\Users\zacho\OneDrive\Downloads\Documentos\Projetos\pdv_medusax8\v1.1\v1.1\SettingsWindow.xaml.cs(350,22): error CS0111: Tipo "SettingsWindow" j├í define um membro chamado "SaveTEFConfig_Click" com os mesmos tipos de par├ómetro [C:\Users\zacho\OneDrive\Downloads\Documentos\Projetos\pdv_medusax8\PDV_MedusaX8_hznqlc22_wpftmp.csproj]
C:\Users\zacho\OneDrive\Downloads\Documentos\Projetos\pdv_medusax8\v1.1\SettingsWindow.xaml.cs(380,22): error CS0111: Tipo "SettingsWindow" j├í define um membro chamado "DebugTEF_Click" com os mesmos tipos de par├ómetro [C:\Users\zacho\OneDrive\Downloads\Documentos\Projetos\pdv_medusax8\PDV_MedusaX8_hznqlc22_wpftmp.csproj]
C:\Users\zacho\OneDrive\Downloads\Documentos\Projetos\pdv_medusax8\v1.1\v1.1\SettingsWindow.xaml.cs(380,22): error CS0111: Tipo "SettingsWindow" j├í define um membro chamado "DebugTEF_Click" com os mesmos tipos de par├ómetro [C:\Users\zacho\OneDrive\Downloads\Documentos\Projetos\pdv_medusax8\PDV_MedusaX8_hznqlc22_wpftmp.csproj]
C:\Users\zacho\OneDrive\Downloads\Documentos\Projetos\pdv_medusax8\v1.1\SettingsWindow.xaml.cs(408,22): error CS0111: Tipo "SettingsWindow" j├í define um membro chamado "SaveOptions_Click" com os mesmos tipos de par├ómetro [C:\Users\zacho\OneDrive\Downloads\Documentos\Projetos\pdv_medusax8\PDV_MedusaX8_hznqlc22_wpftmp.csproj]
C:\Users\zacho\OneDrive\Downloads\Documentos\Projetos\pdv_medusax8\v1.1\v1.1\SettingsWindow.xaml.cs(408,22): error CS0111: Tipo "SettingsWindow" j├í define um membro chamado "SaveOptions_Click" com os mesmos tipos de par├ómetro [C:\Users\zacho\OneDrive\Downloads\Documentos\Projetos\pdv_medusax8\PDV_MedusaX8_hznqlc22_wpftmp.csproj]
C:\Users\zacho\OneDrive\Downloads\Documentos\Projetos\pdv_medusax8\v1.1\SettingsWindow.xaml.cs(508,22): error CS0111: Tipo "SettingsWindow" j├í define um membro chamado "SaveOrUpdateSetting" com os mesmos tipos de par├ómetro [C:\Users\zacho\OneDrive\Downloads\Documentos\Projetos\pdv_medusax8\PDV_MedusaX8_hznqlc22_wpftmp.csproj]
C:\Users\zacho\OneDrive\Downloads\Documentos\Projetos\pdv_medusax8\v1.1\v1.1\SettingsWindow.xaml.cs(508,22): error CS0111: Tipo "SettingsWindow" j├í define um membro chamado "SaveOrUpdateSetting" com os mesmos tipos de par├ómetro [C:\Users\zacho\OneDrive\Downloads\Documentos\Projetos\pdv_medusax8\PDV_MedusaX8_hznqlc22_wpftmp.csproj]
C:\Users\zacho\OneDrive\Downloads\Documentos\Projetos\pdv_medusax8\v1.1\SettingsWindow.xaml.cs(541,22): error CS0111: Tipo "SettingsWindow" j├í define um membro chamado "LoadPrinters" com os mesmos tipos de par├ómetro [C:\Users\zacho\OneDrive\Downloads\Documentos\Projetos\pdv_medusax8\PDV_MedusaX8_hznqlc22_wpftmp.csproj]
C:\Users\zacho\OneDrive\Downloads\Documentos\Projetos\pdv_medusax8\v1.1\v1.1\SettingsWindow.xaml.cs(541,22): error CS0111: Tipo "SettingsWindow" j├í define um membro chamado "LoadPrinters" com os mesmos tipos de par├ómetro [C:\Users\zacho\OneDrive\Downloads\Documentos\Projetos\pdv_medusax8\PDV_MedusaX8_hznqlc22_wpftmp.csproj]
C:\Users\zacho\OneDrive\Downloads\Documentos\Projetos\pdv_medusax8\v1.1\SettingsWindow.xaml.cs(567,22): error CS0111: Tipo "SettingsWindow" j├í define um membro chamado "LoadPrinterSettings" com os mesmos tipos de par├ómetro [C:\Users\zacho\OneDrive\Downloads\Documentos\Projetos\pdv_medusax8\PDV_MedusaX8_hznqlc22_wpftmp.csproj]
C:\Users\zacho\OneDrive\Downloads\Documentos\Projetos\pdv_medusax8\v1.1\v1.1\SettingsWindow.xaml.cs(567,22): error CS0111: Tipo "SettingsWindow" j├í define um membro chamado "LoadPrinterSettings" com os mesmos tipos de par├ómetro [C:\Users\zacho\OneDrive\Downloads\Documentos\Projetos\pdv_medusax8\PDV_MedusaX8_hznqlc22_wpftmp.csproj]
C:\Users\zacho\OneDrive\Downloads\Documentos\Projetos\pdv_medusax8\v1.1\SettingsWindow.xaml.cs(596,22): error CS0111: Tipo "SettingsWindow" j├í define um membro chamado "SavePrinterSettings_Click" com os mesmos tipos de par├ómetro [C:\Users\zacho\OneDrive\Downloads\Documentos\Projetos\pdv_medusax8\PDV_MedusaX8_hznqlc22_wpftmp.csproj]
C:\Users\zacho\OneDrive\Downloads\Documentos\Projetos\pdv_medusax8\v1.1\v1.1\SettingsWindow.xaml.cs(596,22): error CS0111: Tipo "SettingsWindow" j├í define um membro chamado "SavePrinterSettings_Click" com os mesmos tipos de par├ómetro [C:\Users\zacho\OneDrive\Downloads\Documentos\Projetos\pdv_medusax8\PDV_MedusaX8_hznqlc22_wpftmp.csproj]
C:\Users\zacho\OneDrive\Downloads\Documentos\Projetos\pdv_medusax8\v1.1\SettingsWindow.xaml.cs(617,22): error CS0111: Tipo "SettingsWindow" j├í define um membro chamado "NumericOnly_PreviewTextInput" com os mesmos tipos de par├ómetro [C:\Users\zacho\OneDrive\Downloads\Documentos\Projetos\pdv_medusax8\PDV_MedusaX8_hznqlc22_wpftmp.csproj]
C:\Users\zacho\OneDrive\Downloads\Documentos\Projetos\pdv_medusax8\v1.1\v1.1\SettingsWindow.xaml.cs(617,22): error CS0111: Tipo "SettingsWindow" j├í define um membro chamado "NumericOnly_PreviewTextInput" com os mesmos tipos de par├ómetro [C:\Users\zacho\OneDrive\Downloads\Documentos\Projetos\pdv_medusax8\PDV_MedusaX8_hznqlc22_wpftmp.csproj]
C:\Users\zacho\OneDrive\Downloads\Documentos\Projetos\pdv_medusax8\v1.1\SettingsWindow.xaml.cs(622,22): error CS0111: Tipo "SettingsWindow" j├í define um membro chamado "SelectCert_Click" com os mesmos tipos de par├ómetro [C:\Users\zacho\OneDrive\Downloads\Documentos\Projetos\pdv_medusax8\PDV_MedusaX8_hznqlc22_wpftmp.csproj]
C:\Users\zacho\OneDrive\Downloads\Documentos\Projetos\pdv_medusax8\v1.1\v1.1\SettingsWindow.xaml.cs(622,22): error CS0111: Tipo "SettingsWindow" j├í define um membro chamado "SelectCert_Click" com os mesmos tipos de par├ómetro [C:\Users\zacho\OneDrive\Downloads\Documentos\Projetos\pdv_medusax8\PDV_MedusaX8_hznqlc22_wpftmp.csproj]
C:\Users\zacho\OneDrive\Downloads\Documentos\Projetos\pdv_medusax8\v1.1\SettingsWindow.xaml.cs(652,22): error CS0111: Tipo "SettingsWindow" j├í define um membro chamado "LoadOptions" com os mesmos tipos de par├ómetro [C:\Users\zacho\OneDrive\Downloads\Documentos\Projetos\pdv_medusax8\PDV_MedusaX8_hznqlc22_wpftmp.csproj]
C:\Users\zacho\OneDrive\Downloads\Documentos\Projetos\pdv_medusax8\v1.1\v1.1\SettingsWindow.xaml.cs(652,22): error CS0111: Tipo "SettingsWindow" j├í define um membro chamado "LoadOptions" com os mesmos tipos de par├ómetro [C:\Users\zacho\OneDrive\Downloads\Documentos\Projetos\pdv_medusax8\PDV_MedusaX8_hznqlc22_wpftmp.csproj]
C:\Users\zacho\OneDrive\Downloads\Documentos\Projetos\pdv_medusax8\v1.1\SettingsWindow.xaml.cs(723,22): error CS0111: Tipo "SettingsWindow" j├í define um membro chamado "SaveNFCeConfig_Click" com os mesmos tipos de par├ómetro [C:\Users\zacho\OneDrive\Downloads\Documentos\Projetos\pdv_medusax8\PDV_MedusaX8_hznqlc22_wpftmp.csproj]
C:\Users\zacho\OneDrive\Downloads\Documentos\Projetos\pdv_medusax8\v1.1\v1.1\SettingsWindow.xaml.cs(723,22): error CS0111: Tipo "SettingsWindow" j├í define um membro chamado "SaveNFCeConfig_Click" com os mesmos tipos de par├ómetro [C:\Users\zacho\OneDrive\Downloads\Documentos\Projetos\pdv_medusax8\PDV_MedusaX8_hznqlc22_wpftmp.csproj]
C:\Users\zacho\OneDrive\Downloads\Documentos\Projetos\pdv_medusax8\v1.1\SettingsWindow.xaml(9,46): error CS0102: O tipo "SettingsWindow" j├í cont├®m uma defini├º├úo para "SettingsWin" [C:\Users\zacho\OneDrive\Downloads\Documentos\Projetos\pdv_medusax8\PDV_MedusaX8_hznqlc22_wpftmp.csproj]
C:\Users\zacho\OneDrive\Downloads\Documentos\Projetos\pdv_medusax8\v1.1\v1.1\SettingsWindow.xaml(9,46): error CS0102: O tipo "SettingsWindow" j├í cont├®m uma defini├º├úo para "SettingsWin" [C:\Users\zacho\OneDrive\Downloads\Documentos\Projetos\pdv_medusax8\PDV_MedusaX8_hznqlc22_wpftmp.csproj]
C:\Users\zacho\OneDrive\Downloads\Documentos\Projetos\pdv_medusax8\v1.1\SettingsWindow.xaml(41,51): error CS0102: O tipo "SettingsWindow" j├í cont├®m uma defini├º├úo para "DgPaymentMethods" [C:\Users\zacho\OneDrive\Downloads\Documentos\Projetos\pdv_medusax8\PDV_MedusaX8_hznqlc22_wpftmp.csproj]
C:\Users\zacho\OneDrive\Downloads\Documentos\Projetos\pdv_medusax8\v1.1\v1.1\SettingsWindow.xaml(41,51): error CS0102: O tipo "SettingsWindow" j├í cont├®m uma defini├º├úo para "DgPaymentMethods" [C:\Users\zacho\OneDrive\Downloads\Documentos\Projetos\pdv_medusax8\PDV_MedusaX8_hznqlc22_wpftmp.csproj]
C:\Users\zacho\OneDrive\Downloads\Documentos\Projetos\pdv_medusax8\v1.1\SettingsWindow.xaml(80,50): error CS0102: O tipo "SettingsWindow" j├í cont├®m uma defini├º├úo para "TxtCert" [C:\Users\zacho\OneDrive\Downloads\Documentos\Projetos\pdv_medusax8\PDV_MedusaX8_hznqlc22_wpftmp.csproj]
C:\Users\zacho\OneDrive\Downloads\Documentos\Projetos\pdv_medusax8\v1.1\v1.1\SettingsWindow.xaml(80,50): error CS0102: O tipo "SettingsWindow" j├í cont├®m uma defini├º├úo para "TxtCert" [C:\Users\zacho\OneDrive\Downloads\Documentos\Projetos\pdv_medusax8\PDV_MedusaX8_hznqlc22_wpftmp.csproj]
C:\Users\zacho\OneDrive\Downloads\Documentos\Projetos\pdv_medusax8\v1.1\SettingsWindow.xaml(86,51): error CS0102: O tipo "SettingsWindow" j├í cont├®m uma defini├º├úo para "CmbEnvironment" [C:\Users\zacho\OneDrive\Downloads\Documentos\Projetos\pdv_medusax8\PDV_MedusaX8_hznqlc22_wpftmp.csproj]
C:\Users\zacho\OneDrive\Downloads\Documentos\Projetos\pdv_medusax8\v1.1\v1.1\SettingsWindow.xaml(86,51): error CS0102: O tipo "SettingsWindow" j├í cont├®m uma defini├º├úo para "CmbEnvironment" [C:\Users\zacho\OneDrive\Downloads\Documentos\Projetos\pdv_medusax8\PDV_MedusaX8_hznqlc22_wpftmp.csproj]
C:\Users\zacho\OneDrive\Downloads\Documentos\Projetos\pdv_medusax8\v1.1\SettingsWindow.xaml(94,50): error CS0102: O tipo "SettingsWindow" j├í cont├®m uma defini├º├úo para "TxtCashRegister" [C:\Users\zacho\OneDrive\Downloads\Documentos\Projetos\pdv_medusax8\PDV_MedusaX8_hznqlc22_wpftmp.csproj]
C:\Users\zacho\OneDrive\Downloads\Documentos\Projetos\pdv_medusax8\v1.1\v1.1\SettingsWindow.xaml(94,50): error CS0102: O tipo "SettingsWindow" j├í cont├®m uma defini├º├úo para "TxtCashRegister" [C:\Users\zacho\OneDrive\Downloads\Documentos\Projetos\pdv_medusax8\PDV_MedusaX8_hznqlc22_wpftmp.csproj]
C:\Users\zacho\OneDrive\Downloads\Documentos\Projetos\pdv_medusax8\v1.1\SettingsWindow.xaml(99,50): error CS0102: O tipo "SettingsWindow" j├í cont├®m uma defini├º├úo para "TxtSerie" [C:\Users\zacho\OneDrive\Downloads\Documentos\Projetos\pdv_medusax8\PDV_MedusaX8_hznqlc22_wpftmp.csproj]
C:\Users\zacho\OneDrive\Downloads\Documentos\Projetos\pdv_medusax8\v1.1\v1.1\SettingsWindow.xaml(99,50): error CS0102: O tipo "SettingsWindow" j├í cont├®m uma defini├º├úo para "TxtSerie" [C:\Users\zacho\OneDrive\Downloads\Documentos\Projetos\pdv_medusax8\PDV_MedusaX8_hznqlc22_wpftmp.csproj]
C:\Users\zacho\OneDrive\Downloads\Documentos\Projetos\pdv_medusax8\v1.1\SettingsWindow.xaml(104,50): error CS0102: O tipo "SettingsWindow" j├í cont├®m uma defini├º├úo para "TxtNextNumber" [C:\Users\zacho\OneDrive\Downloads\Documentos\Projetos\pdv_medusax8\PDV_MedusaX8_hznqlc22_wpftmp.csproj]
C:\Users\zacho\OneDrive\Downloads\Documentos\Projetos\pdv_medusax8\v1.1\v1.1\SettingsWindow.xaml(104,50): error CS0102: O tipo "SettingsWindow" j├í cont├®m uma defini├º├úo para "TxtNextNumber" [C:\Users\zacho\OneDrive\Downloads\Documentos\Projetos\pdv_medusax8\PDV_MedusaX8_hznqlc22_wpftmp.csproj]
C:\Users\zacho\OneDrive\Downloads\Documentos\Projetos\pdv_medusax8\v1.1\SettingsWindow.xaml(109,50): error CS0102: O tipo "SettingsWindow" j├í cont├®m uma defini├º├úo para "TxtCSCId" [C:\Users\zacho\OneDrive\Downloads\Documentos\Projetos\pdv_medusax8\PDV_MedusaX8_hznqlc22_wpftmp.csproj]
C:\Users\zacho\OneDrive\Downloads\Documentos\Projetos\pdv_medusax8\v1.1\v1.1\SettingsWindow.xaml(109,50): error CS0102: O tipo "SettingsWindow" j├í cont├®m uma defini├º├úo para "TxtCSCId" [C:\Users\zacho\OneDrive\Downloads\Documentos\Projetos\pdv_medusax8\PDV_MedusaX8_hznqlc22_wpftmp.csproj]
C:\Users\zacho\OneDrive\Downloads\Documentos\Projetos\pdv_medusax8\v1.1\SettingsWindow.xaml(114,50): error CS0102: O tipo "SettingsWindow" j├í cont├®m uma defini├º├úo para "TxtCSC" [C:\Users\zacho\OneDrive\Downloads\Documentos\Projetos\pdv_medusax8\PDV_MedusaX8_hznqlc22_wpftmp.csproj]
C:\Users\zacho\OneDrive\Downloads\Documentos\Projetos\pdv_medusax8\v1.1\v1.1\SettingsWindow.xaml(114,50): error CS0102: O tipo "SettingsWindow" j├í cont├®m uma defini├º├úo para "TxtCSC" [C:\Users\zacho\OneDrive\Downloads\Documentos\Projetos\pdv_medusax8\PDV_MedusaX8_hznqlc22_wpftmp.csproj]
C:\Users\zacho\OneDrive\Downloads\Documentos\Projetos\pdv_medusax8\v1.1\SettingsWindow.xaml(136,51): error CS0102: O tipo "SettingsWindow" j├í cont├®m uma defini├º├úo para "CmbTEFType" [C:\Users\zacho\OneDrive\Downloads\Documentos\Projetos\pdv_medusax8\PDV_MedusaX8_hznqlc22_wpftmp.csproj]
C:\Users\zacho\OneDrive\Downloads\Documentos\Projetos\pdv_medusax8\v1.1\v1.1\SettingsWindow.xaml(136,51): error CS0102: O tipo "SettingsWindow" j├í cont├®m uma defini├º├úo para "CmbTEFType" [C:\Users\zacho\OneDrive\Downloads\Documentos\Projetos\pdv_medusax8\PDV_MedusaX8_hznqlc22_wpftmp.csproj]
C:\Users\zacho\OneDrive\Downloads\Documentos\Projetos\pdv_medusax8\v1.1\SettingsWindow.xaml(154,50): error CS0102: O tipo "SettingsWindow" j├í cont├®m uma defini├º├úo para "TxtTEFScope" [C:\Users\zacho\OneDrive\Downloads\Documentos\Projetos\pdv_medusax8\PDV_MedusaX8_hznqlc22_wpftmp.csproj]
C:\Users\zacho\OneDrive\Downloads\Documentos\Projetos\pdv_medusax8\v1.1\v1.1\SettingsWindow.xaml(154,50): error CS0102: O tipo "SettingsWindow" j├í cont├®m uma defini├º├úo para "TxtTEFScope" [C:\Users\zacho\OneDrive\Downloads\Documentos\Projetos\pdv_medusax8\PDV_MedusaX8_hznqlc22_wpftmp.csproj]
C:\Users\zacho\OneDrive\Downloads\Documentos\Projetos\pdv_medusax8\v1.1\SettingsWindow.xaml(161,50): error CS0102: O tipo "SettingsWindow" j├í cont├®m uma defini├º├úo para "TxtSitefIP" [C:\Users\zacho\OneDrive\Downloads\Documentos\Projetos\pdv_medusax8\PDV_MedusaX8_hznqlc22_wpftmp.csproj]
C:\Users\zacho\OneDrive\Downloads\Documentos\Projetos\pdv_medusax8\v1.1\v1.1\SettingsWindow.xaml(161,50): error CS0102: O tipo "SettingsWindow" j├í cont├®m uma defini├º├úo para "TxtSitefIP" [C:\Users\zacho\OneDrive\Downloads\Documentos\Projetos\pdv_medusax8\PDV_MedusaX8_hznqlc22_wpftmp.csproj]
C:\Users\zacho\OneDrive\Downloads\Documentos\Projetos\pdv_medusax8\v1.1\SettingsWindow.xaml(165,50): error CS0102: O tipo "SettingsWindow" j├í cont├®m uma defini├º├úo para "TxtSitefLoja" [C:\Users\zacho\OneDrive\Downloads\Documentos\Projetos\pdv_medusax8\PDV_MedusaX8_hznqlc22_wpftmp.csproj]
C:\Users\zacho\OneDrive\Downloads\Documentos\Projetos\pdv_medusax8\v1.1\v1.1\SettingsWindow.xaml(165,50): error CS0102: O tipo "SettingsWindow" j├í cont├®m uma defini├º├úo para "TxtSitefLoja" [C:\Users\zacho\OneDrive\Downloads\Documentos\Projetos\pdv_medusax8\PDV_MedusaX8_hznqlc22_wpftmp.csproj]
C:\Users\zacho\OneDrive\Downloads\Documentos\Projetos\pdv_medusax8\v1.1\SettingsWindow.xaml(169,50): error CS0102: O tipo "SettingsWindow" j├í cont├®m uma defini├º├úo para "TxtSitefTerminal" [C:\Users\zacho\OneDrive\Downloads\Documentos\Projetos\pdv_medusax8\PDV_MedusaX8_hznqlc22_wpftmp.csproj]
C:\Users\zacho\OneDrive\Downloads\Documentos\Projetos\pdv_medusax8\v1.1\v1.1\SettingsWindow.xaml(169,50): error CS0102: O tipo "SettingsWindow" j├í cont├®m uma defini├º├úo para "TxtSitefTerminal" [C:\Users\zacho\OneDrive\Downloads\Documentos\Projetos\pdv_medusax8\PDV_MedusaX8_hznqlc22_wpftmp.csproj]
C:\Users\zacho\OneDrive\Downloads\Documentos\Projetos\pdv_medusax8\v1.1\SettingsWindow.xaml(175,50): error CS0102: O tipo "SettingsWindow" j├í cont├®m uma defini├º├úo para "TxtTEFExchangePath" [C:\Users\zacho\OneDrive\Downloads\Documentos\Projetos\pdv_medusax8\PDV_MedusaX8_hznqlc22_wpftmp.csproj]
C:\Users\zacho\OneDrive\Downloads\Documentos\Projetos\pdv_medusax8\v1.1\v1.1\SettingsWindow.xaml(175,50): error CS0102: O tipo "SettingsWindow" j├í cont├®m uma defini├º├úo para "TxtTEFExchangePath" [C:\Users\zacho\OneDrive\Downloads\Documentos\Projetos\pdv_medusax8\PDV_MedusaX8_hznqlc22_wpftmp.csproj]
C:\Users\zacho\OneDrive\Downloads\Documentos\Projetos\pdv_medusax8\v1.1\SettingsWindow.xaml(180,51): error CS0102: O tipo "SettingsWindow" j├í cont├®m uma defini├º├úo para "ChkTEFDebug" [C:\Users\zacho\OneDrive\Downloads\Documentos\Projetos\pdv_medusax8\PDV_MedusaX8_hznqlc22_wpftmp.csproj]
C:\Users\zacho\OneDrive\Downloads\Documentos\Projetos\pdv_medusax8\v1.1\v1.1\SettingsWindow.xaml(180,51): error CS0102: O tipo "SettingsWindow" j├í cont├®m uma defini├º├úo para "ChkTEFDebug" [C:\Users\zacho\OneDrive\Downloads\Documentos\Projetos\pdv_medusax8\PDV_MedusaX8_hznqlc22_wpftmp.csproj]
C:\Users\zacho\OneDrive\Downloads\Documentos\Projetos\pdv_medusax8\v1.1\SettingsWindow.xaml(204,51): error CS0102: O tipo "SettingsWindow" j├í cont├®m uma defini├º├úo para "ChkEnableF9" [C:\Users\zacho\OneDrive\Downloads\Documentos\Projetos\pdv_medusax8\PDV_MedusaX8_hznqlc22_wpftmp.csproj]
C:\Users\zacho\OneDrive\Downloads\Documentos\Projetos\pdv_medusax8\v1.1\v1.1\SettingsWindow.xaml(204,51): error CS0102: O tipo "SettingsWindow" j├í cont├®m uma defini├º├úo para "ChkEnableF9" [C:\Users\zacho\OneDrive\Downloads\Documentos\Projetos\pdv_medusax8\PDV_MedusaX8_hznqlc22_wpftmp.csproj]
C:\Users\zacho\OneDrive\Downloads\Documentos\Projetos\pdv_medusax8\v1.1\SettingsWindow.xaml(205,51): error CS0102: O tipo "SettingsWindow" j├í cont├®m uma defini├º├úo para "ChkPromptConsumer" [C:\Users\zacho\OneDrive\Downloads\Documentos\Projetos\pdv_medusax8\PDV_MedusaX8_hznqlc22_wpftmp.csproj]
C:\Users\zacho\OneDrive\Downloads\Documentos\Projetos\pdv_medusax8\v1.1\v1.1\SettingsWindow.xaml(205,51): error CS0102: O tipo "SettingsWindow" j├í cont├®m uma defini├º├úo para "ChkPromptConsumer" [C:\Users\zacho\OneDrive\Downloads\Documentos\Projetos\pdv_medusax8\PDV_MedusaX8_hznqlc22_wpftmp.csproj]
C:\Users\zacho\OneDrive\Downloads\Documentos\Projetos\pdv_medusax8\v1.1\SettingsWindow.xaml(206,51): error CS0102: O tipo "SettingsWindow" j├í cont├®m uma defini├º├úo para "ChkRequireF2ToStartSale" [C:\Users\zacho\OneDrive\Downloads\Documentos\Projetos\pdv_medusax8\PDV_MedusaX8_hznqlc22_wpftmp.csproj]
C:\Users\zacho\OneDrive\Downloads\Documentos\Projetos\pdv_medusax8\v1.1\v1.1\SettingsWindow.xaml(206,51): error CS0102: O tipo "SettingsWindow" j├í cont├®m uma defini├º├úo para "ChkRequireF2ToStartSale" [C:\Users\zacho\OneDrive\Downloads\Documentos\Projetos\pdv_medusax8\PDV_MedusaX8_hznqlc22_wpftmp.csproj]
C:\Users\zacho\OneDrive\Downloads\Documentos\Projetos\pdv_medusax8\v1.1\SettingsWindow.xaml(207,51): error CS0102: O tipo "SettingsWindow" j├í cont├®m uma defini├º├úo para "ChkRequireSupervisorForSangria" [C:\Users\zacho\OneDrive\Downloads\Documentos\Projetos\pdv_medusax8\PDV_MedusaX8_hznqlc22_wpftmp.csproj]
C:\Users\zacho\OneDrive\Downloads\Documentos\Projetos\pdv_medusax8\v1.1\v1.1\SettingsWindow.xaml(207,51): error CS0102: O tipo "SettingsWindow" j├í cont├®m uma defini├º├úo para "ChkRequireSupervisorForSangria" [C:\Users\zacho\OneDrive\Downloads\Documentos\Projetos\pdv_medusax8\PDV_MedusaX8_hznqlc22_wpftmp.csproj]
C:\Users\zacho\OneDrive\Downloads\Documentos\Projetos\pdv_medusax8\v1.1\SettingsWindow.xaml(211,50): error CS0102: O tipo "SettingsWindow" j├í cont├®m uma defini├º├úo para "TxtMaxDiscountPercent" [C:\Users\zacho\OneDrive\Downloads\Documentos\Projetos\pdv_medusax8\PDV_MedusaX8_hznqlc22_wpftmp.csproj]
C:\Users\zacho\OneDrive\Downloads\Documentos\Projetos\pdv_medusax8\v1.1\v1.1\SettingsWindow.xaml(211,50): error CS0102: O tipo "SettingsWindow" j├í cont├®m uma defini├º├úo para "TxtMaxDiscountPercent" [C:\Users\zacho\OneDrive\Downloads\Documentos\Projetos\pdv_medusax8\PDV_MedusaX8_hznqlc22_wpftmp.csproj]
C:\Users\zacho\OneDrive\Downloads\Documentos\Projetos\pdv_medusax8\v1.1\SettingsWindow.xaml(233,51): error CS0102: O tipo "SettingsWindow" j├í cont├®m uma defini├º├úo para "CmbPrinterBoleto" [C:\Users\zacho\OneDrive\Downloads\Documentos\Projetos\pdv_medusax8\PDV_MedusaX8_hznqlc22_wpftmp.csproj]
C:\Users\zacho\OneDrive\Downloads\Documentos\Projetos\pdv_medusax8\v1.1\v1.1\SettingsWindow.xaml(233,51): error CS0102: O tipo "SettingsWindow" j├í cont├®m uma defini├º├úo para "CmbPrinterBoleto" [C:\Users\zacho\OneDrive\Downloads\Documentos\Projetos\pdv_medusax8\PDV_MedusaX8_hznqlc22_wpftmp.csproj]
C:\Users\zacho\OneDrive\Downloads\Documentos\Projetos\pdv_medusax8\v1.1\SettingsWindow.xaml(238,51): error CS0102: O tipo "SettingsWindow" j├í cont├®m uma defini├º├úo para "CmbPrinterConfissao" [C:\Users\zacho\OneDrive\Downloads\Documentos\Projetos\pdv_medusax8\PDV_MedusaX8_hznqlc22_wpftmp.csproj]
C:\Users\zacho\OneDrive\Downloads\Documentos\Projetos\pdv_medusax8\v1.1\v1.1\SettingsWindow.xaml(238,51): error CS0102: O tipo "SettingsWindow" j├í cont├®m uma defini├º├úo para "CmbPrinterConfissao" [C:\Users\zacho\OneDrive\Downloads\Documentos\Projetos\pdv_medusax8\PDV_MedusaX8_hznqlc22_wpftmp.csproj]
C:\Users\zacho\OneDrive\Downloads\Documentos\Projetos\pdv_medusax8\v1.1\SettingsWindow.xaml(243,51): error CS0102: O tipo "SettingsWindow" j├í cont├®m uma defini├º├úo para "CmbPrinterNFCe" [C:\Users\zacho\OneDrive\Downloads\Documentos\Projetos\pdv_medusax8\PDV_MedusaX8_hznqlc22_wpftmp.csproj]
C:\Users\zacho\OneDrive\Downloads\Documentos\Projetos\pdv_medusax8\v1.1\v1.1\SettingsWindow.xaml(243,51): error CS0102: O tipo "SettingsWindow" j├í cont├®m uma defini├º├úo para "CmbPrinterNFCe" [C:\Users\zacho\OneDrive\Downloads\Documentos\Projetos\pdv_medusax8\PDV_MedusaX8_hznqlc22_wpftmp.csproj]
C:\Users\zacho\OneDrive\Downloads\Documentos\Projetos\pdv_medusax8\v1.1\SettingsWindow.xaml(251,51): error CS0102: O tipo "SettingsWindow" j├í cont├®m uma defini├º├úo para "CmbPrinterCarne80" [C:\Users\zacho\OneDrive\Downloads\Documentos\Projetos\pdv_medusax8\PDV_MedusaX8_hznqlc22_wpftmp.csproj]
C:\Users\zacho\OneDrive\Downloads\Documentos\Projetos\pdv_medusax8\v1.1\v1.1\SettingsWindow.xaml(251,51): error CS0102: O tipo "SettingsWindow" j├í cont├®m uma defini├º├úo para "CmbPrinterCarne80" [C:\Users\zacho\OneDrive\Downloads\Documentos\Projetos\pdv_medusax8\PDV_MedusaX8_hznqlc22_wpftmp.csproj]
C:\Users\zacho\OneDrive\Downloads\Documentos\Projetos\pdv_medusax8\v1.1\SettingsWindow.xaml(256,51): error CS0102: O tipo "SettingsWindow" j├í cont├®m uma defini├º├úo para "CmbPrinterCarneA4" [C:\Users\zacho\OneDrive\Downloads\Documentos\Projetos\pdv_medusax8\PDV_MedusaX8_hznqlc22_wpftmp.csproj]
C:\Users\zacho\OneDrive\Downloads\Documentos\Projetos\pdv_medusax8\v1.1\v1.1\SettingsWindow.xaml(256,51): error CS0102: O tipo "SettingsWindow" j├í cont├®m uma defini├º├úo para "CmbPrinterCarneA4" [C:\Users\zacho\OneDrive\Downloads\Documentos\Projetos\pdv_medusax8\PDV_MedusaX8_hznqlc22_wpftmp.csproj]
C:\Users\zacho\OneDrive\Downloads\Documentos\Projetos\pdv_medusax8\v1.1\SettingsWindow.xaml(261,51): error CS0102: O tipo "SettingsWindow" j├í cont├®m uma defini├º├úo para "CmbCarneFormatoPadrao" [C:\Users\zacho\OneDrive\Downloads\Documentos\Projetos\pdv_medusax8\PDV_MedusaX8_hznqlc22_wpftmp.csproj]
C:\Users\zacho\OneDrive\Downloads\Documentos\Projetos\pdv_medusax8\v1.1\v1.1\SettingsWindow.xaml(261,51): error CS0102: O tipo "SettingsWindow" j├í cont├®m uma defini├º├úo para "CmbCarneFormatoPadrao" [C:\Users\zacho\OneDrive\Downloads\Documentos\Projetos\pdv_medusax8\PDV_MedusaX8_hznqlc22_wpftmp.csproj]
C:\Users\zacho\OneDrive\Downloads\Documentos\Projetos\pdv_medusax8\obj\Release\net10.0-windows\v1.1\SettingsWindow.g.cs(258,22): error CS0102: O tipo "SettingsWindow" j├í cont├®m uma defini├º├úo para "_contentLoaded" [C:\Users\zacho\OneDrive\Downloads\Documentos\Projetos\pdv_medusax8\PDV_MedusaX8_hznqlc22_wpftmp.csproj]
C:\Users\zacho\OneDrive\Downloads\Documentos\Projetos\pdv_medusax8\obj\Release\net10.0-windows\v1.1\v1.1\SettingsWindow.g.cs(258,22): error CS0102: O tipo "SettingsWindow" j├í cont├®m uma defini├º├úo para "_contentLoaded" [C:\Users\zacho\OneDrive\Downloads\Documentos\Projetos\pdv_medusax8\PDV_MedusaX8_hznqlc22_wpftmp.csproj]
C:\Users\zacho\OneDrive\Downloads\Documentos\Projetos\pdv_medusax8\obj\Release\net10.0-windows\v1.1\SettingsWindow.g.cs(265,21): error CS0111: Tipo "SettingsWindow" j├í define um membro chamado "InitializeComponent" com os mesmos tipos de par├ómetro [C:\Users\zacho\OneDrive\Downloads\Documentos\Projetos\pdv_medusax8\PDV_MedusaX8_hznqlc22_wpftmp.csproj]
C:\Users\zacho\OneDrive\Downloads\Documentos\Projetos\pdv_medusax8\obj\Release\net10.0-windows\v1.1\v1.1\SettingsWindow.g.cs(265,21): error CS0111: Tipo "SettingsWindow" j├í define um membro chamado "InitializeComponent" com os mesmos tipos de par├ómetro [C:\Users\zacho\OneDrive\Downloads\Documentos\Projetos\pdv_medusax8\PDV_MedusaX8_hznqlc22_wpftmp.csproj]
C:\Users\zacho\OneDrive\Downloads\Documentos\Projetos\pdv_medusax8\obj\Release\net10.0-windows\v1.1\SettingsWindow.g.cs(285,56): error CS0111: Tipo "SettingsWindow" j├í define um membro chamado "System.Windows.Markup.IComponentConnector.Connect" com os mesmos tipos de par├ómetro [C:\Users\zacho\OneDrive\Downloads\Documentos\Projetos\pdv_medusax8\PDV_MedusaX8_hznqlc22_wpftmp.csproj]
C:\Users\zacho\OneDrive\Downloads\Documentos\Projetos\pdv_medusax8\obj\Release\net10.0-windows\v1.1\v1.1\SettingsWindow.g.cs(285,56): error CS0111: Tipo "SettingsWindow" j├í define um membro chamado "System.Windows.Markup.IComponentConnector.Connect" com os mesmos tipos de par├ómetro [C:\Users\zacho\OneDrive\Downloads\Documentos\Projetos\pdv_medusax8\PDV_MedusaX8_hznqlc22_wpftmp.csproj]

FALHA da compila├º├úo.

C:\Users\zacho\OneDrive\Downloads\Documentos\Projetos\pdv_medusax8\v1.1\ClienteWindow.xaml.cs(351,18): error CS0101: O namespace "PDV_MedusaX8" j├í cont├®m uma defini├º├úo para "AddressEntry" [C:\Users\zacho\OneDrive\Downloads\Documentos\Projetos\pdv_medusax8\PDV_MedusaX8_hznqlc22_wpftmp.csproj]
C:\Users\zacho\OneDrive\Downloads\Documentos\Projetos\pdv_medusax8\v1.1\v1.1\ClienteWindow.xaml.cs(351,18): error CS0101: O namespace "PDV_MedusaX8" j├í cont├®m uma defini├º├úo para "AddressEntry" [C:\Users\zacho\OneDrive\Downloads\Documentos\Projetos\pdv_medusax8\PDV_MedusaX8_hznqlc22_wpftmp.csproj]
C:\Users\zacho\OneDrive\Downloads\Documentos\Projetos\pdv_medusax8\v1.1\MunicipioSearchWindow.xaml.cs(11,18): error CS0101: O namespace "PDV_MedusaX8" j├í cont├®m uma defini├º├úo para "MunicipioDto" [C:\Users\zacho\OneDrive\Downloads\Documentos\Projetos\pdv_medusax8\PDV_MedusaX8_hznqlc22_wpftmp.csproj]
C:\Users\zacho\OneDrive\Downloads\Documentos\Projetos\pdv_medusax8\v1.1\v1.1\MunicipioSearchWindow.xaml.cs(11,18): error CS0101: O namespace "PDV_MedusaX8" j├í cont├®m uma defini├º├úo para "MunicipioDto" [C:\Users\zacho\OneDrive\Downloads\Documentos\Projetos\pdv_medusax8\PDV_MedusaX8_hznqlc22_wpftmp.csproj]
C:\Users\zacho\OneDrive\Downloads\Documentos\Projetos\pdv_medusax8\v1.1\PaymentWindow.xaml.cs(14,18): error CS0101: O namespace "PDV_MedusaX8" j├í cont├®m uma defini├º├úo para "AppliedItem" [C:\Users\zacho\OneDrive\Downloads\Documentos\Projetos\pdv_medusax8\PDV_MedusaX8_hznqlc22_wpftmp.csproj]
C:\Users\zacho\OneDrive\Downloads\Documentos\Projetos\pdv_medusax8\v1.1\v1.1\PaymentWindow.xaml.cs(14,18): error CS0101: O namespace "PDV_MedusaX8" j├í cont├®m uma defini├º├úo para "AppliedItem" [C:\Users\zacho\OneDrive\Downloads\Documentos\Projetos\pdv_medusax8\PDV_MedusaX8_hznqlc22_wpftmp.csproj]
C:\Users\zacho\OneDrive\Downloads\Documentos\Projetos\pdv_medusax8\v1.1\Services\DbHelper.cs(9,25): error CS0101: O namespace "PDV_MedusaX8.Services" j├í cont├®m uma defini├º├úo para "DbHelper" [C:\Users\zacho\OneDrive\Downloads\Documentos\Projetos\pdv_medusax8\PDV_MedusaX8_hznqlc22_wpftmp.csproj]
C:\Users\zacho\OneDrive\Downloads\Documentos\Projetos\pdv_medusax8\v1.1\v1.1\Services\DbHelper.cs(9,25): error CS0101: O namespace "PDV_MedusaX8.Services" j├í cont├®m uma defini├º├úo para "DbHelper" [C:\Users\zacho\OneDrive\Downloads\Documentos\Projetos\pdv_medusax8\PDV_MedusaX8_hznqlc22_wpftmp.csproj]
C:\Users\zacho\OneDrive\Downloads\Documentos\Projetos\pdv_medusax8\v1.1\Services\NFCeService.cs(11,18): error CS0101: O namespace "PDV_MedusaX8.Services" j├í cont├®m uma defini├º├úo para "NFCeService" [C:\Users\zacho\OneDrive\Downloads\Documentos\Projetos\pdv_medusax8\PDV_MedusaX8_hznqlc22_wpftmp.csproj]
C:\Users\zacho\OneDrive\Downloads\Documentos\Projetos\pdv_medusax8\v1.1\v1.1\Services\NFCeService.cs(11,18): error CS0101: O namespace "PDV_MedusaX8.Services" j├í cont├®m uma defini├º├úo para "NFCeService" [C:\Users\zacho\OneDrive\Downloads\Documentos\Projetos\pdv_medusax8\PDV_MedusaX8_hznqlc22_wpftmp.csproj]
C:\Users\zacho\OneDrive\Downloads\Documentos\Projetos\pdv_medusax8\v1.1\Services\PrintingService.cs(13,25): error CS0101: O namespace "PDV_MedusaX8.Services" j├í cont├®m uma defini├º├úo para "PrintingService" [C:\Users\zacho\OneDrive\Downloads\Documentos\Projetos\pdv_medusax8\PDV_MedusaX8_hznqlc22_wpftmp.csproj]
C:\Users\zacho\OneDrive\Downloads\Documentos\Projetos\pdv_medusax8\v1.1\v1.1\Services\PrintingService.cs(13,25): error CS0101: O namespace "PDV_MedusaX8.Services" j├í cont├®m uma defini├º├úo para "PrintingService" [C:\Users\zacho\OneDrive\Downloads\Documentos\Projetos\pdv_medusax8\PDV_MedusaX8_hznqlc22_wpftmp.csproj]
C:\Users\zacho\OneDrive\Downloads\Documentos\Projetos\pdv_medusax8\v1.1\Services\TEFManager.cs(28,18): error CS0101: O namespace "PDV_MedusaX8.Services" j├í cont├®m uma defini├º├úo para "TEFResult" [C:\Users\zacho\OneDrive\Downloads\Documentos\Projetos\pdv_medusax8\PDV_MedusaX8_hznqlc22_wpftmp.csproj]
C:\Users\zacho\OneDrive\Downloads\Documentos\Projetos\pdv_medusax8\v1.1\v1.1\Services\TEFManager.cs(28,18): error CS0101: O namespace "PDV_MedusaX8.Services" j├í cont├®m uma defini├º├úo para "TEFResult" [C:\Users\zacho\OneDrive\Downloads\Documentos\Projetos\pdv_medusax8\PDV_MedusaX8_hznqlc22_wpftmp.csproj]
C:\Users\zacho\OneDrive\Downloads\Documentos\Projetos\pdv_medusax8\v1.1\Services\TEFManager.cs(36,18): error CS0101: O namespace "PDV_MedusaX8.Services" j├í cont├®m uma defini├º├úo para "TEFManager" [C:\Users\zacho\OneDrive\Downloads\Documentos\Projetos\pdv_medusax8\PDV_MedusaX8_hznqlc22_wpftmp.csproj]
C:\Users\zacho\OneDrive\Downloads\Documentos\Projetos\pdv_medusax8\v1.1\v1.1\Services\TEFManager.cs(36,18): error CS0101: O namespace "PDV_MedusaX8.Services" j├í cont├®m uma defini├º├úo para "TEFManager" [C:\Users\zacho\OneDrive\Downloads\Documentos\Projetos\pdv_medusax8\PDV_MedusaX8_hznqlc22_wpftmp.csproj]
C:\Users\zacho\OneDrive\Downloads\Documentos\Projetos\pdv_medusax8\v1.1\Services\TEFManager.cs(9,17): error CS0101: O namespace "PDV_MedusaX8.Services" j├í cont├®m uma defini├º├úo para "TEFIntegrationType" [C:\Users\zacho\OneDrive\Downloads\Documentos\Projetos\pdv_medusax8\PDV_MedusaX8_hznqlc22_wpftmp.csproj]
C:\Users\zacho\OneDrive\Downloads\Documentos\Projetos\pdv_medusax8\v1.1\v1.1\Services\TEFManager.cs(9,17): error CS0101: O namespace "PDV_MedusaX8.Services" j├í cont├®m uma defini├º├úo para "TEFIntegrationType" [C:\Users\zacho\OneDrive\Downloads\Documentos\Projetos\pdv_medusax8\PDV_MedusaX8_hznqlc22_wpftmp.csproj]
C:\Users\zacho\OneDrive\Downloads\Documentos\Projetos\pdv_medusax8\v1.1\CancelItemWindow.xaml.cs(12,22): error CS0102: O tipo "CancelItemWindow" j├í cont├®m uma defini├º├úo para "CancelOption" [C:\Users\zacho\OneDrive\Downloads\Documentos\Projetos\pdv_medusax8\PDV_MedusaX8_hznqlc22_wpftmp.csproj]
C:\Users\zacho\OneDrive\Downloads\Documentos\Projetos\pdv_medusax8\v1.1\v1.1\CancelItemWindow.xaml.cs(12,22): error CS0102: O tipo "CancelItemWindow" j├í cont├®m uma defini├º├úo para "CancelOption" [C:\Users\zacho\OneDrive\Downloads\Documentos\Projetos\pdv_medusax8\PDV_MedusaX8_hznqlc22_wpftmp.csproj]
C:\Users\zacho\OneDrive\Downloads\Documentos\Projetos\pdv_medusax8\AberturaCaixaWindow.xaml.cs(9,26): error CS8646: 'IComponentConnector.Connect(int, object)' ├® implementado explicitamente mais de uma vez. [C:\Users\zacho\OneDrive\Downloads\Documentos\Projetos\pdv_medusax8\PDV_MedusaX8_hznqlc22_wpftmp.csproj]
C:\Users\zacho\OneDrive\Downloads\Documentos\Projetos\pdv_medusax8\v1.1\AberturaCaixaWindow.xaml.cs(11,16): error CS0111: Tipo "AberturaCaixaWindow" j├í define um membro chamado "AberturaCaixaWindow" com os mesmos tipos de par├ómetro [C:\Users\zacho\OneDrive\Downloads\Documentos\Projetos\pdv_medusax8\PDV_MedusaX8_hznqlc22_wpftmp.csproj]
C:\Users\zacho\OneDrive\Downloads\Documentos\Projetos\pdv_medusax8\v1.1\v1.1\AberturaCaixaWindow.xaml.cs(11,16): error CS0111: Tipo "AberturaCaixaWindow" j├í define um membro chamado "AberturaCaixaWindow" com os mesmos tipos de par├ómetro [C:\Users\zacho\OneDrive\Downloads\Documentos\Projetos\pdv_medusax8\PDV_MedusaX8_hznqlc22_wpftmp.csproj]
C:\Users\zacho\OneDrive\Downloads\Documentos\Projetos\pdv_medusax8\v1.1\AberturaCaixaWindow.xaml.cs(17,24): error CS0111: Tipo "AberturaCaixaWindow" j├í define um membro chamado "GetConnectionString" com os mesmos tipos de par├ómetro [C:\Users\zacho\OneDrive\Downloads\Documentos\Projetos\pdv_medusax8\PDV_MedusaX8_hznqlc22_wpftmp.csproj]
C:\Users\zacho\OneDrive\Downloads\Documentos\Projetos\pdv_medusax8\v1.1\v1.1\AberturaCaixaWindow.xaml.cs(17,24): error CS0111: Tipo "AberturaCaixaWindow" j├í define um membro chamado "GetConnectionString" com os mesmos tipos de par├ómetro [C:\Users\zacho\OneDrive\Downloads\Documentos\Projetos\pdv_medusax8\PDV_MedusaX8_hznqlc22_wpftmp.csproj]
C:\Users\zacho\OneDrive\Downloads\Documentos\Projetos\pdv_medusax8\v1.1\AberturaCaixaWindow.xaml.cs(19,22): error CS0111: Tipo "AberturaCaixaWindow" j├í define um membro chamado "EnsureTables" com os mesmos tipos de par├ómetro [C:\Users\zacho\OneDrive\Downloads\Documentos\Projetos\pdv_medusax8\PDV_MedusaX8_hznqlc22_wpftmp.csproj]
C:\Users\zacho\OneDrive\Downloads\Documentos\Projetos\pdv_medusax8\v1.1\v1.1\AberturaCaixaWindow.xaml.cs(19,22): error CS0111: Tipo "AberturaCaixaWindow" j├í define um membro chamado "EnsureTables" com os mesmos tipos de par├ómetro [C:\Users\zacho\OneDrive\Downloads\Documentos\Projetos\pdv_medusax8\PDV_MedusaX8_hznqlc22_wpftmp.csproj]
C:\Users\zacho\OneDrive\Downloads\Documentos\Projetos\pdv_medusax8\v1.1\AberturaCaixaWindow.xaml.cs(38,22): error CS0111: Tipo "AberturaCaixaWindow" j├í define um membro chamado "BtnSalvar_Click" com os mesmos tipos de par├ómetro [C:\Users\zacho\OneDrive\Downloads\Documentos\Projetos\pdv_medusax8\PDV_MedusaX8_hznqlc22_wpftmp.csproj]
C:\Users\zacho\OneDrive\Downloads\Documentos\Projetos\pdv_medusax8\v1.1\v1.1\AberturaCaixaWindow.xaml.cs(38,22): error CS0111: Tipo "AberturaCaixaWindow" j├í define um membro chamado "BtnSalvar_Click" com os mesmos tipos de par├ómetro [C:\Users\zacho\OneDrive\Downloads\Documentos\Projetos\pdv_medusax8\PDV_MedusaX8_hznqlc22_wpftmp.csproj]
C:\Users\zacho\OneDrive\Downloads\Documentos\Projetos\pdv_medusax8\v1.1\AberturaCaixaWindow.xaml.cs(118,22): error CS0111: Tipo "AberturaCaixaWindow" j├í define um membro chamado "BtnCancelar_Click" com os mesmos tipos de par├ómetro [C:\Users\zacho\OneDrive\Downloads\Documentos\Projetos\pdv_medusax8\PDV_MedusaX8_hznqlc22_wpftmp.csproj]
C:\Users\zacho\OneDrive\Downloads\Documentos\Projetos\pdv_medusax8\v1.1\v1.1\AberturaCaixaWindow.xaml.cs(118,22): error CS0111: Tipo "AberturaCaixaWindow" j├í define um membro chamado "BtnCancelar_Click" com os mesmos tipos de par├ómetro [C:\Users\zacho\OneDrive\Downloads\Documentos\Projetos\pdv_medusax8\PDV_MedusaX8_hznqlc22_wpftmp.csproj]
C:\Users\zacho\OneDrive\Downloads\Documentos\Projetos\pdv_medusax8\v1.1\AberturaCaixaWindow.xaml(24,50): error CS0102: O tipo "AberturaCaixaWindow" j├í cont├®m uma defini├º├úo para "TxtValor" [C:\Users\zacho\OneDrive\Downloads\Documentos\Projetos\pdv_medusax8\PDV_MedusaX8_hznqlc22_wpftmp.csproj]
C:\Users\zacho\OneDrive\Downloads\Documentos\Projetos\pdv_medusax8\v1.1\v1.1\AberturaCaixaWindow.xaml(24,50): error CS0102: O tipo "AberturaCaixaWindow" j├í cont├®m uma defini├º├úo para "TxtValor" [C:\Users\zacho\OneDrive\Downloads\Documentos\Projetos\pdv_medusax8\PDV_MedusaX8_hznqlc22_wpftmp.csproj]
C:\Users\zacho\OneDrive\Downloads\Documentos\Projetos\pdv_medusax8\v1.1\AberturaCaixaWindow.xaml(27,50): error CS0102: O tipo "AberturaCaixaWindow" j├í cont├®m uma defini├º├úo para "TxtMotivo" [C:\Users\zacho\OneDrive\Downloads\Documentos\Projetos\pdv_medusax8\PDV_MedusaX8_hznqlc22_wpftmp.csproj]
C:\Users\zacho\OneDrive\Downloads\Documentos\Projetos\pdv_medusax8\v1.1\v1.1\AberturaCaixaWindow.xaml(27,50): error CS0102: O tipo "AberturaCaixaWindow" j├í cont├®m uma defini├º├úo para "TxtMotivo" [C:\Users\zacho\OneDrive\Downloads\Documentos\Projetos\pdv_medusax8\PDV_MedusaX8_hznqlc22_wpftmp.csproj]
C:\Users\zacho\OneDrive\Downloads\Documentos\Projetos\pdv_medusax8\obj\Release\net10.0-windows\v1.1\AberturaCaixaWindow.g.cs(58,22): error CS0102: O tipo "AberturaCaixaWindow" j├í cont├®m uma defini├º├úo para "_contentLoaded" [C:\Users\zacho\OneDrive\Downloads\Documentos\Projetos\pdv_medusax8\PDV_MedusaX8_hznqlc22_wpftmp.csproj]
C:\Users\zacho\OneDrive\Downloads\Documentos\Projetos\pdv_medusax8\obj\Release\net10.0-windows\v1.1\v1.1\AberturaCaixaWindow.g.cs(58,22): error CS0102: O tipo "AberturaCaixaWindow" j├í cont├®m uma defini├º├úo para "_contentLoaded" [C:\Users\zacho\OneDrive\Downloads\Documentos\Projetos\pdv_medusax8\PDV_MedusaX8_hznqlc22_wpftmp.csproj]
C:\Users\zacho\OneDrive\Downloads\Documentos\Projetos\pdv_medusax8\obj\Release\net10.0-windows\v1.1\AberturaCaixaWindow.g.cs(65,21): error CS0111: Tipo "AberturaCaixaWindow" j├í define um membro chamado "InitializeComponent" com os mesmos tipos de par├ómetro [C:\Users\zacho\OneDrive\Downloads\Documentos\Projetos\pdv_medusax8\PDV_MedusaX8_hznqlc22_wpftmp.csproj]
C:\Users\zacho\OneDrive\Downloads\Documentos\Projetos\pdv_medusax8\obj\Release\net10.0-windows\v1.1\v1.1\AberturaCaixaWindow.g.cs(65,21): error CS0111: Tipo "AberturaCaixaWindow" j├í define um membro chamado "InitializeComponent" com os mesmos tipos de par├ómetro [C:\Users\zacho\OneDrive\Downloads\Documentos\Projetos\pdv_medusax8\PDV_MedusaX8_hznqlc22_wpftmp.csproj]
C:\Users\zacho\OneDrive\Downloads\Documentos\Projetos\pdv_medusax8\obj\Release\net10.0-windows\v1.1\AberturaCaixaWindow.g.cs(85,56): error CS0111: Tipo "AberturaCaixaWindow" j├í define um membro chamado "System.Windows.Markup.IComponentConnector.Connect" com os mesmos tipos de par├ómetro [C:\Users\zacho\OneDrive\Downloads\Documentos\Projetos\pdv_medusax8\PDV_MedusaX8_hznqlc22_wpftmp.csproj]
C:\Users\zacho\OneDrive\Downloads\Documentos\Projetos\pdv_medusax8\obj\Release\net10.0-windows\v1.1\v1.1\AberturaCaixaWindow.g.cs(85,56): error CS0111: Tipo "AberturaCaixaWindow" j├í define um membro chamado "System.Windows.Markup.IComponentConnector.Connect" com os mesmos tipos de par├ómetro [C:\Users\zacho\OneDrive\Downloads\Documentos\Projetos\pdv_medusax8\PDV_MedusaX8_hznqlc22_wpftmp.csproj]
C:\Users\zacho\OneDrive\Downloads\Documentos\Projetos\pdv_medusax8\v1.1\Models\CartItem.cs(4,18): error CS0101: O namespace "PDV_MedusaX8.Models" j├í cont├®m uma defini├º├úo para "CartItem" [C:\Users\zacho\OneDrive\Downloads\Documentos\Projetos\pdv_medusax8\PDV_MedusaX8_hznqlc22_wpftmp.csproj]
C:\Users\zacho\OneDrive\Downloads\Documentos\Projetos\pdv_medusax8\v1.1\v1.1\Models\CartItem.cs(4,18): error CS0101: O namespace "PDV_MedusaX8.Models" j├í cont├®m uma defini├º├úo para "CartItem" [C:\Users\zacho\OneDrive\Downloads\Documentos\Projetos\pdv_medusax8\PDV_MedusaX8_hznqlc22_wpftmp.csproj]
C:\Users\zacho\OneDrive\Downloads\Documentos\Projetos\pdv_medusax8\v1.1\Models\ChequeInfo.cs(5,18): error CS0101: O namespace "PDV_MedusaX8.Models" j├í cont├®m uma defini├º├úo para "ChequeInfo" [C:\Users\zacho\OneDrive\Downloads\Documentos\Projetos\pdv_medusax8\PDV_MedusaX8_hznqlc22_wpftmp.csproj]
C:\Users\zacho\OneDrive\Downloads\Documentos\Projetos\pdv_medusax8\v1.1\v1.1\Models\ChequeInfo.cs(5,18): error CS0101: O namespace "PDV_MedusaX8.Models" j├í cont├®m uma defini├º├úo para "ChequeInfo" [C:\Users\zacho\OneDrive\Downloads\Documentos\Projetos\pdv_medusax8\PDV_MedusaX8_hznqlc22_wpftmp.csproj]
C:\Users\zacho\OneDrive\Downloads\Documentos\Projetos\pdv_medusax8\v1.1\Models\PaymentMethod.cs(3,18): error CS0101: O namespace "PDV_MedusaX8.Models" j├í cont├®m uma defini├º├úo para "PaymentMethod" [C:\Users\zacho\OneDrive\Downloads\Documentos\Projetos\pdv_medusax8\PDV_MedusaX8_hznqlc22_wpftmp.csproj]
C:\Users\zacho\OneDrive\Downloads\Documentos\Projetos\pdv_medusax8\v1.1\v1.1\Models\PaymentMethod.cs(3,18): error CS0101: O namespace "PDV_MedusaX8.Models" j├í cont├®m uma defini├º├úo para "PaymentMethod" [C:\Users\zacho\OneDrive\Downloads\Documentos\Projetos\pdv_medusax8\PDV_MedusaX8_hznqlc22_wpftmp.csproj]
C:\Users\zacho\OneDrive\Downloads\Documentos\Projetos\pdv_medusax8\v1.1\Services\TEF\CapptaProvider.cs(6,18): error CS0101: O namespace "PDV_MedusaX8.Services.TEF" j├í cont├®m uma defini├º├úo para "CapptaProvider" [C:\Users\zacho\OneDrive\Downloads\Documentos\Projetos\pdv_medusax8\PDV_MedusaX8_hznqlc22_wpftmp.csproj]
C:\Users\zacho\OneDrive\Downloads\Documentos\Projetos\pdv_medusax8\v1.1\v1.1\Services\TEF\CapptaProvider.cs(6,18): error CS0101: O namespace "PDV_MedusaX8.Services.TEF" j├í cont├®m uma defini├º├úo para "CapptaProvider" [C:\Users\zacho\OneDrive\Downloads\Documentos\Projetos\pdv_medusax8\PDV_MedusaX8_hznqlc22_wpftmp.csproj]
C:\Users\zacho\OneDrive\Downloads\Documentos\Projetos\pdv_medusax8\v1.1\Services\TEF\ITEFProvider.cs(5,22): error CS0101: O namespace "PDV_MedusaX8.Services.TEF" j├í cont├®m uma defini├º├úo para "ITEFProvider" [C:\Users\zacho\OneDrive\Downloads\Documentos\Projetos\pdv_medusax8\PDV_MedusaX8_hznqlc22_wpftmp.csproj]
C:\Users\zacho\OneDrive\Downloads\Documentos\Projetos\pdv_medusax8\v1.1\v1.1\Services\TEF\ITEFProvider.cs(5,22): error CS0101: O namespace "PDV_MedusaX8.Services.TEF" j├í cont├®m uma defini├º├úo para "ITEFProvider" [C:\Users\zacho\OneDrive\Downloads\Documentos\Projetos\pdv_medusax8\PDV_MedusaX8_hznqlc22_wpftmp.csproj]
C:\Users\zacho\OneDrive\Downloads\Documentos\Projetos\pdv_medusax8\v1.1\Services\TEF\PayGoProvider.cs(6,18): error CS0101: O namespace "PDV_MedusaX8.Services.TEF" j├í cont├®m uma defini├º├úo para "PayGoProvider" [C:\Users\zacho\OneDrive\Downloads\Documentos\Projetos\pdv_medusax8\PDV_MedusaX8_hznqlc22_wpftmp.csproj]
C:\Users\zacho\OneDrive\Downloads\Documentos\Projetos\pdv_medusax8\v1.1\v1.1\Services\TEF\PayGoProvider.cs(6,18): error CS0101: O namespace "PDV_MedusaX8.Services.TEF" j├í cont├®m uma defini├º├úo para "PayGoProvider" [C:\Users\zacho\OneDrive\Downloads\Documentos\Projetos\pdv_medusax8\PDV_MedusaX8_hznqlc22_wpftmp.csproj]
C:\Users\zacho\OneDrive\Downloads\Documentos\Projetos\pdv_medusax8\v1.1\Services\TEF\SitefProvider.cs(9,18): error CS0101: O namespace "PDV_MedusaX8.Services.TEF" j├í cont├®m uma defini├º├úo para "SitefProvider" [C:\Users\zacho\OneDrive\Downloads\Documentos\Projetos\pdv_medusax8\PDV_MedusaX8_hznqlc22_wpftmp.csproj]
C:\Users\zacho\OneDrive\Downloads\Documentos\Projetos\pdv_medusax8\v1.1\v1.1\Services\TEF\SitefProvider.cs(9,18): error CS0101: O namespace "PDV_MedusaX8.Services.TEF" j├í cont├®m uma defini├º├úo para "SitefProvider" [C:\Users\zacho\OneDrive\Downloads\Documentos\Projetos\pdv_medusax8\PDV_MedusaX8_hznqlc22_wpftmp.csproj]
C:\Users\zacho\OneDrive\Downloads\Documentos\Projetos\pdv_medusax8\CancelItemWindow.xaml.cs(10,26): error CS8646: 'IComponentConnector.Connect(int, object)' ├® implementado explicitamente mais de uma vez. [C:\Users\zacho\OneDrive\Downloads\Documentos\Projetos\pdv_medusax8\PDV_MedusaX8_hznqlc22_wpftmp.csproj]
C:\Users\zacho\OneDrive\Downloads\Documentos\Projetos\pdv_medusax8\ClienteWindow.xaml.cs(11,26): error CS8646: 'IComponentConnector.Connect(int, object)' ├® implementado explicitamente mais de uma vez. [C:\Users\zacho\OneDrive\Downloads\Documentos\Projetos\pdv_medusax8\PDV_MedusaX8_hznqlc22_wpftmp.csproj]
C:\Users\zacho\OneDrive\Downloads\Documentos\Projetos\pdv_medusax8\v1.1\ConsumidorWindow.xaml.cs(17,23): error CS0102: O tipo "ConsumidorWindow" j├í cont├®m uma defini├º├úo para "ClienteResultado" [C:\Users\zacho\OneDrive\Downloads\Documentos\Projetos\pdv_medusax8\PDV_MedusaX8_hznqlc22_wpftmp.csproj]
C:\Users\zacho\OneDrive\Downloads\Documentos\Projetos\pdv_medusax8\v1.1\v1.1\ConsumidorWindow.xaml.cs(17,23): error CS0102: O tipo "ConsumidorWindow" j├í cont├®m uma defini├º├úo para "ClienteResultado" [C:\Users\zacho\OneDrive\Downloads\Documentos\Projetos\pdv_medusax8\PDV_MedusaX8_hznqlc22_wpftmp.csproj]
C:\Users\zacho\OneDrive\Downloads\Documentos\Projetos\pdv_medusax8\AlterarPrecoWindow.xaml.cs(9,26): error CS8646: 'IComponentConnector.Connect(int, object)' ├® implementado explicitamente mais de uma vez. [C:\Users\zacho\OneDrive\Downloads\Documentos\Projetos\pdv_medusax8\PDV_MedusaX8_hznqlc22_wpftmp.csproj]
C:\Users\zacho\OneDrive\Downloads\Documentos\Projetos\pdv_medusax8\v1.1\AlterarPrecoWindow.xaml.cs(11,24): error CS0102: O tipo "AlterarPrecoWindow" j├í cont├®m uma defini├º├úo para "NovoPreco" [C:\Users\zacho\OneDrive\Downloads\Documentos\Projetos\pdv_medusax8\PDV_MedusaX8_hznqlc22_wpftmp.csproj]
C:\Users\zacho\OneDrive\Downloads\Documentos\Projetos\pdv_medusax8\v1.1\v1.1\AlterarPrecoWindow.xaml.cs(11,24): error CS0102: O tipo "AlterarPrecoWindow" j├í cont├®m uma defini├º├úo para "NovoPreco" [C:\Users\zacho\OneDrive\Downloads\Documentos\Projetos\pdv_medusax8\PDV_MedusaX8_hznqlc22_wpftmp.csproj]
C:\Users\zacho\OneDrive\Downloads\Documentos\Projetos\pdv_medusax8\v1.1\AlterarPrecoWindow.xaml.cs(12,23): error CS0102: O tipo "AlterarPrecoWindow" j├í cont├®m uma defini├º├úo para "CodigoInformado" [C:\Users\zacho\OneDrive\Downloads\Documentos\Projetos\pdv_medusax8\PDV_MedusaX8_hznqlc22_wpftmp.csproj]
C:\Users\zacho\OneDrive\Downloads\Documentos\Projetos\pdv_medusax8\v1.1\v1.1\AlterarPrecoWindow.xaml.cs(12,23): error CS0102: O tipo "AlterarPrecoWindow" j├í cont├®m uma defini├º├úo para "CodigoInformado" [C:\Users\zacho\OneDrive\Downloads\Documentos\Projetos\pdv_medusax8\PDV_MedusaX8_hznqlc22_wpftmp.csproj]
C:\Users\zacho\OneDrive\Downloads\Documentos\Projetos\pdv_medusax8\v1.1\AlterarPrecoWindow.xaml.cs(14,16): error CS0111: Tipo "AlterarPrecoWindow" j├í define um membro chamado "AlterarPrecoWindow" com os mesmos tipos de par├ómetro [C:\Users\zacho\OneDrive\Downloads\Documentos\Projetos\pdv_medusax8\PDV_MedusaX8_hznqlc22_wpftmp.csproj]
C:\Users\zacho\OneDrive\Downloads\Documentos\Projetos\pdv_medusax8\v1.1\AlterarPrecoWindow.xaml.cs(22,16): error CS0111: Tipo "AlterarPrecoWindow" j├í define um membro chamado "AlterarPrecoWindow" com os mesmos tipos de par├ómetro [C:\Users\zacho\OneDrive\Downloads\Documentos\Projetos\pdv_medusax8\PDV_MedusaX8_hznqlc22_wpftmp.csproj]
C:\Users\zacho\OneDrive\Downloads\Documentos\Projetos\pdv_medusax8\v1.1\v1.1\AlterarPrecoWindow.xaml.cs(14,16): error CS0111: Tipo "AlterarPrecoWindow" j├í define um membro chamado "AlterarPrecoWindow" com os mesmos tipos de par├ómetro [C:\Users\zacho\OneDrive\Downloads\Documentos\Projetos\pdv_medusax8\PDV_MedusaX8_hznqlc22_wpftmp.csproj]
C:\Users\zacho\OneDrive\Downloads\Documentos\Projetos\pdv_medusax8\v1.1\v1.1\AlterarPrecoWindow.xaml.cs(22,16): error CS0111: Tipo "AlterarPrecoWindow" j├í define um membro chamado "AlterarPrecoWindow" com os mesmos tipos de par├ómetro [C:\Users\zacho\OneDrive\Downloads\Documentos\Projetos\pdv_medusax8\PDV_MedusaX8_hznqlc22_wpftmp.csproj]
C:\Users\zacho\OneDrive\Downloads\Documentos\Projetos\pdv_medusax8\v1.1\AlterarPrecoWindow.xaml.cs(33,22): error CS0111: Tipo "AlterarPrecoWindow" j├í define um membro chamado "NumericOnly_PreviewTextInput" com os mesmos tipos de par├ómetro [C:\Users\zacho\OneDrive\Downloads\Documentos\Projetos\pdv_medusax8\PDV_MedusaX8_hznqlc22_wpftmp.csproj]
C:\Users\zacho\OneDrive\Downloads\Documentos\Projetos\pdv_medusax8\v1.1\v1.1\AlterarPrecoWindow.xaml.cs(33,22): error CS0111: Tipo "AlterarPrecoWindow" j├í define um membro chamado "NumericOnly_PreviewTextInput" com os mesmos tipos de par├ómetro [C:\Users\zacho\OneDrive\Downloads\Documentos\Projetos\pdv_medusax8\PDV_MedusaX8_hznqlc22_wpftmp.csproj]
C:\Users\zacho\OneDrive\Downloads\Documentos\Projetos\pdv_medusax8\v1.1\AlterarPrecoWindow.xaml.cs(38,22): error CS0111: Tipo "AlterarPrecoWindow" j├í define um membro chamado "BtnSalvar_Click" com os mesmos tipos de par├ómetro [C:\Users\zacho\OneDrive\Downloads\Documentos\Projetos\pdv_medusax8\PDV_MedusaX8_hznqlc22_wpftmp.csproj]
C:\Users\zacho\OneDrive\Downloads\Documentos\Projetos\pdv_medusax8\v1.1\v1.1\AlterarPrecoWindow.xaml.cs(38,22): error CS0111: Tipo "AlterarPrecoWindow" j├í define um membro chamado "BtnSalvar_Click" com os mesmos tipos de par├ómetro [C:\Users\zacho\OneDrive\Downloads\Documentos\Projetos\pdv_medusax8\PDV_MedusaX8_hznqlc22_wpftmp.csproj]
C:\Users\zacho\OneDrive\Downloads\Documentos\Projetos\pdv_medusax8\v1.1\AlterarPrecoWindow.xaml(15,50): error CS0102: O tipo "AlterarPrecoWindow" j├í cont├®m uma defini├º├úo para "TxtCodigoInput" [C:\Users\zacho\OneDrive\Downloads\Documentos\Projetos\pdv_medusax8\PDV_MedusaX8_hznqlc22_wpftmp.csproj]
C:\Users\zacho\OneDrive\Downloads\Documentos\Projetos\pdv_medusax8\v1.1\v1.1\AlterarPrecoWindow.xaml(15,50): error CS0102: O tipo "AlterarPrecoWindow" j├í cont├®m uma defini├º├úo para "TxtCodigoInput" [C:\Users\zacho\OneDrive\Downloads\Documentos\Projetos\pdv_medusax8\PDV_MedusaX8_hznqlc22_wpftmp.csproj]
C:\Users\zacho\OneDrive\Downloads\Documentos\Projetos\pdv_medusax8\v1.1\AlterarPrecoWindow.xaml(17,52): error CS0102: O tipo "AlterarPrecoWindow" j├í cont├®m uma defini├º├úo para "TxtDescricao" [C:\Users\zacho\OneDrive\Downloads\Documentos\Projetos\pdv_medusax8\PDV_MedusaX8_hznqlc22_wpftmp.csproj]
C:\Users\zacho\OneDrive\Downloads\Documentos\Projetos\pdv_medusax8\v1.1\v1.1\AlterarPrecoWindow.xaml(17,52): error CS0102: O tipo "AlterarPrecoWindow" j├í cont├®m uma defini├º├úo para "TxtDescricao" [C:\Users\zacho\OneDrive\Downloads\Documentos\Projetos\pdv_medusax8\PDV_MedusaX8_hznqlc22_wpftmp.csproj]
C:\Users\zacho\OneDrive\Downloads\Documentos\Projetos\pdv_medusax8\v1.1\AlterarPrecoWindow.xaml(20,50): error CS0102: O tipo "AlterarPrecoWindow" j├í cont├®m uma defini├º├úo para "TxtPreco" [C:\Users\zacho\OneDrive\Downloads\Documentos\Projetos\pdv_medusax8\PDV_MedusaX8_hznqlc22_wpftmp.csproj]
C:\Users\zacho\OneDrive\Downloads\Documentos\Projetos\pdv_medusax8\v1.1\v1.1\AlterarPrecoWindow.xaml(20,50): error CS0102: O tipo "AlterarPrecoWindow" j├í cont├®m uma defini├º├úo para "TxtPreco" [C:\Users\zacho\OneDrive\Downloads\Documentos\Projetos\pdv_medusax8\PDV_MedusaX8_hznqlc22_wpftmp.csproj]
C:\Users\zacho\OneDrive\Downloads\Documentos\Projetos\pdv_medusax8\obj\Release\net10.0-windows\v1.1\AlterarPrecoWindow.g.cs(66,22): error CS0102: O tipo "AlterarPrecoWindow" j├í cont├®m uma defini├º├úo para "_contentLoaded" [C:\Users\zacho\OneDrive\Downloads\Documentos\Projetos\pdv_medusax8\PDV_MedusaX8_hznqlc22_wpftmp.csproj]
C:\Users\zacho\OneDrive\Downloads\Documentos\Projetos\pdv_medusax8\obj\Release\net10.0-windows\v1.1\v1.1\AlterarPrecoWindow.g.cs(66,22): error CS0102: O tipo "AlterarPrecoWindow" j├í cont├®m uma defini├º├úo para "_contentLoaded" [C:\Users\zacho\OneDrive\Downloads\Documentos\Projetos\pdv_medusax8\PDV_MedusaX8_hznqlc22_wpftmp.csproj]
C:\Users\zacho\OneDrive\Downloads\Documentos\Projetos\pdv_medusax8\obj\Release\net10.0-windows\v1.1\AlterarPrecoWindow.g.cs(73,21): error CS0111: Tipo "AlterarPrecoWindow" j├í define um membro chamado "InitializeComponent" com os mesmos tipos de par├ómetro [C:\Users\zacho\OneDrive\Downloads\Documentos\Projetos\pdv_medusax8\PDV_MedusaX8_hznqlc22_wpftmp.csproj]
C:\Users\zacho\OneDrive\Downloads\Documentos\Projetos\pdv_medusax8\obj\Release\net10.0-windows\v1.1\v1.1\AlterarPrecoWindow.g.cs(73,21): error CS0111: Tipo "AlterarPrecoWindow" j├í define um membro chamado "InitializeComponent" com os mesmos tipos de par├ómetro [C:\Users\zacho\OneDrive\Downloads\Documentos\Projetos\pdv_medusax8\PDV_MedusaX8_hznqlc22_wpftmp.csproj]
C:\Users\zacho\OneDrive\Downloads\Documentos\Projetos\pdv_medusax8\obj\Release\net10.0-windows\v1.1\AlterarPrecoWindow.g.cs(93,56): error CS0111: Tipo "AlterarPrecoWindow" j├í define um membro chamado "System.Windows.Markup.IComponentConnector.Connect" com os mesmos tipos de par├ómetro [C:\Users\zacho\OneDrive\Downloads\Documentos\Projetos\pdv_medusax8\PDV_MedusaX8_hznqlc22_wpftmp.csproj]
C:\Users\zacho\OneDrive\Downloads\Documentos\Projetos\pdv_medusax8\obj\Release\net10.0-windows\v1.1\v1.1\AlterarPrecoWindow.g.cs(93,56): error CS0111: Tipo "AlterarPrecoWindow" j├í define um membro chamado "System.Windows.Markup.IComponentConnector.Connect" com os mesmos tipos de par├ómetro [C:\Users\zacho\OneDrive\Downloads\Documentos\Projetos\pdv_medusax8\PDV_MedusaX8_hznqlc22_wpftmp.csproj]
C:\Users\zacho\OneDrive\Downloads\Documentos\Projetos\pdv_medusax8\v1.1\CancelItemWindow.xaml.cs(22,35): error CS0102: O tipo "CancelItemWindow" j├í cont├®m uma defini├º├úo para "Options" [C:\Users\zacho\OneDrive\Downloads\Documentos\Projetos\pdv_medusax8\PDV_MedusaX8_hznqlc22_wpftmp.csproj]
C:\Users\zacho\OneDrive\Downloads\Documentos\Projetos\pdv_medusax8\v1.1\v1.1\CancelItemWindow.xaml.cs(22,35): error CS0102: O tipo "CancelItemWindow" j├í cont├®m uma defini├º├úo para "Options" [C:\Users\zacho\OneDrive\Downloads\Documentos\Projetos\pdv_medusax8\PDV_MedusaX8_hznqlc22_wpftmp.csproj]
C:\Users\zacho\OneDrive\Downloads\Documentos\Projetos\pdv_medusax8\v1.1\CancelItemWindow.xaml.cs(23,87): error CS0102: O tipo "CancelItemWindow" j├í cont├®m uma defini├º├úo para "Result" [C:\Users\zacho\OneDrive\Downloads\Documentos\Projetos\pdv_medusax8\PDV_MedusaX8_hznqlc22_wpftmp.csproj]
C:\Users\zacho\OneDrive\Downloads\Documentos\Projetos\pdv_medusax8\v1.1\v1.1\CancelItemWindow.xaml.cs(23,87): error CS0102: O tipo "CancelItemWindow" j├í cont├®m uma defini├º├úo para "Result" [C:\Users\zacho\OneDrive\Downloads\Documentos\Projetos\pdv_medusax8\PDV_MedusaX8_hznqlc22_wpftmp.csproj]
C:\Users\zacho\OneDrive\Downloads\Documentos\Projetos\pdv_medusax8\v1.1\CancelItemWindow.xaml.cs(25,16): error CS0111: Tipo "CancelItemWindow" j├í define um membro chamado "CancelItemWindow" com os mesmos tipos de par├ómetro [C:\Users\zacho\OneDrive\Downloads\Documentos\Projetos\pdv_medusax8\PDV_MedusaX8_hznqlc22_wpftmp.csproj]
C:\Users\zacho\OneDrive\Downloads\Documentos\Projetos\pdv_medusax8\v1.1\v1.1\CancelItemWindow.xaml.cs(25,16): error CS0111: Tipo "CancelItemWindow" j├í define um membro chamado "CancelItemWindow" com os mesmos tipos de par├ómetro [C:\Users\zacho\OneDrive\Downloads\Documentos\Projetos\pdv_medusax8\PDV_MedusaX8_hznqlc22_wpftmp.csproj]
C:\Users\zacho\OneDrive\Downloads\Documentos\Projetos\pdv_medusax8\v1.1\CancelItemWindow.xaml.cs(41,22): error CS0111: Tipo "CancelItemWindow" j├í define um membro chamado "DgvCancel_SelectionChanged" com os mesmos tipos de par├ómetro [C:\Users\zacho\OneDrive\Downloads\Documentos\Projetos\pdv_medusax8\PDV_MedusaX8_hznqlc22_wpftmp.csproj]
C:\Users\zacho\OneDrive\Downloads\Documentos\Projetos\pdv_medusax8\v1.1\v1.1\CancelItemWindow.xaml.cs(41,22): error CS0111: Tipo "CancelItemWindow" j├í define um membro chamado "DgvCancel_SelectionChanged" com os mesmos tipos de par├ómetro [C:\Users\zacho\OneDrive\Downloads\Documentos\Projetos\pdv_medusax8\PDV_MedusaX8_hznqlc22_wpftmp.csproj]
C:\Users\zacho\OneDrive\Downloads\Documentos\Projetos\pdv_medusax8\v1.1\CancelItemWindow.xaml.cs(61,22): error CS0111: Tipo "CancelItemWindow" j├í define um membro chamado "DgvCancel_MouseDoubleClick" com os mesmos tipos de par├ómetro [C:\Users\zacho\OneDrive\Downloads\Documentos\Projetos\pdv_medusax8\PDV_MedusaX8_hznqlc22_wpftmp.csproj]
C:\Users\zacho\OneDrive\Downloads\Documentos\Projetos\pdv_medusax8\v1.1\v1.1\CancelItemWindow.xaml.cs(61,22): error CS0111: Tipo "CancelItemWindow" j├í define um membro chamado "DgvCancel_MouseDoubleClick" com os mesmos tipos de par├ómetro [C:\Users\zacho\OneDrive\Downloads\Documentos\Projetos\pdv_medusax8\PDV_MedusaX8_hznqlc22_wpftmp.csproj]
C:\Users\zacho\OneDrive\Downloads\Documentos\Projetos\pdv_medusax8\v1.1\CancelItemWindow.xaml.cs(86,22): error CS0111: Tipo "CancelItemWindow" j├í define um membro chamado "BtnConfirm_Click" com os mesmos tipos de par├ómetro [C:\Users\zacho\OneDrive\Downloads\Documentos\Projetos\pdv_medusax8\PDV_MedusaX8_hznqlc22_wpftmp.csproj]
C:\Users\zacho\OneDrive\Downloads\Documentos\Projetos\pdv_medusax8\v1.1\v1.1\CancelItemWindow.xaml.cs(86,22): error CS0111: Tipo "CancelItemWindow" j├í define um membro chamado "BtnConfirm_Click" com os mesmos tipos de par├ómetro [C:\Users\zacho\OneDrive\Downloads\Documentos\Projetos\pdv_medusax8\PDV_MedusaX8_hznqlc22_wpftmp.csproj]
C:\Users\zacho\OneDrive\Downloads\Documentos\Projetos\pdv_medusax8\v1.1\CancelItemWindow.xaml.cs(120,22): error CS0111: Tipo "CancelItemWindow" j├í define um membro chamado "BtnClose_Click" com os mesmos tipos de par├ómetro [C:\Users\zacho\OneDrive\Downloads\Documentos\Projetos\pdv_medusax8\PDV_MedusaX8_hznqlc22_wpftmp.csproj]
C:\Users\zacho\OneDrive\Downloads\Documentos\Projetos\pdv_medusax8\v1.1\v1.1\CancelItemWindow.xaml.cs(120,22): error CS0111: Tipo "CancelItemWindow" j├í define um membro chamado "BtnClose_Click" com os mesmos tipos de par├ómetro [C:\Users\zacho\OneDrive\Downloads\Documentos\Projetos\pdv_medusax8\PDV_MedusaX8_hznqlc22_wpftmp.csproj]
C:\Users\zacho\OneDrive\Downloads\Documentos\Projetos\pdv_medusax8\v1.1\CancelItemWindow.xaml(8,51): error CS0102: O tipo "CancelItemWindow" j├í cont├®m uma defini├º├úo para "DgvCancel" [C:\Users\zacho\OneDrive\Downloads\Documentos\Projetos\pdv_medusax8\PDV_MedusaX8_hznqlc22_wpftmp.csproj]
C:\Users\zacho\OneDrive\Downloads\Documentos\Projetos\pdv_medusax8\v1.1\v1.1\CancelItemWindow.xaml(8,51): error CS0102: O tipo "CancelItemWindow" j├í cont├®m uma defini├º├úo para "DgvCancel" [C:\Users\zacho\OneDrive\Downloads\Documentos\Projetos\pdv_medusax8\PDV_MedusaX8_hznqlc22_wpftmp.csproj]
C:\Users\zacho\OneDrive\Downloads\Documentos\Projetos\pdv_medusax8\v1.1\CancelItemWindow.xaml(25,49): error CS0102: O tipo "CancelItemWindow" j├í cont├®m uma defini├º├úo para "BtnConfirm" [C:\Users\zacho\OneDrive\Downloads\Documentos\Projetos\pdv_medusax8\PDV_MedusaX8_hznqlc22_wpftmp.csproj]
C:\Users\zacho\OneDrive\Downloads\Documentos\Projetos\pdv_medusax8\v1.1\v1.1\CancelItemWindow.xaml(25,49): error CS0102: O tipo "CancelItemWindow" j├í cont├®m uma defini├º├úo para "BtnConfirm" [C:\Users\zacho\OneDrive\Downloads\Documentos\Projetos\pdv_medusax8\PDV_MedusaX8_hznqlc22_wpftmp.csproj]
C:\Users\zacho\OneDrive\Downloads\Documentos\Projetos\pdv_medusax8\v1.1\CancelItemWindow.xaml(26,49): error CS0102: O tipo "CancelItemWindow" j├í cont├®m uma defini├º├úo para "BtnClose" [C:\Users\zacho\OneDrive\Downloads\Documentos\Projetos\pdv_medusax8\PDV_MedusaX8_hznqlc22_wpftmp.csproj]
C:\Users\zacho\OneDrive\Downloads\Documentos\Projetos\pdv_medusax8\v1.1\v1.1\CancelItemWindow.xaml(26,49): error CS0102: O tipo "CancelItemWindow" j├í cont├®m uma defini├º├úo para "BtnClose" [C:\Users\zacho\OneDrive\Downloads\Documentos\Projetos\pdv_medusax8\PDV_MedusaX8_hznqlc22_wpftmp.csproj]
C:\Users\zacho\OneDrive\Downloads\Documentos\Projetos\pdv_medusax8\obj\Release\net10.0-windows\v1.1\CancelItemWindow.g.cs(66,22): error CS0102: O tipo "CancelItemWindow" j├í cont├®m uma defini├º├úo para "_contentLoaded" [C:\Users\zacho\OneDrive\Downloads\Documentos\Projetos\pdv_medusax8\PDV_MedusaX8_hznqlc22_wpftmp.csproj]
C:\Users\zacho\OneDrive\Downloads\Documentos\Projetos\pdv_medusax8\obj\Release\net10.0-windows\v1.1\v1.1\CancelItemWindow.g.cs(66,22): error CS0102: O tipo "CancelItemWindow" j├í cont├®m uma defini├º├úo para "_contentLoaded" [C:\Users\zacho\OneDrive\Downloads\Documentos\Projetos\pdv_medusax8\PDV_MedusaX8_hznqlc22_wpftmp.csproj]
C:\Users\zacho\OneDrive\Downloads\Documentos\Projetos\pdv_medusax8\obj\Release\net10.0-windows\v1.1\CancelItemWindow.g.cs(73,21): error CS0111: Tipo "CancelItemWindow" j├í define um membro chamado "InitializeComponent" com os mesmos tipos de par├ómetro [C:\Users\zacho\OneDrive\Downloads\Documentos\Projetos\pdv_medusax8\PDV_MedusaX8_hznqlc22_wpftmp.csproj]
C:\Users\zacho\OneDrive\Downloads\Documentos\Projetos\pdv_medusax8\obj\Release\net10.0-windows\v1.1\v1.1\CancelItemWindow.g.cs(73,21): error CS0111: Tipo "CancelItemWindow" j├í define um membro chamado "InitializeComponent" com os mesmos tipos de par├ómetro [C:\Users\zacho\OneDrive\Downloads\Documentos\Projetos\pdv_medusax8\PDV_MedusaX8_hznqlc22_wpftmp.csproj]
C:\Users\zacho\OneDrive\Downloads\Documentos\Projetos\pdv_medusax8\obj\Release\net10.0-windows\v1.1\CancelItemWindow.g.cs(93,56): error CS0111: Tipo "CancelItemWindow" j├í define um membro chamado "System.Windows.Markup.IComponentConnector.Connect" com os mesmos tipos de par├ómetro [C:\Users\zacho\OneDrive\Downloads\Documentos\Projetos\pdv_medusax8\PDV_MedusaX8_hznqlc22_wpftmp.csproj]
C:\Users\zacho\OneDrive\Downloads\Documentos\Projetos\pdv_medusax8\obj\Release\net10.0-windows\v1.1\v1.1\CancelItemWindow.g.cs(93,56): error CS0111: Tipo "CancelItemWindow" j├í define um membro chamado "System.Windows.Markup.IComponentConnector.Connect" com os mesmos tipos de par├ómetro [C:\Users\zacho\OneDrive\Downloads\Documentos\Projetos\pdv_medusax8\PDV_MedusaX8_hznqlc22_wpftmp.csproj]
C:\Users\zacho\OneDrive\Downloads\Documentos\Projetos\pdv_medusax8\ItemDiscountWindow.xaml.cs(10,26): error CS8646: 'IComponentConnector.Connect(int, object)' ├® implementado explicitamente mais de uma vez. [C:\Users\zacho\OneDrive\Downloads\Documentos\Projetos\pdv_medusax8\PDV_MedusaX8_hznqlc22_wpftmp.csproj]
C:\Users\zacho\OneDrive\Downloads\Documentos\Projetos\pdv_medusax8\v1.1\ClienteWindow.xaml.cs(13,51): error CS0102: O tipo "ClienteWindow" j├í cont├®m uma defini├º├úo para "Addresses" [C:\Users\zacho\OneDrive\Downloads\Documentos\Projetos\pdv_medusax8\PDV_MedusaX8_hznqlc22_wpftmp.csproj]
C:\Users\zacho\OneDrive\Downloads\Documentos\Projetos\pdv_medusax8\v1.1\v1.1\ClienteWindow.xaml.cs(13,51): error CS0102: O tipo "ClienteWindow" j├í cont├®m uma defini├º├úo para "Addresses" [C:\Users\zacho\OneDrive\Downloads\Documentos\Projetos\pdv_medusax8\PDV_MedusaX8_hznqlc22_wpftmp.csproj]
C:\Users\zacho\OneDrive\Downloads\Documentos\Projetos\pdv_medusax8\v1.1\ClienteWindow.xaml.cs(15,22): error CS0102: O tipo "ClienteWindow" j├í cont├®m uma defini├º├úo para "_formattingCpfCnpj" [C:\Users\zacho\OneDrive\Downloads\Documentos\Projetos\pdv_medusax8\PDV_MedusaX8_hznqlc22_wpftmp.csproj]
C:\Users\zacho\OneDrive\Downloads\Documentos\Projetos\pdv_medusax8\v1.1\v1.1\ClienteWindow.xaml.cs(15,22): error CS0102: O tipo "ClienteWindow" j├í cont├®m uma defini├º├úo para "_formattingCpfCnpj" [C:\Users\zacho\OneDrive\Downloads\Documentos\Projetos\pdv_medusax8\PDV_MedusaX8_hznqlc22_wpftmp.csproj]
C:\Users\zacho\OneDrive\Downloads\Documentos\Projetos\pdv_medusax8\v1.1\ClienteWindow.xaml.cs(17,16): error CS0111: Tipo "ClienteWindow" j├í define um membro chamado "ClienteWindow" com os mesmos tipos de par├ómetro [C:\Users\zacho\OneDrive\Downloads\Documentos\Projetos\pdv_medusax8\PDV_MedusaX8_hznqlc22_wpftmp.csproj]
C:\Users\zacho\OneDrive\Downloads\Documentos\Projetos\pdv_medusax8\v1.1\v1.1\ClienteWindow.xaml.cs(17,16): error CS0111: Tipo "ClienteWindow" j├í define um membro chamado "ClienteWindow" com os mesmos tipos de par├ómetro [C:\Users\zacho\OneDrive\Downloads\Documentos\Projetos\pdv_medusax8\PDV_MedusaX8_hznqlc22_wpftmp.csproj]
C:\Users\zacho\OneDrive\Downloads\Documentos\Projetos\pdv_medusax8\v1.1\ClienteWindow.xaml.cs(23,22): error CS0111: Tipo "ClienteWindow" j├í define um membro chamado "AddAddress_Click" com os mesmos tipos de par├ómetro [C:\Users\zacho\OneDrive\Downloads\Documentos\Projetos\pdv_medusax8\PDV_MedusaX8_hznqlc22_wpftmp.csproj]
C:\Users\zacho\OneDrive\Downloads\Documentos\Projetos\pdv_medusax8\v1.1\v1.1\ClienteWindow.xaml.cs(23,22): error CS0111: Tipo "ClienteWindow" j├í define um membro chamado "AddAddress_Click" com os mesmos tipos de par├ómetro [C:\Users\zacho\OneDrive\Downloads\Documentos\Projetos\pdv_medusax8\PDV_MedusaX8_hznqlc22_wpftmp.csproj]
C:\Users\zacho\OneDrive\Downloads\Documentos\Projetos\pdv_medusax8\v1.1\ClienteWindow.xaml.cs(33,22): error CS0111: Tipo "ClienteWindow" j├í define um membro chamado "RemoveSelecionado_Click" com os mesmos tipos de par├ómetro [C:\Users\zacho\OneDrive\Downloads\Documentos\Projetos\pdv_medusax8\PDV_MedusaX8_hznqlc22_wpftmp.csproj]
C:\Users\zacho\OneDrive\Downloads\Documentos\Projetos\pdv_medusax8\v1.1\v1.1\ClienteWindow.xaml.cs(33,22): error CS0111: Tipo "ClienteWindow" j├í define um membro chamado "RemoveSelecionado_Click" com os mesmos tipos de par├ómetro [C:\Users\zacho\OneDrive\Downloads\Documentos\Projetos\pdv_medusax8\PDV_MedusaX8_hznqlc22_wpftmp.csproj]
C:\Users\zacho\OneDrive\Downloads\Documentos\Projetos\pdv_medusax8\v1.1\ClienteWindow.xaml.cs(41,22): error CS0111: Tipo "ClienteWindow" j├í define um membro chamado "Cancel_Click" com os mesmos tipos de par├ómetro [C:\Users\zacho\OneDrive\Downloads\Documentos\Projetos\pdv_medusax8\PDV_MedusaX8_hznqlc22_wpftmp.csproj]
C:\Users\zacho\OneDrive\Downloads\Documentos\Projetos\pdv_medusax8\v1.1\v1.1\ClienteWindow.xaml.cs(41,22): error CS0111: Tipo "ClienteWindow" j├í define um membro chamado "Cancel_Click" com os mesmos tipos de par├ómetro [C:\Users\zacho\OneDrive\Downloads\Documentos\Projetos\pdv_medusax8\PDV_MedusaX8_hznqlc22_wpftmp.csproj]
C:\Users\zacho\OneDrive\Downloads\Documentos\Projetos\pdv_medusax8\v1.1\ClienteWindow.xaml.cs(47,22): error CS0111: Tipo "ClienteWindow" j├í define um membro chamado "TxtCpfCnpj_LostFocus" com os mesmos tipos de par├ómetro [C:\Users\zacho\OneDrive\Downloads\Documentos\Projetos\pdv_medusax8\PDV_MedusaX8_hznqlc22_wpftmp.csproj]
C:\Users\zacho\OneDrive\Downloads\Documentos\Projetos\pdv_medusax8\v1.1\v1.1\ClienteWindow.xaml.cs(47,22): error CS0111: Tipo "ClienteWindow" j├í define um membro chamado "TxtCpfCnpj_LostFocus" com os mesmos tipos de par├ómetro [C:\Users\zacho\OneDrive\Downloads\Documentos\Projetos\pdv_medusax8\PDV_MedusaX8_hznqlc22_wpftmp.csproj]
C:\Users\zacho\OneDrive\Downloads\Documentos\Projetos\pdv_medusax8\v1.1\ClienteWindow.xaml.cs(73,22): error CS0111: Tipo "ClienteWindow" j├í define um membro chamado "TxtCpfCnpj_PreviewTextInput" com os mesmos tipos de par├ómetro [C:\Users\zacho\OneDrive\Downloads\Documentos\Projetos\pdv_medusax8\PDV_MedusaX8_hznqlc22_wpftmp.csproj]
C:\Users\zacho\OneDrive\Downloads\Documentos\Projetos\pdv_medusax8\v1.1\v1.1\ClienteWindow.xaml.cs(73,22): error CS0111: Tipo "ClienteWindow" j├í define um membro chamado "TxtCpfCnpj_PreviewTextInput" com os mesmos tipos de par├ómetro [C:\Users\zacho\OneDrive\Downloads\Documentos\Projetos\pdv_medusax8\PDV_MedusaX8_hznqlc22_wpftmp.csproj]
C:\Users\zacho\OneDrive\Downloads\Documentos\Projetos\pdv_medusax8\v1.1\ClienteWindow.xaml.cs(78,22): error CS0111: Tipo "ClienteWindow" j├í define um membro chamado "TxtCpfCnpj_TextChanged" com os mesmos tipos de par├ómetro [C:\Users\zacho\OneDrive\Downloads\Documentos\Projetos\pdv_medusax8\PDV_MedusaX8_hznqlc22_wpftmp.csproj]
C:\Users\zacho\OneDrive\Downloads\Documentos\Projetos\pdv_medusax8\v1.1\v1.1\ClienteWindow.xaml.cs(78,22): error CS0111: Tipo "ClienteWindow" j├í define um membro chamado "TxtCpfCnpj_TextChanged" com os mesmos tipos de par├ómetro [C:\Users\zacho\OneDrive\Downloads\Documentos\Projetos\pdv_medusax8\PDV_MedusaX8_hznqlc22_wpftmp.csproj]
C:\Users\zacho\OneDrive\Downloads\Documentos\Projetos\pdv_medusax8\v1.1\ClienteWindow.xaml.cs(101,22): error CS0111: Tipo "ClienteWindow" j├í define um membro chamado "OnCpfCnpjPasting" com os mesmos tipos de par├ómetro [C:\Users\zacho\OneDrive\Downloads\Documentos\Projetos\pdv_medusax8\PDV_MedusaX8_hznqlc22_wpftmp.csproj]
C:\Users\zacho\OneDrive\Downloads\Documentos\Projetos\pdv_medusax8\v1.1\v1.1\ClienteWindow.xaml.cs(101,22): error CS0111: Tipo "ClienteWindow" j├í define um membro chamado "OnCpfCnpjPasting" com os mesmos tipos de par├ómetro [C:\Users\zacho\OneDrive\Downloads\Documentos\Projetos\pdv_medusax8\PDV_MedusaX8_hznqlc22_wpftmp.csproj]
C:\Users\zacho\OneDrive\Downloads\Documentos\Projetos\pdv_medusax8\v1.1\ClienteWindow.xaml.cs(113,24): error CS0111: Tipo "ClienteWindow" j├í define um membro chamado "FormatCpf" com os mesmos tipos de par├ómetro [C:\Users\zacho\OneDrive\Downloads\Documentos\Projetos\pdv_medusax8\PDV_MedusaX8_hznqlc22_wpftmp.csproj]
C:\Users\zacho\OneDrive\Downloads\Documentos\Projetos\pdv_medusax8\v1.1\v1.1\ClienteWindow.xaml.cs(113,24): error CS0111: Tipo "ClienteWindow" j├í define um membro chamado "FormatCpf" com os mesmos tipos de par├ómetro [C:\Users\zacho\OneDrive\Downloads\Documentos\Projetos\pdv_medusax8\PDV_MedusaX8_hznqlc22_wpftmp.csproj]
C:\Users\zacho\OneDrive\Downloads\Documentos\Projetos\pdv_medusax8\v1.1\ClienteWindow.xaml.cs(124,24): error CS0111: Tipo "ClienteWindow" j├í define um membro chamado "FormatCnpj" com os mesmos tipos de par├ómetro [C:\Users\zacho\OneDrive\Downloads\Documentos\Projetos\pdv_medusax8\PDV_MedusaX8_hznqlc22_wpftmp.csproj]
C:\Users\zacho\OneDrive\Downloads\Documentos\Projetos\pdv_medusax8\v1.1\v1.1\ClienteWindow.xaml.cs(124,24): error CS0111: Tipo "ClienteWindow" j├í define um membro chamado "FormatCnpj" com os mesmos tipos de par├ómetro [C:\Users\zacho\OneDrive\Downloads\Documentos\Projetos\pdv_medusax8\PDV_MedusaX8_hznqlc22_wpftmp.csproj]
C:\Users\zacho\OneDrive\Downloads\Documentos\Projetos\pdv_medusax8\v1.1\ClienteWindow.xaml.cs(136,22): error CS0111: Tipo "ClienteWindow" j├í define um membro chamado "BuscarCidade_Click" com os mesmos tipos de par├ómetro [C:\Users\zacho\OneDrive\Downloads\Documentos\Projetos\pdv_medusax8\PDV_MedusaX8_hznqlc22_wpftmp.csproj]
C:\Users\zacho\OneDrive\Downloads\Documentos\Projetos\pdv_medusax8\v1.1\v1.1\ClienteWindow.xaml.cs(136,22): error CS0111: Tipo "ClienteWindow" j├í define um membro chamado "BuscarCidade_Click" com os mesmos tipos de par├ómetro [C:\Users\zacho\OneDrive\Downloads\Documentos\Projetos\pdv_medusax8\PDV_MedusaX8_hznqlc22_wpftmp.csproj]
C:\Users\zacho\OneDrive\Downloads\Documentos\Projetos\pdv_medusax8\v1.1\ClienteWindow.xaml.cs(147,22): error CS0111: Tipo "ClienteWindow" j├í define um membro chamado "Save_Click" com os mesmos tipos de par├ómetro [C:\Users\zacho\OneDrive\Downloads\Documentos\Projetos\pdv_medusax8\PDV_MedusaX8_hznqlc22_wpftmp.csproj]
C:\Users\zacho\OneDrive\Downloads\Documentos\Projetos\pdv_medusax8\v1.1\v1.1\ClienteWindow.xaml.cs(147,22): error CS0111: Tipo "ClienteWindow" j├í define um membro chamado "Save_Click" com os mesmos tipos de par├ómetro [C:\Users\zacho\OneDrive\Downloads\Documentos\Projetos\pdv_medusax8\PDV_MedusaX8_hznqlc22_wpftmp.csproj]
C:\Users\zacho\OneDrive\Downloads\Documentos\Projetos\pdv_medusax8\v1.1\ClienteWindow.xaml.cs(279,22): error CS0111: Tipo "ClienteWindow" j├í define um membro chamado "CepMatchesUf" com os mesmos tipos de par├ómetro [C:\Users\zacho\OneDrive\Downloads\Documentos\Projetos\pdv_medusax8\PDV_MedusaX8_hznqlc22_wpftmp.csproj]
C:\Users\zacho\OneDrive\Downloads\Documentos\Projetos\pdv_medusax8\v1.1\v1.1\ClienteWindow.xaml.cs(279,22): error CS0111: Tipo "ClienteWindow" j├í define um membro chamado "CepMatchesUf" com os mesmos tipos de par├ómetro [C:\Users\zacho\OneDrive\Downloads\Documentos\Projetos\pdv_medusax8\PDV_MedusaX8_hznqlc22_wpftmp.csproj]
C:\Users\zacho\OneDrive\Downloads\Documentos\Projetos\pdv_medusax8\v1.1\ClienteWindow.xaml.cs(317,22): error CS0111: Tipo "ClienteWindow" j├í define um membro chamado "ValidateCpf" com os mesmos tipos de par├ómetro [C:\Users\zacho\OneDrive\Downloads\Documentos\Projetos\pdv_medusax8\PDV_MedusaX8_hznqlc22_wpftmp.csproj]
C:\Users\zacho\OneDrive\Downloads\Documentos\Projetos\pdv_medusax8\v1.1\v1.1\ClienteWindow.xaml.cs(317,22): error CS0111: Tipo "ClienteWindow" j├í define um membro chamado "ValidateCpf" com os mesmos tipos de par├ómetro [C:\Users\zacho\OneDrive\Downloads\Documentos\Projetos\pdv_medusax8\PDV_MedusaX8_hznqlc22_wpftmp.csproj]
C:\Users\zacho\OneDrive\Downloads\Documentos\Projetos\pdv_medusax8\v1.1\ClienteWindow.xaml.cs(332,22): error CS0111: Tipo "ClienteWindow" j├í define um membro chamado "ValidateCnpj" com os mesmos tipos de par├ómetro [C:\Users\zacho\OneDrive\Downloads\Documentos\Projetos\pdv_medusax8\PDV_MedusaX8_hznqlc22_wpftmp.csproj]
C:\Users\zacho\OneDrive\Downloads\Documentos\Projetos\pdv_medusax8\v1.1\v1.1\ClienteWindow.xaml.cs(332,22): error CS0111: Tipo "ClienteWindow" j├í define um membro chamado "ValidateCnpj" com os mesmos tipos de par├ómetro [C:\Users\zacho\OneDrive\Downloads\Documentos\Projetos\pdv_medusax8\PDV_MedusaX8_hznqlc22_wpftmp.csproj]
C:\Users\zacho\OneDrive\Downloads\Documentos\Projetos\pdv_medusax8\v1.1\ClienteWindow.xaml.cs(345,24): error CS0111: Tipo "ClienteWindow" j├í define um membro chamado "GetConnectionString" com os mesmos tipos de par├ómetro [C:\Users\zacho\OneDrive\Downloads\Documentos\Projetos\pdv_medusax8\PDV_MedusaX8_hznqlc22_wpftmp.csproj]
C:\Users\zacho\OneDrive\Downloads\Documentos\Projetos\pdv_medusax8\v1.1\v1.1\ClienteWindow.xaml.cs(345,24): error CS0111: Tipo "ClienteWindow" j├í define um membro chamado "GetConnectionString" com os mesmos tipos de par├ómetro [C:\Users\zacho\OneDrive\Downloads\Documentos\Projetos\pdv_medusax8\PDV_MedusaX8_hznqlc22_wpftmp.csproj]
C:\Users\zacho\OneDrive\Downloads\Documentos\Projetos\pdv_medusax8\v1.1\ClienteWindow.xaml(35,50): error CS0102: O tipo "ClienteWindow" j├í cont├®m uma defini├º├úo para "TxtNome" [C:\Users\zacho\OneDrive\Downloads\Documentos\Projetos\pdv_medusax8\PDV_MedusaX8_hznqlc22_wpftmp.csproj]
C:\Users\zacho\OneDrive\Downloads\Documentos\Projetos\pdv_medusax8\v1.1\v1.1\ClienteWindow.xaml(35,50): error CS0102: O tipo "ClienteWindow" j├í cont├®m uma defini├º├úo para "TxtNome" [C:\Users\zacho\OneDrive\Downloads\Documentos\Projetos\pdv_medusax8\PDV_MedusaX8_hznqlc22_wpftmp.csproj]
C:\Users\zacho\OneDrive\Downloads\Documentos\Projetos\pdv_medusax8\v1.1\ClienteWindow.xaml(38,50): error CS0102: O tipo "ClienteWindow" j├í cont├®m uma defini├º├úo para "TxtNomeFantasia" [C:\Users\zacho\OneDrive\Downloads\Documentos\Projetos\pdv_medusax8\PDV_MedusaX8_hznqlc22_wpftmp.csproj]
C:\Users\zacho\OneDrive\Downloads\Documentos\Projetos\pdv_medusax8\v1.1\v1.1\ClienteWindow.xaml(38,50): error CS0102: O tipo "ClienteWindow" j├í cont├®m uma defini├º├úo para "TxtNomeFantasia" [C:\Users\zacho\OneDrive\Downloads\Documentos\Projetos\pdv_medusax8\PDV_MedusaX8_hznqlc22_wpftmp.csproj]
C:\Users\zacho\OneDrive\Downloads\Documentos\Projetos\pdv_medusax8\v1.1\ClienteWindow.xaml(42,50): error CS0102: O tipo "ClienteWindow" j├í cont├®m uma defini├º├úo para "TxtCpfCnpj" [C:\Users\zacho\OneDrive\Downloads\Documentos\Projetos\pdv_medusax8\PDV_MedusaX8_hznqlc22_wpftmp.csproj]
C:\Users\zacho\OneDrive\Downloads\Documentos\Projetos\pdv_medusax8\v1.1\v1.1\ClienteWindow.xaml(42,50): error CS0102: O tipo "ClienteWindow" j├í cont├®m uma defini├º├úo para "TxtCpfCnpj" [C:\Users\zacho\OneDrive\Downloads\Documentos\Projetos\pdv_medusax8\PDV_MedusaX8_hznqlc22_wpftmp.csproj]
C:\Users\zacho\OneDrive\Downloads\Documentos\Projetos\pdv_medusax8\v1.1\ClienteWindow.xaml(43,52): error CS0102: O tipo "ClienteWindow" j├í cont├®m uma defini├º├úo para "LblTipoDoc" [C:\Users\zacho\OneDrive\Downloads\Documentos\Projetos\pdv_medusax8\PDV_MedusaX8_hznqlc22_wpftmp.csproj]
C:\Users\zacho\OneDrive\Downloads\Documentos\Projetos\pdv_medusax8\v1.1\v1.1\ClienteWindow.xaml(43,52): error CS0102: O tipo "ClienteWindow" j├í cont├®m uma defini├º├úo para "LblTipoDoc" [C:\Users\zacho\OneDrive\Downloads\Documentos\Projetos\pdv_medusax8\PDV_MedusaX8_hznqlc22_wpftmp.csproj]
C:\Users\zacho\OneDrive\Downloads\Documentos\Projetos\pdv_medusax8\v1.1\ClienteWindow.xaml(47,50): error CS0102: O tipo "ClienteWindow" j├í cont├®m uma defini├º├úo para "TxtIE" [C:\Users\zacho\OneDrive\Downloads\Documentos\Projetos\pdv_medusax8\PDV_MedusaX8_hznqlc22_wpftmp.csproj]
C:\Users\zacho\OneDrive\Downloads\Documentos\Projetos\pdv_medusax8\v1.1\v1.1\ClienteWindow.xaml(47,50): error CS0102: O tipo "ClienteWindow" j├í cont├®m uma defini├º├úo para "TxtIE" [C:\Users\zacho\OneDrive\Downloads\Documentos\Projetos\pdv_medusax8\PDV_MedusaX8_hznqlc22_wpftmp.csproj]
C:\Users\zacho\OneDrive\Downloads\Documentos\Projetos\pdv_medusax8\v1.1\ClienteWindow.xaml(49,51): error CS0102: O tipo "ClienteWindow" j├í cont├®m uma defini├º├úo para "ChkIsentoIE" [C:\Users\zacho\OneDrive\Downloads\Documentos\Projetos\pdv_medusax8\PDV_MedusaX8_hznqlc22_wpftmp.csproj]
C:\Users\zacho\OneDrive\Downloads\Documentos\Projetos\pdv_medusax8\v1.1\v1.1\ClienteWindow.xaml(49,51): error CS0102: O tipo "ClienteWindow" j├í cont├®m uma defini├º├úo para "ChkIsentoIE" [C:\Users\zacho\OneDrive\Downloads\Documentos\Projetos\pdv_medusax8\PDV_MedusaX8_hznqlc22_wpftmp.csproj]
C:\Users\zacho\OneDrive\Downloads\Documentos\Projetos\pdv_medusax8\v1.1\ClienteWindow.xaml(52,53): error CS0102: O tipo "ClienteWindow" j├í cont├®m uma defini├º├úo para "DtNascimento" [C:\Users\zacho\OneDrive\Downloads\Documentos\Projetos\pdv_medusax8\PDV_MedusaX8_hznqlc22_wpftmp.csproj]
C:\Users\zacho\OneDrive\Downloads\Documentos\Projetos\pdv_medusax8\v1.1\v1.1\ClienteWindow.xaml(52,53): error CS0102: O tipo "ClienteWindow" j├í cont├®m uma defini├º├úo para "DtNascimento" [C:\Users\zacho\OneDrive\Downloads\Documentos\Projetos\pdv_medusax8\PDV_MedusaX8_hznqlc22_wpftmp.csproj]
C:\Users\zacho\OneDrive\Downloads\Documentos\Projetos\pdv_medusax8\v1.1\ClienteWindow.xaml(55,50): error CS0102: O tipo "ClienteWindow" j├í cont├®m uma defini├º├úo para "TxtTelefone" [C:\Users\zacho\OneDrive\Downloads\Documentos\Projetos\pdv_medusax8\PDV_MedusaX8_hznqlc22_wpftmp.csproj]
C:\Users\zacho\OneDrive\Downloads\Documentos\Projetos\pdv_medusax8\v1.1\v1.1\ClienteWindow.xaml(55,50): error CS0102: O tipo "ClienteWindow" j├í cont├®m uma defini├º├úo para "TxtTelefone" [C:\Users\zacho\OneDrive\Downloads\Documentos\Projetos\pdv_medusax8\PDV_MedusaX8_hznqlc22_wpftmp.csproj]
C:\Users\zacho\OneDrive\Downloads\Documentos\Projetos\pdv_medusax8\v1.1\ClienteWindow.xaml(58,50): error CS0102: O tipo "ClienteWindow" j├í cont├®m uma defini├º├úo para "TxtEmail" [C:\Users\zacho\OneDrive\Downloads\Documentos\Projetos\pdv_medusax8\PDV_MedusaX8_hznqlc22_wpftmp.csproj]
C:\Users\zacho\OneDrive\Downloads\Documentos\Projetos\pdv_medusax8\v1.1\v1.1\ClienteWindow.xaml(58,50): error CS0102: O tipo "ClienteWindow" j├í cont├®m uma defini├º├úo para "TxtEmail" [C:\Users\zacho\OneDrive\Downloads\Documentos\Projetos\pdv_medusax8\PDV_MedusaX8_hznqlc22_wpftmp.csproj]
C:\Users\zacho\OneDrive\Downloads\Documentos\Projetos\pdv_medusax8\v1.1\ClienteWindow.xaml(61,50): error CS0102: O tipo "ClienteWindow" j├í cont├®m uma defini├º├úo para "TxtLimiteCredito" [C:\Users\zacho\OneDrive\Downloads\Documentos\Projetos\pdv_medusax8\PDV_MedusaX8_hznqlc22_wpftmp.csproj]
C:\Users\zacho\OneDrive\Downloads\Documentos\Projetos\pdv_medusax8\v1.1\v1.1\ClienteWindow.xaml(61,50): error CS0102: O tipo "ClienteWindow" j├í cont├®m uma defini├º├úo para "TxtLimiteCredito" [C:\Users\zacho\OneDrive\Downloads\Documentos\Projetos\pdv_medusax8\PDV_MedusaX8_hznqlc22_wpftmp.csproj]
C:\Users\zacho\OneDrive\Downloads\Documentos\Projetos\pdv_medusax8\v1.1\ClienteWindow.xaml(64,50): error CS0102: O tipo "ClienteWindow" j├í cont├®m uma defini├º├úo para "TxtRua" [C:\Users\zacho\OneDrive\Downloads\Documentos\Projetos\pdv_medusax8\PDV_MedusaX8_hznqlc22_wpftmp.csproj]
C:\Users\zacho\OneDrive\Downloads\Documentos\Projetos\pdv_medusax8\v1.1\v1.1\ClienteWindow.xaml(64,50): error CS0102: O tipo "ClienteWindow" j├í cont├®m uma defini├º├úo para "TxtRua" [C:\Users\zacho\OneDrive\Downloads\Documentos\Projetos\pdv_medusax8\PDV_MedusaX8_hznqlc22_wpftmp.csproj]
C:\Users\zacho\OneDrive\Downloads\Documentos\Projetos\pdv_medusax8\v1.1\ClienteWindow.xaml(67,50): error CS0102: O tipo "ClienteWindow" j├í cont├®m uma defini├º├úo para "TxtNumero" [C:\Users\zacho\OneDrive\Downloads\Documentos\Projetos\pdv_medusax8\PDV_MedusaX8_hznqlc22_wpftmp.csproj]
C:\Users\zacho\OneDrive\Downloads\Documentos\Projetos\pdv_medusax8\v1.1\v1.1\ClienteWindow.xaml(67,50): error CS0102: O tipo "ClienteWindow" j├í cont├®m uma defini├º├úo para "TxtNumero" [C:\Users\zacho\OneDrive\Downloads\Documentos\Projetos\pdv_medusax8\PDV_MedusaX8_hznqlc22_wpftmp.csproj]
C:\Users\zacho\OneDrive\Downloads\Documentos\Projetos\pdv_medusax8\v1.1\ClienteWindow.xaml(70,50): error CS0102: O tipo "ClienteWindow" j├í cont├®m uma defini├º├úo para "TxtComplemento" [C:\Users\zacho\OneDrive\Downloads\Documentos\Projetos\pdv_medusax8\PDV_MedusaX8_hznqlc22_wpftmp.csproj]
C:\Users\zacho\OneDrive\Downloads\Documentos\Projetos\pdv_medusax8\v1.1\v1.1\ClienteWindow.xaml(70,50): error CS0102: O tipo "ClienteWindow" j├í cont├®m uma defini├º├úo para "TxtComplemento" [C:\Users\zacho\OneDrive\Downloads\Documentos\Projetos\pdv_medusax8\PDV_MedusaX8_hznqlc22_wpftmp.csproj]
C:\Users\zacho\OneDrive\Downloads\Documentos\Projetos\pdv_medusax8\v1.1\ClienteWindow.xaml(73,50): error CS0102: O tipo "ClienteWindow" j├í cont├®m uma defini├º├úo para "TxtBairro" [C:\Users\zacho\OneDrive\Downloads\Documentos\Projetos\pdv_medusax8\PDV_MedusaX8_hznqlc22_wpftmp.csproj]
C:\Users\zacho\OneDrive\Downloads\Documentos\Projetos\pdv_medusax8\v1.1\v1.1\ClienteWindow.xaml(73,50): error CS0102: O tipo "ClienteWindow" j├í cont├®m uma defini├º├úo para "TxtBairro" [C:\Users\zacho\OneDrive\Downloads\Documentos\Projetos\pdv_medusax8\PDV_MedusaX8_hznqlc22_wpftmp.csproj]
C:\Users\zacho\OneDrive\Downloads\Documentos\Projetos\pdv_medusax8\v1.1\ClienteWindow.xaml(77,50): error CS0102: O tipo "ClienteWindow" j├í cont├®m uma defini├º├úo para "TxtCidade" [C:\Users\zacho\OneDrive\Downloads\Documentos\Projetos\pdv_medusax8\PDV_MedusaX8_hznqlc22_wpftmp.csproj]
C:\Users\zacho\OneDrive\Downloads\Documentos\Projetos\pdv_medusax8\v1.1\v1.1\ClienteWindow.xaml(77,50): error CS0102: O tipo "ClienteWindow" j├í cont├®m uma defini├º├úo para "TxtCidade" [C:\Users\zacho\OneDrive\Downloads\Documentos\Projetos\pdv_medusax8\PDV_MedusaX8_hznqlc22_wpftmp.csproj]
C:\Users\zacho\OneDrive\Downloads\Documentos\Projetos\pdv_medusax8\v1.1\ClienteWindow.xaml(82,50): error CS0102: O tipo "ClienteWindow" j├í cont├®m uma defini├º├úo para "TxtEstado" [C:\Users\zacho\OneDrive\Downloads\Documentos\Projetos\pdv_medusax8\PDV_MedusaX8_hznqlc22_wpftmp.csproj]
C:\Users\zacho\OneDrive\Downloads\Documentos\Projetos\pdv_medusax8\v1.1\v1.1\ClienteWindow.xaml(82,50): error CS0102: O tipo "ClienteWindow" j├í cont├®m uma defini├º├úo para "TxtEstado" [C:\Users\zacho\OneDrive\Downloads\Documentos\Projetos\pdv_medusax8\PDV_MedusaX8_hznqlc22_wpftmp.csproj]
C:\Users\zacho\OneDrive\Downloads\Documentos\Projetos\pdv_medusax8\v1.1\ClienteWindow.xaml(85,50): error CS0102: O tipo "ClienteWindow" j├í cont├®m uma defini├º├úo para "TxtCep" [C:\Users\zacho\OneDrive\Downloads\Documentos\Projetos\pdv_medusax8\PDV_MedusaX8_hznqlc22_wpftmp.csproj]
C:\Users\zacho\OneDrive\Downloads\Documentos\Projetos\pdv_medusax8\v1.1\v1.1\ClienteWindow.xaml(85,50): error CS0102: O tipo "ClienteWindow" j├í cont├®m uma defini├º├úo para "TxtCep" [C:\Users\zacho\OneDrive\Downloads\Documentos\Projetos\pdv_medusax8\PDV_MedusaX8_hznqlc22_wpftmp.csproj]
C:\Users\zacho\OneDrive\Downloads\Documentos\Projetos\pdv_medusax8\v1.1\ClienteWindow.xaml(95,51): error CS0102: O tipo "ClienteWindow" j├í cont├®m uma defini├º├úo para "GridEnderecos" [C:\Users\zacho\OneDrive\Downloads\Documentos\Projetos\pdv_medusax8\PDV_MedusaX8_hznqlc22_wpftmp.csproj]
C:\Users\zacho\OneDrive\Downloads\Documentos\Projetos\pdv_medusax8\v1.1\v1.1\ClienteWindow.xaml(95,51): error CS0102: O tipo "ClienteWindow" j├í cont├®m uma defini├º├úo para "GridEnderecos" [C:\Users\zacho\OneDrive\Downloads\Documentos\Projetos\pdv_medusax8\PDV_MedusaX8_hznqlc22_wpftmp.csproj]
C:\Users\zacho\OneDrive\Downloads\Documentos\Projetos\pdv_medusax8\obj\Release\net10.0-windows\v1.1\ClienteWindow.g.cs(186,22): error CS0102: O tipo "ClienteWindow" j├í cont├®m uma defini├º├úo para "_contentLoaded" [C:\Users\zacho\OneDrive\Downloads\Documentos\Projetos\pdv_medusax8\PDV_MedusaX8_hznqlc22_wpftmp.csproj]
C:\Users\zacho\OneDrive\Downloads\Documentos\Projetos\pdv_medusax8\obj\Release\net10.0-windows\v1.1\v1.1\ClienteWindow.g.cs(186,22): error CS0102: O tipo "ClienteWindow" j├í cont├®m uma defini├º├úo para "_contentLoaded" [C:\Users\zacho\OneDrive\Downloads\Documentos\Projetos\pdv_medusax8\PDV_MedusaX8_hznqlc22_wpftmp.csproj]
C:\Users\zacho\OneDrive\Downloads\Documentos\Projetos\pdv_medusax8\obj\Release\net10.0-windows\v1.1\ClienteWindow.g.cs(193,21): error CS0111: Tipo "ClienteWindow" j├í define um membro chamado "InitializeComponent" com os mesmos tipos de par├ómetro [C:\Users\zacho\OneDrive\Downloads\Documentos\Projetos\pdv_medusax8\PDV_MedusaX8_hznqlc22_wpftmp.csproj]
C:\Users\zacho\OneDrive\Downloads\Documentos\Projetos\pdv_medusax8\obj\Release\net10.0-windows\v1.1\v1.1\ClienteWindow.g.cs(193,21): error CS0111: Tipo "ClienteWindow" j├í define um membro chamado "InitializeComponent" com os mesmos tipos de par├ómetro [C:\Users\zacho\OneDrive\Downloads\Documentos\Projetos\pdv_medusax8\PDV_MedusaX8_hznqlc22_wpftmp.csproj]
C:\Users\zacho\OneDrive\Downloads\Documentos\Projetos\pdv_medusax8\obj\Release\net10.0-windows\v1.1\ClienteWindow.g.cs(213,56): error CS0111: Tipo "ClienteWindow" j├í define um membro chamado "System.Windows.Markup.IComponentConnector.Connect" com os mesmos tipos de par├ómetro [C:\Users\zacho\OneDrive\Downloads\Documentos\Projetos\pdv_medusax8\PDV_MedusaX8_hznqlc22_wpftmp.csproj]
C:\Users\zacho\OneDrive\Downloads\Documentos\Projetos\pdv_medusax8\obj\Release\net10.0-windows\v1.1\v1.1\ClienteWindow.g.cs(213,56): error CS0111: Tipo "ClienteWindow" j├í define um membro chamado "System.Windows.Markup.IComponentConnector.Connect" com os mesmos tipos de par├ómetro [C:\Users\zacho\OneDrive\Downloads\Documentos\Projetos\pdv_medusax8\PDV_MedusaX8_hznqlc22_wpftmp.csproj]
C:\Users\zacho\OneDrive\Downloads\Documentos\Projetos\pdv_medusax8\App.xaml.cs(10,26): error CS8646: 'IComponentConnector.Connect(int, object)' ├® implementado explicitamente mais de uma vez. [C:\Users\zacho\OneDrive\Downloads\Documentos\Projetos\pdv_medusax8\PDV_MedusaX8_hznqlc22_wpftmp.csproj]
C:\Users\zacho\OneDrive\Downloads\Documentos\Projetos\pdv_medusax8\v1.1\App.xaml.cs(12,33): error CS0111: Tipo "App" j├í define um membro chamado "OnStartup" com os mesmos tipos de par├ómetro [C:\Users\zacho\OneDrive\Downloads\Documentos\Projetos\pdv_medusax8\PDV_MedusaX8_hznqlc22_wpftmp.csproj]
C:\Users\zacho\OneDrive\Downloads\Documentos\Projetos\pdv_medusax8\v1.1\v1.1\App.xaml.cs(12,33): error CS0111: Tipo "App" j├í define um membro chamado "OnStartup" com os mesmos tipos de par├ómetro [C:\Users\zacho\OneDrive\Downloads\Documentos\Projetos\pdv_medusax8\PDV_MedusaX8_hznqlc22_wpftmp.csproj]
C:\Users\zacho\OneDrive\Downloads\Documentos\Projetos\pdv_medusax8\v1.1\App.xaml.cs(27,30): error CS0102: O tipo "App" j├í cont├®m uma defini├º├úo para "LogFile" [C:\Users\zacho\OneDrive\Downloads\Documentos\Projetos\pdv_medusax8\PDV_MedusaX8_hznqlc22_wpftmp.csproj]
C:\Users\zacho\OneDrive\Downloads\Documentos\Projetos\pdv_medusax8\v1.1\v1.1\App.xaml.cs(27,30): error CS0102: O tipo "App" j├í cont├®m uma defini├º├úo para "LogFile" [C:\Users\zacho\OneDrive\Downloads\Documentos\Projetos\pdv_medusax8\PDV_MedusaX8_hznqlc22_wpftmp.csproj]
C:\Users\zacho\OneDrive\Downloads\Documentos\Projetos\pdv_medusax8\v1.1\App.xaml.cs(29,28): error CS0111: Tipo "App" j├í define um membro chamado "Log" com os mesmos tipos de par├ómetro [C:\Users\zacho\OneDrive\Downloads\Documentos\Projetos\pdv_medusax8\PDV_MedusaX8_hznqlc22_wpftmp.csproj]
C:\Users\zacho\OneDrive\Downloads\Documentos\Projetos\pdv_medusax8\v1.1\v1.1\App.xaml.cs(29,28): error CS0111: Tipo "App" j├í define um membro chamado "Log" com os mesmos tipos de par├ómetro [C:\Users\zacho\OneDrive\Downloads\Documentos\Projetos\pdv_medusax8\PDV_MedusaX8_hznqlc22_wpftmp.csproj]
C:\Users\zacho\OneDrive\Downloads\Documentos\Projetos\pdv_medusax8\v1.1\App.xaml.cs(43,22): error CS0111: Tipo "App" j├í define um membro chamado "App_DispatcherUnhandledException" com os mesmos tipos de par├ómetro [C:\Users\zacho\OneDrive\Downloads\Documentos\Projetos\pdv_medusax8\PDV_MedusaX8_hznqlc22_wpftmp.csproj]
C:\Users\zacho\OneDrive\Downloads\Documentos\Projetos\pdv_medusax8\v1.1\v1.1\App.xaml.cs(43,22): error CS0111: Tipo "App" j├í define um membro chamado "App_DispatcherUnhandledException" com os mesmos tipos de par├ómetro [C:\Users\zacho\OneDrive\Downloads\Documentos\Projetos\pdv_medusax8\PDV_MedusaX8_hznqlc22_wpftmp.csproj]
C:\Users\zacho\OneDrive\Downloads\Documentos\Projetos\pdv_medusax8\v1.1\App.xaml.cs(55,22): error CS0111: Tipo "App" j├í define um membro chamado "CurrentDomain_UnhandledException" com os mesmos tipos de par├ómetro [C:\Users\zacho\OneDrive\Downloads\Documentos\Projetos\pdv_medusax8\PDV_MedusaX8_hznqlc22_wpftmp.csproj]
C:\Users\zacho\OneDrive\Downloads\Documentos\Projetos\pdv_medusax8\v1.1\v1.1\App.xaml.cs(55,22): error CS0111: Tipo "App" j├í define um membro chamado "CurrentDomain_UnhandledException" com os mesmos tipos de par├ómetro [C:\Users\zacho\OneDrive\Downloads\Documentos\Projetos\pdv_medusax8\PDV_MedusaX8_hznqlc22_wpftmp.csproj]
C:\Users\zacho\OneDrive\Downloads\Documentos\Projetos\pdv_medusax8\v1.1\App.xaml.cs(66,22): error CS0111: Tipo "App" j├í define um membro chamado "TaskScheduler_UnobservedTaskException" com os mesmos tipos de par├ómetro [C:\Users\zacho\OneDrive\Downloads\Documentos\Projetos\pdv_medusax8\PDV_MedusaX8_hznqlc22_wpftmp.csproj]
C:\Users\zacho\OneDrive\Downloads\Documentos\Projetos\pdv_medusax8\v1.1\v1.1\App.xaml.cs(66,22): error CS0111: Tipo "App" j├í define um membro chamado "TaskScheduler_UnobservedTaskException" com os mesmos tipos de par├ómetro [C:\Users\zacho\OneDrive\Downloads\Documentos\Projetos\pdv_medusax8\PDV_MedusaX8_hznqlc22_wpftmp.csproj]
C:\Users\zacho\OneDrive\Downloads\Documentos\Projetos\pdv_medusax8\obj\Release\net10.0-windows\v1.1\v1.1\App.g.cs(42,22): error CS0102: O tipo "App" j├í cont├®m uma defini├º├úo para "_contentLoaded" [C:\Users\zacho\OneDrive\Downloads\Documentos\Projetos\pdv_medusax8\PDV_MedusaX8_hznqlc22_wpftmp.csproj]
C:\Users\zacho\OneDrive\Downloads\Documentos\Projetos\pdv_medusax8\obj\Release\net10.0-windows\v1.1\v1.1\App.g.cs(49,21): error CS0111: Tipo "App" j├í define um membro chamado "InitializeComponent" com os mesmos tipos de par├ómetro [C:\Users\zacho\OneDrive\Downloads\Documentos\Projetos\pdv_medusax8\PDV_MedusaX8_hznqlc22_wpftmp.csproj]
C:\Users\zacho\OneDrive\Downloads\Documentos\Projetos\pdv_medusax8\obj\Release\net10.0-windows\App.g.cs(47,21): error CS0111: Tipo "App" j├í define um membro chamado "InitializeComponent" com os mesmos tipos de par├ómetro [C:\Users\zacho\OneDrive\Downloads\Documentos\Projetos\pdv_medusax8\PDV_MedusaX8_hznqlc22_wpftmp.csproj]
C:\Users\zacho\OneDrive\Downloads\Documentos\Projetos\pdv_medusax8\obj\Release\net10.0-windows\v1.1\v1.1\App.g.cs(75,56): error CS0111: Tipo "App" j├í define um membro chamado "System.Windows.Markup.IComponentConnector.Connect" com os mesmos tipos de par├ómetro [C:\Users\zacho\OneDrive\Downloads\Documentos\Projetos\pdv_medusax8\PDV_MedusaX8_hznqlc22_wpftmp.csproj]
C:\Users\zacho\OneDrive\Downloads\Documentos\Projetos\pdv_medusax8\ConsumidorWindow.xaml.cs(11,26): error CS8646: 'IComponentConnector.Connect(int, object)' ├® implementado explicitamente mais de uma vez. [C:\Users\zacho\OneDrive\Downloads\Documentos\Projetos\pdv_medusax8\PDV_MedusaX8_hznqlc22_wpftmp.csproj]
C:\Users\zacho\OneDrive\Downloads\Documentos\Projetos\pdv_medusax8\v1.1\ConsumidorWindow.xaml.cs(13,24): error CS0102: O tipo "ConsumidorWindow" j├í cont├®m uma defini├º├úo para "ConsumerName" [C:\Users\zacho\OneDrive\Downloads\Documentos\Projetos\pdv_medusax8\PDV_MedusaX8_hznqlc22_wpftmp.csproj]
C:\Users\zacho\OneDrive\Downloads\Documentos\Projetos\pdv_medusax8\v1.1\v1.1\ConsumidorWindow.xaml.cs(13,24): error CS0102: O tipo "ConsumidorWindow" j├í cont├®m uma defini├º├úo para "ConsumerName" [C:\Users\zacho\OneDrive\Downloads\Documentos\Projetos\pdv_medusax8\PDV_MedusaX8_hznqlc22_wpftmp.csproj]
C:\Users\zacho\OneDrive\Downloads\Documentos\Projetos\pdv_medusax8\v1.1\ConsumidorWindow.xaml.cs(14,24): error CS0102: O tipo "ConsumidorWindow" j├í cont├®m uma defini├º├úo para "ConsumerCPF" [C:\Users\zacho\OneDrive\Downloads\Documentos\Projetos\pdv_medusax8\PDV_MedusaX8_hznqlc22_wpftmp.csproj]
C:\Users\zacho\OneDrive\Downloads\Documentos\Projetos\pdv_medusax8\v1.1\v1.1\ConsumidorWindow.xaml.cs(14,24): error CS0102: O tipo "ConsumidorWindow" j├í cont├®m uma defini├º├úo para "ConsumerCPF" [C:\Users\zacho\OneDrive\Downloads\Documentos\Projetos\pdv_medusax8\PDV_MedusaX8_hznqlc22_wpftmp.csproj]
C:\Users\zacho\OneDrive\Downloads\Documentos\Projetos\pdv_medusax8\v1.1\ConsumidorWindow.xaml.cs(15,21): error CS0102: O tipo "ConsumidorWindow" j├í cont├®m uma defini├º├úo para "SelectedCustomerId" [C:\Users\zacho\OneDrive\Downloads\Documentos\Projetos\pdv_medusax8\PDV_MedusaX8_hznqlc22_wpftmp.csproj]
C:\Users\zacho\OneDrive\Downloads\Documentos\Projetos\pdv_medusax8\v1.1\v1.1\ConsumidorWindow.xaml.cs(15,21): error CS0102: O tipo "ConsumidorWindow" j├í cont├®m uma defini├º├úo para "SelectedCustomerId" [C:\Users\zacho\OneDrive\Downloads\Documentos\Projetos\pdv_medusax8\PDV_MedusaX8_hznqlc22_wpftmp.csproj]
C:\Users\zacho\OneDrive\Downloads\Documentos\Projetos\pdv_medusax8\v1.1\ConsumidorWindow.xaml.cs(25,16): error CS0111: Tipo "ConsumidorWindow" j├í define um membro chamado "ConsumidorWindow" com os mesmos tipos de par├ómetro [C:\Users\zacho\OneDrive\Downloads\Documentos\Projetos\pdv_medusax8\PDV_MedusaX8_hznqlc22_wpftmp.csproj]
C:\Users\zacho\OneDrive\Downloads\Documentos\Projetos\pdv_medusax8\v1.1\v1.1\ConsumidorWindow.xaml.cs(25,16): error CS0111: Tipo "ConsumidorWindow" j├í define um membro chamado "ConsumidorWindow" com os mesmos tipos de par├ómetro [C:\Users\zacho\OneDrive\Downloads\Documentos\Projetos\pdv_medusax8\PDV_MedusaX8_hznqlc22_wpftmp.csproj]
C:\Users\zacho\OneDrive\Downloads\Documentos\Projetos\pdv_medusax8\v1.1\ConsumidorWindow.xaml.cs(34,22): error CS0111: Tipo "ConsumidorWindow" j├í define um membro chamado "ConsumidorWindow_Loaded" com os mesmos tipos de par├ómetro [C:\Users\zacho\OneDrive\Downloads\Documentos\Projetos\pdv_medusax8\PDV_MedusaX8_hznqlc22_wpftmp.csproj]
C:\Users\zacho\OneDrive\Downloads\Documentos\Projetos\pdv_medusax8\v1.1\v1.1\ConsumidorWindow.xaml.cs(34,22): error CS0111: Tipo "ConsumidorWindow" j├í define um membro chamado "ConsumidorWindow_Loaded" com os mesmos tipos de par├ómetro [C:\Users\zacho\OneDrive\Downloads\Documentos\Projetos\pdv_medusax8\PDV_MedusaX8_hznqlc22_wpftmp.csproj]
C:\Users\zacho\OneDrive\Downloads\Documentos\Projetos\pdv_medusax8\v1.1\ConsumidorWindow.xaml.cs(39,22): error CS0111: Tipo "ConsumidorWindow" j├í define um membro chamado "TxtFiltro_TextChanged" com os mesmos tipos de par├ómetro [C:\Users\zacho\OneDrive\Downloads\Documentos\Projetos\pdv_medusax8\PDV_MedusaX8_hznqlc22_wpftmp.csproj]
C:\Users\zacho\OneDrive\Downloads\Documentos\Projetos\pdv_medusax8\v1.1\v1.1\ConsumidorWindow.xaml.cs(39,22): error CS0111: Tipo "ConsumidorWindow" j├í define um membro chamado "TxtFiltro_TextChanged" com os mesmos tipos de par├ómetro [C:\Users\zacho\OneDrive\Downloads\Documentos\Projetos\pdv_medusax8\PDV_MedusaX8_hznqlc22_wpftmp.csproj]
C:\Users\zacho\OneDrive\Downloads\Documentos\Projetos\pdv_medusax8\v1.1\ConsumidorWindow.xaml.cs(52,22): error CS0111: Tipo "ConsumidorWindow" j├í define um membro chamado "GridResultados_SelectionChanged" com os mesmos tipos de par├ómetro [C:\Users\zacho\OneDrive\Downloads\Documentos\Projetos\pdv_medusax8\PDV_MedusaX8_hznqlc22_wpftmp.csproj]
C:\Users\zacho\OneDrive\Downloads\Documentos\Projetos\pdv_medusax8\v1.1\v1.1\ConsumidorWindow.xaml.cs(52,22): error CS0111: Tipo "ConsumidorWindow" j├í define um membro chamado "GridResultados_SelectionChanged" com os mesmos tipos de par├ómetro [C:\Users\zacho\OneDrive\Downloads\Documentos\Projetos\pdv_medusax8\PDV_MedusaX8_hznqlc22_wpftmp.csproj]
C:\Users\zacho\OneDrive\Downloads\Documentos\Projetos\pdv_medusax8\v1.1\ConsumidorWindow.xaml.cs(61,22): error CS0111: Tipo "ConsumidorWindow" j├í define um membro chamado "BtnOk_Click" com os mesmos tipos de par├ómetro [C:\Users\zacho\OneDrive\Downloads\Documentos\Projetos\pdv_medusax8\PDV_MedusaX8_hznqlc22_wpftmp.csproj]
C:\Users\zacho\OneDrive\Downloads\Documentos\Projetos\pdv_medusax8\v1.1\v1.1\ConsumidorWindow.xaml.cs(61,22): error CS0111: Tipo "ConsumidorWindow" j├í define um membro chamado "BtnOk_Click" com os mesmos tipos de par├ómetro [C:\Users\zacho\OneDrive\Downloads\Documentos\Projetos\pdv_medusax8\PDV_MedusaX8_hznqlc22_wpftmp.csproj]
C:\Users\zacho\OneDrive\Downloads\Documentos\Projetos\pdv_medusax8\v1.1\ConsumidorWindow.xaml.cs(75,22): error CS0111: Tipo "ConsumidorWindow" j├í define um membro chamado "BtnCancelar_Click" com os mesmos tipos de par├ómetro [C:\Users\zacho\OneDrive\Downloads\Documentos\Projetos\pdv_medusax8\PDV_MedusaX8_hznqlc22_wpftmp.csproj]
C:\Users\zacho\OneDrive\Downloads\Documentos\Projetos\pdv_medusax8\v1.1\v1.1\ConsumidorWindow.xaml.cs(75,22): error CS0111: Tipo "ConsumidorWindow" j├í define um membro chamado "BtnCancelar_Click" com os mesmos tipos de par├ómetro [C:\Users\zacho\OneDrive\Downloads\Documentos\Projetos\pdv_medusax8\PDV_MedusaX8_hznqlc22_wpftmp.csproj]
C:\Users\zacho\OneDrive\Downloads\Documentos\Projetos\pdv_medusax8\v1.1\ConsumidorWindow.xaml.cs(81,22): error CS0111: Tipo "ConsumidorWindow" j├í define um membro chamado "CadastrarCliente_Click" com os mesmos tipos de par├ómetro [C:\Users\zacho\OneDrive\Downloads\Documentos\Projetos\pdv_medusax8\PDV_MedusaX8_hznqlc22_wpftmp.csproj]
C:\Users\zacho\OneDrive\Downloads\Documentos\Projetos\pdv_medusax8\v1.1\v1.1\ConsumidorWindow.xaml.cs(81,22): error CS0111: Tipo "ConsumidorWindow" j├í define um membro chamado "CadastrarCliente_Click" com os mesmos tipos de par├ómetro [C:\Users\zacho\OneDrive\Downloads\Documentos\Projetos\pdv_medusax8\PDV_MedusaX8_hznqlc22_wpftmp.csproj]
C:\Users\zacho\OneDrive\Downloads\Documentos\Projetos\pdv_medusax8\v1.1\ConsumidorWindow.xaml.cs(99,22): error CS0111: Tipo "ConsumidorWindow" j├í define um membro chamado "LoadAllCustomers" com os mesmos tipos de par├ómetro [C:\Users\zacho\OneDrive\Downloads\Documentos\Projetos\pdv_medusax8\PDV_MedusaX8_hznqlc22_wpftmp.csproj]
C:\Users\zacho\OneDrive\Downloads\Documentos\Projetos\pdv_medusax8\v1.1\v1.1\ConsumidorWindow.xaml.cs(99,22): error CS0111: Tipo "ConsumidorWindow" j├í define um membro chamado "LoadAllCustomers" com os mesmos tipos de par├ómetro [C:\Users\zacho\OneDrive\Downloads\Documentos\Projetos\pdv_medusax8\PDV_MedusaX8_hznqlc22_wpftmp.csproj]
C:\Users\zacho\OneDrive\Downloads\Documentos\Projetos\pdv_medusax8\v1.1\ConsumidorWindow.xaml.cs(133,22): error CS0111: Tipo "ConsumidorWindow" j├í define um membro chamado "BuscarClientesPorFiltro" com os mesmos tipos de par├ómetro [C:\Users\zacho\OneDrive\Downloads\Documentos\Projetos\pdv_medusax8\PDV_MedusaX8_hznqlc22_wpftmp.csproj]
C:\Users\zacho\OneDrive\Downloads\Documentos\Projetos\pdv_medusax8\v1.1\v1.1\ConsumidorWindow.xaml.cs(133,22): error CS0111: Tipo "ConsumidorWindow" j├í define um membro chamado "BuscarClientesPorFiltro" com os mesmos tipos de par├ómetro [C:\Users\zacho\OneDrive\Downloads\Documentos\Projetos\pdv_medusax8\PDV_MedusaX8_hznqlc22_wpftmp.csproj]
C:\Users\zacho\OneDrive\Downloads\Documentos\Projetos\pdv_medusax8\v1.1\ConsumidorWindow.xaml.cs(178,24): error CS0111: Tipo "ConsumidorWindow" j├í define um membro chamado "GetConnectionString" com os mesmos tipos de par├ómetro [C:\Users\zacho\OneDrive\Downloads\Documentos\Projetos\pdv_medusax8\PDV_MedusaX8_hznqlc22_wpftmp.csproj]
C:\Users\zacho\OneDrive\Downloads\Documentos\Projetos\pdv_medusax8\v1.1\v1.1\ConsumidorWindow.xaml.cs(178,24): error CS0111: Tipo "ConsumidorWindow" j├í define um membro chamado "GetConnectionString" com os mesmos tipos de par├ómetro [C:\Users\zacho\OneDrive\Downloads\Documentos\Projetos\pdv_medusax8\PDV_MedusaX8_hznqlc22_wpftmp.csproj]
C:\Users\zacho\OneDrive\Downloads\Documentos\Projetos\pdv_medusax8\v1.1\ConsumidorWindow.xaml.cs(183,31): error CS0111: Tipo "ConsumidorWindow" j├í define um membro chamado "OnlyDigits" com os mesmos tipos de par├ómetro [C:\Users\zacho\OneDrive\Downloads\Documentos\Projetos\pdv_medusax8\PDV_MedusaX8_hznqlc22_wpftmp.csproj]
C:\Users\zacho\OneDrive\Downloads\Documentos\Projetos\pdv_medusax8\v1.1\v1.1\ConsumidorWindow.xaml.cs(183,31): error CS0111: Tipo "ConsumidorWindow" j├í define um membro chamado "OnlyDigits" com os mesmos tipos de par├ómetro [C:\Users\zacho\OneDrive\Downloads\Documentos\Projetos\pdv_medusax8\PDV_MedusaX8_hznqlc22_wpftmp.csproj]
C:\Users\zacho\OneDrive\Downloads\Documentos\Projetos\pdv_medusax8\v1.1\ConsumidorWindow.xaml.cs(193,31): error CS0111: Tipo "ConsumidorWindow" j├í define um membro chamado "FormatCpfString" com os mesmos tipos de par├ómetro [C:\Users\zacho\OneDrive\Downloads\Documentos\Projetos\pdv_medusax8\PDV_MedusaX8_hznqlc22_wpftmp.csproj]
C:\Users\zacho\OneDrive\Downloads\Documentos\Projetos\pdv_medusax8\v1.1\v1.1\ConsumidorWindow.xaml.cs(193,31): error CS0111: Tipo "ConsumidorWindow" j├í define um membro chamado "FormatCpfString" com os mesmos tipos de par├ómetro [C:\Users\zacho\OneDrive\Downloads\Documentos\Projetos\pdv_medusax8\PDV_MedusaX8_hznqlc22_wpftmp.csproj]
C:\Users\zacho\OneDrive\Downloads\Documentos\Projetos\pdv_medusax8\v1.1\ConsumidorWindow.xaml.cs(206,31): error CS0111: Tipo "ConsumidorWindow" j├í define um membro chamado "FormatCnpjString" com os mesmos tipos de par├ómetro [C:\Users\zacho\OneDrive\Downloads\Documentos\Projetos\pdv_medusax8\PDV_MedusaX8_hznqlc22_wpftmp.csproj]
C:\Users\zacho\OneDrive\Downloads\Documentos\Projetos\pdv_medusax8\v1.1\v1.1\ConsumidorWindow.xaml.cs(206,31): error CS0111: Tipo "ConsumidorWindow" j├í define um membro chamado "FormatCnpjString" com os mesmos tipos de par├ómetro [C:\Users\zacho\OneDrive\Downloads\Documentos\Projetos\pdv_medusax8\PDV_MedusaX8_hznqlc22_wpftmp.csproj]
C:\Users\zacho\OneDrive\Downloads\Documentos\Projetos\pdv_medusax8\v1.1\ConsumidorWindow.xaml.cs(220,22): error CS0111: Tipo "ConsumidorWindow" j├í define um membro chamado "OnFiltroPasting" com os mesmos tipos de par├ómetro [C:\Users\zacho\OneDrive\Downloads\Documentos\Projetos\pdv_medusax8\PDV_MedusaX8_hznqlc22_wpftmp.csproj]
C:\Users\zacho\OneDrive\Downloads\Documentos\Projetos\pdv_medusax8\v1.1\v1.1\ConsumidorWindow.xaml.cs(220,22): error CS0111: Tipo "ConsumidorWindow" j├í define um membro chamado "OnFiltroPasting" com os mesmos tipos de par├ómetro [C:\Users\zacho\OneDrive\Downloads\Documentos\Projetos\pdv_medusax8\PDV_MedusaX8_hznqlc22_wpftmp.csproj]
C:\Users\zacho\OneDrive\Downloads\Documentos\Projetos\pdv_medusax8\v1.1\ConsumidorWindow.xaml(16,50): error CS0102: O tipo "ConsumidorWindow" j├í cont├®m uma defini├º├úo para "TxtFiltro" [C:\Users\zacho\OneDrive\Downloads\Documentos\Projetos\pdv_medusax8\PDV_MedusaX8_hznqlc22_wpftmp.csproj]
C:\Users\zacho\OneDrive\Downloads\Documentos\Projetos\pdv_medusax8\v1.1\v1.1\ConsumidorWindow.xaml(16,50): error CS0102: O tipo "ConsumidorWindow" j├í cont├®m uma defini├º├úo para "TxtFiltro" [C:\Users\zacho\OneDrive\Downloads\Documentos\Projetos\pdv_medusax8\PDV_MedusaX8_hznqlc22_wpftmp.csproj]
C:\Users\zacho\OneDrive\Downloads\Documentos\Projetos\pdv_medusax8\v1.1\ConsumidorWindow.xaml(19,51): error CS0102: O tipo "ConsumidorWindow" j├í cont├®m uma defini├º├úo para "GridResultados" [C:\Users\zacho\OneDrive\Downloads\Documentos\Projetos\pdv_medusax8\PDV_MedusaX8_hznqlc22_wpftmp.csproj]
C:\Users\zacho\OneDrive\Downloads\Documentos\Projetos\pdv_medusax8\v1.1\v1.1\ConsumidorWindow.xaml(19,51): error CS0102: O tipo "ConsumidorWindow" j├í cont├®m uma defini├º├úo para "GridResultados" [C:\Users\zacho\OneDrive\Downloads\Documentos\Projetos\pdv_medusax8\PDV_MedusaX8_hznqlc22_wpftmp.csproj]
C:\Users\zacho\OneDrive\Downloads\Documentos\Projetos\pdv_medusax8\v1.1\ConsumidorWindow.xaml(33,49): error CS0102: O tipo "ConsumidorWindow" j├í cont├®m uma defini├º├úo para "BtnCadastrar" [C:\Users\zacho\OneDrive\Downloads\Documentos\Projetos\pdv_medusax8\PDV_MedusaX8_hznqlc22_wpftmp.csproj]
C:\Users\zacho\OneDrive\Downloads\Documentos\Projetos\pdv_medusax8\v1.1\v1.1\ConsumidorWindow.xaml(33,49): error CS0102: O tipo "ConsumidorWindow" j├í cont├®m uma defini├º├úo para "BtnCadastrar" [C:\Users\zacho\OneDrive\Downloads\Documentos\Projetos\pdv_medusax8\PDV_MedusaX8_hznqlc22_wpftmp.csproj]
C:\Users\zacho\OneDrive\Downloads\Documentos\Projetos\pdv_medusax8\v1.1\ConsumidorWindow.xaml(34,49): error CS0102: O tipo "ConsumidorWindow" j├í cont├®m uma defini├º├úo para "BtnOk" [C:\Users\zacho\OneDrive\Downloads\Documentos\Projetos\pdv_medusax8\PDV_MedusaX8_hznqlc22_wpftmp.csproj]
C:\Users\zacho\OneDrive\Downloads\Documentos\Projetos\pdv_medusax8\v1.1\v1.1\ConsumidorWindow.xaml(34,49): error CS0102: O tipo "ConsumidorWindow" j├í cont├®m uma defini├º├úo para "BtnOk" [C:\Users\zacho\OneDrive\Downloads\Documentos\Projetos\pdv_medusax8\PDV_MedusaX8_hznqlc22_wpftmp.csproj]
C:\Users\zacho\OneDrive\Downloads\Documentos\Projetos\pdv_medusax8\v1.1\ConsumidorWindow.xaml(35,49): error CS0102: O tipo "ConsumidorWindow" j├í cont├®m uma defini├º├úo para "BtnCancelar" [C:\Users\zacho\OneDrive\Downloads\Documentos\Projetos\pdv_medusax8\PDV_MedusaX8_hznqlc22_wpftmp.csproj]
C:\Users\zacho\OneDrive\Downloads\Documentos\Projetos\pdv_medusax8\v1.1\v1.1\ConsumidorWindow.xaml(35,49): error CS0102: O tipo "ConsumidorWindow" j├í cont├®m uma defini├º├úo para "BtnCancelar" [C:\Users\zacho\OneDrive\Downloads\Documentos\Projetos\pdv_medusax8\PDV_MedusaX8_hznqlc22_wpftmp.csproj]
C:\Users\zacho\OneDrive\Downloads\Documentos\Projetos\pdv_medusax8\obj\Release\net10.0-windows\v1.1\ConsumidorWindow.g.cs(82,22): error CS0102: O tipo "ConsumidorWindow" j├í cont├®m uma defini├º├úo para "_contentLoaded" [C:\Users\zacho\OneDrive\Downloads\Documentos\Projetos\pdv_medusax8\PDV_MedusaX8_hznqlc22_wpftmp.csproj]
C:\Users\zacho\OneDrive\Downloads\Documentos\Projetos\pdv_medusax8\obj\Release\net10.0-windows\v1.1\v1.1\ConsumidorWindow.g.cs(82,22): error CS0102: O tipo "ConsumidorWindow" j├í cont├®m uma defini├º├úo para "_contentLoaded" [C:\Users\zacho\OneDrive\Downloads\Documentos\Projetos\pdv_medusax8\PDV_MedusaX8_hznqlc22_wpftmp.csproj]
C:\Users\zacho\OneDrive\Downloads\Documentos\Projetos\pdv_medusax8\obj\Release\net10.0-windows\v1.1\ConsumidorWindow.g.cs(89,21): error CS0111: Tipo "ConsumidorWindow" j├í define um membro chamado "InitializeComponent" com os mesmos tipos de par├ómetro [C:\Users\zacho\OneDrive\Downloads\Documentos\Projetos\pdv_medusax8\PDV_MedusaX8_hznqlc22_wpftmp.csproj]
C:\Users\zacho\OneDrive\Downloads\Documentos\Projetos\pdv_medusax8\obj\Release\net10.0-windows\v1.1\v1.1\ConsumidorWindow.g.cs(89,21): error CS0111: Tipo "ConsumidorWindow" j├í define um membro chamado "InitializeComponent" com os mesmos tipos de par├ómetro [C:\Users\zacho\OneDrive\Downloads\Documentos\Projetos\pdv_medusax8\PDV_MedusaX8_hznqlc22_wpftmp.csproj]
C:\Users\zacho\OneDrive\Downloads\Documentos\Projetos\pdv_medusax8\obj\Release\net10.0-windows\v1.1\ConsumidorWindow.g.cs(109,56): error CS0111: Tipo "ConsumidorWindow" j├í define um membro chamado "System.Windows.Markup.IComponentConnector.Connect" com os mesmos tipos de par├ómetro [C:\Users\zacho\OneDrive\Downloads\Documentos\Projetos\pdv_medusax8\PDV_MedusaX8_hznqlc22_wpftmp.csproj]
C:\Users\zacho\OneDrive\Downloads\Documentos\Projetos\pdv_medusax8\obj\Release\net10.0-windows\v1.1\v1.1\ConsumidorWindow.g.cs(109,56): error CS0111: Tipo "ConsumidorWindow" j├í define um membro chamado "System.Windows.Markup.IComponentConnector.Connect" com os mesmos tipos de par├ómetro [C:\Users\zacho\OneDrive\Downloads\Documentos\Projetos\pdv_medusax8\PDV_MedusaX8_hznqlc22_wpftmp.csproj]
C:\Users\zacho\OneDrive\Downloads\Documentos\Projetos\pdv_medusax8\v1.1\ItemDiscountWindow.xaml.cs(12,34): error CS0102: O tipo "ItemDiscountWindow" j├í cont├®m uma defini├º├úo para "_maxPercent" [C:\Users\zacho\OneDrive\Downloads\Documentos\Projetos\pdv_medusax8\PDV_MedusaX8_hznqlc22_wpftmp.csproj]
C:\Users\zacho\OneDrive\Downloads\Documentos\Projetos\pdv_medusax8\v1.1\v1.1\ItemDiscountWindow.xaml.cs(12,34): error CS0102: O tipo "ItemDiscountWindow" j├í cont├®m uma defini├º├úo para "_maxPercent" [C:\Users\zacho\OneDrive\Downloads\Documentos\Projetos\pdv_medusax8\PDV_MedusaX8_hznqlc22_wpftmp.csproj]
C:\Users\zacho\OneDrive\Downloads\Documentos\Projetos\pdv_medusax8\v1.1\ItemDiscountWindow.xaml.cs(13,26): error CS0102: O tipo "ItemDiscountWindow" j├í cont├®m uma defini├º├úo para "SelectedItem" [C:\Users\zacho\OneDrive\Downloads\Documentos\Projetos\pdv_medusax8\PDV_MedusaX8_hznqlc22_wpftmp.csproj]
C:\Users\zacho\OneDrive\Downloads\Documentos\Projetos\pdv_medusax8\v1.1\v1.1\ItemDiscountWindow.xaml.cs(13,26): error CS0102: O tipo "ItemDiscountWindow" j├í cont├®m uma defini├º├úo para "SelectedItem" [C:\Users\zacho\OneDrive\Downloads\Documentos\Projetos\pdv_medusax8\PDV_MedusaX8_hznqlc22_wpftmp.csproj]
C:\Users\zacho\OneDrive\Downloads\Documentos\Projetos\pdv_medusax8\v1.1\ItemDiscountWindow.xaml.cs(14,21): error CS0102: O tipo "ItemDiscountWindow" j├í cont├®m uma defini├º├úo para "IsPercent" [C:\Users\zacho\OneDrive\Downloads\Documentos\Projetos\pdv_medusax8\PDV_MedusaX8_hznqlc22_wpftmp.csproj]
C:\Users\zacho\OneDrive\Downloads\Documentos\Projetos\pdv_medusax8\v1.1\v1.1\ItemDiscountWindow.xaml.cs(14,21): error CS0102: O tipo "ItemDiscountWindow" j├í cont├®m uma defini├º├úo para "IsPercent" [C:\Users\zacho\OneDrive\Downloads\Documentos\Projetos\pdv_medusax8\PDV_MedusaX8_hznqlc22_wpftmp.csproj]
C:\Users\zacho\OneDrive\Downloads\Documentos\Projetos\pdv_medusax8\v1.1\ItemDiscountWindow.xaml.cs(15,24): error CS0102: O tipo "ItemDiscountWindow" j├í cont├®m uma defini├º├úo para "PercentValue" [C:\Users\zacho\OneDrive\Downloads\Documentos\Projetos\pdv_medusax8\PDV_MedusaX8_hznqlc22_wpftmp.csproj]
C:\Users\zacho\OneDrive\Downloads\Documentos\Projetos\pdv_medusax8\v1.1\v1.1\ItemDiscountWindow.xaml.cs(15,24): error CS0102: O tipo "ItemDiscountWindow" j├í cont├®m uma defini├º├úo para "PercentValue" [C:\Users\zacho\OneDrive\Downloads\Documentos\Projetos\pdv_medusax8\PDV_MedusaX8_hznqlc22_wpftmp.csproj]
C:\Users\zacho\OneDrive\Downloads\Documentos\Projetos\pdv_medusax8\v1.1\ItemDiscountWindow.xaml.cs(16,24): error CS0102: O tipo "ItemDiscountWindow" j├í cont├®m uma defini├º├úo para "AppliedAmount" [C:\Users\zacho\OneDrive\Downloads\Documentos\Projetos\pdv_medusax8\PDV_MedusaX8_hznqlc22_wpftmp.csproj]
C:\Users\zacho\OneDrive\Downloads\Documentos\Projetos\pdv_medusax8\v1.1\v1.1\ItemDiscountWindow.xaml.cs(16,24): error CS0102: O tipo "ItemDiscountWindow" j├í cont├®m uma defini├º├úo para "AppliedAmount" [C:\Users\zacho\OneDrive\Downloads\Documentos\Projetos\pdv_medusax8\PDV_MedusaX8_hznqlc22_wpftmp.csproj]
C:\Users\zacho\OneDrive\Downloads\Documentos\Projetos\pdv_medusax8\v1.1\ItemDiscountWindow.xaml.cs(17,24): error CS0102: O tipo "ItemDiscountWindow" j├í cont├®m uma defini├º├úo para "Reason" [C:\Users\zacho\OneDrive\Downloads\Documentos\Projetos\pdv_medusax8\PDV_MedusaX8_hznqlc22_wpftmp.csproj]
C:\Users\zacho\OneDrive\Downloads\Documentos\Projetos\pdv_medusax8\v1.1\v1.1\ItemDiscountWindow.xaml.cs(17,24): error CS0102: O tipo "ItemDiscountWindow" j├í cont├®m uma defini├º├úo para "Reason" [C:\Users\zacho\OneDrive\Downloads\Documentos\Projetos\pdv_medusax8\PDV_MedusaX8_hznqlc22_wpftmp.csproj]
C:\Users\zacho\OneDrive\Downloads\Documentos\Projetos\pdv_medusax8\v1.1\ItemDiscountWindow.xaml.cs(19,16): error CS0111: Tipo "ItemDiscountWindow" j├í define um membro chamado "ItemDiscountWindow" com os mesmos tipos de par├ómetro [C:\Users\zacho\OneDrive\Downloads\Documentos\Projetos\pdv_medusax8\PDV_MedusaX8_hznqlc22_wpftmp.csproj]
C:\Users\zacho\OneDrive\Downloads\Documentos\Projetos\pdv_medusax8\v1.1\v1.1\ItemDiscountWindow.xaml.cs(19,16): error CS0111: Tipo "ItemDiscountWindow" j├í define um membro chamado "ItemDiscountWindow" com os mesmos tipos de par├ómetro [C:\Users\zacho\OneDrive\Downloads\Documentos\Projetos\pdv_medusax8\PDV_MedusaX8_hznqlc22_wpftmp.csproj]
C:\Users\zacho\OneDrive\Downloads\Documentos\Projetos\pdv_medusax8\v1.1\ItemDiscountWindow.xaml.cs(28,22): error CS0111: Tipo "ItemDiscountWindow" j├í define um membro chamado "Confirm_Click" com os mesmos tipos de par├ómetro [C:\Users\zacho\OneDrive\Downloads\Documentos\Projetos\pdv_medusax8\PDV_MedusaX8_hznqlc22_wpftmp.csproj]
C:\Users\zacho\OneDrive\Downloads\Documentos\Projetos\pdv_medusax8\v1.1\v1.1\ItemDiscountWindow.xaml.cs(28,22): error CS0111: Tipo "ItemDiscountWindow" j├í define um membro chamado "Confirm_Click" com os mesmos tipos de par├ómetro [C:\Users\zacho\OneDrive\Downloads\Documentos\Projetos\pdv_medusax8\PDV_MedusaX8_hznqlc22_wpftmp.csproj]
C:\Users\zacho\OneDrive\Downloads\Documentos\Projetos\pdv_medusax8\v1.1\ItemDiscountWindow.xaml(20,51): error CS0102: O tipo "ItemDiscountWindow" j├í cont├®m uma defini├º├úo para "ItemsList" [C:\Users\zacho\OneDrive\Downloads\Documentos\Projetos\pdv_medusax8\PDV_MedusaX8_hznqlc22_wpftmp.csproj]
C:\Users\zacho\OneDrive\Downloads\Documentos\Projetos\pdv_medusax8\v1.1\v1.1\ItemDiscountWindow.xaml(20,51): error CS0102: O tipo "ItemDiscountWindow" j├í cont├®m uma defini├º├úo para "ItemsList" [C:\Users\zacho\OneDrive\Downloads\Documentos\Projetos\pdv_medusax8\PDV_MedusaX8_hznqlc22_wpftmp.csproj]
C:\Users\zacho\OneDrive\Downloads\Documentos\Projetos\pdv_medusax8\v1.1\ItemDiscountWindow.xaml(49,50): error CS0102: O tipo "ItemDiscountWindow" j├í cont├®m uma defini├º├úo para "TxtValue" [C:\Users\zacho\OneDrive\Downloads\Documentos\Projetos\pdv_medusax8\PDV_MedusaX8_hznqlc22_wpftmp.csproj]
C:\Users\zacho\OneDrive\Downloads\Documentos\Projetos\pdv_medusax8\v1.1\v1.1\ItemDiscountWindow.xaml(49,50): error CS0102: O tipo "ItemDiscountWindow" j├í cont├®m uma defini├º├úo para "TxtValue" [C:\Users\zacho\OneDrive\Downloads\Documentos\Projetos\pdv_medusax8\PDV_MedusaX8_hznqlc22_wpftmp.csproj]
C:\Users\zacho\OneDrive\Downloads\Documentos\Projetos\pdv_medusax8\v1.1\ItemDiscountWindow.xaml(51,51): error CS0102: O tipo "ItemDiscountWindow" j├í cont├®m uma defini├º├úo para "ChkPercent" [C:\Users\zacho\OneDrive\Downloads\Documentos\Projetos\pdv_medusax8\PDV_MedusaX8_hznqlc22_wpftmp.csproj]
C:\Users\zacho\OneDrive\Downloads\Documentos\Projetos\pdv_medusax8\v1.1\v1.1\ItemDiscountWindow.xaml(51,51): error CS0102: O tipo "ItemDiscountWindow" j├í cont├®m uma defini├º├úo para "ChkPercent" [C:\Users\zacho\OneDrive\Downloads\Documentos\Projetos\pdv_medusax8\PDV_MedusaX8_hznqlc22_wpftmp.csproj]
C:\Users\zacho\OneDrive\Downloads\Documentos\Projetos\pdv_medusax8\v1.1\ItemDiscountWindow.xaml(54,51): error CS0102: O tipo "ItemDiscountWindow" j├í cont├®m uma defini├º├úo para "CmbReason" [C:\Users\zacho\OneDrive\Downloads\Documentos\Projetos\pdv_medusax8\PDV_MedusaX8_hznqlc22_wpftmp.csproj]
C:\Users\zacho\OneDrive\Downloads\Documentos\Projetos\pdv_medusax8\v1.1\v1.1\ItemDiscountWindow.xaml(54,51): error CS0102: O tipo "ItemDiscountWindow" j├í cont├®m uma defini├º├úo para "CmbReason" [C:\Users\zacho\OneDrive\Downloads\Documentos\Projetos\pdv_medusax8\PDV_MedusaX8_hznqlc22_wpftmp.csproj]
C:\Users\zacho\OneDrive\Downloads\Documentos\Projetos\pdv_medusax8\v1.1\ItemDiscountWindow.xaml(62,52): error CS0102: O tipo "ItemDiscountWindow" j├í cont├®m uma defini├º├úo para "TxtHint" [C:\Users\zacho\OneDrive\Downloads\Documentos\Projetos\pdv_medusax8\PDV_MedusaX8_hznqlc22_wpftmp.csproj]
C:\Users\zacho\OneDrive\Downloads\Documentos\Projetos\pdv_medusax8\v1.1\v1.1\ItemDiscountWindow.xaml(62,52): error CS0102: O tipo "ItemDiscountWindow" j├í cont├®m uma defini├º├úo para "TxtHint" [C:\Users\zacho\OneDrive\Downloads\Documentos\Projetos\pdv_medusax8\PDV_MedusaX8_hznqlc22_wpftmp.csproj]
C:\Users\zacho\OneDrive\Downloads\Documentos\Projetos\pdv_medusax8\obj\Release\net10.0-windows\v1.1\ItemDiscountWindow.g.cs(82,22): error CS0102: O tipo "ItemDiscountWindow" j├í cont├®m uma defini├º├úo para "_contentLoaded" [C:\Users\zacho\OneDrive\Downloads\Documentos\Projetos\pdv_medusax8\PDV_MedusaX8_hznqlc22_wpftmp.csproj]
C:\Users\zacho\OneDrive\Downloads\Documentos\Projetos\pdv_medusax8\obj\Release\net10.0-windows\v1.1\v1.1\ItemDiscountWindow.g.cs(82,22): error CS0102: O tipo "ItemDiscountWindow" j├í cont├®m uma defini├º├úo para "_contentLoaded" [C:\Users\zacho\OneDrive\Downloads\Documentos\Projetos\pdv_medusax8\PDV_MedusaX8_hznqlc22_wpftmp.csproj]
C:\Users\zacho\OneDrive\Downloads\Documentos\Projetos\pdv_medusax8\obj\Release\net10.0-windows\v1.1\ItemDiscountWindow.g.cs(89,21): error CS0111: Tipo "ItemDiscountWindow" j├í define um membro chamado "InitializeComponent" com os mesmos tipos de par├ómetro [C:\Users\zacho\OneDrive\Downloads\Documentos\Projetos\pdv_medusax8\PDV_MedusaX8_hznqlc22_wpftmp.csproj]
C:\Users\zacho\OneDrive\Downloads\Documentos\Projetos\pdv_medusax8\obj\Release\net10.0-windows\v1.1\v1.1\ItemDiscountWindow.g.cs(89,21): error CS0111: Tipo "ItemDiscountWindow" j├í define um membro chamado "InitializeComponent" com os mesmos tipos de par├ómetro [C:\Users\zacho\OneDrive\Downloads\Documentos\Projetos\pdv_medusax8\PDV_MedusaX8_hznqlc22_wpftmp.csproj]
C:\Users\zacho\OneDrive\Downloads\Documentos\Projetos\pdv_medusax8\obj\Release\net10.0-windows\v1.1\ItemDiscountWindow.g.cs(109,56): error CS0111: Tipo "ItemDiscountWindow" j├í define um membro chamado "System.Windows.Markup.IComponentConnector.Connect" com os mesmos tipos de par├ómetro [C:\Users\zacho\OneDrive\Downloads\Documentos\Projetos\pdv_medusax8\PDV_MedusaX8_hznqlc22_wpftmp.csproj]
C:\Users\zacho\OneDrive\Downloads\Documentos\Projetos\pdv_medusax8\obj\Release\net10.0-windows\v1.1\v1.1\ItemDiscountWindow.g.cs(109,56): error CS0111: Tipo "ItemDiscountWindow" j├í define um membro chamado "System.Windows.Markup.IComponentConnector.Connect" com os mesmos tipos de par├ómetro [C:\Users\zacho\OneDrive\Downloads\Documentos\Projetos\pdv_medusax8\PDV_MedusaX8_hznqlc22_wpftmp.csproj]
C:\Users\zacho\OneDrive\Downloads\Documentos\Projetos\pdv_medusax8\ChequeSearchWindow.xaml.cs(12,26): error CS8646: 'IComponentConnector.Connect(int, object)' ├® implementado explicitamente mais de uma vez. [C:\Users\zacho\OneDrive\Downloads\Documentos\Projetos\pdv_medusax8\PDV_MedusaX8_hznqlc22_wpftmp.csproj]
C:\Users\zacho\OneDrive\Downloads\Documentos\Projetos\pdv_medusax8\EnderecoWindow.xaml.cs(8,26): error CS8646: 'IComponentConnector.Connect(int, object)' ├® implementado explicitamente mais de uma vez. [C:\Users\zacho\OneDrive\Downloads\Documentos\Projetos\pdv_medusax8\PDV_MedusaX8_hznqlc22_wpftmp.csproj]
C:\Users\zacho\OneDrive\Downloads\Documentos\Projetos\pdv_medusax8\v1.1\ChequeSearchWindow.xaml.cs(14,28): error CS0102: O tipo "ChequeSearchWindow" j├í cont├®m uma defini├º├úo para "SelectedCheque" [C:\Users\zacho\OneDrive\Downloads\Documentos\Projetos\pdv_medusax8\PDV_MedusaX8_hznqlc22_wpftmp.csproj]
C:\Users\zacho\OneDrive\Downloads\Documentos\Projetos\pdv_medusax8\v1.1\v1.1\ChequeSearchWindow.xaml.cs(14,28): error CS0102: O tipo "ChequeSearchWindow" j├í cont├®m uma defini├º├úo para "SelectedCheque" [C:\Users\zacho\OneDrive\Downloads\Documentos\Projetos\pdv_medusax8\PDV_MedusaX8_hznqlc22_wpftmp.csproj]
C:\Users\zacho\OneDrive\Downloads\Documentos\Projetos\pdv_medusax8\v1.1\ChequeSearchWindow.xaml.cs(15,22): error CS0102: O tipo "ChequeSearchWindow" j├í cont├®m uma defini├º├úo para "_onlyUnused" [C:\Users\zacho\OneDrive\Downloads\Documentos\Projetos\pdv_medusax8\PDV_MedusaX8_hznqlc22_wpftmp.csproj]
C:\Users\zacho\OneDrive\Downloads\Documentos\Projetos\pdv_medusax8\v1.1\v1.1\ChequeSearchWindow.xaml.cs(15,22): error CS0102: O tipo "ChequeSearchWindow" j├í cont├®m uma defini├º├úo para "_onlyUnused" [C:\Users\zacho\OneDrive\Downloads\Documentos\Projetos\pdv_medusax8\PDV_MedusaX8_hznqlc22_wpftmp.csproj]
C:\Users\zacho\OneDrive\Downloads\Documentos\Projetos\pdv_medusax8\v1.1\ChequeSearchWindow.xaml.cs(17,16): error CS0111: Tipo "ChequeSearchWindow" j├í define um membro chamado "ChequeSearchWindow" com os mesmos tipos de par├ómetro [C:\Users\zacho\OneDrive\Downloads\Documentos\Projetos\pdv_medusax8\PDV_MedusaX8_hznqlc22_wpftmp.csproj]
C:\Users\zacho\OneDrive\Downloads\Documentos\Projetos\pdv_medusax8\v1.1\ChequeSearchWindow.xaml.cs(19,16): error CS0111: Tipo "ChequeSearchWindow" j├í define um membro chamado "ChequeSearchWindow" com os mesmos tipos de par├ómetro [C:\Users\zacho\OneDrive\Downloads\Documentos\Projetos\pdv_medusax8\PDV_MedusaX8_hznqlc22_wpftmp.csproj]
C:\Users\zacho\OneDrive\Downloads\Documentos\Projetos\pdv_medusax8\v1.1\v1.1\ChequeSearchWindow.xaml.cs(17,16): error CS0111: Tipo "ChequeSearchWindow" j├í define um membro chamado "ChequeSearchWindow" com os mesmos tipos de par├ómetro [C:\Users\zacho\OneDrive\Downloads\Documentos\Projetos\pdv_medusax8\PDV_MedusaX8_hznqlc22_wpftmp.csproj]
C:\Users\zacho\OneDrive\Downloads\Documentos\Projetos\pdv_medusax8\v1.1\v1.1\ChequeSearchWindow.xaml.cs(19,16): error CS0111: Tipo "ChequeSearchWindow" j├í define um membro chamado "ChequeSearchWindow" com os mesmos tipos de par├ómetro [C:\Users\zacho\OneDrive\Downloads\Documentos\Projetos\pdv_medusax8\PDV_MedusaX8_hznqlc22_wpftmp.csproj]
C:\Users\zacho\OneDrive\Downloads\Documentos\Projetos\pdv_medusax8\v1.1\ChequeSearchWindow.xaml.cs(25,22): error CS0111: Tipo "ChequeSearchWindow" j├í define um membro chamado "ChequeSearchWindow_Loaded" com os mesmos tipos de par├ómetro [C:\Users\zacho\OneDrive\Downloads\Documentos\Projetos\pdv_medusax8\PDV_MedusaX8_hznqlc22_wpftmp.csproj]
C:\Users\zacho\OneDrive\Downloads\Documentos\Projetos\pdv_medusax8\v1.1\v1.1\ChequeSearchWindow.xaml.cs(25,22): error CS0111: Tipo "ChequeSearchWindow" j├í define um membro chamado "ChequeSearchWindow_Loaded" com os mesmos tipos de par├ómetro [C:\Users\zacho\OneDrive\Downloads\Documentos\Projetos\pdv_medusax8\PDV_MedusaX8_hznqlc22_wpftmp.csproj]
C:\Users\zacho\OneDrive\Downloads\Documentos\Projetos\pdv_medusax8\v1.1\ChequeSearchWindow.xaml.cs(32,24): error CS0111: Tipo "ChequeSearchWindow" j├í define um membro chamado "GetConnectionString" com os mesmos tipos de par├ómetro [C:\Users\zacho\OneDrive\Downloads\Documentos\Projetos\pdv_medusax8\PDV_MedusaX8_hznqlc22_wpftmp.csproj]
C:\Users\zacho\OneDrive\Downloads\Documentos\Projetos\pdv_medusax8\v1.1\v1.1\ChequeSearchWindow.xaml.cs(32,24): error CS0111: Tipo "ChequeSearchWindow" j├í define um membro chamado "GetConnectionString" com os mesmos tipos de par├ómetro [C:\Users\zacho\OneDrive\Downloads\Documentos\Projetos\pdv_medusax8\PDV_MedusaX8_hznqlc22_wpftmp.csproj]
C:\Users\zacho\OneDrive\Downloads\Documentos\Projetos\pdv_medusax8\v1.1\ChequeSearchWindow.xaml.cs(37,22): error CS0111: Tipo "ChequeSearchWindow" j├í define um membro chamado "BtnBuscar_Click" com os mesmos tipos de par├ómetro [C:\Users\zacho\OneDrive\Downloads\Documentos\Projetos\pdv_medusax8\PDV_MedusaX8_hznqlc22_wpftmp.csproj]
C:\Users\zacho\OneDrive\Downloads\Documentos\Projetos\pdv_medusax8\v1.1\v1.1\ChequeSearchWindow.xaml.cs(37,22): error CS0111: Tipo "ChequeSearchWindow" j├í define um membro chamado "BtnBuscar_Click" com os mesmos tipos de par├ómetro [C:\Users\zacho\OneDrive\Downloads\Documentos\Projetos\pdv_medusax8\PDV_MedusaX8_hznqlc22_wpftmp.csproj]
C:\Users\zacho\OneDrive\Downloads\Documentos\Projetos\pdv_medusax8\v1.1\ChequeSearchWindow.xaml.cs(42,22): error CS0111: Tipo "ChequeSearchWindow" j├í define um membro chamado "BuscarCheques" com os mesmos tipos de par├ómetro [C:\Users\zacho\OneDrive\Downloads\Documentos\Projetos\pdv_medusax8\PDV_MedusaX8_hznqlc22_wpftmp.csproj]
C:\Users\zacho\OneDrive\Downloads\Documentos\Projetos\pdv_medusax8\v1.1\v1.1\ChequeSearchWindow.xaml.cs(42,22): error CS0111: Tipo "ChequeSearchWindow" j├í define um membro chamado "BuscarCheques" com os mesmos tipos de par├ómetro [C:\Users\zacho\OneDrive\Downloads\Documentos\Projetos\pdv_medusax8\PDV_MedusaX8_hznqlc22_wpftmp.csproj]
C:\Users\zacho\OneDrive\Downloads\Documentos\Projetos\pdv_medusax8\v1.1\ChequeSearchWindow.xaml.cs(146,22): error CS0111: Tipo "ChequeSearchWindow" j├í define um membro chamado "DgCheques_SelectionChanged" com os mesmos tipos de par├ómetro [C:\Users\zacho\OneDrive\Downloads\Documentos\Projetos\pdv_medusax8\PDV_MedusaX8_hznqlc22_wpftmp.csproj]
C:\Users\zacho\OneDrive\Downloads\Documentos\Projetos\pdv_medusax8\v1.1\v1.1\ChequeSearchWindow.xaml.cs(146,22): error CS0111: Tipo "ChequeSearchWindow" j├í define um membro chamado "DgCheques_SelectionChanged" com os mesmos tipos de par├ómetro [C:\Users\zacho\OneDrive\Downloads\Documentos\Projetos\pdv_medusax8\PDV_MedusaX8_hznqlc22_wpftmp.csproj]
C:\Users\zacho\OneDrive\Downloads\Documentos\Projetos\pdv_medusax8\v1.1\ChequeSearchWindow.xaml.cs(151,22): error CS0111: Tipo "ChequeSearchWindow" j├í define um membro chamado "BtnSelecionar_Click" com os mesmos tipos de par├ómetro [C:\Users\zacho\OneDrive\Downloads\Documentos\Projetos\pdv_medusax8\PDV_MedusaX8_hznqlc22_wpftmp.csproj]
C:\Users\zacho\OneDrive\Downloads\Documentos\Projetos\pdv_medusax8\v1.1\v1.1\ChequeSearchWindow.xaml.cs(151,22): error CS0111: Tipo "ChequeSearchWindow" j├í define um membro chamado "BtnSelecionar_Click" com os mesmos tipos de par├ómetro [C:\Users\zacho\OneDrive\Downloads\Documentos\Projetos\pdv_medusax8\PDV_MedusaX8_hznqlc22_wpftmp.csproj]
C:\Users\zacho\OneDrive\Downloads\Documentos\Projetos\pdv_medusax8\v1.1\ChequeSearchWindow.xaml.cs(161,22): error CS0111: Tipo "ChequeSearchWindow" j├í define um membro chamado "BtnCancelar_Click" com os mesmos tipos de par├ómetro [C:\Users\zacho\OneDrive\Downloads\Documentos\Projetos\pdv_medusax8\PDV_MedusaX8_hznqlc22_wpftmp.csproj]
C:\Users\zacho\OneDrive\Downloads\Documentos\Projetos\pdv_medusax8\v1.1\v1.1\ChequeSearchWindow.xaml.cs(161,22): error CS0111: Tipo "ChequeSearchWindow" j├í define um membro chamado "BtnCancelar_Click" com os mesmos tipos de par├ómetro [C:\Users\zacho\OneDrive\Downloads\Documentos\Projetos\pdv_medusax8\PDV_MedusaX8_hznqlc22_wpftmp.csproj]
C:\Users\zacho\OneDrive\Downloads\Documentos\Projetos\pdv_medusax8\v1.1\ChequeSearchWindow.xaml(31,50): error CS0102: O tipo "ChequeSearchWindow" j├í cont├®m uma defini├º├úo para "TxtClienteNome" [C:\Users\zacho\OneDrive\Downloads\Documentos\Projetos\pdv_medusax8\PDV_MedusaX8_hznqlc22_wpftmp.csproj]
C:\Users\zacho\OneDrive\Downloads\Documentos\Projetos\pdv_medusax8\v1.1\v1.1\ChequeSearchWindow.xaml(31,50): error CS0102: O tipo "ChequeSearchWindow" j├í cont├®m uma defini├º├úo para "TxtClienteNome" [C:\Users\zacho\OneDrive\Downloads\Documentos\Projetos\pdv_medusax8\PDV_MedusaX8_hznqlc22_wpftmp.csproj]
C:\Users\zacho\OneDrive\Downloads\Documentos\Projetos\pdv_medusax8\v1.1\ChequeSearchWindow.xaml(34,50): error CS0102: O tipo "ChequeSearchWindow" j├í cont├®m uma defini├º├úo para "TxtNumeroCheque" [C:\Users\zacho\OneDrive\Downloads\Documentos\Projetos\pdv_medusax8\PDV_MedusaX8_hznqlc22_wpftmp.csproj]
C:\Users\zacho\OneDrive\Downloads\Documentos\Projetos\pdv_medusax8\v1.1\v1.1\ChequeSearchWindow.xaml(34,50): error CS0102: O tipo "ChequeSearchWindow" j├í cont├®m uma defini├º├úo para "TxtNumeroCheque" [C:\Users\zacho\OneDrive\Downloads\Documentos\Projetos\pdv_medusax8\PDV_MedusaX8_hznqlc22_wpftmp.csproj]
C:\Users\zacho\OneDrive\Downloads\Documentos\Projetos\pdv_medusax8\v1.1\ChequeSearchWindow.xaml(37,50): error CS0102: O tipo "ChequeSearchWindow" j├í cont├®m uma defini├º├úo para "TxtValorCheque" [C:\Users\zacho\OneDrive\Downloads\Documentos\Projetos\pdv_medusax8\PDV_MedusaX8_hznqlc22_wpftmp.csproj]
C:\Users\zacho\OneDrive\Downloads\Documentos\Projetos\pdv_medusax8\v1.1\v1.1\ChequeSearchWindow.xaml(37,50): error CS0102: O tipo "ChequeSearchWindow" j├í cont├®m uma defini├º├úo para "TxtValorCheque" [C:\Users\zacho\OneDrive\Downloads\Documentos\Projetos\pdv_medusax8\PDV_MedusaX8_hznqlc22_wpftmp.csproj]
C:\Users\zacho\OneDrive\Downloads\Documentos\Projetos\pdv_medusax8\v1.1\ChequeSearchWindow.xaml(40,53): error CS0102: O tipo "ChequeSearchWindow" j├í cont├®m uma defini├º├úo para "DtVencimento" [C:\Users\zacho\OneDrive\Downloads\Documentos\Projetos\pdv_medusax8\PDV_MedusaX8_hznqlc22_wpftmp.csproj]
C:\Users\zacho\OneDrive\Downloads\Documentos\Projetos\pdv_medusax8\v1.1\v1.1\ChequeSearchWindow.xaml(40,53): error CS0102: O tipo "ChequeSearchWindow" j├í cont├®m uma defini├º├úo para "DtVencimento" [C:\Users\zacho\OneDrive\Downloads\Documentos\Projetos\pdv_medusax8\PDV_MedusaX8_hznqlc22_wpftmp.csproj]
C:\Users\zacho\OneDrive\Downloads\Documentos\Projetos\pdv_medusax8\v1.1\ChequeSearchWindow.xaml(45,51): error CS0102: O tipo "ChequeSearchWindow" j├í cont├®m uma defini├º├úo para "DgCheques" [C:\Users\zacho\OneDrive\Downloads\Documentos\Projetos\pdv_medusax8\PDV_MedusaX8_hznqlc22_wpftmp.csproj]
C:\Users\zacho\OneDrive\Downloads\Documentos\Projetos\pdv_medusax8\v1.1\v1.1\ChequeSearchWindow.xaml(45,51): error CS0102: O tipo "ChequeSearchWindow" j├í cont├®m uma defini├º├úo para "DgCheques" [C:\Users\zacho\OneDrive\Downloads\Documentos\Projetos\pdv_medusax8\PDV_MedusaX8_hznqlc22_wpftmp.csproj]
C:\Users\zacho\OneDrive\Downloads\Documentos\Projetos\pdv_medusax8\v1.1\ChequeSearchWindow.xaml(60,49): error CS0102: O tipo "ChequeSearchWindow" j├í cont├®m uma defini├º├úo para "BtnSelecionar" [C:\Users\zacho\OneDrive\Downloads\Documentos\Projetos\pdv_medusax8\PDV_MedusaX8_hznqlc22_wpftmp.csproj]
C:\Users\zacho\OneDrive\Downloads\Documentos\Projetos\pdv_medusax8\v1.1\v1.1\ChequeSearchWindow.xaml(60,49): error CS0102: O tipo "ChequeSearchWindow" j├í cont├®m uma defini├º├úo para "BtnSelecionar" [C:\Users\zacho\OneDrive\Downloads\Documentos\Projetos\pdv_medusax8\PDV_MedusaX8_hznqlc22_wpftmp.csproj]
C:\Users\zacho\OneDrive\Downloads\Documentos\Projetos\pdv_medusax8\obj\Release\net10.0-windows\v1.1\ChequeSearchWindow.g.cs(90,22): error CS0102: O tipo "ChequeSearchWindow" j├í cont├®m uma defini├º├úo para "_contentLoaded" [C:\Users\zacho\OneDrive\Downloads\Documentos\Projetos\pdv_medusax8\PDV_MedusaX8_hznqlc22_wpftmp.csproj]
C:\Users\zacho\OneDrive\Downloads\Documentos\Projetos\pdv_medusax8\obj\Release\net10.0-windows\v1.1\v1.1\ChequeSearchWindow.g.cs(90,22): error CS0102: O tipo "ChequeSearchWindow" j├í cont├®m uma defini├º├úo para "_contentLoaded" [C:\Users\zacho\OneDrive\Downloads\Documentos\Projetos\pdv_medusax8\PDV_MedusaX8_hznqlc22_wpftmp.csproj]
C:\Users\zacho\OneDrive\Downloads\Documentos\Projetos\pdv_medusax8\obj\Release\net10.0-windows\v1.1\ChequeSearchWindow.g.cs(97,21): error CS0111: Tipo "ChequeSearchWindow" j├í define um membro chamado "InitializeComponent" com os mesmos tipos de par├ómetro [C:\Users\zacho\OneDrive\Downloads\Documentos\Projetos\pdv_medusax8\PDV_MedusaX8_hznqlc22_wpftmp.csproj]
C:\Users\zacho\OneDrive\Downloads\Documentos\Projetos\pdv_medusax8\obj\Release\net10.0-windows\v1.1\v1.1\ChequeSearchWindow.g.cs(97,21): error CS0111: Tipo "ChequeSearchWindow" j├í define um membro chamado "InitializeComponent" com os mesmos tipos de par├ómetro [C:\Users\zacho\OneDrive\Downloads\Documentos\Projetos\pdv_medusax8\PDV_MedusaX8_hznqlc22_wpftmp.csproj]
C:\Users\zacho\OneDrive\Downloads\Documentos\Projetos\pdv_medusax8\obj\Release\net10.0-windows\v1.1\ChequeSearchWindow.g.cs(117,56): error CS0111: Tipo "ChequeSearchWindow" j├í define um membro chamado "System.Windows.Markup.IComponentConnector.Connect" com os mesmos tipos de par├ómetro [C:\Users\zacho\OneDrive\Downloads\Documentos\Projetos\pdv_medusax8\PDV_MedusaX8_hznqlc22_wpftmp.csproj]
C:\Users\zacho\OneDrive\Downloads\Documentos\Projetos\pdv_medusax8\obj\Release\net10.0-windows\v1.1\v1.1\ChequeSearchWindow.g.cs(117,56): error CS0111: Tipo "ChequeSearchWindow" j├í define um membro chamado "System.Windows.Markup.IComponentConnector.Connect" com os mesmos tipos de par├ómetro [C:\Users\zacho\OneDrive\Downloads\Documentos\Projetos\pdv_medusax8\PDV_MedusaX8_hznqlc22_wpftmp.csproj]
C:\Users\zacho\OneDrive\Downloads\Documentos\Projetos\pdv_medusax8\ConsumidorQuickWindow.xaml.cs(8,26): error CS8646: 'IComponentConnector.Connect(int, object)' ├® implementado explicitamente mais de uma vez. [C:\Users\zacho\OneDrive\Downloads\Documentos\Projetos\pdv_medusax8\PDV_MedusaX8_hznqlc22_wpftmp.csproj]
C:\Users\zacho\OneDrive\Downloads\Documentos\Projetos\pdv_medusax8\v1.1\EnderecoWindow.xaml.cs(10,30): error CS0102: O tipo "EnderecoWindow" j├í cont├®m uma defini├º├úo para "ResultAddress" [C:\Users\zacho\OneDrive\Downloads\Documentos\Projetos\pdv_medusax8\PDV_MedusaX8_hznqlc22_wpftmp.csproj]
C:\Users\zacho\OneDrive\Downloads\Documentos\Projetos\pdv_medusax8\v1.1\v1.1\EnderecoWindow.xaml.cs(10,30): error CS0102: O tipo "EnderecoWindow" j├í cont├®m uma defini├º├úo para "ResultAddress" [C:\Users\zacho\OneDrive\Downloads\Documentos\Projetos\pdv_medusax8\PDV_MedusaX8_hznqlc22_wpftmp.csproj]
C:\Users\zacho\OneDrive\Downloads\Documentos\Projetos\pdv_medusax8\v1.1\EnderecoWindow.xaml.cs(12,16): error CS0111: Tipo "EnderecoWindow" j├í define um membro chamado "EnderecoWindow" com os mesmos tipos de par├ómetro [C:\Users\zacho\OneDrive\Downloads\Documentos\Projetos\pdv_medusax8\PDV_MedusaX8_hznqlc22_wpftmp.csproj]
C:\Users\zacho\OneDrive\Downloads\Documentos\Projetos\pdv_medusax8\v1.1\v1.1\EnderecoWindow.xaml.cs(12,16): error CS0111: Tipo "EnderecoWindow" j├í define um membro chamado "EnderecoWindow" com os mesmos tipos de par├ómetro [C:\Users\zacho\OneDrive\Downloads\Documentos\Projetos\pdv_medusax8\PDV_MedusaX8_hznqlc22_wpftmp.csproj]
C:\Users\zacho\OneDrive\Downloads\Documentos\Projetos\pdv_medusax8\v1.1\EnderecoWindow.xaml.cs(17,22): error CS0111: Tipo "EnderecoWindow" j├í define um membro chamado "Cancel_Click" com os mesmos tipos de par├ómetro [C:\Users\zacho\OneDrive\Downloads\Documentos\Projetos\pdv_medusax8\PDV_MedusaX8_hznqlc22_wpftmp.csproj]
C:\Users\zacho\OneDrive\Downloads\Documentos\Projetos\pdv_medusax8\v1.1\v1.1\EnderecoWindow.xaml.cs(17,22): error CS0111: Tipo "EnderecoWindow" j├í define um membro chamado "Cancel_Click" com os mesmos tipos de par├ómetro [C:\Users\zacho\OneDrive\Downloads\Documentos\Projetos\pdv_medusax8\PDV_MedusaX8_hznqlc22_wpftmp.csproj]
C:\Users\zacho\OneDrive\Downloads\Documentos\Projetos\pdv_medusax8\v1.1\EnderecoWindow.xaml.cs(23,22): error CS0111: Tipo "EnderecoWindow" j├í define um membro chamado "Ok_Click" com os mesmos tipos de par├ómetro [C:\Users\zacho\OneDrive\Downloads\Documentos\Projetos\pdv_medusax8\PDV_MedusaX8_hznqlc22_wpftmp.csproj]
C:\Users\zacho\OneDrive\Downloads\Documentos\Projetos\pdv_medusax8\v1.1\v1.1\EnderecoWindow.xaml.cs(23,22): error CS0111: Tipo "EnderecoWindow" j├í define um membro chamado "Ok_Click" com os mesmos tipos de par├ómetro [C:\Users\zacho\OneDrive\Downloads\Documentos\Projetos\pdv_medusax8\PDV_MedusaX8_hznqlc22_wpftmp.csproj]
C:\Users\zacho\OneDrive\Downloads\Documentos\Projetos\pdv_medusax8\v1.1\EnderecoWindow.xaml.cs(40,22): error CS0111: Tipo "EnderecoWindow" j├í define um membro chamado "BuscarCidade_Click" com os mesmos tipos de par├ómetro [C:\Users\zacho\OneDrive\Downloads\Documentos\Projetos\pdv_medusax8\PDV_MedusaX8_hznqlc22_wpftmp.csproj]
C:\Users\zacho\OneDrive\Downloads\Documentos\Projetos\pdv_medusax8\v1.1\v1.1\EnderecoWindow.xaml.cs(40,22): error CS0111: Tipo "EnderecoWindow" j├í define um membro chamado "BuscarCidade_Click" com os mesmos tipos de par├ómetro [C:\Users\zacho\OneDrive\Downloads\Documentos\Projetos\pdv_medusax8\PDV_MedusaX8_hznqlc22_wpftmp.csproj]
C:\Users\zacho\OneDrive\Downloads\Documentos\Projetos\pdv_medusax8\v1.1\EnderecoWindow.xaml.cs(51,24): error CS0111: Tipo "EnderecoWindow" j├í define um membro chamado "GetConnectionString" com os mesmos tipos de par├ómetro [C:\Users\zacho\OneDrive\Downloads\Documentos\Projetos\pdv_medusax8\PDV_MedusaX8_hznqlc22_wpftmp.csproj]
C:\Users\zacho\OneDrive\Downloads\Documentos\Projetos\pdv_medusax8\v1.1\v1.1\EnderecoWindow.xaml.cs(51,24): error CS0111: Tipo "EnderecoWindow" j├í define um membro chamado "GetConnectionString" com os mesmos tipos de par├ómetro [C:\Users\zacho\OneDrive\Downloads\Documentos\Projetos\pdv_medusax8\PDV_MedusaX8_hznqlc22_wpftmp.csproj]
C:\Users\zacho\OneDrive\Downloads\Documentos\Projetos\pdv_medusax8\v1.1\EnderecoWindow.xaml(31,50): error CS0102: O tipo "EnderecoWindow" j├í cont├®m uma defini├º├úo para "TxtTipo" [C:\Users\zacho\OneDrive\Downloads\Documentos\Projetos\pdv_medusax8\PDV_MedusaX8_hznqlc22_wpftmp.csproj]
C:\Users\zacho\OneDrive\Downloads\Documentos\Projetos\pdv_medusax8\v1.1\v1.1\EnderecoWindow.xaml(31,50): error CS0102: O tipo "EnderecoWindow" j├í cont├®m uma defini├º├úo para "TxtTipo" [C:\Users\zacho\OneDrive\Downloads\Documentos\Projetos\pdv_medusax8\PDV_MedusaX8_hznqlc22_wpftmp.csproj]
C:\Users\zacho\OneDrive\Downloads\Documentos\Projetos\pdv_medusax8\v1.1\EnderecoWindow.xaml(34,50): error CS0102: O tipo "EnderecoWindow" j├í cont├®m uma defini├º├úo para "TxtRua" [C:\Users\zacho\OneDrive\Downloads\Documentos\Projetos\pdv_medusax8\PDV_MedusaX8_hznqlc22_wpftmp.csproj]
C:\Users\zacho\OneDrive\Downloads\Documentos\Projetos\pdv_medusax8\v1.1\v1.1\EnderecoWindow.xaml(34,50): error CS0102: O tipo "EnderecoWindow" j├í cont├®m uma defini├º├úo para "TxtRua" [C:\Users\zacho\OneDrive\Downloads\Documentos\Projetos\pdv_medusax8\PDV_MedusaX8_hznqlc22_wpftmp.csproj]
C:\Users\zacho\OneDrive\Downloads\Documentos\Projetos\pdv_medusax8\v1.1\EnderecoWindow.xaml(37,50): error CS0102: O tipo "EnderecoWindow" j├í cont├®m uma defini├º├úo para "TxtNumero" [C:\Users\zacho\OneDrive\Downloads\Documentos\Projetos\pdv_medusax8\PDV_MedusaX8_hznqlc22_wpftmp.csproj]
C:\Users\zacho\OneDrive\Downloads\Documentos\Projetos\pdv_medusax8\v1.1\v1.1\EnderecoWindow.xaml(37,50): error CS0102: O tipo "EnderecoWindow" j├í cont├®m uma defini├º├úo para "TxtNumero" [C:\Users\zacho\OneDrive\Downloads\Documentos\Projetos\pdv_medusax8\PDV_MedusaX8_hznqlc22_wpftmp.csproj]
C:\Users\zacho\OneDrive\Downloads\Documentos\Projetos\pdv_medusax8\v1.1\EnderecoWindow.xaml(40,50): error CS0102: O tipo "EnderecoWindow" j├í cont├®m uma defini├º├úo para "TxtComplemento" [C:\Users\zacho\OneDrive\Downloads\Documentos\Projetos\pdv_medusax8\PDV_MedusaX8_hznqlc22_wpftmp.csproj]
C:\Users\zacho\OneDrive\Downloads\Documentos\Projetos\pdv_medusax8\v1.1\v1.1\EnderecoWindow.xaml(40,50): error CS0102: O tipo "EnderecoWindow" j├í cont├®m uma defini├º├úo para "TxtComplemento" [C:\Users\zacho\OneDrive\Downloads\Documentos\Projetos\pdv_medusax8\PDV_MedusaX8_hznqlc22_wpftmp.csproj]
C:\Users\zacho\OneDrive\Downloads\Documentos\Projetos\pdv_medusax8\v1.1\EnderecoWindow.xaml(43,50): error CS0102: O tipo "EnderecoWindow" j├í cont├®m uma defini├º├úo para "TxtBairro" [C:\Users\zacho\OneDrive\Downloads\Documentos\Projetos\pdv_medusax8\PDV_MedusaX8_hznqlc22_wpftmp.csproj]
C:\Users\zacho\OneDrive\Downloads\Documentos\Projetos\pdv_medusax8\v1.1\v1.1\EnderecoWindow.xaml(43,50): error CS0102: O tipo "EnderecoWindow" j├í cont├®m uma defini├º├úo para "TxtBairro" [C:\Users\zacho\OneDrive\Downloads\Documentos\Projetos\pdv_medusax8\PDV_MedusaX8_hznqlc22_wpftmp.csproj]
C:\Users\zacho\OneDrive\Downloads\Documentos\Projetos\pdv_medusax8\v1.1\EnderecoWindow.xaml(47,50): error CS0102: O tipo "EnderecoWindow" j├í cont├®m uma defini├º├úo para "TxtCidade" [C:\Users\zacho\OneDrive\Downloads\Documentos\Projetos\pdv_medusax8\PDV_MedusaX8_hznqlc22_wpftmp.csproj]
C:\Users\zacho\OneDrive\Downloads\Documentos\Projetos\pdv_medusax8\v1.1\v1.1\EnderecoWindow.xaml(47,50): error CS0102: O tipo "EnderecoWindow" j├í cont├®m uma defini├º├úo para "TxtCidade" [C:\Users\zacho\OneDrive\Downloads\Documentos\Projetos\pdv_medusax8\PDV_MedusaX8_hznqlc22_wpftmp.csproj]
C:\Users\zacho\OneDrive\Downloads\Documentos\Projetos\pdv_medusax8\v1.1\EnderecoWindow.xaml(52,50): error CS0102: O tipo "EnderecoWindow" j├í cont├®m uma defini├º├úo para "TxtEstado" [C:\Users\zacho\OneDrive\Downloads\Documentos\Projetos\pdv_medusax8\PDV_MedusaX8_hznqlc22_wpftmp.csproj]
C:\Users\zacho\OneDrive\Downloads\Documentos\Projetos\pdv_medusax8\v1.1\v1.1\EnderecoWindow.xaml(52,50): error CS0102: O tipo "EnderecoWindow" j├í cont├®m uma defini├º├úo para "TxtEstado" [C:\Users\zacho\OneDrive\Downloads\Documentos\Projetos\pdv_medusax8\PDV_MedusaX8_hznqlc22_wpftmp.csproj]
C:\Users\zacho\OneDrive\Downloads\Documentos\Projetos\pdv_medusax8\v1.1\EnderecoWindow.xaml(55,50): error CS0102: O tipo "EnderecoWindow" j├í cont├®m uma defini├º├úo para "TxtCep" [C:\Users\zacho\OneDrive\Downloads\Documentos\Projetos\pdv_medusax8\PDV_MedusaX8_hznqlc22_wpftmp.csproj]
C:\Users\zacho\OneDrive\Downloads\Documentos\Projetos\pdv_medusax8\v1.1\v1.1\EnderecoWindow.xaml(55,50): error CS0102: O tipo "EnderecoWindow" j├í cont├®m uma defini├º├úo para "TxtCep" [C:\Users\zacho\OneDrive\Downloads\Documentos\Projetos\pdv_medusax8\PDV_MedusaX8_hznqlc22_wpftmp.csproj]
C:\Users\zacho\OneDrive\Downloads\Documentos\Projetos\pdv_medusax8\obj\Release\net10.0-windows\v1.1\EnderecoWindow.g.cs(106,22): error CS0102: O tipo "EnderecoWindow" j├í cont├®m uma defini├º├úo para "_contentLoaded" [C:\Users\zacho\OneDrive\Downloads\Documentos\Projetos\pdv_medusax8\PDV_MedusaX8_hznqlc22_wpftmp.csproj]
C:\Users\zacho\OneDrive\Downloads\Documentos\Projetos\pdv_medusax8\obj\Release\net10.0-windows\v1.1\v1.1\EnderecoWindow.g.cs(106,22): error CS0102: O tipo "EnderecoWindow" j├í cont├®m uma defini├º├úo para "_contentLoaded" [C:\Users\zacho\OneDrive\Downloads\Documentos\Projetos\pdv_medusax8\PDV_MedusaX8_hznqlc22_wpftmp.csproj]
C:\Users\zacho\OneDrive\Downloads\Documentos\Projetos\pdv_medusax8\obj\Release\net10.0-windows\v1.1\EnderecoWindow.g.cs(113,21): error CS0111: Tipo "EnderecoWindow" j├í define um membro chamado "InitializeComponent" com os mesmos tipos de par├ómetro [C:\Users\zacho\OneDrive\Downloads\Documentos\Projetos\pdv_medusax8\PDV_MedusaX8_hznqlc22_wpftmp.csproj]
C:\Users\zacho\OneDrive\Downloads\Documentos\Projetos\pdv_medusax8\obj\Release\net10.0-windows\v1.1\v1.1\EnderecoWindow.g.cs(113,21): error CS0111: Tipo "EnderecoWindow" j├í define um membro chamado "InitializeComponent" com os mesmos tipos de par├ómetro [C:\Users\zacho\OneDrive\Downloads\Documentos\Projetos\pdv_medusax8\PDV_MedusaX8_hznqlc22_wpftmp.csproj]
C:\Users\zacho\OneDrive\Downloads\Documentos\Projetos\pdv_medusax8\obj\Release\net10.0-windows\v1.1\EnderecoWindow.g.cs(133,56): error CS0111: Tipo "EnderecoWindow" j├í define um membro chamado "System.Windows.Markup.IComponentConnector.Connect" com os mesmos tipos de par├ómetro [C:\Users\zacho\OneDrive\Downloads\Documentos\Projetos\pdv_medusax8\PDV_MedusaX8_hznqlc22_wpftmp.csproj]
C:\Users\zacho\OneDrive\Downloads\Documentos\Projetos\pdv_medusax8\obj\Release\net10.0-windows\v1.1\v1.1\EnderecoWindow.g.cs(133,56): error CS0111: Tipo "EnderecoWindow" j├í define um membro chamado "System.Windows.Markup.IComponentConnector.Connect" com os mesmos tipos de par├ómetro [C:\Users\zacho\OneDrive\Downloads\Documentos\Projetos\pdv_medusax8\PDV_MedusaX8_hznqlc22_wpftmp.csproj]
C:\Users\zacho\OneDrive\Downloads\Documentos\Projetos\pdv_medusax8\v1.1\ConsumidorQuickWindow.xaml.cs(10,23): error CS0102: O tipo "ConsumidorQuickWindow" j├í cont├®m uma defini├º├úo para "ResultName" [C:\Users\zacho\OneDrive\Downloads\Documentos\Projetos\pdv_medusax8\PDV_MedusaX8_hznqlc22_wpftmp.csproj]
C:\Users\zacho\OneDrive\Downloads\Documentos\Projetos\pdv_medusax8\v1.1\v1.1\ConsumidorQuickWindow.xaml.cs(10,23): error CS0102: O tipo "ConsumidorQuickWindow" j├í cont├®m uma defini├º├úo para "ResultName" [C:\Users\zacho\OneDrive\Downloads\Documentos\Projetos\pdv_medusax8\PDV_MedusaX8_hznqlc22_wpftmp.csproj]
C:\Users\zacho\OneDrive\Downloads\Documentos\Projetos\pdv_medusax8\v1.1\ConsumidorQuickWindow.xaml.cs(11,23): error CS0102: O tipo "ConsumidorQuickWindow" j├í cont├®m uma defini├º├úo para "ResultCPF" [C:\Users\zacho\OneDrive\Downloads\Documentos\Projetos\pdv_medusax8\PDV_MedusaX8_hznqlc22_wpftmp.csproj]
C:\Users\zacho\OneDrive\Downloads\Documentos\Projetos\pdv_medusax8\v1.1\v1.1\ConsumidorQuickWindow.xaml.cs(11,23): error CS0102: O tipo "ConsumidorQuickWindow" j├í cont├®m uma defini├º├úo para "ResultCPF" [C:\Users\zacho\OneDrive\Downloads\Documentos\Projetos\pdv_medusax8\PDV_MedusaX8_hznqlc22_wpftmp.csproj]
C:\Users\zacho\OneDrive\Downloads\Documentos\Projetos\pdv_medusax8\v1.1\ConsumidorQuickWindow.xaml.cs(13,16): error CS0111: Tipo "ConsumidorQuickWindow" j├í define um membro chamado "ConsumidorQuickWindow" com os mesmos tipos de par├ómetro [C:\Users\zacho\OneDrive\Downloads\Documentos\Projetos\pdv_medusax8\PDV_MedusaX8_hznqlc22_wpftmp.csproj]
C:\Users\zacho\OneDrive\Downloads\Documentos\Projetos\pdv_medusax8\v1.1\v1.1\ConsumidorQuickWindow.xaml.cs(13,16): error CS0111: Tipo "ConsumidorQuickWindow" j├í define um membro chamado "ConsumidorQuickWindow" com os mesmos tipos de par├ómetro [C:\Users\zacho\OneDrive\Downloads\Documentos\Projetos\pdv_medusax8\PDV_MedusaX8_hznqlc22_wpftmp.csproj]
C:\Users\zacho\OneDrive\Downloads\Documentos\Projetos\pdv_medusax8\v1.1\ConsumidorQuickWindow.xaml.cs(19,22): error CS0111: Tipo "ConsumidorQuickWindow" j├í define um membro chamado "BtnSalvar_Click" com os mesmos tipos de par├ómetro [C:\Users\zacho\OneDrive\Downloads\Documentos\Projetos\pdv_medusax8\PDV_MedusaX8_hznqlc22_wpftmp.csproj]
C:\Users\zacho\OneDrive\Downloads\Documentos\Projetos\pdv_medusax8\v1.1\v1.1\ConsumidorQuickWindow.xaml.cs(19,22): error CS0111: Tipo "ConsumidorQuickWindow" j├í define um membro chamado "BtnSalvar_Click" com os mesmos tipos de par├ómetro [C:\Users\zacho\OneDrive\Downloads\Documentos\Projetos\pdv_medusax8\PDV_MedusaX8_hznqlc22_wpftmp.csproj]
C:\Users\zacho\OneDrive\Downloads\Documentos\Projetos\pdv_medusax8\v1.1\ConsumidorQuickWindow.xaml.cs(44,22): error CS0111: Tipo "ConsumidorQuickWindow" j├í define um membro chamado "BtnCancelar_Click" com os mesmos tipos de par├ómetro [C:\Users\zacho\OneDrive\Downloads\Documentos\Projetos\pdv_medusax8\PDV_MedusaX8_hznqlc22_wpftmp.csproj]
C:\Users\zacho\OneDrive\Downloads\Documentos\Projetos\pdv_medusax8\v1.1\v1.1\ConsumidorQuickWindow.xaml.cs(44,22): error CS0111: Tipo "ConsumidorQuickWindow" j├í define um membro chamado "BtnCancelar_Click" com os mesmos tipos de par├ómetro [C:\Users\zacho\OneDrive\Downloads\Documentos\Projetos\pdv_medusax8\PDV_MedusaX8_hznqlc22_wpftmp.csproj]
C:\Users\zacho\OneDrive\Downloads\Documentos\Projetos\pdv_medusax8\v1.1\ConsumidorQuickWindow.xaml(17,50): error CS0102: O tipo "ConsumidorQuickWindow" j├í cont├®m uma defini├º├úo para "TxtNome" [C:\Users\zacho\OneDrive\Downloads\Documentos\Projetos\pdv_medusax8\PDV_MedusaX8_hznqlc22_wpftmp.csproj]
C:\Users\zacho\OneDrive\Downloads\Documentos\Projetos\pdv_medusax8\v1.1\v1.1\ConsumidorQuickWindow.xaml(17,50): error CS0102: O tipo "ConsumidorQuickWindow" j├í cont├®m uma defini├º├úo para "TxtNome" [C:\Users\zacho\OneDrive\Downloads\Documentos\Projetos\pdv_medusax8\PDV_MedusaX8_hznqlc22_wpftmp.csproj]
C:\Users\zacho\OneDrive\Downloads\Documentos\Projetos\pdv_medusax8\v1.1\ConsumidorQuickWindow.xaml(21,50): error CS0102: O tipo "ConsumidorQuickWindow" j├í cont├®m uma defini├º├úo para "TxtCPF" [C:\Users\zacho\OneDrive\Downloads\Documentos\Projetos\pdv_medusax8\PDV_MedusaX8_hznqlc22_wpftmp.csproj]
C:\Users\zacho\OneDrive\Downloads\Documentos\Projetos\pdv_medusax8\v1.1\v1.1\ConsumidorQuickWindow.xaml(21,50): error CS0102: O tipo "ConsumidorQuickWindow" j├í cont├®m uma defini├º├úo para "TxtCPF" [C:\Users\zacho\OneDrive\Downloads\Documentos\Projetos\pdv_medusax8\PDV_MedusaX8_hznqlc22_wpftmp.csproj]
C:\Users\zacho\OneDrive\Downloads\Documentos\Projetos\pdv_medusax8\v1.1\ConsumidorQuickWindow.xaml(25,49): error CS0102: O tipo "ConsumidorQuickWindow" j├í cont├®m uma defini├º├úo para "BtnSalvar" [C:\Users\zacho\OneDrive\Downloads\Documentos\Projetos\pdv_medusax8\PDV_MedusaX8_hznqlc22_wpftmp.csproj]
C:\Users\zacho\OneDrive\Downloads\Documentos\Projetos\pdv_medusax8\v1.1\v1.1\ConsumidorQuickWindow.xaml(25,49): error CS0102: O tipo "ConsumidorQuickWindow" j├í cont├®m uma defini├º├úo para "BtnSalvar" [C:\Users\zacho\OneDrive\Downloads\Documentos\Projetos\pdv_medusax8\PDV_MedusaX8_hznqlc22_wpftmp.csproj]
C:\Users\zacho\OneDrive\Downloads\Documentos\Projetos\pdv_medusax8\v1.1\ConsumidorQuickWindow.xaml(26,49): error CS0102: O tipo "ConsumidorQuickWindow" j├í cont├®m uma defini├º├úo para "BtnCancelar" [C:\Users\zacho\OneDrive\Downloads\Documentos\Projetos\pdv_medusax8\PDV_MedusaX8_hznqlc22_wpftmp.csproj]
C:\Users\zacho\OneDrive\Downloads\Documentos\Projetos\pdv_medusax8\v1.1\v1.1\ConsumidorQuickWindow.xaml(26,49): error CS0102: O tipo "ConsumidorQuickWindow" j├í cont├®m uma defini├º├úo para "BtnCancelar" [C:\Users\zacho\OneDrive\Downloads\Documentos\Projetos\pdv_medusax8\PDV_MedusaX8_hznqlc22_wpftmp.csproj]
C:\Users\zacho\OneDrive\Downloads\Documentos\Projetos\pdv_medusax8\obj\Release\net10.0-windows\v1.1\ConsumidorQuickWindow.g.cs(74,22): error CS0102: O tipo "ConsumidorQuickWindow" j├í cont├®m uma defini├º├úo para "_contentLoaded" [C:\Users\zacho\OneDrive\Downloads\Documentos\Projetos\pdv_medusax8\PDV_MedusaX8_hznqlc22_wpftmp.csproj]
C:\Users\zacho\OneDrive\Downloads\Documentos\Projetos\pdv_medusax8\obj\Release\net10.0-windows\v1.1\v1.1\ConsumidorQuickWindow.g.cs(74,22): error CS0102: O tipo "ConsumidorQuickWindow" j├í cont├®m uma defini├º├úo para "_contentLoaded" [C:\Users\zacho\OneDrive\Downloads\Documentos\Projetos\pdv_medusax8\PDV_MedusaX8_hznqlc22_wpftmp.csproj]
C:\Users\zacho\OneDrive\Downloads\Documentos\Projetos\pdv_medusax8\obj\Release\net10.0-windows\v1.1\ConsumidorQuickWindow.g.cs(81,21): error CS0111: Tipo "ConsumidorQuickWindow" j├í define um membro chamado "InitializeComponent" com os mesmos tipos de par├ómetro [C:\Users\zacho\OneDrive\Downloads\Documentos\Projetos\pdv_medusax8\PDV_MedusaX8_hznqlc22_wpftmp.csproj]
C:\Users\zacho\OneDrive\Downloads\Documentos\Projetos\pdv_medusax8\obj\Release\net10.0-windows\v1.1\v1.1\ConsumidorQuickWindow.g.cs(81,21): error CS0111: Tipo "ConsumidorQuickWindow" j├í define um membro chamado "InitializeComponent" com os mesmos tipos de par├ómetro [C:\Users\zacho\OneDrive\Downloads\Documentos\Projetos\pdv_medusax8\PDV_MedusaX8_hznqlc22_wpftmp.csproj]
C:\Users\zacho\OneDrive\Downloads\Documentos\Projetos\pdv_medusax8\obj\Release\net10.0-windows\v1.1\ConsumidorQuickWindow.g.cs(101,56): error CS0111: Tipo "ConsumidorQuickWindow" j├í define um membro chamado "System.Windows.Markup.IComponentConnector.Connect" com os mesmos tipos de par├ómetro [C:\Users\zacho\OneDrive\Downloads\Documentos\Projetos\pdv_medusax8\PDV_MedusaX8_hznqlc22_wpftmp.csproj]
C:\Users\zacho\OneDrive\Downloads\Documentos\Projetos\pdv_medusax8\obj\Release\net10.0-windows\v1.1\v1.1\ConsumidorQuickWindow.g.cs(101,56): error CS0111: Tipo "ConsumidorQuickWindow" j├í define um membro chamado "System.Windows.Markup.IComponentConnector.Connect" com os mesmos tipos de par├ómetro [C:\Users\zacho\OneDrive\Downloads\Documentos\Projetos\pdv_medusax8\PDV_MedusaX8_hznqlc22_wpftmp.csproj]
C:\Users\zacho\OneDrive\Downloads\Documentos\Projetos\pdv_medusax8\v1.1\ChequeWindow.xaml.cs(16,23): error CS0102: O tipo "ChequeWindow" j├í cont├®m uma defini├º├úo para "BankItem" [C:\Users\zacho\OneDrive\Downloads\Documentos\Projetos\pdv_medusax8\PDV_MedusaX8_hznqlc22_wpftmp.csproj]
C:\Users\zacho\OneDrive\Downloads\Documentos\Projetos\pdv_medusax8\v1.1\v1.1\ChequeWindow.xaml.cs(16,23): error CS0102: O tipo "ChequeWindow" j├í cont├®m uma defini├º├úo para "BankItem" [C:\Users\zacho\OneDrive\Downloads\Documentos\Projetos\pdv_medusax8\PDV_MedusaX8_hznqlc22_wpftmp.csproj]
C:\Users\zacho\OneDrive\Downloads\Documentos\Projetos\pdv_medusax8\v1.1\FechamentoCaixaWindow.xaml.cs(21,23): error CS0102: O tipo "FechamentoCaixaWindow" j├í cont├®m uma defini├º├úo para "PagamentoResumo" [C:\Users\zacho\OneDrive\Downloads\Documentos\Projetos\pdv_medusax8\PDV_MedusaX8_hznqlc22_wpftmp.csproj]
C:\Users\zacho\OneDrive\Downloads\Documentos\Projetos\pdv_medusax8\v1.1\v1.1\FechamentoCaixaWindow.xaml.cs(21,23): error CS0102: O tipo "FechamentoCaixaWindow" j├í cont├®m uma defini├º├úo para "PagamentoResumo" [C:\Users\zacho\OneDrive\Downloads\Documentos\Projetos\pdv_medusax8\PDV_MedusaX8_hznqlc22_wpftmp.csproj]
C:\Users\zacho\OneDrive\Downloads\Documentos\Projetos\pdv_medusax8\v1.1\ConsumidorWindow.xaml.cs(22,36): error CS0111: Tipo "ConsumidorWindow.ClienteResultado" j├í define um membro chamado "ToString" com os mesmos tipos de par├ómetro [C:\Users\zacho\OneDrive\Downloads\Documentos\Projetos\pdv_medusax8\PDV_MedusaX8_hznqlc22_wpftmp.csproj]
C:\Users\zacho\OneDrive\Downloads\Documentos\Projetos\pdv_medusax8\v1.1\v1.1\ConsumidorWindow.xaml.cs(22,36): error CS0111: Tipo "ConsumidorWindow.ClienteResultado" j├í define um membro chamado "ToString" com os mesmos tipos de par├ómetro [C:\Users\zacho\OneDrive\Downloads\Documentos\Projetos\pdv_medusax8\PDV_MedusaX8_hznqlc22_wpftmp.csproj]
C:\Users\zacho\OneDrive\Downloads\Documentos\Projetos\pdv_medusax8\FechamentoCaixaWindow.xaml.cs(11,26): error CS8646: 'IComponentConnector.Connect(int, object)' ├® implementado explicitamente mais de uma vez. [C:\Users\zacho\OneDrive\Downloads\Documentos\Projetos\pdv_medusax8\PDV_MedusaX8_hznqlc22_wpftmp.csproj]
C:\Users\zacho\OneDrive\Downloads\Documentos\Projetos\pdv_medusax8\MunicipioSearchWindow.xaml.cs(18,26): error CS8646: 'IComponentConnector.Connect(int, object)' ├® implementado explicitamente mais de uma vez. [C:\Users\zacho\OneDrive\Downloads\Documentos\Projetos\pdv_medusax8\PDV_MedusaX8_hznqlc22_wpftmp.csproj]
C:\Users\zacho\OneDrive\Downloads\Documentos\Projetos\pdv_medusax8\v1.1\FechamentoCaixaWindow.xaml.cs(13,16): error CS0111: Tipo "FechamentoCaixaWindow" j├í define um membro chamado "FechamentoCaixaWindow" com os mesmos tipos de par├ómetro [C:\Users\zacho\OneDrive\Downloads\Documentos\Projetos\pdv_medusax8\PDV_MedusaX8_hznqlc22_wpftmp.csproj]
C:\Users\zacho\OneDrive\Downloads\Documentos\Projetos\pdv_medusax8\v1.1\v1.1\FechamentoCaixaWindow.xaml.cs(13,16): error CS0111: Tipo "FechamentoCaixaWindow" j├í define um membro chamado "FechamentoCaixaWindow" com os mesmos tipos de par├ómetro [C:\Users\zacho\OneDrive\Downloads\Documentos\Projetos\pdv_medusax8\PDV_MedusaX8_hznqlc22_wpftmp.csproj]
C:\Users\zacho\OneDrive\Downloads\Documentos\Projetos\pdv_medusax8\v1.1\FechamentoCaixaWindow.xaml.cs(19,24): error CS0111: Tipo "FechamentoCaixaWindow" j├í define um membro chamado "GetConnectionString" com os mesmos tipos de par├ómetro [C:\Users\zacho\OneDrive\Downloads\Documentos\Projetos\pdv_medusax8\PDV_MedusaX8_hznqlc22_wpftmp.csproj]
C:\Users\zacho\OneDrive\Downloads\Documentos\Projetos\pdv_medusax8\v1.1\v1.1\FechamentoCaixaWindow.xaml.cs(19,24): error CS0111: Tipo "FechamentoCaixaWindow" j├í define um membro chamado "GetConnectionString" com os mesmos tipos de par├ómetro [C:\Users\zacho\OneDrive\Downloads\Documentos\Projetos\pdv_medusax8\PDV_MedusaX8_hznqlc22_wpftmp.csproj]
C:\Users\zacho\OneDrive\Downloads\Documentos\Projetos\pdv_medusax8\v1.1\FechamentoCaixaWindow.xaml.cs(28,22): error CS0111: Tipo "FechamentoCaixaWindow" j├í define um membro chamado "FechamentoCaixaWindow_Loaded" com os mesmos tipos de par├ómetro [C:\Users\zacho\OneDrive\Downloads\Documentos\Projetos\pdv_medusax8\PDV_MedusaX8_hznqlc22_wpftmp.csproj]
C:\Users\zacho\OneDrive\Downloads\Documentos\Projetos\pdv_medusax8\v1.1\v1.1\FechamentoCaixaWindow.xaml.cs(28,22): error CS0111: Tipo "FechamentoCaixaWindow" j├í define um membro chamado "FechamentoCaixaWindow_Loaded" com os mesmos tipos de par├ómetro [C:\Users\zacho\OneDrive\Downloads\Documentos\Projetos\pdv_medusax8\PDV_MedusaX8_hznqlc22_wpftmp.csproj]
C:\Users\zacho\OneDrive\Downloads\Documentos\Projetos\pdv_medusax8\v1.1\FechamentoCaixaWindow.xaml.cs(113,24): error CS0111: Tipo "FechamentoCaixaWindow" j├í define um membro chamado "MapTPag" com os mesmos tipos de par├ómetro [C:\Users\zacho\OneDrive\Downloads\Documentos\Projetos\pdv_medusax8\PDV_MedusaX8_hznqlc22_wpftmp.csproj]
C:\Users\zacho\OneDrive\Downloads\Documentos\Projetos\pdv_medusax8\v1.1\v1.1\FechamentoCaixaWindow.xaml.cs(113,24): error CS0111: Tipo "FechamentoCaixaWindow" j├í define um membro chamado "MapTPag" com os mesmos tipos de par├ómetro [C:\Users\zacho\OneDrive\Downloads\Documentos\Projetos\pdv_medusax8\PDV_MedusaX8_hznqlc22_wpftmp.csproj]
C:\Users\zacho\OneDrive\Downloads\Documentos\Projetos\pdv_medusax8\v1.1\FechamentoCaixaWindow.xaml.cs(128,22): error CS0111: Tipo "FechamentoCaixaWindow" j├í define um membro chamado "BtnImprimir_Click" com os mesmos tipos de par├ómetro [C:\Users\zacho\OneDrive\Downloads\Documentos\Projetos\pdv_medusax8\PDV_MedusaX8_hznqlc22_wpftmp.csproj]
C:\Users\zacho\OneDrive\Downloads\Documentos\Projetos\pdv_medusax8\v1.1\v1.1\FechamentoCaixaWindow.xaml.cs(128,22): error CS0111: Tipo "FechamentoCaixaWindow" j├í define um membro chamado "BtnImprimir_Click" com os mesmos tipos de par├ómetro [C:\Users\zacho\OneDrive\Downloads\Documentos\Projetos\pdv_medusax8\PDV_MedusaX8_hznqlc22_wpftmp.csproj]
C:\Users\zacho\OneDrive\Downloads\Documentos\Projetos\pdv_medusax8\v1.1\FechamentoCaixaWindow.xaml.cs(151,22): error CS0111: Tipo "FechamentoCaixaWindow" j├í define um membro chamado "BtnFechar_Click" com os mesmos tipos de par├ómetro [C:\Users\zacho\OneDrive\Downloads\Documentos\Projetos\pdv_medusax8\PDV_MedusaX8_hznqlc22_wpftmp.csproj]
C:\Users\zacho\OneDrive\Downloads\Documentos\Projetos\pdv_medusax8\v1.1\v1.1\FechamentoCaixaWindow.xaml.cs(151,22): error CS0111: Tipo "FechamentoCaixaWindow" j├í define um membro chamado "BtnFechar_Click" com os mesmos tipos de par├ómetro [C:\Users\zacho\OneDrive\Downloads\Documentos\Projetos\pdv_medusax8\PDV_MedusaX8_hznqlc22_wpftmp.csproj]
C:\Users\zacho\OneDrive\Downloads\Documentos\Projetos\pdv_medusax8\v1.1\FechamentoCaixaWindow.xaml.cs(195,24): error CS0111: Tipo "FechamentoCaixaWindow" j├í define um membro chamado "ParseCurrency" com os mesmos tipos de par├ómetro [C:\Users\zacho\OneDrive\Downloads\Documentos\Projetos\pdv_medusax8\PDV_MedusaX8_hznqlc22_wpftmp.csproj]
C:\Users\zacho\OneDrive\Downloads\Documentos\Projetos\pdv_medusax8\v1.1\v1.1\FechamentoCaixaWindow.xaml.cs(195,24): error CS0111: Tipo "FechamentoCaixaWindow" j├í define um membro chamado "ParseCurrency" com os mesmos tipos de par├ómetro [C:\Users\zacho\OneDrive\Downloads\Documentos\Projetos\pdv_medusax8\PDV_MedusaX8_hznqlc22_wpftmp.csproj]
C:\Users\zacho\OneDrive\Downloads\Documentos\Projetos\pdv_medusax8\v1.1\FechamentoCaixaWindow.xaml.cs(206,22): error CS0111: Tipo "FechamentoCaixaWindow" j├í define um membro chamado "BtnSair_Click" com os mesmos tipos de par├ómetro [C:\Users\zacho\OneDrive\Downloads\Documentos\Projetos\pdv_medusax8\PDV_MedusaX8_hznqlc22_wpftmp.csproj]
C:\Users\zacho\OneDrive\Downloads\Documentos\Projetos\pdv_medusax8\v1.1\v1.1\FechamentoCaixaWindow.xaml.cs(206,22): error CS0111: Tipo "FechamentoCaixaWindow" j├í define um membro chamado "BtnSair_Click" com os mesmos tipos de par├ómetro [C:\Users\zacho\OneDrive\Downloads\Documentos\Projetos\pdv_medusax8\PDV_MedusaX8_hznqlc22_wpftmp.csproj]
C:\Users\zacho\OneDrive\Downloads\Documentos\Projetos\pdv_medusax8\v1.1\FechamentoCaixaWindow.xaml(25,52): error CS0102: O tipo "FechamentoCaixaWindow" j├í cont├®m uma defini├º├úo para "TxtPeriodo" [C:\Users\zacho\OneDrive\Downloads\Documentos\Projetos\pdv_medusax8\PDV_MedusaX8_hznqlc22_wpftmp.csproj]
C:\Users\zacho\OneDrive\Downloads\Documentos\Projetos\pdv_medusax8\v1.1\v1.1\FechamentoCaixaWindow.xaml(25,52): error CS0102: O tipo "FechamentoCaixaWindow" j├í cont├®m uma defini├º├úo para "TxtPeriodo" [C:\Users\zacho\OneDrive\Downloads\Documentos\Projetos\pdv_medusax8\PDV_MedusaX8_hznqlc22_wpftmp.csproj]
C:\Users\zacho\OneDrive\Downloads\Documentos\Projetos\pdv_medusax8\v1.1\FechamentoCaixaWindow.xaml(30,52): error CS0102: O tipo "FechamentoCaixaWindow" j├í cont├®m uma defini├º├úo para "TxtTotalVendas" [C:\Users\zacho\OneDrive\Downloads\Documentos\Projetos\pdv_medusax8\PDV_MedusaX8_hznqlc22_wpftmp.csproj]
C:\Users\zacho\OneDrive\Downloads\Documentos\Projetos\pdv_medusax8\v1.1\v1.1\FechamentoCaixaWindow.xaml(30,52): error CS0102: O tipo "FechamentoCaixaWindow" j├í cont├®m uma defini├º├úo para "TxtTotalVendas" [C:\Users\zacho\OneDrive\Downloads\Documentos\Projetos\pdv_medusax8\PDV_MedusaX8_hznqlc22_wpftmp.csproj]
C:\Users\zacho\OneDrive\Downloads\Documentos\Projetos\pdv_medusax8\v1.1\FechamentoCaixaWindow.xaml(34,52): error CS0102: O tipo "FechamentoCaixaWindow" j├í cont├®m uma defini├º├úo para "TxtQtdVendas" [C:\Users\zacho\OneDrive\Downloads\Documentos\Projetos\pdv_medusax8\PDV_MedusaX8_hznqlc22_wpftmp.csproj]
C:\Users\zacho\OneDrive\Downloads\Documentos\Projetos\pdv_medusax8\v1.1\v1.1\FechamentoCaixaWindow.xaml(34,52): error CS0102: O tipo "FechamentoCaixaWindow" j├í cont├®m uma defini├º├úo para "TxtQtdVendas" [C:\Users\zacho\OneDrive\Downloads\Documentos\Projetos\pdv_medusax8\PDV_MedusaX8_hznqlc22_wpftmp.csproj]
C:\Users\zacho\OneDrive\Downloads\Documentos\Projetos\pdv_medusax8\v1.1\FechamentoCaixaWindow.xaml(40,52): error CS0102: O tipo "FechamentoCaixaWindow" j├í cont├®m uma defini├º├úo para "TxtTotalAbertura" [C:\Users\zacho\OneDrive\Downloads\Documentos\Projetos\pdv_medusax8\PDV_MedusaX8_hznqlc22_wpftmp.csproj]
C:\Users\zacho\OneDrive\Downloads\Documentos\Projetos\pdv_medusax8\v1.1\v1.1\FechamentoCaixaWindow.xaml(40,52): error CS0102: O tipo "FechamentoCaixaWindow" j├í cont├®m uma defini├º├úo para "TxtTotalAbertura" [C:\Users\zacho\OneDrive\Downloads\Documentos\Projetos\pdv_medusax8\PDV_MedusaX8_hznqlc22_wpftmp.csproj]
C:\Users\zacho\OneDrive\Downloads\Documentos\Projetos\pdv_medusax8\v1.1\FechamentoCaixaWindow.xaml(44,52): error CS0102: O tipo "FechamentoCaixaWindow" j├í cont├®m uma defini├º├úo para "TxtTotalSuprimento" [C:\Users\zacho\OneDrive\Downloads\Documentos\Projetos\pdv_medusax8\PDV_MedusaX8_hznqlc22_wpftmp.csproj]
C:\Users\zacho\OneDrive\Downloads\Documentos\Projetos\pdv_medusax8\v1.1\v1.1\FechamentoCaixaWindow.xaml(44,52): error CS0102: O tipo "FechamentoCaixaWindow" j├í cont├®m uma defini├º├úo para "TxtTotalSuprimento" [C:\Users\zacho\OneDrive\Downloads\Documentos\Projetos\pdv_medusax8\PDV_MedusaX8_hznqlc22_wpftmp.csproj]
C:\Users\zacho\OneDrive\Downloads\Documentos\Projetos\pdv_medusax8\v1.1\FechamentoCaixaWindow.xaml(48,52): error CS0102: O tipo "FechamentoCaixaWindow" j├í cont├®m uma defini├º├úo para "TxtTotalSangria" [C:\Users\zacho\OneDrive\Downloads\Documentos\Projetos\pdv_medusax8\PDV_MedusaX8_hznqlc22_wpftmp.csproj]
C:\Users\zacho\OneDrive\Downloads\Documentos\Projetos\pdv_medusax8\v1.1\v1.1\FechamentoCaixaWindow.xaml(48,52): error CS0102: O tipo "FechamentoCaixaWindow" j├í cont├®m uma defini├º├úo para "TxtTotalSangria" [C:\Users\zacho\OneDrive\Downloads\Documentos\Projetos\pdv_medusax8\PDV_MedusaX8_hznqlc22_wpftmp.csproj]
C:\Users\zacho\OneDrive\Downloads\Documentos\Projetos\pdv_medusax8\v1.1\FechamentoCaixaWindow.xaml(57,52): error CS0102: O tipo "FechamentoCaixaWindow" j├í cont├®m uma defini├º├úo para "TxtTotalNFCe" [C:\Users\zacho\OneDrive\Downloads\Documentos\Projetos\pdv_medusax8\PDV_MedusaX8_hznqlc22_wpftmp.csproj]
C:\Users\zacho\OneDrive\Downloads\Documentos\Projetos\pdv_medusax8\v1.1\v1.1\FechamentoCaixaWindow.xaml(57,52): error CS0102: O tipo "FechamentoCaixaWindow" j├í cont├®m uma defini├º├úo para "TxtTotalNFCe" [C:\Users\zacho\OneDrive\Downloads\Documentos\Projetos\pdv_medusax8\PDV_MedusaX8_hznqlc22_wpftmp.csproj]
C:\Users\zacho\OneDrive\Downloads\Documentos\Projetos\pdv_medusax8\v1.1\FechamentoCaixaWindow.xaml(61,52): error CS0102: O tipo "FechamentoCaixaWindow" j├í cont├®m uma defini├º├úo para "TxtQtdNFCe" [C:\Users\zacho\OneDrive\Downloads\Documentos\Projetos\pdv_medusax8\PDV_MedusaX8_hznqlc22_wpftmp.csproj]
C:\Users\zacho\OneDrive\Downloads\Documentos\Projetos\pdv_medusax8\v1.1\v1.1\FechamentoCaixaWindow.xaml(61,52): error CS0102: O tipo "FechamentoCaixaWindow" j├í cont├®m uma defini├º├úo para "TxtQtdNFCe" [C:\Users\zacho\OneDrive\Downloads\Documentos\Projetos\pdv_medusax8\PDV_MedusaX8_hznqlc22_wpftmp.csproj]
C:\Users\zacho\OneDrive\Downloads\Documentos\Projetos\pdv_medusax8\v1.1\FechamentoCaixaWindow.xaml(65,51): error CS0102: O tipo "FechamentoCaixaWindow" j├í cont├®m uma defini├º├úo para "LstPagamentosNFCe" [C:\Users\zacho\OneDrive\Downloads\Documentos\Projetos\pdv_medusax8\PDV_MedusaX8_hznqlc22_wpftmp.csproj]
C:\Users\zacho\OneDrive\Downloads\Documentos\Projetos\pdv_medusax8\v1.1\v1.1\FechamentoCaixaWindow.xaml(65,51): error CS0102: O tipo "FechamentoCaixaWindow" j├í cont├®m uma defini├º├úo para "LstPagamentosNFCe" [C:\Users\zacho\OneDrive\Downloads\Documentos\Projetos\pdv_medusax8\PDV_MedusaX8_hznqlc22_wpftmp.csproj]
C:\Users\zacho\OneDrive\Downloads\Documentos\Projetos\pdv_medusax8\obj\Release\net10.0-windows\v1.1\FechamentoCaixaWindow.g.cs(114,22): error CS0102: O tipo "FechamentoCaixaWindow" j├í cont├®m uma defini├º├úo para "_contentLoaded" [C:\Users\zacho\OneDrive\Downloads\Documentos\Projetos\pdv_medusax8\PDV_MedusaX8_hznqlc22_wpftmp.csproj]
C:\Users\zacho\OneDrive\Downloads\Documentos\Projetos\pdv_medusax8\obj\Release\net10.0-windows\v1.1\v1.1\FechamentoCaixaWindow.g.cs(114,22): error CS0102: O tipo "FechamentoCaixaWindow" j├í cont├®m uma defini├º├úo para "_contentLoaded" [C:\Users\zacho\OneDrive\Downloads\Documentos\Projetos\pdv_medusax8\PDV_MedusaX8_hznqlc22_wpftmp.csproj]
C:\Users\zacho\OneDrive\Downloads\Documentos\Projetos\pdv_medusax8\obj\Release\net10.0-windows\v1.1\FechamentoCaixaWindow.g.cs(121,21): error CS0111: Tipo "FechamentoCaixaWindow" j├í define um membro chamado "InitializeComponent" com os mesmos tipos de par├ómetro [C:\Users\zacho\OneDrive\Downloads\Documentos\Projetos\pdv_medusax8\PDV_MedusaX8_hznqlc22_wpftmp.csproj]
C:\Users\zacho\OneDrive\Downloads\Documentos\Projetos\pdv_medusax8\obj\Release\net10.0-windows\v1.1\v1.1\FechamentoCaixaWindow.g.cs(121,21): error CS0111: Tipo "FechamentoCaixaWindow" j├í define um membro chamado "InitializeComponent" com os mesmos tipos de par├ómetro [C:\Users\zacho\OneDrive\Downloads\Documentos\Projetos\pdv_medusax8\PDV_MedusaX8_hznqlc22_wpftmp.csproj]
C:\Users\zacho\OneDrive\Downloads\Documentos\Projetos\pdv_medusax8\obj\Release\net10.0-windows\v1.1\FechamentoCaixaWindow.g.cs(141,56): error CS0111: Tipo "FechamentoCaixaWindow" j├í define um membro chamado "System.Windows.Markup.IComponentConnector.Connect" com os mesmos tipos de par├ómetro [C:\Users\zacho\OneDrive\Downloads\Documentos\Projetos\pdv_medusax8\PDV_MedusaX8_hznqlc22_wpftmp.csproj]
C:\Users\zacho\OneDrive\Downloads\Documentos\Projetos\pdv_medusax8\obj\Release\net10.0-windows\v1.1\v1.1\FechamentoCaixaWindow.g.cs(141,56): error CS0111: Tipo "FechamentoCaixaWindow" j├í define um membro chamado "System.Windows.Markup.IComponentConnector.Connect" com os mesmos tipos de par├ómetro [C:\Users\zacho\OneDrive\Downloads\Documentos\Projetos\pdv_medusax8\PDV_MedusaX8_hznqlc22_wpftmp.csproj]
C:\Users\zacho\OneDrive\Downloads\Documentos\Projetos\pdv_medusax8\v1.1\MunicipioSearchWindow.xaml.cs(20,51): error CS0102: O tipo "MunicipioSearchWindow" j├í cont├®m uma defini├º├úo para "Municipios" [C:\Users\zacho\OneDrive\Downloads\Documentos\Projetos\pdv_medusax8\PDV_MedusaX8_hznqlc22_wpftmp.csproj]
C:\Users\zacho\OneDrive\Downloads\Documentos\Projetos\pdv_medusax8\v1.1\v1.1\MunicipioSearchWindow.xaml.cs(20,51): error CS0102: O tipo "MunicipioSearchWindow" j├í cont├®m uma defini├º├úo para "Municipios" [C:\Users\zacho\OneDrive\Downloads\Documentos\Projetos\pdv_medusax8\PDV_MedusaX8_hznqlc22_wpftmp.csproj]
C:\Users\zacho\OneDrive\Downloads\Documentos\Projetos\pdv_medusax8\v1.1\MunicipioSearchWindow.xaml.cs(21,30): error CS0102: O tipo "MunicipioSearchWindow" j├í cont├®m uma defini├º├úo para "SelectedMunicipio" [C:\Users\zacho\OneDrive\Downloads\Documentos\Projetos\pdv_medusax8\PDV_MedusaX8_hznqlc22_wpftmp.csproj]
C:\Users\zacho\OneDrive\Downloads\Documentos\Projetos\pdv_medusax8\v1.1\v1.1\MunicipioSearchWindow.xaml.cs(21,30): error CS0102: O tipo "MunicipioSearchWindow" j├í cont├®m uma defini├º├úo para "SelectedMunicipio" [C:\Users\zacho\OneDrive\Downloads\Documentos\Projetos\pdv_medusax8\PDV_MedusaX8_hznqlc22_wpftmp.csproj]
C:\Users\zacho\OneDrive\Downloads\Documentos\Projetos\pdv_medusax8\v1.1\MunicipioSearchWindow.xaml.cs(23,16): error CS0111: Tipo "MunicipioSearchWindow" j├í define um membro chamado "MunicipioSearchWindow" com os mesmos tipos de par├ómetro [C:\Users\zacho\OneDrive\Downloads\Documentos\Projetos\pdv_medusax8\PDV_MedusaX8_hznqlc22_wpftmp.csproj]
C:\Users\zacho\OneDrive\Downloads\Documentos\Projetos\pdv_medusax8\v1.1\v1.1\MunicipioSearchWindow.xaml.cs(23,16): error CS0111: Tipo "MunicipioSearchWindow" j├í define um membro chamado "MunicipioSearchWindow" com os mesmos tipos de par├ómetro [C:\Users\zacho\OneDrive\Downloads\Documentos\Projetos\pdv_medusax8\PDV_MedusaX8_hznqlc22_wpftmp.csproj]
C:\Users\zacho\OneDrive\Downloads\Documentos\Projetos\pdv_medusax8\v1.1\MunicipioSearchWindow.xaml.cs(29,22): error CS0111: Tipo "MunicipioSearchWindow" j├í define um membro chamado "Cancel_Click" com os mesmos tipos de par├ómetro [C:\Users\zacho\OneDrive\Downloads\Documentos\Projetos\pdv_medusax8\PDV_MedusaX8_hznqlc22_wpftmp.csproj]
C:\Users\zacho\OneDrive\Downloads\Documentos\Projetos\pdv_medusax8\v1.1\v1.1\MunicipioSearchWindow.xaml.cs(29,22): error CS0111: Tipo "MunicipioSearchWindow" j├í define um membro chamado "Cancel_Click" com os mesmos tipos de par├ómetro [C:\Users\zacho\OneDrive\Downloads\Documentos\Projetos\pdv_medusax8\PDV_MedusaX8_hznqlc22_wpftmp.csproj]
C:\Users\zacho\OneDrive\Downloads\Documentos\Projetos\pdv_medusax8\v1.1\MunicipioSearchWindow.xaml.cs(35,22): error CS0111: Tipo "MunicipioSearchWindow" j├í define um membro chamado "Ok_Click" com os mesmos tipos de par├ómetro [C:\Users\zacho\OneDrive\Downloads\Documentos\Projetos\pdv_medusax8\PDV_MedusaX8_hznqlc22_wpftmp.csproj]
C:\Users\zacho\OneDrive\Downloads\Documentos\Projetos\pdv_medusax8\v1.1\v1.1\MunicipioSearchWindow.xaml.cs(35,22): error CS0111: Tipo "MunicipioSearchWindow" j├í define um membro chamado "Ok_Click" com os mesmos tipos de par├ómetro [C:\Users\zacho\OneDrive\Downloads\Documentos\Projetos\pdv_medusax8\PDV_MedusaX8_hznqlc22_wpftmp.csproj]
C:\Users\zacho\OneDrive\Downloads\Documentos\Projetos\pdv_medusax8\v1.1\MunicipioSearchWindow.xaml.cs(49,22): error CS0111: Tipo "MunicipioSearchWindow" j├í define um membro chamado "Buscar_Click" com os mesmos tipos de par├ómetro [C:\Users\zacho\OneDrive\Downloads\Documentos\Projetos\pdv_medusax8\PDV_MedusaX8_hznqlc22_wpftmp.csproj]
C:\Users\zacho\OneDrive\Downloads\Documentos\Projetos\pdv_medusax8\v1.1\v1.1\MunicipioSearchWindow.xaml.cs(49,22): error CS0111: Tipo "MunicipioSearchWindow" j├í define um membro chamado "Buscar_Click" com os mesmos tipos de par├ómetro [C:\Users\zacho\OneDrive\Downloads\Documentos\Projetos\pdv_medusax8\PDV_MedusaX8_hznqlc22_wpftmp.csproj]
C:\Users\zacho\OneDrive\Downloads\Documentos\Projetos\pdv_medusax8\v1.1\MunicipioSearchWindow.xaml.cs(55,22): error CS0111: Tipo "MunicipioSearchWindow" j├í define um membro chamado "LoadMunicipios" com os mesmos tipos de par├ómetro [C:\Users\zacho\OneDrive\Downloads\Documentos\Projetos\pdv_medusax8\PDV_MedusaX8_hznqlc22_wpftmp.csproj]
C:\Users\zacho\OneDrive\Downloads\Documentos\Projetos\pdv_medusax8\v1.1\v1.1\MunicipioSearchWindow.xaml.cs(55,22): error CS0111: Tipo "MunicipioSearchWindow" j├í define um membro chamado "LoadMunicipios" com os mesmos tipos de par├ómetro [C:\Users\zacho\OneDrive\Downloads\Documentos\Projetos\pdv_medusax8\PDV_MedusaX8_hznqlc22_wpftmp.csproj]
C:\Users\zacho\OneDrive\Downloads\Documentos\Projetos\pdv_medusax8\v1.1\MunicipioSearchWindow.xaml.cs(91,24): error CS0111: Tipo "MunicipioSearchWindow" j├í define um membro chamado "GetConnectionString" com os mesmos tipos de par├ómetro [C:\Users\zacho\OneDrive\Downloads\Documentos\Projetos\pdv_medusax8\PDV_MedusaX8_hznqlc22_wpftmp.csproj]
C:\Users\zacho\OneDrive\Downloads\Documentos\Projetos\pdv_medusax8\v1.1\v1.1\MunicipioSearchWindow.xaml.cs(91,24): error CS0111: Tipo "MunicipioSearchWindow" j├í define um membro chamado "GetConnectionString" com os mesmos tipos de par├ómetro [C:\Users\zacho\OneDrive\Downloads\Documentos\Projetos\pdv_medusax8\PDV_MedusaX8_hznqlc22_wpftmp.csproj]
C:\Users\zacho\OneDrive\Downloads\Documentos\Projetos\pdv_medusax8\v1.1\MunicipioSearchWindow.xaml(18,50): error CS0102: O tipo "MunicipioSearchWindow" j├í cont├®m uma defini├º├úo para "TxtQuery" [C:\Users\zacho\OneDrive\Downloads\Documentos\Projetos\pdv_medusax8\PDV_MedusaX8_hznqlc22_wpftmp.csproj]
C:\Users\zacho\OneDrive\Downloads\Documentos\Projetos\pdv_medusax8\v1.1\v1.1\MunicipioSearchWindow.xaml(18,50): error CS0102: O tipo "MunicipioSearchWindow" j├í cont├®m uma defini├º├úo para "TxtQuery" [C:\Users\zacho\OneDrive\Downloads\Documentos\Projetos\pdv_medusax8\PDV_MedusaX8_hznqlc22_wpftmp.csproj]
C:\Users\zacho\OneDrive\Downloads\Documentos\Projetos\pdv_medusax8\v1.1\MunicipioSearchWindow.xaml(22,51): error CS0102: O tipo "MunicipioSearchWindow" j├í cont├®m uma defini├º├úo para "GridMunicipios" [C:\Users\zacho\OneDrive\Downloads\Documentos\Projetos\pdv_medusax8\PDV_MedusaX8_hznqlc22_wpftmp.csproj]
C:\Users\zacho\OneDrive\Downloads\Documentos\Projetos\pdv_medusax8\v1.1\v1.1\MunicipioSearchWindow.xaml(22,51): error CS0102: O tipo "MunicipioSearchWindow" j├í cont├®m uma defini├º├úo para "GridMunicipios" [C:\Users\zacho\OneDrive\Downloads\Documentos\Projetos\pdv_medusax8\PDV_MedusaX8_hznqlc22_wpftmp.csproj]
C:\Users\zacho\OneDrive\Downloads\Documentos\Projetos\pdv_medusax8\obj\Release\net10.0-windows\v1.1\MunicipioSearchWindow.g.cs(58,22): error CS0102: O tipo "MunicipioSearchWindow" j├í cont├®m uma defini├º├úo para "_contentLoaded" [C:\Users\zacho\OneDrive\Downloads\Documentos\Projetos\pdv_medusax8\PDV_MedusaX8_hznqlc22_wpftmp.csproj]
C:\Users\zacho\OneDrive\Downloads\Documentos\Projetos\pdv_medusax8\obj\Release\net10.0-windows\v1.1\v1.1\MunicipioSearchWindow.g.cs(58,22): error CS0102: O tipo "MunicipioSearchWindow" j├í cont├®m uma defini├º├úo para "_contentLoaded" [C:\Users\zacho\OneDrive\Downloads\Documentos\Projetos\pdv_medusax8\PDV_MedusaX8_hznqlc22_wpftmp.csproj]
C:\Users\zacho\OneDrive\Downloads\Documentos\Projetos\pdv_medusax8\obj\Release\net10.0-windows\v1.1\MunicipioSearchWindow.g.cs(65,21): error CS0111: Tipo "MunicipioSearchWindow" j├í define um membro chamado "InitializeComponent" com os mesmos tipos de par├ómetro [C:\Users\zacho\OneDrive\Downloads\Documentos\Projetos\pdv_medusax8\PDV_MedusaX8_hznqlc22_wpftmp.csproj]
C:\Users\zacho\OneDrive\Downloads\Documentos\Projetos\pdv_medusax8\obj\Release\net10.0-windows\v1.1\v1.1\MunicipioSearchWindow.g.cs(65,21): error CS0111: Tipo "MunicipioSearchWindow" j├í define um membro chamado "InitializeComponent" com os mesmos tipos de par├ómetro [C:\Users\zacho\OneDrive\Downloads\Documentos\Projetos\pdv_medusax8\PDV_MedusaX8_hznqlc22_wpftmp.csproj]
C:\Users\zacho\OneDrive\Downloads\Documentos\Projetos\pdv_medusax8\obj\Release\net10.0-windows\v1.1\MunicipioSearchWindow.g.cs(85,56): error CS0111: Tipo "MunicipioSearchWindow" j├í define um membro chamado "System.Windows.Markup.IComponentConnector.Connect" com os mesmos tipos de par├ómetro [C:\Users\zacho\OneDrive\Downloads\Documentos\Projetos\pdv_medusax8\PDV_MedusaX8_hznqlc22_wpftmp.csproj]
C:\Users\zacho\OneDrive\Downloads\Documentos\Projetos\pdv_medusax8\obj\Release\net10.0-windows\v1.1\v1.1\MunicipioSearchWindow.g.cs(85,56): error CS0111: Tipo "MunicipioSearchWindow" j├í define um membro chamado "System.Windows.Markup.IComponentConnector.Connect" com os mesmos tipos de par├ómetro [C:\Users\zacho\OneDrive\Downloads\Documentos\Projetos\pdv_medusax8\PDV_MedusaX8_hznqlc22_wpftmp.csproj]
C:\Users\zacho\OneDrive\Downloads\Documentos\Projetos\pdv_medusax8\ParcelamentoWindow.xaml.cs(8,26): error CS8646: 'IComponentConnector.Connect(int, object)' ├® implementado explicitamente mais de uma vez. [C:\Users\zacho\OneDrive\Downloads\Documentos\Projetos\pdv_medusax8\PDV_MedusaX8_hznqlc22_wpftmp.csproj]
C:\Users\zacho\OneDrive\Downloads\Documentos\Projetos\pdv_medusax8\v1.1\ParcelamentoWindow.xaml.cs(10,34): error CS0102: O tipo "ParcelamentoWindow" j├í cont├®m uma defini├º├úo para "valorTotal" [C:\Users\zacho\OneDrive\Downloads\Documentos\Projetos\pdv_medusax8\PDV_MedusaX8_hznqlc22_wpftmp.csproj]
C:\Users\zacho\OneDrive\Downloads\Documentos\Projetos\pdv_medusax8\v1.1\v1.1\ParcelamentoWindow.xaml.cs(10,34): error CS0102: O tipo "ParcelamentoWindow" j├í cont├®m uma defini├º├úo para "valorTotal" [C:\Users\zacho\OneDrive\Downloads\Documentos\Projetos\pdv_medusax8\PDV_MedusaX8_hznqlc22_wpftmp.csproj]
C:\Users\zacho\OneDrive\Downloads\Documentos\Projetos\pdv_medusax8\v1.1\ParcelamentoWindow.xaml.cs(11,20): error CS0102: O tipo "ParcelamentoWindow" j├í cont├®m uma defini├º├úo para "NumeroParcelas" [C:\Users\zacho\OneDrive\Downloads\Documentos\Projetos\pdv_medusax8\PDV_MedusaX8_hznqlc22_wpftmp.csproj]
C:\Users\zacho\OneDrive\Downloads\Documentos\Projetos\pdv_medusax8\v1.1\v1.1\ParcelamentoWindow.xaml.cs(11,20): error CS0102: O tipo "ParcelamentoWindow" j├í cont├®m uma defini├º├úo para "NumeroParcelas" [C:\Users\zacho\OneDrive\Downloads\Documentos\Projetos\pdv_medusax8\PDV_MedusaX8_hznqlc22_wpftmp.csproj]
C:\Users\zacho\OneDrive\Downloads\Documentos\Projetos\pdv_medusax8\v1.1\ParcelamentoWindow.xaml.cs(12,24): error CS0102: O tipo "ParcelamentoWindow" j├í cont├®m uma defini├º├úo para "ValorParcela" [C:\Users\zacho\OneDrive\Downloads\Documentos\Projetos\pdv_medusax8\PDV_MedusaX8_hznqlc22_wpftmp.csproj]
C:\Users\zacho\OneDrive\Downloads\Documentos\Projetos\pdv_medusax8\v1.1\v1.1\ParcelamentoWindow.xaml.cs(12,24): error CS0102: O tipo "ParcelamentoWindow" j├í cont├®m uma defini├º├úo para "ValorParcela" [C:\Users\zacho\OneDrive\Downloads\Documentos\Projetos\pdv_medusax8\PDV_MedusaX8_hznqlc22_wpftmp.csproj]
C:\Users\zacho\OneDrive\Downloads\Documentos\Projetos\pdv_medusax8\v1.1\ParcelamentoWindow.xaml.cs(14,16): error CS0111: Tipo "ParcelamentoWindow" j├í define um membro chamado "ParcelamentoWindow" com os mesmos tipos de par├ómetro [C:\Users\zacho\OneDrive\Downloads\Documentos\Projetos\pdv_medusax8\PDV_MedusaX8_hznqlc22_wpftmp.csproj]
C:\Users\zacho\OneDrive\Downloads\Documentos\Projetos\pdv_medusax8\v1.1\v1.1\ParcelamentoWindow.xaml.cs(14,16): error CS0111: Tipo "ParcelamentoWindow" j├í define um membro chamado "ParcelamentoWindow" com os mesmos tipos de par├ómetro [C:\Users\zacho\OneDrive\Downloads\Documentos\Projetos\pdv_medusax8\PDV_MedusaX8_hznqlc22_wpftmp.csproj]
C:\Users\zacho\OneDrive\Downloads\Documentos\Projetos\pdv_medusax8\v1.1\ParcelamentoWindow.xaml.cs(24,22): error CS0111: Tipo "ParcelamentoWindow" j├í define um membro chamado "CmbParcelas_SelectionChanged" com os mesmos tipos de par├ómetro [C:\Users\zacho\OneDrive\Downloads\Documentos\Projetos\pdv_medusax8\PDV_MedusaX8_hznqlc22_wpftmp.csproj]
C:\Users\zacho\OneDrive\Downloads\Documentos\Projetos\pdv_medusax8\v1.1\v1.1\ParcelamentoWindow.xaml.cs(24,22): error CS0111: Tipo "ParcelamentoWindow" j├í define um membro chamado "CmbParcelas_SelectionChanged" com os mesmos tipos de par├ómetro [C:\Users\zacho\OneDrive\Downloads\Documentos\Projetos\pdv_medusax8\PDV_MedusaX8_hznqlc22_wpftmp.csproj]
C:\Users\zacho\OneDrive\Downloads\Documentos\Projetos\pdv_medusax8\v1.1\ParcelamentoWindow.xaml.cs(29,22): error CS0111: Tipo "ParcelamentoWindow" j├í define um membro chamado "AtualizarValorParcela" com os mesmos tipos de par├ómetro [C:\Users\zacho\OneDrive\Downloads\Documentos\Projetos\pdv_medusax8\PDV_MedusaX8_hznqlc22_wpftmp.csproj]
C:\Users\zacho\OneDrive\Downloads\Documentos\Projetos\pdv_medusax8\v1.1\v1.1\ParcelamentoWindow.xaml.cs(29,22): error CS0111: Tipo "ParcelamentoWindow" j├í define um membro chamado "AtualizarValorParcela" com os mesmos tipos de par├ómetro [C:\Users\zacho\OneDrive\Downloads\Documentos\Projetos\pdv_medusax8\PDV_MedusaX8_hznqlc22_wpftmp.csproj]
C:\Users\zacho\OneDrive\Downloads\Documentos\Projetos\pdv_medusax8\v1.1\ParcelamentoWindow.xaml.cs(42,22): error CS0111: Tipo "ParcelamentoWindow" j├í define um membro chamado "Confirmar_Click" com os mesmos tipos de par├ómetro [C:\Users\zacho\OneDrive\Downloads\Documentos\Projetos\pdv_medusax8\PDV_MedusaX8_hznqlc22_wpftmp.csproj]
C:\Users\zacho\OneDrive\Downloads\Documentos\Projetos\pdv_medusax8\v1.1\v1.1\ParcelamentoWindow.xaml.cs(42,22): error CS0111: Tipo "ParcelamentoWindow" j├í define um membro chamado "Confirmar_Click" com os mesmos tipos de par├ómetro [C:\Users\zacho\OneDrive\Downloads\Documentos\Projetos\pdv_medusax8\PDV_MedusaX8_hznqlc22_wpftmp.csproj]
C:\Users\zacho\OneDrive\Downloads\Documentos\Projetos\pdv_medusax8\v1.1\ParcelamentoWindow.xaml.cs(53,22): error CS0111: Tipo "ParcelamentoWindow" j├í define um membro chamado "Cancelar_Click" com os mesmos tipos de par├ómetro [C:\Users\zacho\OneDrive\Downloads\Documentos\Projetos\pdv_medusax8\PDV_MedusaX8_hznqlc22_wpftmp.csproj]
C:\Users\zacho\OneDrive\Downloads\Documentos\Projetos\pdv_medusax8\v1.1\v1.1\ParcelamentoWindow.xaml.cs(53,22): error CS0111: Tipo "ParcelamentoWindow" j├í define um membro chamado "Cancelar_Click" com os mesmos tipos de par├ómetro [C:\Users\zacho\OneDrive\Downloads\Documentos\Projetos\pdv_medusax8\PDV_MedusaX8_hznqlc22_wpftmp.csproj]
C:\Users\zacho\OneDrive\Downloads\Documentos\Projetos\pdv_medusax8\v1.1\ParcelamentoWindow.xaml(30,52): error CS0102: O tipo "ParcelamentoWindow" j├í cont├®m uma defini├º├úo para "TxtValorTotal" [C:\Users\zacho\OneDrive\Downloads\Documentos\Projetos\pdv_medusax8\PDV_MedusaX8_hznqlc22_wpftmp.csproj]
C:\Users\zacho\OneDrive\Downloads\Documentos\Projetos\pdv_medusax8\v1.1\v1.1\ParcelamentoWindow.xaml(30,52): error CS0102: O tipo "ParcelamentoWindow" j├í cont├®m uma defini├º├úo para "TxtValorTotal" [C:\Users\zacho\OneDrive\Downloads\Documentos\Projetos\pdv_medusax8\PDV_MedusaX8_hznqlc22_wpftmp.csproj]
C:\Users\zacho\OneDrive\Downloads\Documentos\Projetos\pdv_medusax8\v1.1\ParcelamentoWindow.xaml(40,51): error CS0102: O tipo "ParcelamentoWindow" j├í cont├®m uma defini├º├úo para "CmbParcelas" [C:\Users\zacho\OneDrive\Downloads\Documentos\Projetos\pdv_medusax8\PDV_MedusaX8_hznqlc22_wpftmp.csproj]
C:\Users\zacho\OneDrive\Downloads\Documentos\Projetos\pdv_medusax8\v1.1\v1.1\ParcelamentoWindow.xaml(40,51): error CS0102: O tipo "ParcelamentoWindow" j├í cont├®m uma defini├º├úo para "CmbParcelas" [C:\Users\zacho\OneDrive\Downloads\Documentos\Projetos\pdv_medusax8\PDV_MedusaX8_hznqlc22_wpftmp.csproj]
C:\Users\zacho\OneDrive\Downloads\Documentos\Projetos\pdv_medusax8\v1.1\ParcelamentoWindow.xaml(62,50): error CS0102: O tipo "ParcelamentoWindow" j├í cont├®m uma defini├º├úo para "TxtValorParcela" [C:\Users\zacho\OneDrive\Downloads\Documentos\Projetos\pdv_medusax8\PDV_MedusaX8_hznqlc22_wpftmp.csproj]
C:\Users\zacho\OneDrive\Downloads\Documentos\Projetos\pdv_medusax8\v1.1\v1.1\ParcelamentoWindow.xaml(62,50): error CS0102: O tipo "ParcelamentoWindow" j├í cont├®m uma defini├º├úo para "TxtValorParcela" [C:\Users\zacho\OneDrive\Downloads\Documentos\Projetos\pdv_medusax8\PDV_MedusaX8_hznqlc22_wpftmp.csproj]
C:\Users\zacho\OneDrive\Downloads\Documentos\Projetos\pdv_medusax8\obj\Release\net10.0-windows\v1.1\ParcelamentoWindow.g.cs(66,22): error CS0102: O tipo "ParcelamentoWindow" j├í cont├®m uma defini├º├úo para "_contentLoaded" [C:\Users\zacho\OneDrive\Downloads\Documentos\Projetos\pdv_medusax8\PDV_MedusaX8_hznqlc22_wpftmp.csproj]
C:\Users\zacho\OneDrive\Downloads\Documentos\Projetos\pdv_medusax8\obj\Release\net10.0-windows\v1.1\v1.1\ParcelamentoWindow.g.cs(66,22): error CS0102: O tipo "ParcelamentoWindow" j├í cont├®m uma defini├º├úo para "_contentLoaded" [C:\Users\zacho\OneDrive\Downloads\Documentos\Projetos\pdv_medusax8\PDV_MedusaX8_hznqlc22_wpftmp.csproj]
C:\Users\zacho\OneDrive\Downloads\Documentos\Projetos\pdv_medusax8\obj\Release\net10.0-windows\v1.1\ParcelamentoWindow.g.cs(73,21): error CS0111: Tipo "ParcelamentoWindow" j├í define um membro chamado "InitializeComponent" com os mesmos tipos de par├ómetro [C:\Users\zacho\OneDrive\Downloads\Documentos\Projetos\pdv_medusax8\PDV_MedusaX8_hznqlc22_wpftmp.csproj]
C:\Users\zacho\OneDrive\Downloads\Documentos\Projetos\pdv_medusax8\obj\Release\net10.0-windows\v1.1\v1.1\ParcelamentoWindow.g.cs(73,21): error CS0111: Tipo "ParcelamentoWindow" j├í define um membro chamado "InitializeComponent" com os mesmos tipos de par├ómetro [C:\Users\zacho\OneDrive\Downloads\Documentos\Projetos\pdv_medusax8\PDV_MedusaX8_hznqlc22_wpftmp.csproj]
C:\Users\zacho\OneDrive\Downloads\Documentos\Projetos\pdv_medusax8\obj\Release\net10.0-windows\v1.1\ParcelamentoWindow.g.cs(93,56): error CS0111: Tipo "ParcelamentoWindow" j├í define um membro chamado "System.Windows.Markup.IComponentConnector.Connect" com os mesmos tipos de par├ómetro [C:\Users\zacho\OneDrive\Downloads\Documentos\Projetos\pdv_medusax8\PDV_MedusaX8_hznqlc22_wpftmp.csproj]
C:\Users\zacho\OneDrive\Downloads\Documentos\Projetos\pdv_medusax8\obj\Release\net10.0-windows\v1.1\v1.1\ParcelamentoWindow.g.cs(93,56): error CS0111: Tipo "ParcelamentoWindow" j├í define um membro chamado "System.Windows.Markup.IComponentConnector.Connect" com os mesmos tipos de par├ómetro [C:\Users\zacho\OneDrive\Downloads\Documentos\Projetos\pdv_medusax8\PDV_MedusaX8_hznqlc22_wpftmp.csproj]
C:\Users\zacho\OneDrive\Downloads\Documentos\Projetos\pdv_medusax8\MainWindow.xaml.cs(17,26): error CS8646: 'IComponentConnector.Connect(int, object)' ├® implementado explicitamente mais de uma vez. [C:\Users\zacho\OneDrive\Downloads\Documentos\Projetos\pdv_medusax8\PDV_MedusaX8_hznqlc22_wpftmp.csproj]
C:\Users\zacho\OneDrive\Downloads\Documentos\Projetos\pdv_medusax8\ChequeWindow.xaml.cs(11,26): error CS8646: 'IComponentConnector.Connect(int, object)' ├® implementado explicitamente mais de uma vez. [C:\Users\zacho\OneDrive\Downloads\Documentos\Projetos\pdv_medusax8\PDV_MedusaX8_hznqlc22_wpftmp.csproj]
C:\Users\zacho\OneDrive\Downloads\Documentos\Projetos\pdv_medusax8\v1.1\NFCeMonitorWindow.xaml.cs(11,22): error CS0102: O tipo "NFCeMonitorWindow" j├í cont├®m uma defini├º├úo para "NFCeRow" [C:\Users\zacho\OneDrive\Downloads\Documentos\Projetos\pdv_medusax8\PDV_MedusaX8_hznqlc22_wpftmp.csproj]
C:\Users\zacho\OneDrive\Downloads\Documentos\Projetos\pdv_medusax8\v1.1\v1.1\NFCeMonitorWindow.xaml.cs(11,22): error CS0102: O tipo "NFCeMonitorWindow" j├í cont├®m uma defini├º├úo para "NFCeRow" [C:\Users\zacho\OneDrive\Downloads\Documentos\Projetos\pdv_medusax8\PDV_MedusaX8_hznqlc22_wpftmp.csproj]
C:\Users\zacho\OneDrive\Downloads\Documentos\Projetos\pdv_medusax8\v1.1\ChequeWindow.xaml.cs(13,28): error CS0102: O tipo "ChequeWindow" j├í cont├®m uma defini├º├úo para "ResultCheque" [C:\Users\zacho\OneDrive\Downloads\Documentos\Projetos\pdv_medusax8\PDV_MedusaX8_hznqlc22_wpftmp.csproj]
C:\Users\zacho\OneDrive\Downloads\Documentos\Projetos\pdv_medusax8\v1.1\v1.1\ChequeWindow.xaml.cs(13,28): error CS0102: O tipo "ChequeWindow" j├í cont├®m uma defini├º├úo para "ResultCheque" [C:\Users\zacho\OneDrive\Downloads\Documentos\Projetos\pdv_medusax8\PDV_MedusaX8_hznqlc22_wpftmp.csproj]
C:\Users\zacho\OneDrive\Downloads\Documentos\Projetos\pdv_medusax8\v1.1\ChequeWindow.xaml.cs(14,25): error CS0102: O tipo "ChequeWindow" j├í cont├®m uma defini├º├úo para "_cidadeCodigo" [C:\Users\zacho\OneDrive\Downloads\Documentos\Projetos\pdv_medusax8\PDV_MedusaX8_hznqlc22_wpftmp.csproj]
C:\Users\zacho\OneDrive\Downloads\Documentos\Projetos\pdv_medusax8\v1.1\v1.1\ChequeWindow.xaml.cs(14,25): error CS0102: O tipo "ChequeWindow" j├í cont├®m uma defini├º├úo para "_cidadeCodigo" [C:\Users\zacho\OneDrive\Downloads\Documentos\Projetos\pdv_medusax8\PDV_MedusaX8_hznqlc22_wpftmp.csproj]
C:\Users\zacho\OneDrive\Downloads\Documentos\Projetos\pdv_medusax8\v1.1\ChequeWindow.xaml.cs(23,16): error CS0111: Tipo "ChequeWindow" j├í define um membro chamado "ChequeWindow" com os mesmos tipos de par├ómetro [C:\Users\zacho\OneDrive\Downloads\Documentos\Projetos\pdv_medusax8\PDV_MedusaX8_hznqlc22_wpftmp.csproj]
C:\Users\zacho\OneDrive\Downloads\Documentos\Projetos\pdv_medusax8\v1.1\v1.1\ChequeWindow.xaml.cs(23,16): error CS0111: Tipo "ChequeWindow" j├í define um membro chamado "ChequeWindow" com os mesmos tipos de par├ómetro [C:\Users\zacho\OneDrive\Downloads\Documentos\Projetos\pdv_medusax8\PDV_MedusaX8_hznqlc22_wpftmp.csproj]
C:\Users\zacho\OneDrive\Downloads\Documentos\Projetos\pdv_medusax8\v1.1\ChequeWindow.xaml.cs(29,22): error CS0111: Tipo "ChequeWindow" j├í define um membro chamado "ChequeWindow_Loaded" com os mesmos tipos de par├ómetro [C:\Users\zacho\OneDrive\Downloads\Documentos\Projetos\pdv_medusax8\PDV_MedusaX8_hznqlc22_wpftmp.csproj]
C:\Users\zacho\OneDrive\Downloads\Documentos\Projetos\pdv_medusax8\v1.1\v1.1\ChequeWindow.xaml.cs(29,22): error CS0111: Tipo "ChequeWindow" j├í define um membro chamado "ChequeWindow_Loaded" com os mesmos tipos de par├ómetro [C:\Users\zacho\OneDrive\Downloads\Documentos\Projetos\pdv_medusax8\PDV_MedusaX8_hznqlc22_wpftmp.csproj]
C:\Users\zacho\OneDrive\Downloads\Documentos\Projetos\pdv_medusax8\v1.1\ChequeWindow.xaml.cs(35,24): error CS0111: Tipo "ChequeWindow" j├í define um membro chamado "GetConnectionString" com os mesmos tipos de par├ómetro [C:\Users\zacho\OneDrive\Downloads\Documentos\Projetos\pdv_medusax8\PDV_MedusaX8_hznqlc22_wpftmp.csproj]
C:\Users\zacho\OneDrive\Downloads\Documentos\Projetos\pdv_medusax8\v1.1\v1.1\ChequeWindow.xaml.cs(35,24): error CS0111: Tipo "ChequeWindow" j├í define um membro chamado "GetConnectionString" com os mesmos tipos de par├ómetro [C:\Users\zacho\OneDrive\Downloads\Documentos\Projetos\pdv_medusax8\PDV_MedusaX8_hznqlc22_wpftmp.csproj]
C:\Users\zacho\OneDrive\Downloads\Documentos\Projetos\pdv_medusax8\v1.1\ChequeWindow.xaml.cs(40,22): error CS0111: Tipo "ChequeWindow" j├í define um membro chamado "LoadBanks" com os mesmos tipos de par├ómetro [C:\Users\zacho\OneDrive\Downloads\Documentos\Projetos\pdv_medusax8\PDV_MedusaX8_hznqlc22_wpftmp.csproj]
C:\Users\zacho\OneDrive\Downloads\Documentos\Projetos\pdv_medusax8\v1.1\v1.1\ChequeWindow.xaml.cs(40,22): error CS0111: Tipo "ChequeWindow" j├í define um membro chamado "LoadBanks" com os mesmos tipos de par├ómetro [C:\Users\zacho\OneDrive\Downloads\Documentos\Projetos\pdv_medusax8\PDV_MedusaX8_hznqlc22_wpftmp.csproj]
C:\Users\zacho\OneDrive\Downloads\Documentos\Projetos\pdv_medusax8\v1.1\ChequeWindow.xaml.cs(62,22): error CS0111: Tipo "ChequeWindow" j├í define um membro chamado "BtnBuscarCidade_Click" com os mesmos tipos de par├ómetro [C:\Users\zacho\OneDrive\Downloads\Documentos\Projetos\pdv_medusax8\PDV_MedusaX8_hznqlc22_wpftmp.csproj]
C:\Users\zacho\OneDrive\Downloads\Documentos\Projetos\pdv_medusax8\v1.1\v1.1\ChequeWindow.xaml.cs(62,22): error CS0111: Tipo "ChequeWindow" j├í define um membro chamado "BtnBuscarCidade_Click" com os mesmos tipos de par├ómetro [C:\Users\zacho\OneDrive\Downloads\Documentos\Projetos\pdv_medusax8\PDV_MedusaX8_hznqlc22_wpftmp.csproj]
C:\Users\zacho\OneDrive\Downloads\Documentos\Projetos\pdv_medusax8\v1.1\ChequeWindow.xaml.cs(81,22): error CS0111: Tipo "ChequeWindow" j├í define um membro chamado "BtnOk_Click" com os mesmos tipos de par├ómetro [C:\Users\zacho\OneDrive\Downloads\Documentos\Projetos\pdv_medusax8\PDV_MedusaX8_hznqlc22_wpftmp.csproj]
C:\Users\zacho\OneDrive\Downloads\Documentos\Projetos\pdv_medusax8\v1.1\v1.1\ChequeWindow.xaml.cs(81,22): error CS0111: Tipo "ChequeWindow" j├í define um membro chamado "BtnOk_Click" com os mesmos tipos de par├ómetro [C:\Users\zacho\OneDrive\Downloads\Documentos\Projetos\pdv_medusax8\PDV_MedusaX8_hznqlc22_wpftmp.csproj]
C:\Users\zacho\OneDrive\Downloads\Documentos\Projetos\pdv_medusax8\v1.1\ChequeWindow.xaml.cs(136,22): error CS0111: Tipo "ChequeWindow" j├í define um membro chamado "BtnCancel_Click" com os mesmos tipos de par├ómetro [C:\Users\zacho\OneDrive\Downloads\Documentos\Projetos\pdv_medusax8\PDV_MedusaX8_hznqlc22_wpftmp.csproj]
C:\Users\zacho\OneDrive\Downloads\Documentos\Projetos\pdv_medusax8\v1.1\v1.1\ChequeWindow.xaml.cs(136,22): error CS0111: Tipo "ChequeWindow" j├í define um membro chamado "BtnCancel_Click" com os mesmos tipos de par├ómetro [C:\Users\zacho\OneDrive\Downloads\Documentos\Projetos\pdv_medusax8\PDV_MedusaX8_hznqlc22_wpftmp.csproj]
C:\Users\zacho\OneDrive\Downloads\Documentos\Projetos\pdv_medusax8\v1.1\ChequeWindow.xaml(31,50): error CS0102: O tipo "ChequeWindow" j├í cont├®m uma defini├º├úo para "TxtValor" [C:\Users\zacho\OneDrive\Downloads\Documentos\Projetos\pdv_medusax8\PDV_MedusaX8_hznqlc22_wpftmp.csproj]
C:\Users\zacho\OneDrive\Downloads\Documentos\Projetos\pdv_medusax8\v1.1\v1.1\ChequeWindow.xaml(31,50): error CS0102: O tipo "ChequeWindow" j├í cont├®m uma defini├º├úo para "TxtValor" [C:\Users\zacho\OneDrive\Downloads\Documentos\Projetos\pdv_medusax8\PDV_MedusaX8_hznqlc22_wpftmp.csproj]
C:\Users\zacho\OneDrive\Downloads\Documentos\Projetos\pdv_medusax8\v1.1\ChequeWindow.xaml(34,53): error CS0102: O tipo "ChequeWindow" j├í cont├®m uma defini├º├úo para "DtBomPara" [C:\Users\zacho\OneDrive\Downloads\Documentos\Projetos\pdv_medusax8\PDV_MedusaX8_hznqlc22_wpftmp.csproj]
C:\Users\zacho\OneDrive\Downloads\Documentos\Projetos\pdv_medusax8\v1.1\v1.1\ChequeWindow.xaml(34,53): error CS0102: O tipo "ChequeWindow" j├í cont├®m uma defini├º├úo para "DtBomPara" [C:\Users\zacho\OneDrive\Downloads\Documentos\Projetos\pdv_medusax8\PDV_MedusaX8_hznqlc22_wpftmp.csproj]
C:\Users\zacho\OneDrive\Downloads\Documentos\Projetos\pdv_medusax8\v1.1\ChequeWindow.xaml(37,50): error CS0102: O tipo "ChequeWindow" j├í cont├®m uma defini├º├úo para "TxtEmitente" [C:\Users\zacho\OneDrive\Downloads\Documentos\Projetos\pdv_medusax8\PDV_MedusaX8_hznqlc22_wpftmp.csproj]
C:\Users\zacho\OneDrive\Downloads\Documentos\Projetos\pdv_medusax8\v1.1\v1.1\ChequeWindow.xaml(37,50): error CS0102: O tipo "ChequeWindow" j├í cont├®m uma defini├º├úo para "TxtEmitente" [C:\Users\zacho\OneDrive\Downloads\Documentos\Projetos\pdv_medusax8\PDV_MedusaX8_hznqlc22_wpftmp.csproj]
C:\Users\zacho\OneDrive\Downloads\Documentos\Projetos\pdv_medusax8\v1.1\ChequeWindow.xaml(40,51): error CS0102: O tipo "ChequeWindow" j├í cont├®m uma defini├º├úo para "CmbBanco" [C:\Users\zacho\OneDrive\Downloads\Documentos\Projetos\pdv_medusax8\PDV_MedusaX8_hznqlc22_wpftmp.csproj]
C:\Users\zacho\OneDrive\Downloads\Documentos\Projetos\pdv_medusax8\v1.1\v1.1\ChequeWindow.xaml(40,51): error CS0102: O tipo "ChequeWindow" j├í cont├®m uma defini├º├úo para "CmbBanco" [C:\Users\zacho\OneDrive\Downloads\Documentos\Projetos\pdv_medusax8\PDV_MedusaX8_hznqlc22_wpftmp.csproj]
C:\Users\zacho\OneDrive\Downloads\Documentos\Projetos\pdv_medusax8\v1.1\ChequeWindow.xaml(43,50): error CS0102: O tipo "ChequeWindow" j├í cont├®m uma defini├º├úo para "TxtAgencia" [C:\Users\zacho\OneDrive\Downloads\Documentos\Projetos\pdv_medusax8\PDV_MedusaX8_hznqlc22_wpftmp.csproj]
C:\Users\zacho\OneDrive\Downloads\Documentos\Projetos\pdv_medusax8\v1.1\v1.1\ChequeWindow.xaml(43,50): error CS0102: O tipo "ChequeWindow" j├í cont├®m uma defini├º├úo para "TxtAgencia" [C:\Users\zacho\OneDrive\Downloads\Documentos\Projetos\pdv_medusax8\PDV_MedusaX8_hznqlc22_wpftmp.csproj]
C:\Users\zacho\OneDrive\Downloads\Documentos\Projetos\pdv_medusax8\v1.1\ChequeWindow.xaml(46,50): error CS0102: O tipo "ChequeWindow" j├í cont├®m uma defini├º├úo para "TxtConta" [C:\Users\zacho\OneDrive\Downloads\Documentos\Projetos\pdv_medusax8\PDV_MedusaX8_hznqlc22_wpftmp.csproj]
C:\Users\zacho\OneDrive\Downloads\Documentos\Projetos\pdv_medusax8\v1.1\v1.1\ChequeWindow.xaml(46,50): error CS0102: O tipo "ChequeWindow" j├í cont├®m uma defini├º├úo para "TxtConta" [C:\Users\zacho\OneDrive\Downloads\Documentos\Projetos\pdv_medusax8\PDV_MedusaX8_hznqlc22_wpftmp.csproj]
C:\Users\zacho\OneDrive\Downloads\Documentos\Projetos\pdv_medusax8\v1.1\ChequeWindow.xaml(49,50): error CS0102: O tipo "ChequeWindow" j├í cont├®m uma defini├º├úo para "TxtNumeroCheque" [C:\Users\zacho\OneDrive\Downloads\Documentos\Projetos\pdv_medusax8\PDV_MedusaX8_hznqlc22_wpftmp.csproj]
C:\Users\zacho\OneDrive\Downloads\Documentos\Projetos\pdv_medusax8\v1.1\v1.1\ChequeWindow.xaml(49,50): error CS0102: O tipo "ChequeWindow" j├í cont├®m uma defini├º├úo para "TxtNumeroCheque" [C:\Users\zacho\OneDrive\Downloads\Documentos\Projetos\pdv_medusax8\PDV_MedusaX8_hznqlc22_wpftmp.csproj]
C:\Users\zacho\OneDrive\Downloads\Documentos\Projetos\pdv_medusax8\v1.1\ChequeWindow.xaml(52,50): error CS0102: O tipo "ChequeWindow" j├í cont├®m uma defini├º├úo para "TxtCpfCnpj" [C:\Users\zacho\OneDrive\Downloads\Documentos\Projetos\pdv_medusax8\PDV_MedusaX8_hznqlc22_wpftmp.csproj]
C:\Users\zacho\OneDrive\Downloads\Documentos\Projetos\pdv_medusax8\v1.1\v1.1\ChequeWindow.xaml(52,50): error CS0102: O tipo "ChequeWindow" j├í cont├®m uma defini├º├úo para "TxtCpfCnpj" [C:\Users\zacho\OneDrive\Downloads\Documentos\Projetos\pdv_medusax8\PDV_MedusaX8_hznqlc22_wpftmp.csproj]
C:\Users\zacho\OneDrive\Downloads\Documentos\Projetos\pdv_medusax8\v1.1\ChequeWindow.xaml(57,50): error CS0102: O tipo "ChequeWindow" j├í cont├®m uma defini├º├úo para "TxtCidadeBanco" [C:\Users\zacho\OneDrive\Downloads\Documentos\Projetos\pdv_medusax8\PDV_MedusaX8_hznqlc22_wpftmp.csproj]
C:\Users\zacho\OneDrive\Downloads\Documentos\Projetos\pdv_medusax8\v1.1\v1.1\ChequeWindow.xaml(57,50): error CS0102: O tipo "ChequeWindow" j├í cont├®m uma defini├º├úo para "TxtCidadeBanco" [C:\Users\zacho\OneDrive\Downloads\Documentos\Projetos\pdv_medusax8\PDV_MedusaX8_hznqlc22_wpftmp.csproj]
C:\Users\zacho\OneDrive\Downloads\Documentos\Projetos\pdv_medusax8\obj\Release\net10.0-windows\v1.1\ChequeWindow.g.cs(114,22): error CS0102: O tipo "ChequeWindow" j├í cont├®m uma defini├º├úo para "_contentLoaded" [C:\Users\zacho\OneDrive\Downloads\Documentos\Projetos\pdv_medusax8\PDV_MedusaX8_hznqlc22_wpftmp.csproj]
C:\Users\zacho\OneDrive\Downloads\Documentos\Projetos\pdv_medusax8\obj\Release\net10.0-windows\v1.1\v1.1\ChequeWindow.g.cs(114,22): error CS0102: O tipo "ChequeWindow" j├í cont├®m uma defini├º├úo para "_contentLoaded" [C:\Users\zacho\OneDrive\Downloads\Documentos\Projetos\pdv_medusax8\PDV_MedusaX8_hznqlc22_wpftmp.csproj]
C:\Users\zacho\OneDrive\Downloads\Documentos\Projetos\pdv_medusax8\obj\Release\net10.0-windows\v1.1\ChequeWindow.g.cs(121,21): error CS0111: Tipo "ChequeWindow" j├í define um membro chamado "InitializeComponent" com os mesmos tipos de par├ómetro [C:\Users\zacho\OneDrive\Downloads\Documentos\Projetos\pdv_medusax8\PDV_MedusaX8_hznqlc22_wpftmp.csproj]
C:\Users\zacho\OneDrive\Downloads\Documentos\Projetos\pdv_medusax8\obj\Release\net10.0-windows\v1.1\v1.1\ChequeWindow.g.cs(121,21): error CS0111: Tipo "ChequeWindow" j├í define um membro chamado "InitializeComponent" com os mesmos tipos de par├ómetro [C:\Users\zacho\OneDrive\Downloads\Documentos\Projetos\pdv_medusax8\PDV_MedusaX8_hznqlc22_wpftmp.csproj]
C:\Users\zacho\OneDrive\Downloads\Documentos\Projetos\pdv_medusax8\obj\Release\net10.0-windows\v1.1\ChequeWindow.g.cs(141,56): error CS0111: Tipo "ChequeWindow" j├í define um membro chamado "System.Windows.Markup.IComponentConnector.Connect" com os mesmos tipos de par├ómetro [C:\Users\zacho\OneDrive\Downloads\Documentos\Projetos\pdv_medusax8\PDV_MedusaX8_hznqlc22_wpftmp.csproj]
C:\Users\zacho\OneDrive\Downloads\Documentos\Projetos\pdv_medusax8\obj\Release\net10.0-windows\v1.1\v1.1\ChequeWindow.g.cs(141,56): error CS0111: Tipo "ChequeWindow" j├í define um membro chamado "System.Windows.Markup.IComponentConnector.Connect" com os mesmos tipos de par├ómetro [C:\Users\zacho\OneDrive\Downloads\Documentos\Projetos\pdv_medusax8\PDV_MedusaX8_hznqlc22_wpftmp.csproj]
C:\Users\zacho\OneDrive\Downloads\Documentos\Projetos\pdv_medusax8\NFCeMonitorWindow.xaml.cs(9,26): error CS8646: 'IComponentConnector.Connect(int, object)' ├® implementado explicitamente mais de uma vez. [C:\Users\zacho\OneDrive\Downloads\Documentos\Projetos\pdv_medusax8\PDV_MedusaX8_hznqlc22_wpftmp.csproj]
C:\Users\zacho\OneDrive\Downloads\Documentos\Projetos\pdv_medusax8\v1.1\NFCeMonitorWindow.xaml.cs(27,47): error CS0102: O tipo "NFCeMonitorWindow" j├í cont├®m uma defini├º├úo para "_rows" [C:\Users\zacho\OneDrive\Downloads\Documentos\Projetos\pdv_medusax8\PDV_MedusaX8_hznqlc22_wpftmp.csproj]
C:\Users\zacho\OneDrive\Downloads\Documentos\Projetos\pdv_medusax8\v1.1\v1.1\NFCeMonitorWindow.xaml.cs(27,47): error CS0102: O tipo "NFCeMonitorWindow" j├í cont├®m uma defini├º├úo para "_rows" [C:\Users\zacho\OneDrive\Downloads\Documentos\Projetos\pdv_medusax8\PDV_MedusaX8_hznqlc22_wpftmp.csproj]
C:\Users\zacho\OneDrive\Downloads\Documentos\Projetos\pdv_medusax8\v1.1\NFCeMonitorWindow.xaml.cs(29,16): error CS0111: Tipo "NFCeMonitorWindow" j├í define um membro chamado "NFCeMonitorWindow" com os mesmos tipos de par├ómetro [C:\Users\zacho\OneDrive\Downloads\Documentos\Projetos\pdv_medusax8\PDV_MedusaX8_hznqlc22_wpftmp.csproj]
C:\Users\zacho\OneDrive\Downloads\Documentos\Projetos\pdv_medusax8\v1.1\v1.1\NFCeMonitorWindow.xaml.cs(29,16): error CS0111: Tipo "NFCeMonitorWindow" j├í define um membro chamado "NFCeMonitorWindow" com os mesmos tipos de par├ómetro [C:\Users\zacho\OneDrive\Downloads\Documentos\Projetos\pdv_medusax8\PDV_MedusaX8_hznqlc22_wpftmp.csproj]
C:\Users\zacho\OneDrive\Downloads\Documentos\Projetos\pdv_medusax8\v1.1\NFCeMonitorWindow.xaml.cs(36,24): error CS0111: Tipo "NFCeMonitorWindow" j├í define um membro chamado "GetConnectionString" com os mesmos tipos de par├ómetro [C:\Users\zacho\OneDrive\Downloads\Documentos\Projetos\pdv_medusax8\PDV_MedusaX8_hznqlc22_wpftmp.csproj]
C:\Users\zacho\OneDrive\Downloads\Documentos\Projetos\pdv_medusax8\v1.1\v1.1\NFCeMonitorWindow.xaml.cs(36,24): error CS0111: Tipo "NFCeMonitorWindow" j├í define um membro chamado "GetConnectionString" com os mesmos tipos de par├ómetro [C:\Users\zacho\OneDrive\Downloads\Documentos\Projetos\pdv_medusax8\PDV_MedusaX8_hznqlc22_wpftmp.csproj]
C:\Users\zacho\OneDrive\Downloads\Documentos\Projetos\pdv_medusax8\v1.1\NFCeMonitorWindow.xaml.cs(38,22): error CS0111: Tipo "NFCeMonitorWindow" j├í define um membro chamado "LoadRows" com os mesmos tipos de par├ómetro [C:\Users\zacho\OneDrive\Downloads\Documentos\Projetos\pdv_medusax8\PDV_MedusaX8_hznqlc22_wpftmp.csproj]
C:\Users\zacho\OneDrive\Downloads\Documentos\Projetos\pdv_medusax8\v1.1\v1.1\NFCeMonitorWindow.xaml.cs(38,22): error CS0111: Tipo "NFCeMonitorWindow" j├í define um membro chamado "LoadRows" com os mesmos tipos de par├ómetro [C:\Users\zacho\OneDrive\Downloads\Documentos\Projetos\pdv_medusax8\PDV_MedusaX8_hznqlc22_wpftmp.csproj]
C:\Users\zacho\OneDrive\Downloads\Documentos\Projetos\pdv_medusax8\v1.1\NFCeMonitorWindow.xaml.cs(75,22): error CS0111: Tipo "NFCeMonitorWindow" j├í define um membro chamado "Refresh_Click" com os mesmos tipos de par├ómetro [C:\Users\zacho\OneDrive\Downloads\Documentos\Projetos\pdv_medusax8\PDV_MedusaX8_hznqlc22_wpftmp.csproj]
C:\Users\zacho\OneDrive\Downloads\Documentos\Projetos\pdv_medusax8\v1.1\v1.1\NFCeMonitorWindow.xaml.cs(75,22): error CS0111: Tipo "NFCeMonitorWindow" j├í define um membro chamado "Refresh_Click" com os mesmos tipos de par├ómetro [C:\Users\zacho\OneDrive\Downloads\Documentos\Projetos\pdv_medusax8\PDV_MedusaX8_hznqlc22_wpftmp.csproj]
C:\Users\zacho\OneDrive\Downloads\Documentos\Projetos\pdv_medusax8\v1.1\NFCeMonitorWindow.xaml.cs(80,22): error CS0111: Tipo "NFCeMonitorWindow" j├í define um membro chamado "OpenXml_Click" com os mesmos tipos de par├ómetro [C:\Users\zacho\OneDrive\Downloads\Documentos\Projetos\pdv_medusax8\PDV_MedusaX8_hznqlc22_wpftmp.csproj]
C:\Users\zacho\OneDrive\Downloads\Documentos\Projetos\pdv_medusax8\v1.1\v1.1\NFCeMonitorWindow.xaml.cs(80,22): error CS0111: Tipo "NFCeMonitorWindow" j├í define um membro chamado "OpenXml_Click" com os mesmos tipos de par├ómetro [C:\Users\zacho\OneDrive\Downloads\Documentos\Projetos\pdv_medusax8\PDV_MedusaX8_hznqlc22_wpftmp.csproj]
C:\Users\zacho\OneDrive\Downloads\Documentos\Projetos\pdv_medusax8\v1.1\NFCeMonitorWindow.xaml.cs(110,22): error CS0111: Tipo "NFCeMonitorWindow" j├í define um membro chamado "Close_Click" com os mesmos tipos de par├ómetro [C:\Users\zacho\OneDrive\Downloads\Documentos\Projetos\pdv_medusax8\PDV_MedusaX8_hznqlc22_wpftmp.csproj]
C:\Users\zacho\OneDrive\Downloads\Documentos\Projetos\pdv_medusax8\v1.1\v1.1\NFCeMonitorWindow.xaml.cs(110,22): error CS0111: Tipo "NFCeMonitorWindow" j├í define um membro chamado "Close_Click" com os mesmos tipos de par├ómetro [C:\Users\zacho\OneDrive\Downloads\Documentos\Projetos\pdv_medusax8\PDV_MedusaX8_hznqlc22_wpftmp.csproj]
C:\Users\zacho\OneDrive\Downloads\Documentos\Projetos\pdv_medusax8\v1.1\NFCeMonitorWindow.xaml(18,51): error CS0102: O tipo "NFCeMonitorWindow" j├í cont├®m uma defini├º├úo para "DgvNFCe" [C:\Users\zacho\OneDrive\Downloads\Documentos\Projetos\pdv_medusax8\PDV_MedusaX8_hznqlc22_wpftmp.csproj]
C:\Users\zacho\OneDrive\Downloads\Documentos\Projetos\pdv_medusax8\v1.1\v1.1\NFCeMonitorWindow.xaml(18,51): error CS0102: O tipo "NFCeMonitorWindow" j├í cont├®m uma defini├º├úo para "DgvNFCe" [C:\Users\zacho\OneDrive\Downloads\Documentos\Projetos\pdv_medusax8\PDV_MedusaX8_hznqlc22_wpftmp.csproj]
C:\Users\zacho\OneDrive\Downloads\Documentos\Projetos\pdv_medusax8\obj\Release\net10.0-windows\v1.1\NFCeMonitorWindow.g.cs(50,22): error CS0102: O tipo "NFCeMonitorWindow" j├í cont├®m uma defini├º├úo para "_contentLoaded" [C:\Users\zacho\OneDrive\Downloads\Documentos\Projetos\pdv_medusax8\PDV_MedusaX8_hznqlc22_wpftmp.csproj]
C:\Users\zacho\OneDrive\Downloads\Documentos\Projetos\pdv_medusax8\obj\Release\net10.0-windows\v1.1\v1.1\NFCeMonitorWindow.g.cs(50,22): error CS0102: O tipo "NFCeMonitorWindow" j├í cont├®m uma defini├º├úo para "_contentLoaded" [C:\Users\zacho\OneDrive\Downloads\Documentos\Projetos\pdv_medusax8\PDV_MedusaX8_hznqlc22_wpftmp.csproj]
C:\Users\zacho\OneDrive\Downloads\Documentos\Projetos\pdv_medusax8\obj\Release\net10.0-windows\v1.1\NFCeMonitorWindow.g.cs(57,21): error CS0111: Tipo "NFCeMonitorWindow" j├í define um membro chamado "InitializeComponent" com os mesmos tipos de par├ómetro [C:\Users\zacho\OneDrive\Downloads\Documentos\Projetos\pdv_medusax8\PDV_MedusaX8_hznqlc22_wpftmp.csproj]
C:\Users\zacho\OneDrive\Downloads\Documentos\Projetos\pdv_medusax8\obj\Release\net10.0-windows\v1.1\v1.1\NFCeMonitorWindow.g.cs(57,21): error CS0111: Tipo "NFCeMonitorWindow" j├í define um membro chamado "InitializeComponent" com os mesmos tipos de par├ómetro [C:\Users\zacho\OneDrive\Downloads\Documentos\Projetos\pdv_medusax8\PDV_MedusaX8_hznqlc22_wpftmp.csproj]
C:\Users\zacho\OneDrive\Downloads\Documentos\Projetos\pdv_medusax8\obj\Release\net10.0-windows\v1.1\NFCeMonitorWindow.g.cs(77,56): error CS0111: Tipo "NFCeMonitorWindow" j├í define um membro chamado "System.Windows.Markup.IComponentConnector.Connect" com os mesmos tipos de par├ómetro [C:\Users\zacho\OneDrive\Downloads\Documentos\Projetos\pdv_medusax8\PDV_MedusaX8_hznqlc22_wpftmp.csproj]
C:\Users\zacho\OneDrive\Downloads\Documentos\Projetos\pdv_medusax8\obj\Release\net10.0-windows\v1.1\v1.1\NFCeMonitorWindow.g.cs(77,56): error CS0111: Tipo "NFCeMonitorWindow" j├í define um membro chamado "System.Windows.Markup.IComponentConnector.Connect" com os mesmos tipos de par├ómetro [C:\Users\zacho\OneDrive\Downloads\Documentos\Projetos\pdv_medusax8\PDV_MedusaX8_hznqlc22_wpftmp.csproj]
C:\Users\zacho\OneDrive\Downloads\Documentos\Projetos\pdv_medusax8\v1.1\ProdutosSearchWindow.xaml.cs(14,22): error CS0102: O tipo "ProdutosSearchWindow" j├í cont├®m uma defini├º├úo para "ProductEntry" [C:\Users\zacho\OneDrive\Downloads\Documentos\Projetos\pdv_medusax8\PDV_MedusaX8_hznqlc22_wpftmp.csproj]
C:\Users\zacho\OneDrive\Downloads\Documentos\Projetos\pdv_medusax8\v1.1\v1.1\ProdutosSearchWindow.xaml.cs(14,22): error CS0102: O tipo "ProdutosSearchWindow" j├í cont├®m uma defini├º├úo para "ProductEntry" [C:\Users\zacho\OneDrive\Downloads\Documentos\Projetos\pdv_medusax8\PDV_MedusaX8_hznqlc22_wpftmp.csproj]
C:\Users\zacho\OneDrive\Downloads\Documentos\Projetos\pdv_medusax8\v1.1\MainWindow.xaml.cs(19,33): error CS0102: O tipo "MainWindow" j├í cont├®m uma defini├º├úo para "timer" [C:\Users\zacho\OneDrive\Downloads\Documentos\Projetos\pdv_medusax8\PDV_MedusaX8_hznqlc22_wpftmp.csproj]
C:\Users\zacho\OneDrive\Downloads\Documentos\Projetos\pdv_medusax8\v1.1\v1.1\MainWindow.xaml.cs(19,33): error CS0102: O tipo "MainWindow" j├í cont├®m uma defini├º├úo para "timer" [C:\Users\zacho\OneDrive\Downloads\Documentos\Projetos\pdv_medusax8\PDV_MedusaX8_hznqlc22_wpftmp.csproj]
C:\Users\zacho\OneDrive\Downloads\Documentos\Projetos\pdv_medusax8\v1.1\MainWindow.xaml.cs(20,25): error CS0102: O tipo "MainWindow" j├í cont├®m uma defini├º├úo para "currentSaleTotal" [C:\Users\zacho\OneDrive\Downloads\Documentos\Projetos\pdv_medusax8\PDV_MedusaX8_hznqlc22_wpftmp.csproj]
C:\Users\zacho\OneDrive\Downloads\Documentos\Projetos\pdv_medusax8\v1.1\v1.1\MainWindow.xaml.cs(20,25): error CS0102: O tipo "MainWindow" j├í cont├®m uma defini├º├úo para "currentSaleTotal" [C:\Users\zacho\OneDrive\Downloads\Documentos\Projetos\pdv_medusax8\PDV_MedusaX8_hznqlc22_wpftmp.csproj]
C:\Users\zacho\OneDrive\Downloads\Documentos\Projetos\pdv_medusax8\v1.1\MainWindow.xaml.cs(21,22): error CS0102: O tipo "MainWindow" j├í cont├®m uma defini├º├úo para "_isParsingCodeInput" [C:\Users\zacho\OneDrive\Downloads\Documentos\Projetos\pdv_medusax8\PDV_MedusaX8_hznqlc22_wpftmp.csproj]
C:\Users\zacho\OneDrive\Downloads\Documentos\Projetos\pdv_medusax8\v1.1\v1.1\MainWindow.xaml.cs(21,22): error CS0102: O tipo "MainWindow" j├í cont├®m uma defini├º├úo para "_isParsingCodeInput" [C:\Users\zacho\OneDrive\Downloads\Documentos\Projetos\pdv_medusax8\PDV_MedusaX8_hznqlc22_wpftmp.csproj]
C:\Users\zacho\OneDrive\Downloads\Documentos\Projetos\pdv_medusax8\v1.1\MainWindow.xaml.cs(22,22): error CS0102: O tipo "MainWindow" j├í cont├®m uma defini├º├úo para "_modoAlteracaoPrecoF9" [C:\Users\zacho\OneDrive\Downloads\Documentos\Projetos\pdv_medusax8\PDV_MedusaX8_hznqlc22_wpftmp.csproj]
C:\Users\zacho\OneDrive\Downloads\Documentos\Projetos\pdv_medusax8\v1.1\v1.1\MainWindow.xaml.cs(22,22): error CS0102: O tipo "MainWindow" j├í cont├®m uma defini├º├úo para "_modoAlteracaoPrecoF9" [C:\Users\zacho\OneDrive\Downloads\Documentos\Projetos\pdv_medusax8\PDV_MedusaX8_hznqlc22_wpftmp.csproj]
C:\Users\zacho\OneDrive\Downloads\Documentos\Projetos\pdv_medusax8\v1.1\MainWindow.xaml.cs(23,22): error CS0102: O tipo "MainWindow" j├í cont├®m uma defini├º├úo para "_f9Enabled" [C:\Users\zacho\OneDrive\Downloads\Documentos\Projetos\pdv_medusax8\PDV_MedusaX8_hznqlc22_wpftmp.csproj]
C:\Users\zacho\OneDrive\Downloads\Documentos\Projetos\pdv_medusax8\v1.1\v1.1\MainWindow.xaml.cs(23,22): error CS0102: O tipo "MainWindow" j├í cont├®m uma defini├º├úo para "_f9Enabled" [C:\Users\zacho\OneDrive\Downloads\Documentos\Projetos\pdv_medusax8\PDV_MedusaX8_hznqlc22_wpftmp.csproj]
C:\Users\zacho\OneDrive\Downloads\Documentos\Projetos\pdv_medusax8\v1.1\MainWindow.xaml.cs(24,22): error CS0102: O tipo "MainWindow" j├í cont├®m uma defini├º├úo para "_promptConsumerOnFirstItem" [C:\Users\zacho\OneDrive\Downloads\Documentos\Projetos\pdv_medusax8\PDV_MedusaX8_hznqlc22_wpftmp.csproj]
C:\Users\zacho\OneDrive\Downloads\Documentos\Projetos\pdv_medusax8\v1.1\v1.1\MainWindow.xaml.cs(24,22): error CS0102: O tipo "MainWindow" j├í cont├®m uma defini├º├úo para "_promptConsumerOnFirstItem" [C:\Users\zacho\OneDrive\Downloads\Documentos\Projetos\pdv_medusax8\PDV_MedusaX8_hznqlc22_wpftmp.csproj]
C:\Users\zacho\OneDrive\Downloads\Documentos\Projetos\pdv_medusax8\v1.1\MainWindow.xaml.cs(27,22): error CS0102: O tipo "MainWindow" j├í cont├®m uma defini├º├úo para "_requireF2ToStartSale" [C:\Users\zacho\OneDrive\Downloads\Documentos\Projetos\pdv_medusax8\PDV_MedusaX8_hznqlc22_wpftmp.csproj]
C:\Users\zacho\OneDrive\Downloads\Documentos\Projetos\pdv_medusax8\v1.1\v1.1\MainWindow.xaml.cs(27,22): error CS0102: O tipo "MainWindow" j├í cont├®m uma defini├º├úo para "_requireF2ToStartSale" [C:\Users\zacho\OneDrive\Downloads\Documentos\Projetos\pdv_medusax8\PDV_MedusaX8_hznqlc22_wpftmp.csproj]
C:\Users\zacho\OneDrive\Downloads\Documentos\Projetos\pdv_medusax8\v1.1\MainWindow.xaml.cs(28,22): error CS0102: O tipo "MainWindow" j├í cont├®m uma defini├º├úo para "_saleStarted" [C:\Users\zacho\OneDrive\Downloads\Documentos\Projetos\pdv_medusax8\PDV_MedusaX8_hznqlc22_wpftmp.csproj]
C:\Users\zacho\OneDrive\Downloads\Documentos\Projetos\pdv_medusax8\v1.1\v1.1\MainWindow.xaml.cs(28,22): error CS0102: O tipo "MainWindow" j├í cont├®m uma defini├º├úo para "_saleStarted" [C:\Users\zacho\OneDrive\Downloads\Documentos\Projetos\pdv_medusax8\PDV_MedusaX8_hznqlc22_wpftmp.csproj]
C:\Users\zacho\OneDrive\Downloads\Documentos\Projetos\pdv_medusax8\v1.1\MainWindow.xaml.cs(31,41): error CS0102: O tipo "MainWindow" j├í cont├®m uma defini├º├úo para "_cartItems" [C:\Users\zacho\OneDrive\Downloads\Documentos\Projetos\pdv_medusax8\PDV_MedusaX8_hznqlc22_wpftmp.csproj]
C:\Users\zacho\OneDrive\Downloads\Documentos\Projetos\pdv_medusax8\v1.1\v1.1\MainWindow.xaml.cs(31,41): error CS0102: O tipo "MainWindow" j├í cont├®m uma defini├º├úo para "_cartItems" [C:\Users\zacho\OneDrive\Downloads\Documentos\Projetos\pdv_medusax8\PDV_MedusaX8_hznqlc22_wpftmp.csproj]
C:\Users\zacho\OneDrive\Downloads\Documentos\Projetos\pdv_medusax8\v1.1\MainWindow.xaml.cs(32,86): error CS0102: O tipo "MainWindow" j├í cont├®m uma defini├º├úo para "_catalog" [C:\Users\zacho\OneDrive\Downloads\Documentos\Projetos\pdv_medusax8\PDV_MedusaX8_hznqlc22_wpftmp.csproj]
C:\Users\zacho\OneDrive\Downloads\Documentos\Projetos\pdv_medusax8\v1.1\v1.1\MainWindow.xaml.cs(32,86): error CS0102: O tipo "MainWindow" j├í cont├®m uma defini├º├úo para "_catalog" [C:\Users\zacho\OneDrive\Downloads\Documentos\Projetos\pdv_medusax8\PDV_MedusaX8_hznqlc22_wpftmp.csproj]
C:\Users\zacho\OneDrive\Downloads\Documentos\Projetos\pdv_medusax8\v1.1\MainWindow.xaml.cs(35,25): error CS0102: O tipo "MainWindow" j├í cont├®m uma defini├º├úo para "_consumerName" [C:\Users\zacho\OneDrive\Downloads\Documentos\Projetos\pdv_medusax8\PDV_MedusaX8_hznqlc22_wpftmp.csproj]
C:\Users\zacho\OneDrive\Downloads\Documentos\Projetos\pdv_medusax8\v1.1\v1.1\MainWindow.xaml.cs(35,25): error CS0102: O tipo "MainWindow" j├í cont├®m uma defini├º├úo para "_consumerName" [C:\Users\zacho\OneDrive\Downloads\Documentos\Projetos\pdv_medusax8\PDV_MedusaX8_hznqlc22_wpftmp.csproj]
C:\Users\zacho\OneDrive\Downloads\Documentos\Projetos\pdv_medusax8\v1.1\MainWindow.xaml.cs(36,25): error CS0102: O tipo "MainWindow" j├í cont├®m uma defini├º├úo para "_consumerCPF" [C:\Users\zacho\OneDrive\Downloads\Documentos\Projetos\pdv_medusax8\PDV_MedusaX8_hznqlc22_wpftmp.csproj]
C:\Users\zacho\OneDrive\Downloads\Documentos\Projetos\pdv_medusax8\v1.1\v1.1\MainWindow.xaml.cs(36,25): error CS0102: O tipo "MainWindow" j├í cont├®m uma defini├º├úo para "_consumerCPF" [C:\Users\zacho\OneDrive\Downloads\Documentos\Projetos\pdv_medusax8\PDV_MedusaX8_hznqlc22_wpftmp.csproj]
C:\Users\zacho\OneDrive\Downloads\Documentos\Projetos\pdv_medusax8\v1.1\MainWindow.xaml.cs(37,22): error CS0102: O tipo "MainWindow" j├í cont├®m uma defini├º├úo para "_consumerCustomerId" [C:\Users\zacho\OneDrive\Downloads\Documentos\Projetos\pdv_medusax8\PDV_MedusaX8_hznqlc22_wpftmp.csproj]
C:\Users\zacho\OneDrive\Downloads\Documentos\Projetos\pdv_medusax8\v1.1\v1.1\MainWindow.xaml.cs(37,22): error CS0102: O tipo "MainWindow" j├í cont├®m uma defini├º├úo para "_consumerCustomerId" [C:\Users\zacho\OneDrive\Downloads\Documentos\Projetos\pdv_medusax8\PDV_MedusaX8_hznqlc22_wpftmp.csproj]
C:\Users\zacho\OneDrive\Downloads\Documentos\Projetos\pdv_medusax8\v1.1\MainWindow.xaml.cs(40,21): error CS0102: O tipo "MainWindow" j├í cont├®m uma defini├º├úo para "HasConsumer" [C:\Users\zacho\OneDrive\Downloads\Documentos\Projetos\pdv_medusax8\PDV_MedusaX8_hznqlc22_wpftmp.csproj]
C:\Users\zacho\OneDrive\Downloads\Documentos\Projetos\pdv_medusax8\v1.1\v1.1\MainWindow.xaml.cs(40,21): error CS0102: O tipo "MainWindow" j├í cont├®m uma defini├º├úo para "HasConsumer" [C:\Users\zacho\OneDrive\Downloads\Documentos\Projetos\pdv_medusax8\PDV_MedusaX8_hznqlc22_wpftmp.csproj]
C:\Users\zacho\OneDrive\Downloads\Documentos\Projetos\pdv_medusax8\v1.1\MainWindow.xaml.cs(41,24): error CS0102: O tipo "MainWindow" j├í cont├®m uma defini├º├úo para "ConsumerName" [C:\Users\zacho\OneDrive\Downloads\Documentos\Projetos\pdv_medusax8\PDV_MedusaX8_hznqlc22_wpftmp.csproj]
C:\Users\zacho\OneDrive\Downloads\Documentos\Projetos\pdv_medusax8\v1.1\v1.1\MainWindow.xaml.cs(41,24): error CS0102: O tipo "MainWindow" j├í cont├®m uma defini├º├úo para "ConsumerName" [C:\Users\zacho\OneDrive\Downloads\Documentos\Projetos\pdv_medusax8\PDV_MedusaX8_hznqlc22_wpftmp.csproj]
C:\Users\zacho\OneDrive\Downloads\Documentos\Projetos\pdv_medusax8\v1.1\MainWindow.xaml.cs(42,24): error CS0102: O tipo "MainWindow" j├í cont├®m uma defini├º├úo para "ConsumerCPF" [C:\Users\zacho\OneDrive\Downloads\Documentos\Projetos\pdv_medusax8\PDV_MedusaX8_hznqlc22_wpftmp.csproj]
C:\Users\zacho\OneDrive\Downloads\Documentos\Projetos\pdv_medusax8\v1.1\v1.1\MainWindow.xaml.cs(42,24): error CS0102: O tipo "MainWindow" j├í cont├®m uma defini├º├úo para "ConsumerCPF" [C:\Users\zacho\OneDrive\Downloads\Documentos\Projetos\pdv_medusax8\PDV_MedusaX8_hznqlc22_wpftmp.csproj]
C:\Users\zacho\OneDrive\Downloads\Documentos\Projetos\pdv_medusax8\v1.1\MainWindow.xaml.cs(43,21): error CS0102: O tipo "MainWindow" j├í cont├®m uma defini├º├úo para "ConsumerCustomerId" [C:\Users\zacho\OneDrive\Downloads\Documentos\Projetos\pdv_medusax8\PDV_MedusaX8_hznqlc22_wpftmp.csproj]
C:\Users\zacho\OneDrive\Downloads\Documentos\Projetos\pdv_medusax8\v1.1\v1.1\MainWindow.xaml.cs(43,21): error CS0102: O tipo "MainWindow" j├í cont├®m uma defini├º├úo para "ConsumerCustomerId" [C:\Users\zacho\OneDrive\Downloads\Documentos\Projetos\pdv_medusax8\PDV_MedusaX8_hznqlc22_wpftmp.csproj]
C:\Users\zacho\OneDrive\Downloads\Documentos\Projetos\pdv_medusax8\v1.1\MainWindow.xaml.cs(46,21): error CS0102: O tipo "MainWindow" j├í cont├®m uma defini├º├úo para "HasCustomerSelected" [C:\Users\zacho\OneDrive\Downloads\Documentos\Projetos\pdv_medusax8\PDV_MedusaX8_hznqlc22_wpftmp.csproj]
C:\Users\zacho\OneDrive\Downloads\Documentos\Projetos\pdv_medusax8\v1.1\v1.1\MainWindow.xaml.cs(46,21): error CS0102: O tipo "MainWindow" j├í cont├®m uma defini├º├úo para "HasCustomerSelected" [C:\Users\zacho\OneDrive\Downloads\Documentos\Projetos\pdv_medusax8\PDV_MedusaX8_hznqlc22_wpftmp.csproj]
C:\Users\zacho\OneDrive\Downloads\Documentos\Projetos\pdv_medusax8\v1.1\MainWindow.xaml.cs(49,22): error CS0102: O tipo "MainWindow" j├í cont├®m uma defini├º├úo para "_requireSupervisorForSangria" [C:\Users\zacho\OneDrive\Downloads\Documentos\Projetos\pdv_medusax8\PDV_MedusaX8_hznqlc22_wpftmp.csproj]
C:\Users\zacho\OneDrive\Downloads\Documentos\Projetos\pdv_medusax8\v1.1\v1.1\MainWindow.xaml.cs(49,22): error CS0102: O tipo "MainWindow" j├í cont├®m uma defini├º├úo para "_requireSupervisorForSangria" [C:\Users\zacho\OneDrive\Downloads\Documentos\Projetos\pdv_medusax8\PDV_MedusaX8_hznqlc22_wpftmp.csproj]
C:\Users\zacho\OneDrive\Downloads\Documentos\Projetos\pdv_medusax8\v1.1\MainWindow.xaml.cs(50,24): error CS0102: O tipo "MainWindow" j├í cont├®m uma defini├º├úo para "_supervisorCode" [C:\Users\zacho\OneDrive\Downloads\Documentos\Projetos\pdv_medusax8\PDV_MedusaX8_hznqlc22_wpftmp.csproj]
C:\Users\zacho\OneDrive\Downloads\Documentos\Projetos\pdv_medusax8\v1.1\v1.1\MainWindow.xaml.cs(50,24): error CS0102: O tipo "MainWindow" j├í cont├®m uma defini├º├úo para "_supervisorCode" [C:\Users\zacho\OneDrive\Downloads\Documentos\Projetos\pdv_medusax8\PDV_MedusaX8_hznqlc22_wpftmp.csproj]
C:\Users\zacho\OneDrive\Downloads\Documentos\Projetos\pdv_medusax8\v1.1\MainWindow.xaml.cs(51,24): error CS0102: O tipo "MainWindow" j├í cont├®m uma defini├º├úo para "_supervisorPassword" [C:\Users\zacho\OneDrive\Downloads\Documentos\Projetos\pdv_medusax8\PDV_MedusaX8_hznqlc22_wpftmp.csproj]
C:\Users\zacho\OneDrive\Downloads\Documentos\Projetos\pdv_medusax8\v1.1\v1.1\MainWindow.xaml.cs(51,24): error CS0102: O tipo "MainWindow" j├í cont├®m uma defini├º├úo para "_supervisorPassword" [C:\Users\zacho\OneDrive\Downloads\Documentos\Projetos\pdv_medusax8\PDV_MedusaX8_hznqlc22_wpftmp.csproj]
C:\Users\zacho\OneDrive\Downloads\Documentos\Projetos\pdv_medusax8\v1.1\MainWindow.xaml.cs(52,24): error CS0102: O tipo "MainWindow" j├í cont├®m uma defini├º├úo para "_supervisorName" [C:\Users\zacho\OneDrive\Downloads\Documentos\Projetos\pdv_medusax8\PDV_MedusaX8_hznqlc22_wpftmp.csproj]
C:\Users\zacho\OneDrive\Downloads\Documentos\Projetos\pdv_medusax8\v1.1\v1.1\MainWindow.xaml.cs(52,24): error CS0102: O tipo "MainWindow" j├í cont├®m uma defini├º├úo para "_supervisorName" [C:\Users\zacho\OneDrive\Downloads\Documentos\Projetos\pdv_medusax8\PDV_MedusaX8_hznqlc22_wpftmp.csproj]
C:\Users\zacho\OneDrive\Downloads\Documentos\Projetos\pdv_medusax8\v1.1\MainWindow.xaml.cs(55,21): error CS0102: O tipo "MainWindow" j├í cont├®m uma defini├º├úo para "RequiresSupervisorForSangria" [C:\Users\zacho\OneDrive\Downloads\Documentos\Projetos\pdv_medusax8\PDV_MedusaX8_hznqlc22_wpftmp.csproj]
C:\Users\zacho\OneDrive\Downloads\Documentos\Projetos\pdv_medusax8\v1.1\v1.1\MainWindow.xaml.cs(55,21): error CS0102: O tipo "MainWindow" j├í cont├®m uma defini├º├úo para "RequiresSupervisorForSangria" [C:\Users\zacho\OneDrive\Downloads\Documentos\Projetos\pdv_medusax8\PDV_MedusaX8_hznqlc22_wpftmp.csproj]
C:\Users\zacho\OneDrive\Downloads\Documentos\Projetos\pdv_medusax8\v1.1\MainWindow.xaml.cs(56,23): error CS0102: O tipo "MainWindow" j├í cont├®m uma defini├º├úo para "SupervisorName" [C:\Users\zacho\OneDrive\Downloads\Documentos\Projetos\pdv_medusax8\PDV_MedusaX8_hznqlc22_wpftmp.csproj]
C:\Users\zacho\OneDrive\Downloads\Documentos\Projetos\pdv_medusax8\v1.1\v1.1\MainWindow.xaml.cs(56,23): error CS0102: O tipo "MainWindow" j├í cont├®m uma defini├º├úo para "SupervisorName" [C:\Users\zacho\OneDrive\Downloads\Documentos\Projetos\pdv_medusax8\PDV_MedusaX8_hznqlc22_wpftmp.csproj]
C:\Users\zacho\OneDrive\Downloads\Documentos\Projetos\pdv_medusax8\v1.1\MainWindow.xaml.cs(57,21): error CS0111: Tipo "MainWindow" j├í define um membro chamado "ValidateSupervisor" com os mesmos tipos de par├ómetro [C:\Users\zacho\OneDrive\Downloads\Documentos\Projetos\pdv_medusax8\PDV_MedusaX8_hznqlc22_wpftmp.csproj]
C:\Users\zacho\OneDrive\Downloads\Documentos\Projetos\pdv_medusax8\v1.1\v1.1\MainWindow.xaml.cs(57,21): error CS0111: Tipo "MainWindow" j├í define um membro chamado "ValidateSupervisor" com os mesmos tipos de par├ómetro [C:\Users\zacho\OneDrive\Downloads\Documentos\Projetos\pdv_medusax8\PDV_MedusaX8_hznqlc22_wpftmp.csproj]
C:\Users\zacho\OneDrive\Downloads\Documentos\Projetos\pdv_medusax8\v1.1\MainWindow.xaml.cs(65,16): error CS0111: Tipo "MainWindow" j├í define um membro chamado "MainWindow" com os mesmos tipos de par├ómetro [C:\Users\zacho\OneDrive\Downloads\Documentos\Projetos\pdv_medusax8\PDV_MedusaX8_hznqlc22_wpftmp.csproj]
C:\Users\zacho\OneDrive\Downloads\Documentos\Projetos\pdv_medusax8\v1.1\v1.1\MainWindow.xaml.cs(65,16): error CS0111: Tipo "MainWindow" j├í define um membro chamado "MainWindow" com os mesmos tipos de par├ómetro [C:\Users\zacho\OneDrive\Downloads\Documentos\Projetos\pdv_medusax8\PDV_MedusaX8_hznqlc22_wpftmp.csproj]
C:\Users\zacho\OneDrive\Downloads\Documentos\Projetos\pdv_medusax8\v1.1\MainWindow.xaml.cs(95,21): error CS0111: Tipo "MainWindow" j├í define um membro chamado "SetConsumer" com os mesmos tipos de par├ómetro [C:\Users\zacho\OneDrive\Downloads\Documentos\Projetos\pdv_medusax8\PDV_MedusaX8_hznqlc22_wpftmp.csproj]
C:\Users\zacho\OneDrive\Downloads\Documentos\Projetos\pdv_medusax8\v1.1\v1.1\MainWindow.xaml.cs(95,21): error CS0111: Tipo "MainWindow" j├í define um membro chamado "SetConsumer" com os mesmos tipos de par├ómetro [C:\Users\zacho\OneDrive\Downloads\Documentos\Projetos\pdv_medusax8\PDV_MedusaX8_hznqlc22_wpftmp.csproj]
C:\Users\zacho\OneDrive\Downloads\Documentos\Projetos\pdv_medusax8\v1.1\MainWindow.xaml.cs(105,21): error CS0111: Tipo "MainWindow" j├í define um membro chamado "EnsureConsumerSelected" com os mesmos tipos de par├ómetro [C:\Users\zacho\OneDrive\Downloads\Documentos\Projetos\pdv_medusax8\PDV_MedusaX8_hznqlc22_wpftmp.csproj]
C:\Users\zacho\OneDrive\Downloads\Documentos\Projetos\pdv_medusax8\v1.1\v1.1\MainWindow.xaml.cs(105,21): error CS0111: Tipo "MainWindow" j├í define um membro chamado "EnsureConsumerSelected" com os mesmos tipos de par├ómetro [C:\Users\zacho\OneDrive\Downloads\Documentos\Projetos\pdv_medusax8\PDV_MedusaX8_hznqlc22_wpftmp.csproj]
C:\Users\zacho\OneDrive\Downloads\Documentos\Projetos\pdv_medusax8\v1.1\MainWindow.xaml.cs(119,22): error CS0111: Tipo "MainWindow" j├í define um membro chamado "MainWindow_Closing" com os mesmos tipos de par├ómetro [C:\Users\zacho\OneDrive\Downloads\Documentos\Projetos\pdv_medusax8\PDV_MedusaX8_hznqlc22_wpftmp.csproj]
C:\Users\zacho\OneDrive\Downloads\Documentos\Projetos\pdv_medusax8\v1.1\v1.1\MainWindow.xaml.cs(119,22): error CS0111: Tipo "MainWindow" j├í define um membro chamado "MainWindow_Closing" com os mesmos tipos de par├ómetro [C:\Users\zacho\OneDrive\Downloads\Documentos\Projetos\pdv_medusax8\PDV_MedusaX8_hznqlc22_wpftmp.csproj]
C:\Users\zacho\OneDrive\Downloads\Documentos\Projetos\pdv_medusax8\v1.1\MainWindow.xaml.cs(128,22): error CS0111: Tipo "MainWindow" j├í define um membro chamado "CloseWindow" com os mesmos tipos de par├ómetro [C:\Users\zacho\OneDrive\Downloads\Documentos\Projetos\pdv_medusax8\PDV_MedusaX8_hznqlc22_wpftmp.csproj]
C:\Users\zacho\OneDrive\Downloads\Documentos\Projetos\pdv_medusax8\v1.1\v1.1\MainWindow.xaml.cs(128,22): error CS0111: Tipo "MainWindow" j├í define um membro chamado "CloseWindow" com os mesmos tipos de par├ómetro [C:\Users\zacho\OneDrive\Downloads\Documentos\Projetos\pdv_medusax8\PDV_MedusaX8_hznqlc22_wpftmp.csproj]
C:\Users\zacho\OneDrive\Downloads\Documentos\Projetos\pdv_medusax8\v1.1\MainWindow.xaml.cs(138,22): error CS0111: Tipo "MainWindow" j├í define um membro chamado "UpdateWindowCloseState" com os mesmos tipos de par├ómetro [C:\Users\zacho\OneDrive\Downloads\Documentos\Projetos\pdv_medusax8\PDV_MedusaX8_hznqlc22_wpftmp.csproj]
C:\Users\zacho\OneDrive\Downloads\Documentos\Projetos\pdv_medusax8\v1.1\v1.1\MainWindow.xaml.cs(138,22): error CS0111: Tipo "MainWindow" j├í define um membro chamado "UpdateWindowCloseState" com os mesmos tipos de par├ómetro [C:\Users\zacho\OneDrive\Downloads\Documentos\Projetos\pdv_medusax8\PDV_MedusaX8_hznqlc22_wpftmp.csproj]
C:\Users\zacho\OneDrive\Downloads\Documentos\Projetos\pdv_medusax8\v1.1\MainWindow.xaml.cs(151,22): error CS0111: Tipo "MainWindow" j├í define um membro chamado "LoadCartItems" com os mesmos tipos de par├ómetro [C:\Users\zacho\OneDrive\Downloads\Documentos\Projetos\pdv_medusax8\PDV_MedusaX8_hznqlc22_wpftmp.csproj]
C:\Users\zacho\OneDrive\Downloads\Documentos\Projetos\pdv_medusax8\v1.1\v1.1\MainWindow.xaml.cs(151,22): error CS0111: Tipo "MainWindow" j├í define um membro chamado "LoadCartItems" com os mesmos tipos de par├ómetro [C:\Users\zacho\OneDrive\Downloads\Documentos\Projetos\pdv_medusax8\PDV_MedusaX8_hznqlc22_wpftmp.csproj]
C:\Users\zacho\OneDrive\Downloads\Documentos\Projetos\pdv_medusax8\v1.1\MainWindow.xaml.cs(160,22): error CS0111: Tipo "MainWindow" j├í define um membro chamado "ShortcutAction" com os mesmos tipos de par├ómetro [C:\Users\zacho\OneDrive\Downloads\Documentos\Projetos\pdv_medusax8\PDV_MedusaX8_hznqlc22_wpftmp.csproj]
C:\Users\zacho\OneDrive\Downloads\Documentos\Projetos\pdv_medusax8\v1.1\v1.1\MainWindow.xaml.cs(160,22): error CS0111: Tipo "MainWindow" j├í define um membro chamado "ShortcutAction" com os mesmos tipos de par├ómetro [C:\Users\zacho\OneDrive\Downloads\Documentos\Projetos\pdv_medusax8\PDV_MedusaX8_hznqlc22_wpftmp.csproj]
C:\Users\zacho\OneDrive\Downloads\Documentos\Projetos\pdv_medusax8\v1.1\MainWindow.xaml.cs(179,22): error CS0111: Tipo "MainWindow" j├í define um membro chamado "HandleShortcutMode" com os mesmos tipos de par├ómetro [C:\Users\zacho\OneDrive\Downloads\Documentos\Projetos\pdv_medusax8\PDV_MedusaX8_hznqlc22_wpftmp.csproj]
C:\Users\zacho\OneDrive\Downloads\Documentos\Projetos\pdv_medusax8\v1.1\v1.1\MainWindow.xaml.cs(179,22): error CS0111: Tipo "MainWindow" j├í define um membro chamado "HandleShortcutMode" com os mesmos tipos de par├ómetro [C:\Users\zacho\OneDrive\Downloads\Documentos\Projetos\pdv_medusax8\PDV_MedusaX8_hznqlc22_wpftmp.csproj]
C:\Users\zacho\OneDrive\Downloads\Documentos\Projetos\pdv_medusax8\v1.1\MainWindow.xaml.cs(372,22): error CS0111: Tipo "MainWindow" j├í define um membro chamado "OpenCancelItemWindow" com os mesmos tipos de par├ómetro [C:\Users\zacho\OneDrive\Downloads\Documentos\Projetos\pdv_medusax8\PDV_MedusaX8_hznqlc22_wpftmp.csproj]
C:\Users\zacho\OneDrive\Downloads\Documentos\Projetos\pdv_medusax8\v1.1\v1.1\MainWindow.xaml.cs(372,22): error CS0111: Tipo "MainWindow" j├í define um membro chamado "OpenCancelItemWindow" com os mesmos tipos de par├ómetro [C:\Users\zacho\OneDrive\Downloads\Documentos\Projetos\pdv_medusax8\PDV_MedusaX8_hznqlc22_wpftmp.csproj]
C:\Users\zacho\OneDrive\Downloads\Documentos\Projetos\pdv_medusax8\v1.1\MainWindow.xaml.cs(402,60): error CS0111: Tipo "MainWindow" j├í define um membro chamado "BuildCancelOptionsFromCart" com os mesmos tipos de par├ómetro [C:\Users\zacho\OneDrive\Downloads\Documentos\Projetos\pdv_medusax8\PDV_MedusaX8_hznqlc22_wpftmp.csproj]
C:\Users\zacho\OneDrive\Downloads\Documentos\Projetos\pdv_medusax8\v1.1\v1.1\MainWindow.xaml.cs(402,60): error CS0111: Tipo "MainWindow" j├í define um membro chamado "BuildCancelOptionsFromCart" com os mesmos tipos de par├ómetro [C:\Users\zacho\OneDrive\Downloads\Documentos\Projetos\pdv_medusax8\PDV_MedusaX8_hznqlc22_wpftmp.csproj]
C:\Users\zacho\OneDrive\Downloads\Documentos\Projetos\pdv_medusax8\v1.1\MainWindow.xaml.cs(429,22): error CS0111: Tipo "MainWindow" j├í define um membro chamado "CancelCartItem" com os mesmos tipos de par├ómetro [C:\Users\zacho\OneDrive\Downloads\Documentos\Projetos\pdv_medusax8\PDV_MedusaX8_hznqlc22_wpftmp.csproj]
C:\Users\zacho\OneDrive\Downloads\Documentos\Projetos\pdv_medusax8\v1.1\v1.1\MainWindow.xaml.cs(429,22): error CS0111: Tipo "MainWindow" j├í define um membro chamado "CancelCartItem" com os mesmos tipos de par├ómetro [C:\Users\zacho\OneDrive\Downloads\Documentos\Projetos\pdv_medusax8\PDV_MedusaX8_hznqlc22_wpftmp.csproj]
C:\Users\zacho\OneDrive\Downloads\Documentos\Projetos\pdv_medusax8\v1.1\MainWindow.xaml.cs(457,22): error CS0111: Tipo "MainWindow" j├í define um membro chamado "UpdateTotalsAndRefresh" com os mesmos tipos de par├ómetro [C:\Users\zacho\OneDrive\Downloads\Documentos\Projetos\pdv_medusax8\PDV_MedusaX8_hznqlc22_wpftmp.csproj]
C:\Users\zacho\OneDrive\Downloads\Documentos\Projetos\pdv_medusax8\v1.1\v1.1\MainWindow.xaml.cs(457,22): error CS0111: Tipo "MainWindow" j├í define um membro chamado "UpdateTotalsAndRefresh" com os mesmos tipos de par├ómetro [C:\Users\zacho\OneDrive\Downloads\Documentos\Projetos\pdv_medusax8\PDV_MedusaX8_hznqlc22_wpftmp.csproj]
C:\Users\zacho\OneDrive\Downloads\Documentos\Projetos\pdv_medusax8\v1.1\MainWindow.xaml.cs(476,22): error CS0111: Tipo "MainWindow" j├í define um membro chamado "Window_KeyDown" com os mesmos tipos de par├ómetro [C:\Users\zacho\OneDrive\Downloads\Documentos\Projetos\pdv_medusax8\PDV_MedusaX8_hznqlc22_wpftmp.csproj]
C:\Users\zacho\OneDrive\Downloads\Documentos\Projetos\pdv_medusax8\v1.1\v1.1\MainWindow.xaml.cs(476,22): error CS0111: Tipo "MainWindow" j├í define um membro chamado "Window_KeyDown" com os mesmos tipos de par├ómetro [C:\Users\zacho\OneDrive\Downloads\Documentos\Projetos\pdv_medusax8\PDV_MedusaX8_hznqlc22_wpftmp.csproj]
C:\Users\zacho\OneDrive\Downloads\Documentos\Projetos\pdv_medusax8\v1.1\MainWindow.xaml.cs(534,22): error CS0111: Tipo "MainWindow" j├í define um membro chamado "MinimizeWindow" com os mesmos tipos de par├ómetro [C:\Users\zacho\OneDrive\Downloads\Documentos\Projetos\pdv_medusax8\PDV_MedusaX8_hznqlc22_wpftmp.csproj]
C:\Users\zacho\OneDrive\Downloads\Documentos\Projetos\pdv_medusax8\v1.1\v1.1\MainWindow.xaml.cs(534,22): error CS0111: Tipo "MainWindow" j├í define um membro chamado "MinimizeWindow" com os mesmos tipos de par├ómetro [C:\Users\zacho\OneDrive\Downloads\Documentos\Projetos\pdv_medusax8\PDV_MedusaX8_hznqlc22_wpftmp.csproj]
C:\Users\zacho\OneDrive\Downloads\Documentos\Projetos\pdv_medusax8\v1.1\MainWindow.xaml.cs(539,22): error CS0111: Tipo "MainWindow" j├í define um membro chamado "MaximizeRestoreWindow" com os mesmos tipos de par├ómetro [C:\Users\zacho\OneDrive\Downloads\Documentos\Projetos\pdv_medusax8\PDV_MedusaX8_hznqlc22_wpftmp.csproj]
C:\Users\zacho\OneDrive\Downloads\Documentos\Projetos\pdv_medusax8\v1.1\v1.1\MainWindow.xaml.cs(539,22): error CS0111: Tipo "MainWindow" j├í define um membro chamado "MaximizeRestoreWindow" com os mesmos tipos de par├ómetro [C:\Users\zacho\OneDrive\Downloads\Documentos\Projetos\pdv_medusax8\PDV_MedusaX8_hznqlc22_wpftmp.csproj]
C:\Users\zacho\OneDrive\Downloads\Documentos\Projetos\pdv_medusax8\v1.1\MainWindow.xaml.cs(544,22): error CS0111: Tipo "MainWindow" j├í define um membro chamado "InputCodeField_KeyDown" com os mesmos tipos de par├ómetro [C:\Users\zacho\OneDrive\Downloads\Documentos\Projetos\pdv_medusax8\PDV_MedusaX8_hznqlc22_wpftmp.csproj]
C:\Users\zacho\OneDrive\Downloads\Documentos\Projetos\pdv_medusax8\v1.1\v1.1\MainWindow.xaml.cs(544,22): error CS0111: Tipo "MainWindow" j├í define um membro chamado "InputCodeField_KeyDown" com os mesmos tipos de par├ómetro [C:\Users\zacho\OneDrive\Downloads\Documentos\Projetos\pdv_medusax8\PDV_MedusaX8_hznqlc22_wpftmp.csproj]
C:\Users\zacho\OneDrive\Downloads\Documentos\Projetos\pdv_medusax8\v1.1\MainWindow.xaml.cs(589,22): error CS0111: Tipo "MainWindow" j├í define um membro chamado "InputCodeField_TextChanged" com os mesmos tipos de par├ómetro [C:\Users\zacho\OneDrive\Downloads\Documentos\Projetos\pdv_medusax8\PDV_MedusaX8_hznqlc22_wpftmp.csproj]
C:\Users\zacho\OneDrive\Downloads\Documentos\Projetos\pdv_medusax8\v1.1\v1.1\MainWindow.xaml.cs(589,22): error CS0111: Tipo "MainWindow" j├í define um membro chamado "InputCodeField_TextChanged" com os mesmos tipos de par├ómetro [C:\Users\zacho\OneDrive\Downloads\Documentos\Projetos\pdv_medusax8\PDV_MedusaX8_hznqlc22_wpftmp.csproj]
C:\Users\zacho\OneDrive\Downloads\Documentos\Projetos\pdv_medusax8\v1.1\MainWindow.xaml.cs(638,22): error CS0111: Tipo "MainWindow" j├í define um membro chamado "RedirectQtyClickToCode" com os mesmos tipos de par├ómetro [C:\Users\zacho\OneDrive\Downloads\Documentos\Projetos\pdv_medusax8\PDV_MedusaX8_hznqlc22_wpftmp.csproj]
C:\Users\zacho\OneDrive\Downloads\Documentos\Projetos\pdv_medusax8\v1.1\v1.1\MainWindow.xaml.cs(638,22): error CS0111: Tipo "MainWindow" j├í define um membro chamado "RedirectQtyClickToCode" com os mesmos tipos de par├ómetro [C:\Users\zacho\OneDrive\Downloads\Documentos\Projetos\pdv_medusax8\PDV_MedusaX8_hznqlc22_wpftmp.csproj]
C:\Users\zacho\OneDrive\Downloads\Documentos\Projetos\pdv_medusax8\v1.1\MainWindow.xaml.cs(648,22): error CS0111: Tipo "MainWindow" j├í define um membro chamado "HandleCodeInput" com os mesmos tipos de par├ómetro [C:\Users\zacho\OneDrive\Downloads\Documentos\Projetos\pdv_medusax8\PDV_MedusaX8_hznqlc22_wpftmp.csproj]
C:\Users\zacho\OneDrive\Downloads\Documentos\Projetos\pdv_medusax8\v1.1\v1.1\MainWindow.xaml.cs(648,22): error CS0111: Tipo "MainWindow" j├í define um membro chamado "HandleCodeInput" com os mesmos tipos de par├ómetro [C:\Users\zacho\OneDrive\Downloads\Documentos\Projetos\pdv_medusax8\PDV_MedusaX8_hznqlc22_wpftmp.csproj]
C:\Users\zacho\OneDrive\Downloads\Documentos\Projetos\pdv_medusax8\v1.1\MainWindow.xaml.cs(749,22): error CS0111: Tipo "MainWindow" j├í define um membro chamado "AddOrMergeCartItem" com os mesmos tipos de par├ómetro [C:\Users\zacho\OneDrive\Downloads\Documentos\Projetos\pdv_medusax8\PDV_MedusaX8_hznqlc22_wpftmp.csproj]
C:\Users\zacho\OneDrive\Downloads\Documentos\Projetos\pdv_medusax8\v1.1\v1.1\MainWindow.xaml.cs(749,22): error CS0111: Tipo "MainWindow" j├í define um membro chamado "AddOrMergeCartItem" com os mesmos tipos de par├ómetro [C:\Users\zacho\OneDrive\Downloads\Documentos\Projetos\pdv_medusax8\PDV_MedusaX8_hznqlc22_wpftmp.csproj]
C:\Users\zacho\OneDrive\Downloads\Documentos\Projetos\pdv_medusax8\v1.1\MainWindow.xaml.cs(782,22): error CS0111: Tipo "MainWindow" j├í define um membro chamado "UpdateConsumerLabels" com os mesmos tipos de par├ómetro [C:\Users\zacho\OneDrive\Downloads\Documentos\Projetos\pdv_medusax8\PDV_MedusaX8_hznqlc22_wpftmp.csproj]
C:\Users\zacho\OneDrive\Downloads\Documentos\Projetos\pdv_medusax8\v1.1\v1.1\MainWindow.xaml.cs(782,22): error CS0111: Tipo "MainWindow" j├í define um membro chamado "UpdateConsumerLabels" com os mesmos tipos de par├ómetro [C:\Users\zacho\OneDrive\Downloads\Documentos\Projetos\pdv_medusax8\PDV_MedusaX8_hznqlc22_wpftmp.csproj]
C:\Users\zacho\OneDrive\Downloads\Documentos\Projetos\pdv_medusax8\v1.1\MainWindow.xaml.cs(787,22): error CS0111: Tipo "MainWindow" j├í define um membro chamado "FinalizeSale" com os mesmos tipos de par├ómetro [C:\Users\zacho\OneDrive\Downloads\Documentos\Projetos\pdv_medusax8\PDV_MedusaX8_hznqlc22_wpftmp.csproj]
C:\Users\zacho\OneDrive\Downloads\Documentos\Projetos\pdv_medusax8\v1.1\v1.1\MainWindow.xaml.cs(787,22): error CS0111: Tipo "MainWindow" j├í define um membro chamado "FinalizeSale" com os mesmos tipos de par├ómetro [C:\Users\zacho\OneDrive\Downloads\Documentos\Projetos\pdv_medusax8\PDV_MedusaX8_hznqlc22_wpftmp.csproj]
C:\Users\zacho\OneDrive\Downloads\Documentos\Projetos\pdv_medusax8\v1.1\MainWindow.xaml.cs(806,22): error CS0111: Tipo "MainWindow" j├í define um membro chamado "CancelSale" com os mesmos tipos de par├ómetro [C:\Users\zacho\OneDrive\Downloads\Documentos\Projetos\pdv_medusax8\PDV_MedusaX8_hznqlc22_wpftmp.csproj]
C:\Users\zacho\OneDrive\Downloads\Documentos\Projetos\pdv_medusax8\v1.1\v1.1\MainWindow.xaml.cs(806,22): error CS0111: Tipo "MainWindow" j├í define um membro chamado "CancelSale" com os mesmos tipos de par├ómetro [C:\Users\zacho\OneDrive\Downloads\Documentos\Projetos\pdv_medusax8\PDV_MedusaX8_hznqlc22_wpftmp.csproj]
C:\Users\zacho\OneDrive\Downloads\Documentos\Projetos\pdv_medusax8\v1.1\MainWindow.xaml.cs(825,22): error CS0111: Tipo "MainWindow" j├í define um membro chamado "InitProductCatalog" com os mesmos tipos de par├ómetro [C:\Users\zacho\OneDrive\Downloads\Documentos\Projetos\pdv_medusax8\PDV_MedusaX8_hznqlc22_wpftmp.csproj]
C:\Users\zacho\OneDrive\Downloads\Documentos\Projetos\pdv_medusax8\v1.1\v1.1\MainWindow.xaml.cs(825,22): error CS0111: Tipo "MainWindow" j├í define um membro chamado "InitProductCatalog" com os mesmos tipos de par├ómetro [C:\Users\zacho\OneDrive\Downloads\Documentos\Projetos\pdv_medusax8\PDV_MedusaX8_hznqlc22_wpftmp.csproj]
C:\Users\zacho\OneDrive\Downloads\Documentos\Projetos\pdv_medusax8\v1.1\MainWindow.xaml.cs(853,24): error CS0111: Tipo "MainWindow" j├í define um membro chamado "GetConnectionString" com os mesmos tipos de par├ómetro [C:\Users\zacho\OneDrive\Downloads\Documentos\Projetos\pdv_medusax8\PDV_MedusaX8_hznqlc22_wpftmp.csproj]
C:\Users\zacho\OneDrive\Downloads\Documentos\Projetos\pdv_medusax8\v1.1\v1.1\MainWindow.xaml.cs(853,24): error CS0111: Tipo "MainWindow" j├í define um membro chamado "GetConnectionString" com os mesmos tipos de par├ómetro [C:\Users\zacho\OneDrive\Downloads\Documentos\Projetos\pdv_medusax8\PDV_MedusaX8_hznqlc22_wpftmp.csproj]
C:\Users\zacho\OneDrive\Downloads\Documentos\Projetos\pdv_medusax8\v1.1\MainWindow.xaml.cs(858,22): error CS0111: Tipo "MainWindow" j├í define um membro chamado "InitializeDatabase" com os mesmos tipos de par├ómetro [C:\Users\zacho\OneDrive\Downloads\Documentos\Projetos\pdv_medusax8\PDV_MedusaX8_hznqlc22_wpftmp.csproj]
C:\Users\zacho\OneDrive\Downloads\Documentos\Projetos\pdv_medusax8\v1.1\v1.1\MainWindow.xaml.cs(858,22): error CS0111: Tipo "MainWindow" j├í define um membro chamado "InitializeDatabase" com os mesmos tipos de par├ómetro [C:\Users\zacho\OneDrive\Downloads\Documentos\Projetos\pdv_medusax8\PDV_MedusaX8_hznqlc22_wpftmp.csproj]
C:\Users\zacho\OneDrive\Downloads\Documentos\Projetos\pdv_medusax8\v1.1\MainWindow.xaml.cs(1139,22): error CS0111: Tipo "MainWindow" j├í define um membro chamado "LoadF9OptionFlag" com os mesmos tipos de par├ómetro [C:\Users\zacho\OneDrive\Downloads\Documentos\Projetos\pdv_medusax8\PDV_MedusaX8_hznqlc22_wpftmp.csproj]
C:\Users\zacho\OneDrive\Downloads\Documentos\Projetos\pdv_medusax8\v1.1\v1.1\MainWindow.xaml.cs(1139,22): error CS0111: Tipo "MainWindow" j├í define um membro chamado "LoadF9OptionFlag" com os mesmos tipos de par├ómetro [C:\Users\zacho\OneDrive\Downloads\Documentos\Projetos\pdv_medusax8\PDV_MedusaX8_hznqlc22_wpftmp.csproj]
C:\Users\zacho\OneDrive\Downloads\Documentos\Projetos\pdv_medusax8\v1.1\MainWindow.xaml.cs(1154,22): error CS0111: Tipo "MainWindow" j├í define um membro chamado "LoadPromptConsumerFlag" com os mesmos tipos de par├ómetro [C:\Users\zacho\OneDrive\Downloads\Documentos\Projetos\pdv_medusax8\PDV_MedusaX8_hznqlc22_wpftmp.csproj]
C:\Users\zacho\OneDrive\Downloads\Documentos\Projetos\pdv_medusax8\v1.1\v1.1\MainWindow.xaml.cs(1154,22): error CS0111: Tipo "MainWindow" j├í define um membro chamado "LoadPromptConsumerFlag" com os mesmos tipos de par├ómetro [C:\Users\zacho\OneDrive\Downloads\Documentos\Projetos\pdv_medusax8\PDV_MedusaX8_hznqlc22_wpftmp.csproj]
C:\Users\zacho\OneDrive\Downloads\Documentos\Projetos\pdv_medusax8\v1.1\MainWindow.xaml.cs(1168,22): error CS0111: Tipo "MainWindow" j├í define um membro chamado "LoadSupervisorSettings" com os mesmos tipos de par├ómetro [C:\Users\zacho\OneDrive\Downloads\Documentos\Projetos\pdv_medusax8\PDV_MedusaX8_hznqlc22_wpftmp.csproj]
C:\Users\zacho\OneDrive\Downloads\Documentos\Projetos\pdv_medusax8\v1.1\v1.1\MainWindow.xaml.cs(1168,22): error CS0111: Tipo "MainWindow" j├í define um membro chamado "LoadSupervisorSettings" com os mesmos tipos de par├ómetro [C:\Users\zacho\OneDrive\Downloads\Documentos\Projetos\pdv_medusax8\PDV_MedusaX8_hznqlc22_wpftmp.csproj]
C:\Users\zacho\OneDrive\Downloads\Documentos\Projetos\pdv_medusax8\v1.1\MainWindow.xaml.cs(1201,22): error CS0111: Tipo "MainWindow" j├í define um membro chamado "LoadRequireF2StartSaleFlag" com os mesmos tipos de par├ómetro [C:\Users\zacho\OneDrive\Downloads\Documentos\Projetos\pdv_medusax8\PDV_MedusaX8_hznqlc22_wpftmp.csproj]
C:\Users\zacho\OneDrive\Downloads\Documentos\Projetos\pdv_medusax8\v1.1\v1.1\MainWindow.xaml.cs(1201,22): error CS0111: Tipo "MainWindow" j├í define um membro chamado "LoadRequireF2StartSaleFlag" com os mesmos tipos de par├ómetro [C:\Users\zacho\OneDrive\Downloads\Documentos\Projetos\pdv_medusax8\PDV_MedusaX8_hznqlc22_wpftmp.csproj]
C:\Users\zacho\OneDrive\Downloads\Documentos\Projetos\pdv_medusax8\v1.1\MainWindow.xaml.cs(1216,22): error CS0111: Tipo "MainWindow" j├í define um membro chamado "InitializeTEF" com os mesmos tipos de par├ómetro [C:\Users\zacho\OneDrive\Downloads\Documentos\Projetos\pdv_medusax8\PDV_MedusaX8_hznqlc22_wpftmp.csproj]
C:\Users\zacho\OneDrive\Downloads\Documentos\Projetos\pdv_medusax8\v1.1\v1.1\MainWindow.xaml.cs(1216,22): error CS0111: Tipo "MainWindow" j├í define um membro chamado "InitializeTEF" com os mesmos tipos de par├ómetro [C:\Users\zacho\OneDrive\Downloads\Documentos\Projetos\pdv_medusax8\PDV_MedusaX8_hznqlc22_wpftmp.csproj]
C:\Users\zacho\OneDrive\Downloads\Documentos\Projetos\pdv_medusax8\v1.1\MainWindow.xaml.cs(1245,22): error CS0111: Tipo "MainWindow" j├í define um membro chamado "EnsureProductTableSeededFromCatalog" com os mesmos tipos de par├ómetro [C:\Users\zacho\OneDrive\Downloads\Documentos\Projetos\pdv_medusax8\PDV_MedusaX8_hznqlc22_wpftmp.csproj]
C:\Users\zacho\OneDrive\Downloads\Documentos\Projetos\pdv_medusax8\v1.1\v1.1\MainWindow.xaml.cs(1245,22): error CS0111: Tipo "MainWindow" j├í define um membro chamado "EnsureProductTableSeededFromCatalog" com os mesmos tipos de par├ómetro [C:\Users\zacho\OneDrive\Downloads\Documentos\Projetos\pdv_medusax8\PDV_MedusaX8_hznqlc22_wpftmp.csproj]
C:\Users\zacho\OneDrive\Downloads\Documentos\Projetos\pdv_medusax8\v1.1\MainWindow.xaml.cs(1288,18): error CS0111: Tipo "MainWindow" j├í define um membro chamado "OpenPriceAlterationWindow" com os mesmos tipos de par├ómetro [C:\Users\zacho\OneDrive\Downloads\Documentos\Projetos\pdv_medusax8\PDV_MedusaX8_hznqlc22_wpftmp.csproj]
C:\Users\zacho\OneDrive\Downloads\Documentos\Projetos\pdv_medusax8\v1.1\v1.1\MainWindow.xaml.cs(1288,18): error CS0111: Tipo "MainWindow" j├í define um membro chamado "OpenPriceAlterationWindow" com os mesmos tipos de par├ómetro [C:\Users\zacho\OneDrive\Downloads\Documentos\Projetos\pdv_medusax8\PDV_MedusaX8_hznqlc22_wpftmp.csproj]
C:\Users\zacho\OneDrive\Downloads\Documentos\Projetos\pdv_medusax8\v1.1\MainWindow.xaml.cs(1319,18): error CS0111: Tipo "MainWindow" j├í define um membro chamado "OpenItemDiscountWindow" com os mesmos tipos de par├ómetro [C:\Users\zacho\OneDrive\Downloads\Documentos\Projetos\pdv_medusax8\PDV_MedusaX8_hznqlc22_wpftmp.csproj]
C:\Users\zacho\OneDrive\Downloads\Documentos\Projetos\pdv_medusax8\v1.1\v1.1\MainWindow.xaml.cs(1319,18): error CS0111: Tipo "MainWindow" j├í define um membro chamado "OpenItemDiscountWindow" com os mesmos tipos de par├ómetro [C:\Users\zacho\OneDrive\Downloads\Documentos\Projetos\pdv_medusax8\PDV_MedusaX8_hznqlc22_wpftmp.csproj]
C:\Users\zacho\OneDrive\Downloads\Documentos\Projetos\pdv_medusax8\v1.1\MainWindow.xaml.cs(1354,21): error CS0111: Tipo "MainWindow" j├í define um membro chamado "LoadMaxDiscountPercentOrDefault" com os mesmos tipos de par├ómetro [C:\Users\zacho\OneDrive\Downloads\Documentos\Projetos\pdv_medusax8\PDV_MedusaX8_hznqlc22_wpftmp.csproj]
C:\Users\zacho\OneDrive\Downloads\Documentos\Projetos\pdv_medusax8\v1.1\v1.1\MainWindow.xaml.cs(1354,21): error CS0111: Tipo "MainWindow" j├í define um membro chamado "LoadMaxDiscountPercentOrDefault" com os mesmos tipos de par├ómetro [C:\Users\zacho\OneDrive\Downloads\Documentos\Projetos\pdv_medusax8\PDV_MedusaX8_hznqlc22_wpftmp.csproj]
C:\Users\zacho\OneDrive\Downloads\Documentos\Projetos\pdv_medusax8\v1.1\MainWindow.xaml.cs(1392,27): error CS0111: Tipo "MainWindow" j├í define um membro chamado "GetCartItemsSnapshot" com os mesmos tipos de par├ómetro [C:\Users\zacho\OneDrive\Downloads\Documentos\Projetos\pdv_medusax8\PDV_MedusaX8_hznqlc22_wpftmp.csproj]
C:\Users\zacho\OneDrive\Downloads\Documentos\Projetos\pdv_medusax8\v1.1\v1.1\MainWindow.xaml.cs(1392,27): error CS0111: Tipo "MainWindow" j├í define um membro chamado "GetCartItemsSnapshot" com os mesmos tipos de par├ómetro [C:\Users\zacho\OneDrive\Downloads\Documentos\Projetos\pdv_medusax8\PDV_MedusaX8_hznqlc22_wpftmp.csproj]
C:\Users\zacho\OneDrive\Downloads\Documentos\Projetos\pdv_medusax8\v1.1\MainWindow.xaml(153,49): error CS0102: O tipo "MainWindow" j├í cont├®m uma defini├º├úo para "BtnCloseWindow" [C:\Users\zacho\OneDrive\Downloads\Documentos\Projetos\pdv_medusax8\PDV_MedusaX8_hznqlc22_wpftmp.csproj]
C:\Users\zacho\OneDrive\Downloads\Documentos\Projetos\pdv_medusax8\v1.1\v1.1\MainWindow.xaml(153,49): error CS0102: O tipo "MainWindow" j├í cont├®m uma defini├º├úo para "BtnCloseWindow" [C:\Users\zacho\OneDrive\Downloads\Documentos\Projetos\pdv_medusax8\PDV_MedusaX8_hznqlc22_wpftmp.csproj]
C:\Users\zacho\OneDrive\Downloads\Documentos\Projetos\pdv_medusax8\v1.1\MainWindow.xaml(174,52): error CS0102: O tipo "MainWindow" j├í cont├®m uma defini├º├úo para "LastProductText" [C:\Users\zacho\OneDrive\Downloads\Documentos\Projetos\pdv_medusax8\PDV_MedusaX8_hznqlc22_wpftmp.csproj]
C:\Users\zacho\OneDrive\Downloads\Documentos\Projetos\pdv_medusax8\v1.1\v1.1\MainWindow.xaml(174,52): error CS0102: O tipo "MainWindow" j├í cont├®m uma defini├º├úo para "LastProductText" [C:\Users\zacho\OneDrive\Downloads\Documentos\Projetos\pdv_medusax8\PDV_MedusaX8_hznqlc22_wpftmp.csproj]
C:\Users\zacho\OneDrive\Downloads\Documentos\Projetos\pdv_medusax8\v1.1\MainWindow.xaml(198,51): error CS0102: O tipo "MainWindow" j├í cont├®m uma defini├º├úo para "DgvProdutos" [C:\Users\zacho\OneDrive\Downloads\Documentos\Projetos\pdv_medusax8\PDV_MedusaX8_hznqlc22_wpftmp.csproj]
C:\Users\zacho\OneDrive\Downloads\Documentos\Projetos\pdv_medusax8\v1.1\v1.1\MainWindow.xaml(198,51): error CS0102: O tipo "MainWindow" j├í cont├®m uma defini├º├úo para "DgvProdutos" [C:\Users\zacho\OneDrive\Downloads\Documentos\Projetos\pdv_medusax8\PDV_MedusaX8_hznqlc22_wpftmp.csproj]
C:\Users\zacho\OneDrive\Downloads\Documentos\Projetos\pdv_medusax8\v1.1\MainWindow.xaml(331,52): error CS0102: O tipo "MainWindow" j├í cont├®m uma defini├º├úo para "LblSubtotal" [C:\Users\zacho\OneDrive\Downloads\Documentos\Projetos\pdv_medusax8\PDV_MedusaX8_hznqlc22_wpftmp.csproj]
C:\Users\zacho\OneDrive\Downloads\Documentos\Projetos\pdv_medusax8\v1.1\v1.1\MainWindow.xaml(331,52): error CS0102: O tipo "MainWindow" j├í cont├®m uma defini├º├úo para "LblSubtotal" [C:\Users\zacho\OneDrive\Downloads\Documentos\Projetos\pdv_medusax8\PDV_MedusaX8_hznqlc22_wpftmp.csproj]
C:\Users\zacho\OneDrive\Downloads\Documentos\Projetos\pdv_medusax8\v1.1\MainWindow.xaml(335,52): error CS0102: O tipo "MainWindow" j├í cont├®m uma defini├º├úo para "LblDescontoTotal" [C:\Users\zacho\OneDrive\Downloads\Documentos\Projetos\pdv_medusax8\PDV_MedusaX8_hznqlc22_wpftmp.csproj]
C:\Users\zacho\OneDrive\Downloads\Documentos\Projetos\pdv_medusax8\v1.1\v1.1\MainWindow.xaml(335,52): error CS0102: O tipo "MainWindow" j├í cont├®m uma defini├º├úo para "LblDescontoTotal" [C:\Users\zacho\OneDrive\Downloads\Documentos\Projetos\pdv_medusax8\PDV_MedusaX8_hznqlc22_wpftmp.csproj]
C:\Users\zacho\OneDrive\Downloads\Documentos\Projetos\pdv_medusax8\v1.1\MainWindow.xaml(339,52): error CS0102: O tipo "MainWindow" j├í cont├®m uma defini├º├úo para "LblFinalTotal" [C:\Users\zacho\OneDrive\Downloads\Documentos\Projetos\pdv_medusax8\PDV_MedusaX8_hznqlc22_wpftmp.csproj]
C:\Users\zacho\OneDrive\Downloads\Documentos\Projetos\pdv_medusax8\v1.1\v1.1\MainWindow.xaml(339,52): error CS0102: O tipo "MainWindow" j├í cont├®m uma defini├º├úo para "LblFinalTotal" [C:\Users\zacho\OneDrive\Downloads\Documentos\Projetos\pdv_medusax8\PDV_MedusaX8_hznqlc22_wpftmp.csproj]
C:\Users\zacho\OneDrive\Downloads\Documentos\Projetos\pdv_medusax8\v1.1\MainWindow.xaml(353,48): error CS0102: O tipo "MainWindow" j├í cont├®m uma defini├º├úo para "ProductImageDisplay" [C:\Users\zacho\OneDrive\Downloads\Documentos\Projetos\pdv_medusax8\PDV_MedusaX8_hznqlc22_wpftmp.csproj]
C:\Users\zacho\OneDrive\Downloads\Documentos\Projetos\pdv_medusax8\v1.1\v1.1\MainWindow.xaml(353,48): error CS0102: O tipo "MainWindow" j├í cont├®m uma defini├º├úo para "ProductImageDisplay" [C:\Users\zacho\OneDrive\Downloads\Documentos\Projetos\pdv_medusax8\PDV_MedusaX8_hznqlc22_wpftmp.csproj]
C:\Users\zacho\OneDrive\Downloads\Documentos\Projetos\pdv_medusax8\v1.1\MainWindow.xaml(371,50): error CS0102: O tipo "MainWindow" j├í cont├®m uma defini├º├úo para "InputQtyField" [C:\Users\zacho\OneDrive\Downloads\Documentos\Projetos\pdv_medusax8\PDV_MedusaX8_hznqlc22_wpftmp.csproj]
C:\Users\zacho\OneDrive\Downloads\Documentos\Projetos\pdv_medusax8\v1.1\v1.1\MainWindow.xaml(371,50): error CS0102: O tipo "MainWindow" j├í cont├®m uma defini├º├úo para "InputQtyField" [C:\Users\zacho\OneDrive\Downloads\Documentos\Projetos\pdv_medusax8\PDV_MedusaX8_hznqlc22_wpftmp.csproj]
C:\Users\zacho\OneDrive\Downloads\Documentos\Projetos\pdv_medusax8\v1.1\MainWindow.xaml(391,50): error CS0102: O tipo "MainWindow" j├í cont├®m uma defini├º├úo para "InputCodeField" [C:\Users\zacho\OneDrive\Downloads\Documentos\Projetos\pdv_medusax8\PDV_MedusaX8_hznqlc22_wpftmp.csproj]
C:\Users\zacho\OneDrive\Downloads\Documentos\Projetos\pdv_medusax8\v1.1\v1.1\MainWindow.xaml(391,50): error CS0102: O tipo "MainWindow" j├í cont├®m uma defini├º├úo para "InputCodeField" [C:\Users\zacho\OneDrive\Downloads\Documentos\Projetos\pdv_medusax8\PDV_MedusaX8_hznqlc22_wpftmp.csproj]
C:\Users\zacho\OneDrive\Downloads\Documentos\Projetos\pdv_medusax8\v1.1\MainWindow.xaml(423,49): error CS0102: O tipo "MainWindow" j├í cont├®m uma defini├º├úo para "BtnClienteShortcut" [C:\Users\zacho\OneDrive\Downloads\Documentos\Projetos\pdv_medusax8\PDV_MedusaX8_hznqlc22_wpftmp.csproj]
C:\Users\zacho\OneDrive\Downloads\Documentos\Projetos\pdv_medusax8\v1.1\v1.1\MainWindow.xaml(423,49): error CS0102: O tipo "MainWindow" j├í cont├®m uma defini├º├úo para "BtnClienteShortcut" [C:\Users\zacho\OneDrive\Downloads\Documentos\Projetos\pdv_medusax8\PDV_MedusaX8_hznqlc22_wpftmp.csproj]
C:\Users\zacho\OneDrive\Downloads\Documentos\Projetos\pdv_medusax8\v1.1\MainWindow.xaml(449,52): error CS0102: O tipo "MainWindow" j├í cont├®m uma defini├º├úo para "TxtStatusBar" [C:\Users\zacho\OneDrive\Downloads\Documentos\Projetos\pdv_medusax8\PDV_MedusaX8_hznqlc22_wpftmp.csproj]
C:\Users\zacho\OneDrive\Downloads\Documentos\Projetos\pdv_medusax8\v1.1\v1.1\MainWindow.xaml(449,52): error CS0102: O tipo "MainWindow" j├í cont├®m uma defini├º├úo para "TxtStatusBar" [C:\Users\zacho\OneDrive\Downloads\Documentos\Projetos\pdv_medusax8\PDV_MedusaX8_hznqlc22_wpftmp.csproj]
C:\Users\zacho\OneDrive\Downloads\Documentos\Projetos\pdv_medusax8\v1.1\MainWindow.xaml(453,52): error CS0102: O tipo "MainWindow" j├í cont├®m uma defini├º├úo para "CurrentTimeText" [C:\Users\zacho\OneDrive\Downloads\Documentos\Projetos\pdv_medusax8\PDV_MedusaX8_hznqlc22_wpftmp.csproj]
C:\Users\zacho\OneDrive\Downloads\Documentos\Projetos\pdv_medusax8\v1.1\v1.1\MainWindow.xaml(453,52): error CS0102: O tipo "MainWindow" j├í cont├®m uma defini├º├úo para "CurrentTimeText" [C:\Users\zacho\OneDrive\Downloads\Documentos\Projetos\pdv_medusax8\PDV_MedusaX8_hznqlc22_wpftmp.csproj]
C:\Users\zacho\OneDrive\Downloads\Documentos\Projetos\pdv_medusax8\obj\Release\net10.0-windows\v1.1\MainWindow.g.cs(138,22): error CS0102: O tipo "MainWindow" j├í cont├®m uma defini├º├úo para "_contentLoaded" [C:\Users\zacho\OneDrive\Downloads\Documentos\Projetos\pdv_medusax8\PDV_MedusaX8_hznqlc22_wpftmp.csproj]
C:\Users\zacho\OneDrive\Downloads\Documentos\Projetos\pdv_medusax8\obj\Release\net10.0-windows\v1.1\v1.1\MainWindow.g.cs(138,22): error CS0102: O tipo "MainWindow" j├í cont├®m uma defini├º├úo para "_contentLoaded" [C:\Users\zacho\OneDrive\Downloads\Documentos\Projetos\pdv_medusax8\PDV_MedusaX8_hznqlc22_wpftmp.csproj]
C:\Users\zacho\OneDrive\Downloads\Documentos\Projetos\pdv_medusax8\obj\Release\net10.0-windows\v1.1\MainWindow.g.cs(145,21): error CS0111: Tipo "MainWindow" j├í define um membro chamado "InitializeComponent" com os mesmos tipos de par├ómetro [C:\Users\zacho\OneDrive\Downloads\Documentos\Projetos\pdv_medusax8\PDV_MedusaX8_hznqlc22_wpftmp.csproj]
C:\Users\zacho\OneDrive\Downloads\Documentos\Projetos\pdv_medusax8\obj\Release\net10.0-windows\v1.1\v1.1\MainWindow.g.cs(145,21): error CS0111: Tipo "MainWindow" j├í define um membro chamado "InitializeComponent" com os mesmos tipos de par├ómetro [C:\Users\zacho\OneDrive\Downloads\Documentos\Projetos\pdv_medusax8\PDV_MedusaX8_hznqlc22_wpftmp.csproj]
C:\Users\zacho\OneDrive\Downloads\Documentos\Projetos\pdv_medusax8\obj\Release\net10.0-windows\v1.1\MainWindow.g.cs(165,56): error CS0111: Tipo "MainWindow" j├í define um membro chamado "System.Windows.Markup.IComponentConnector.Connect" com os mesmos tipos de par├ómetro [C:\Users\zacho\OneDrive\Downloads\Documentos\Projetos\pdv_medusax8\PDV_MedusaX8_hznqlc22_wpftmp.csproj]
C:\Users\zacho\OneDrive\Downloads\Documentos\Projetos\pdv_medusax8\obj\Release\net10.0-windows\v1.1\v1.1\MainWindow.g.cs(165,56): error CS0111: Tipo "MainWindow" j├í define um membro chamado "System.Windows.Markup.IComponentConnector.Connect" com os mesmos tipos de par├ómetro [C:\Users\zacho\OneDrive\Downloads\Documentos\Projetos\pdv_medusax8\PDV_MedusaX8_hznqlc22_wpftmp.csproj]
C:\Users\zacho\OneDrive\Downloads\Documentos\Projetos\pdv_medusax8\PaymentWindow.xaml.cs(23,26): error CS8646: 'IComponentConnector.Connect(int, object)' ├® implementado explicitamente mais de uma vez. [C:\Users\zacho\OneDrive\Downloads\Documentos\Projetos\pdv_medusax8\PDV_MedusaX8_hznqlc22_wpftmp.csproj]
C:\Users\zacho\OneDrive\Downloads\Documentos\Projetos\pdv_medusax8\PaymentWindow.xaml.cs(23,26): error CS8646: 'IStyleConnector.Connect(int, object)' ├® implementado explicitamente mais de uma vez. [C:\Users\zacho\OneDrive\Downloads\Documentos\Projetos\pdv_medusax8\PDV_MedusaX8_hznqlc22_wpftmp.csproj]
C:\Users\zacho\OneDrive\Downloads\Documentos\Projetos\pdv_medusax8\SangriaWindow.xaml.cs(9,26): error CS8646: 'IComponentConnector.Connect(int, object)' ├® implementado explicitamente mais de uma vez. [C:\Users\zacho\OneDrive\Downloads\Documentos\Projetos\pdv_medusax8\PDV_MedusaX8_hznqlc22_wpftmp.csproj]
C:\Users\zacho\OneDrive\Downloads\Documentos\Projetos\pdv_medusax8\v1.1\SangriaWindow.xaml.cs(11,16): error CS0111: Tipo "SangriaWindow" j├í define um membro chamado "SangriaWindow" com os mesmos tipos de par├ómetro [C:\Users\zacho\OneDrive\Downloads\Documentos\Projetos\pdv_medusax8\PDV_MedusaX8_hznqlc22_wpftmp.csproj]
C:\Users\zacho\OneDrive\Downloads\Documentos\Projetos\pdv_medusax8\v1.1\v1.1\SangriaWindow.xaml.cs(11,16): error CS0111: Tipo "SangriaWindow" j├í define um membro chamado "SangriaWindow" com os mesmos tipos de par├ómetro [C:\Users\zacho\OneDrive\Downloads\Documentos\Projetos\pdv_medusax8\PDV_MedusaX8_hznqlc22_wpftmp.csproj]
C:\Users\zacho\OneDrive\Downloads\Documentos\Projetos\pdv_medusax8\v1.1\SangriaWindow.xaml.cs(18,22): error CS0111: Tipo "SangriaWindow" j├í define um membro chamado "SangriaWindow_Loaded" com os mesmos tipos de par├ómetro [C:\Users\zacho\OneDrive\Downloads\Documentos\Projetos\pdv_medusax8\PDV_MedusaX8_hznqlc22_wpftmp.csproj]
C:\Users\zacho\OneDrive\Downloads\Documentos\Projetos\pdv_medusax8\v1.1\v1.1\SangriaWindow.xaml.cs(18,22): error CS0111: Tipo "SangriaWindow" j├í define um membro chamado "SangriaWindow_Loaded" com os mesmos tipos de par├ómetro [C:\Users\zacho\OneDrive\Downloads\Documentos\Projetos\pdv_medusax8\PDV_MedusaX8_hznqlc22_wpftmp.csproj]
C:\Users\zacho\OneDrive\Downloads\Documentos\Projetos\pdv_medusax8\v1.1\SangriaWindow.xaml.cs(26,24): error CS0111: Tipo "SangriaWindow" j├í define um membro chamado "GetConnectionString" com os mesmos tipos de par├ómetro [C:\Users\zacho\OneDrive\Downloads\Documentos\Projetos\pdv_medusax8\PDV_MedusaX8_hznqlc22_wpftmp.csproj]
C:\Users\zacho\OneDrive\Downloads\Documentos\Projetos\pdv_medusax8\v1.1\v1.1\SangriaWindow.xaml.cs(26,24): error CS0111: Tipo "SangriaWindow" j├í define um membro chamado "GetConnectionString" com os mesmos tipos de par├ómetro [C:\Users\zacho\OneDrive\Downloads\Documentos\Projetos\pdv_medusax8\PDV_MedusaX8_hznqlc22_wpftmp.csproj]
C:\Users\zacho\OneDrive\Downloads\Documentos\Projetos\pdv_medusax8\v1.1\SangriaWindow.xaml.cs(31,22): error CS0111: Tipo "SangriaWindow" j├í define um membro chamado "BtnBuscarCheque_Click" com os mesmos tipos de par├ómetro [C:\Users\zacho\OneDrive\Downloads\Documentos\Projetos\pdv_medusax8\PDV_MedusaX8_hznqlc22_wpftmp.csproj]
C:\Users\zacho\OneDrive\Downloads\Documentos\Projetos\pdv_medusax8\v1.1\v1.1\SangriaWindow.xaml.cs(31,22): error CS0111: Tipo "SangriaWindow" j├í define um membro chamado "BtnBuscarCheque_Click" com os mesmos tipos de par├ómetro [C:\Users\zacho\OneDrive\Downloads\Documentos\Projetos\pdv_medusax8\PDV_MedusaX8_hznqlc22_wpftmp.csproj]
C:\Users\zacho\OneDrive\Downloads\Documentos\Projetos\pdv_medusax8\v1.1\SangriaWindow.xaml.cs(53,22): error CS0111: Tipo "SangriaWindow" j├í define um membro chamado "BtnSalvar_Click" com os mesmos tipos de par├ómetro [C:\Users\zacho\OneDrive\Downloads\Documentos\Projetos\pdv_medusax8\PDV_MedusaX8_hznqlc22_wpftmp.csproj]
C:\Users\zacho\OneDrive\Downloads\Documentos\Projetos\pdv_medusax8\v1.1\v1.1\SangriaWindow.xaml.cs(53,22): error CS0111: Tipo "SangriaWindow" j├í define um membro chamado "BtnSalvar_Click" com os mesmos tipos de par├ómetro [C:\Users\zacho\OneDrive\Downloads\Documentos\Projetos\pdv_medusax8\PDV_MedusaX8_hznqlc22_wpftmp.csproj]
C:\Users\zacho\OneDrive\Downloads\Documentos\Projetos\pdv_medusax8\v1.1\SangriaWindow.xaml.cs(119,22): error CS0111: Tipo "SangriaWindow" j├í define um membro chamado "BtnCancelar_Click" com os mesmos tipos de par├ómetro [C:\Users\zacho\OneDrive\Downloads\Documentos\Projetos\pdv_medusax8\PDV_MedusaX8_hznqlc22_wpftmp.csproj]
C:\Users\zacho\OneDrive\Downloads\Documentos\Projetos\pdv_medusax8\v1.1\v1.1\SangriaWindow.xaml.cs(119,22): error CS0111: Tipo "SangriaWindow" j├í define um membro chamado "BtnCancelar_Click" com os mesmos tipos de par├ómetro [C:\Users\zacho\OneDrive\Downloads\Documentos\Projetos\pdv_medusax8\PDV_MedusaX8_hznqlc22_wpftmp.csproj]
C:\Users\zacho\OneDrive\Downloads\Documentos\Projetos\pdv_medusax8\v1.1\SangriaWindow.xaml(17,50): error CS0102: O tipo "SangriaWindow" j├í cont├®m uma defini├º├úo para "TxtValor" [C:\Users\zacho\OneDrive\Downloads\Documentos\Projetos\pdv_medusax8\PDV_MedusaX8_hznqlc22_wpftmp.csproj]
C:\Users\zacho\OneDrive\Downloads\Documentos\Projetos\pdv_medusax8\v1.1\v1.1\SangriaWindow.xaml(17,50): error CS0102: O tipo "SangriaWindow" j├í cont├®m uma defini├º├úo para "TxtValor" [C:\Users\zacho\OneDrive\Downloads\Documentos\Projetos\pdv_medusax8\PDV_MedusaX8_hznqlc22_wpftmp.csproj]
C:\Users\zacho\OneDrive\Downloads\Documentos\Projetos\pdv_medusax8\v1.1\SangriaWindow.xaml(18,49): error CS0102: O tipo "SangriaWindow" j├í cont├®m uma defini├º├úo para "BtnBuscarCheque" [C:\Users\zacho\OneDrive\Downloads\Documentos\Projetos\pdv_medusax8\PDV_MedusaX8_hznqlc22_wpftmp.csproj]
C:\Users\zacho\OneDrive\Downloads\Documentos\Projetos\pdv_medusax8\v1.1\v1.1\SangriaWindow.xaml(18,49): error CS0102: O tipo "SangriaWindow" j├í cont├®m uma defini├º├úo para "BtnBuscarCheque" [C:\Users\zacho\OneDrive\Downloads\Documentos\Projetos\pdv_medusax8\PDV_MedusaX8_hznqlc22_wpftmp.csproj]
C:\Users\zacho\OneDrive\Downloads\Documentos\Projetos\pdv_medusax8\v1.1\SangriaWindow.xaml(21,50): error CS0102: O tipo "SangriaWindow" j├í cont├®m uma defini├º├úo para "TxtMotivo" [C:\Users\zacho\OneDrive\Downloads\Documentos\Projetos\pdv_medusax8\PDV_MedusaX8_hznqlc22_wpftmp.csproj]
C:\Users\zacho\OneDrive\Downloads\Documentos\Projetos\pdv_medusax8\v1.1\v1.1\SangriaWindow.xaml(21,50): error CS0102: O tipo "SangriaWindow" j├í cont├®m uma defini├º├úo para "TxtMotivo" [C:\Users\zacho\OneDrive\Downloads\Documentos\Projetos\pdv_medusax8\PDV_MedusaX8_hznqlc22_wpftmp.csproj]
C:\Users\zacho\OneDrive\Downloads\Documentos\Projetos\pdv_medusax8\v1.1\SangriaWindow.xaml(24,53): error CS0102: O tipo "SangriaWindow" j├í cont├®m uma defini├º├úo para "SupervisorPanel" [C:\Users\zacho\OneDrive\Downloads\Documentos\Projetos\pdv_medusax8\PDV_MedusaX8_hznqlc22_wpftmp.csproj]
C:\Users\zacho\OneDrive\Downloads\Documentos\Projetos\pdv_medusax8\v1.1\v1.1\SangriaWindow.xaml(24,53): error CS0102: O tipo "SangriaWindow" j├í cont├®m uma defini├º├úo para "SupervisorPanel" [C:\Users\zacho\OneDrive\Downloads\Documentos\Projetos\pdv_medusax8\PDV_MedusaX8_hznqlc22_wpftmp.csproj]
C:\Users\zacho\OneDrive\Downloads\Documentos\Projetos\pdv_medusax8\v1.1\SangriaWindow.xaml(28,50): error CS0102: O tipo "SangriaWindow" j├í cont├®m uma defini├º├úo para "TxtSupervisorCode" [C:\Users\zacho\OneDrive\Downloads\Documentos\Projetos\pdv_medusax8\PDV_MedusaX8_hznqlc22_wpftmp.csproj]
C:\Users\zacho\OneDrive\Downloads\Documentos\Projetos\pdv_medusax8\v1.1\v1.1\SangriaWindow.xaml(28,50): error CS0102: O tipo "SangriaWindow" j├í cont├®m uma defini├º├úo para "TxtSupervisorCode" [C:\Users\zacho\OneDrive\Downloads\Documentos\Projetos\pdv_medusax8\PDV_MedusaX8_hznqlc22_wpftmp.csproj]
C:\Users\zacho\OneDrive\Downloads\Documentos\Projetos\pdv_medusax8\v1.1\SangriaWindow.xaml(32,54): error CS0102: O tipo "SangriaWindow" j├í cont├®m uma defini├º├úo para "TxtSupervisorPassword" [C:\Users\zacho\OneDrive\Downloads\Documentos\Projetos\pdv_medusax8\PDV_MedusaX8_hznqlc22_wpftmp.csproj]
C:\Users\zacho\OneDrive\Downloads\Documentos\Projetos\pdv_medusax8\v1.1\v1.1\SangriaWindow.xaml(32,54): error CS0102: O tipo "SangriaWindow" j├í cont├®m uma defini├º├úo para "TxtSupervisorPassword" [C:\Users\zacho\OneDrive\Downloads\Documentos\Projetos\pdv_medusax8\PDV_MedusaX8_hznqlc22_wpftmp.csproj]
C:\Users\zacho\OneDrive\Downloads\Documentos\Projetos\pdv_medusax8\obj\Release\net10.0-windows\v1.1\SangriaWindow.g.cs(90,22): error CS0102: O tipo "SangriaWindow" j├í cont├®m uma defini├º├úo para "_contentLoaded" [C:\Users\zacho\OneDrive\Downloads\Documentos\Projetos\pdv_medusax8\PDV_MedusaX8_hznqlc22_wpftmp.csproj]
C:\Users\zacho\OneDrive\Downloads\Documentos\Projetos\pdv_medusax8\obj\Release\net10.0-windows\v1.1\v1.1\SangriaWindow.g.cs(90,22): error CS0102: O tipo "SangriaWindow" j├í cont├®m uma defini├º├úo para "_contentLoaded" [C:\Users\zacho\OneDrive\Downloads\Documentos\Projetos\pdv_medusax8\PDV_MedusaX8_hznqlc22_wpftmp.csproj]
C:\Users\zacho\OneDrive\Downloads\Documentos\Projetos\pdv_medusax8\obj\Release\net10.0-windows\v1.1\SangriaWindow.g.cs(97,21): error CS0111: Tipo "SangriaWindow" j├í define um membro chamado "InitializeComponent" com os mesmos tipos de par├ómetro [C:\Users\zacho\OneDrive\Downloads\Documentos\Projetos\pdv_medusax8\PDV_MedusaX8_hznqlc22_wpftmp.csproj]
C:\Users\zacho\OneDrive\Downloads\Documentos\Projetos\pdv_medusax8\obj\Release\net10.0-windows\v1.1\v1.1\SangriaWindow.g.cs(97,21): error CS0111: Tipo "SangriaWindow" j├í define um membro chamado "InitializeComponent" com os mesmos tipos de par├ómetro [C:\Users\zacho\OneDrive\Downloads\Documentos\Projetos\pdv_medusax8\PDV_MedusaX8_hznqlc22_wpftmp.csproj]
C:\Users\zacho\OneDrive\Downloads\Documentos\Projetos\pdv_medusax8\obj\Release\net10.0-windows\v1.1\SangriaWindow.g.cs(117,56): error CS0111: Tipo "SangriaWindow" j├í define um membro chamado "System.Windows.Markup.IComponentConnector.Connect" com os mesmos tipos de par├ómetro [C:\Users\zacho\OneDrive\Downloads\Documentos\Projetos\pdv_medusax8\PDV_MedusaX8_hznqlc22_wpftmp.csproj]
C:\Users\zacho\OneDrive\Downloads\Documentos\Projetos\pdv_medusax8\obj\Release\net10.0-windows\v1.1\v1.1\SangriaWindow.g.cs(117,56): error CS0111: Tipo "SangriaWindow" j├í define um membro chamado "System.Windows.Markup.IComponentConnector.Connect" com os mesmos tipos de par├ómetro [C:\Users\zacho\OneDrive\Downloads\Documentos\Projetos\pdv_medusax8\PDV_MedusaX8_hznqlc22_wpftmp.csproj]
C:\Users\zacho\OneDrive\Downloads\Documentos\Projetos\pdv_medusax8\v1.1\PaymentWindow.xaml.cs(25,25): error CS0102: O tipo "PaymentWindow" j├í cont├®m uma defini├º├úo para "SaleTotal" [C:\Users\zacho\OneDrive\Downloads\Documentos\Projetos\pdv_medusax8\PDV_MedusaX8_hznqlc22_wpftmp.csproj]
C:\Users\zacho\OneDrive\Downloads\Documentos\Projetos\pdv_medusax8\v1.1\v1.1\PaymentWindow.xaml.cs(25,25): error CS0102: O tipo "PaymentWindow" j├í cont├®m uma defini├º├úo para "SaleTotal" [C:\Users\zacho\OneDrive\Downloads\Documentos\Projetos\pdv_medusax8\PDV_MedusaX8_hznqlc22_wpftmp.csproj]
C:\Users\zacho\OneDrive\Downloads\Documentos\Projetos\pdv_medusax8\v1.1\PaymentWindow.xaml.cs(26,25): error CS0102: O tipo "PaymentWindow" j├í cont├®m uma defini├º├úo para "AppliedTotal" [C:\Users\zacho\OneDrive\Downloads\Documentos\Projetos\pdv_medusax8\PDV_MedusaX8_hznqlc22_wpftmp.csproj]
C:\Users\zacho\OneDrive\Downloads\Documentos\Projetos\pdv_medusax8\v1.1\v1.1\PaymentWindow.xaml.cs(26,25): error CS0102: O tipo "PaymentWindow" j├í cont├®m uma defini├º├úo para "AppliedTotal" [C:\Users\zacho\OneDrive\Downloads\Documentos\Projetos\pdv_medusax8\PDV_MedusaX8_hznqlc22_wpftmp.csproj]
C:\Users\zacho\OneDrive\Downloads\Documentos\Projetos\pdv_medusax8\v1.1\PaymentWindow.xaml.cs(27,32): error CS0102: O tipo "PaymentWindow" j├í cont├®m uma defini├º├úo para "SelectedPayment" [C:\Users\zacho\OneDrive\Downloads\Documentos\Projetos\pdv_medusax8\PDV_MedusaX8_hznqlc22_wpftmp.csproj]
C:\Users\zacho\OneDrive\Downloads\Documentos\Projetos\pdv_medusax8\v1.1\v1.1\PaymentWindow.xaml.cs(27,32): error CS0102: O tipo "PaymentWindow" j├í cont├®m uma defini├º├úo para "SelectedPayment" [C:\Users\zacho\OneDrive\Downloads\Documentos\Projetos\pdv_medusax8\PDV_MedusaX8_hznqlc22_wpftmp.csproj]
C:\Users\zacho\OneDrive\Downloads\Documentos\Projetos\pdv_medusax8\v1.1\PaymentWindow.xaml.cs(28,44): error CS0102: O tipo "PaymentWindow" j├í cont├®m uma defini├º├úo para "appliedItems" [C:\Users\zacho\OneDrive\Downloads\Documentos\Projetos\pdv_medusax8\PDV_MedusaX8_hznqlc22_wpftmp.csproj]
C:\Users\zacho\OneDrive\Downloads\Documentos\Projetos\pdv_medusax8\v1.1\v1.1\PaymentWindow.xaml.cs(28,44): error CS0102: O tipo "PaymentWindow" j├í cont├®m uma defini├º├úo para "appliedItems" [C:\Users\zacho\OneDrive\Downloads\Documentos\Projetos\pdv_medusax8\PDV_MedusaX8_hznqlc22_wpftmp.csproj]
C:\Users\zacho\OneDrive\Downloads\Documentos\Projetos\pdv_medusax8\v1.1\PaymentWindow.xaml.cs(29,29): error CS0102: O tipo "PaymentWindow" j├í cont├®m uma defini├º├úo para "pendingChequeFromSearch" [C:\Users\zacho\OneDrive\Downloads\Documentos\Projetos\pdv_medusax8\PDV_MedusaX8_hznqlc22_wpftmp.csproj]
C:\Users\zacho\OneDrive\Downloads\Documentos\Projetos\pdv_medusax8\v1.1\v1.1\PaymentWindow.xaml.cs(29,29): error CS0102: O tipo "PaymentWindow" j├í cont├®m uma defini├º├úo para "pendingChequeFromSearch" [C:\Users\zacho\OneDrive\Downloads\Documentos\Projetos\pdv_medusax8\PDV_MedusaX8_hznqlc22_wpftmp.csproj]
C:\Users\zacho\OneDrive\Downloads\Documentos\Projetos\pdv_medusax8\v1.1\PaymentWindow.xaml.cs(32,25): error CS0102: O tipo "PaymentWindow" j├í cont├®m uma defini├º├úo para "OriginalSaleTotal" [C:\Users\zacho\OneDrive\Downloads\Documentos\Projetos\pdv_medusax8\PDV_MedusaX8_hznqlc22_wpftmp.csproj]
C:\Users\zacho\OneDrive\Downloads\Documentos\Projetos\pdv_medusax8\v1.1\v1.1\PaymentWindow.xaml.cs(32,25): error CS0102: O tipo "PaymentWindow" j├í cont├®m uma defini├º├úo para "OriginalSaleTotal" [C:\Users\zacho\OneDrive\Downloads\Documentos\Projetos\pdv_medusax8\PDV_MedusaX8_hznqlc22_wpftmp.csproj]
C:\Users\zacho\OneDrive\Downloads\Documentos\Projetos\pdv_medusax8\v1.1\PaymentWindow.xaml.cs(33,25): error CS0102: O tipo "PaymentWindow" j├í cont├®m uma defini├º├úo para "SaleDiscountAmount" [C:\Users\zacho\OneDrive\Downloads\Documentos\Projetos\pdv_medusax8\PDV_MedusaX8_hznqlc22_wpftmp.csproj]
C:\Users\zacho\OneDrive\Downloads\Documentos\Projetos\pdv_medusax8\v1.1\v1.1\PaymentWindow.xaml.cs(33,25): error CS0102: O tipo "PaymentWindow" j├í cont├®m uma defini├º├úo para "SaleDiscountAmount" [C:\Users\zacho\OneDrive\Downloads\Documentos\Projetos\pdv_medusax8\PDV_MedusaX8_hznqlc22_wpftmp.csproj]
C:\Users\zacho\OneDrive\Downloads\Documentos\Projetos\pdv_medusax8\v1.1\PaymentWindow.xaml.cs(34,22): error CS0102: O tipo "PaymentWindow" j├í cont├®m uma defini├º├úo para "SaleDiscountIsPercent" [C:\Users\zacho\OneDrive\Downloads\Documentos\Projetos\pdv_medusax8\PDV_MedusaX8_hznqlc22_wpftmp.csproj]
C:\Users\zacho\OneDrive\Downloads\Documentos\Projetos\pdv_medusax8\v1.1\v1.1\PaymentWindow.xaml.cs(34,22): error CS0102: O tipo "PaymentWindow" j├í cont├®m uma defini├º├úo para "SaleDiscountIsPercent" [C:\Users\zacho\OneDrive\Downloads\Documentos\Projetos\pdv_medusax8\PDV_MedusaX8_hznqlc22_wpftmp.csproj]
C:\Users\zacho\OneDrive\Downloads\Documentos\Projetos\pdv_medusax8\v1.1\PaymentWindow.xaml.cs(35,25): error CS0102: O tipo "PaymentWindow" j├í cont├®m uma defini├º├úo para "SaleDiscountPercent" [C:\Users\zacho\OneDrive\Downloads\Documentos\Projetos\pdv_medusax8\PDV_MedusaX8_hznqlc22_wpftmp.csproj]
C:\Users\zacho\OneDrive\Downloads\Documentos\Projetos\pdv_medusax8\v1.1\v1.1\PaymentWindow.xaml.cs(35,25): error CS0102: O tipo "PaymentWindow" j├í cont├®m uma defini├º├úo para "SaleDiscountPercent" [C:\Users\zacho\OneDrive\Downloads\Documentos\Projetos\pdv_medusax8\PDV_MedusaX8_hznqlc22_wpftmp.csproj]
C:\Users\zacho\OneDrive\Downloads\Documentos\Projetos\pdv_medusax8\v1.1\PaymentWindow.xaml.cs(36,24): error CS0102: O tipo "PaymentWindow" j├í cont├®m uma defini├º├úo para "SaleDiscountReason" [C:\Users\zacho\OneDrive\Downloads\Documentos\Projetos\pdv_medusax8\PDV_MedusaX8_hznqlc22_wpftmp.csproj]
C:\Users\zacho\OneDrive\Downloads\Documentos\Projetos\pdv_medusax8\v1.1\v1.1\PaymentWindow.xaml.cs(36,24): error CS0102: O tipo "PaymentWindow" j├í cont├®m uma defini├º├úo para "SaleDiscountReason" [C:\Users\zacho\OneDrive\Downloads\Documentos\Projetos\pdv_medusax8\PDV_MedusaX8_hznqlc22_wpftmp.csproj]
C:\Users\zacho\OneDrive\Downloads\Documentos\Projetos\pdv_medusax8\v1.1\PaymentWindow.xaml.cs(38,16): error CS0111: Tipo "PaymentWindow" j├í define um membro chamado "PaymentWindow" com os mesmos tipos de par├ómetro [C:\Users\zacho\OneDrive\Downloads\Documentos\Projetos\pdv_medusax8\PDV_MedusaX8_hznqlc22_wpftmp.csproj]
C:\Users\zacho\OneDrive\Downloads\Documentos\Projetos\pdv_medusax8\v1.1\PaymentWindow.xaml.cs(49,16): error CS0111: Tipo "PaymentWindow" j├í define um membro chamado "PaymentWindow" com os mesmos tipos de par├ómetro [C:\Users\zacho\OneDrive\Downloads\Documentos\Projetos\pdv_medusax8\PDV_MedusaX8_hznqlc22_wpftmp.csproj]
C:\Users\zacho\OneDrive\Downloads\Documentos\Projetos\pdv_medusax8\v1.1\v1.1\PaymentWindow.xaml.cs(38,16): error CS0111: Tipo "PaymentWindow" j├í define um membro chamado "PaymentWindow" com os mesmos tipos de par├ómetro [C:\Users\zacho\OneDrive\Downloads\Documentos\Projetos\pdv_medusax8\PDV_MedusaX8_hznqlc22_wpftmp.csproj]
C:\Users\zacho\OneDrive\Downloads\Documentos\Projetos\pdv_medusax8\v1.1\v1.1\PaymentWindow.xaml.cs(49,16): error CS0111: Tipo "PaymentWindow" j├í define um membro chamado "PaymentWindow" com os mesmos tipos de par├ómetro [C:\Users\zacho\OneDrive\Downloads\Documentos\Projetos\pdv_medusax8\PDV_MedusaX8_hznqlc22_wpftmp.csproj]
C:\Users\zacho\OneDrive\Downloads\Documentos\Projetos\pdv_medusax8\v1.1\PaymentWindow.xaml.cs(51,34): error CS0111: Tipo "PaymentWindow" j├í define um membro chamado "GetAppliedPaymentsSnapshot" com os mesmos tipos de par├ómetro [C:\Users\zacho\OneDrive\Downloads\Documentos\Projetos\pdv_medusax8\PDV_MedusaX8_hznqlc22_wpftmp.csproj]
C:\Users\zacho\OneDrive\Downloads\Documentos\Projetos\pdv_medusax8\v1.1\v1.1\PaymentWindow.xaml.cs(51,34): error CS0111: Tipo "PaymentWindow" j├í define um membro chamado "GetAppliedPaymentsSnapshot" com os mesmos tipos de par├ómetro [C:\Users\zacho\OneDrive\Downloads\Documentos\Projetos\pdv_medusax8\PDV_MedusaX8_hznqlc22_wpftmp.csproj]
C:\Users\zacho\OneDrive\Downloads\Documentos\Projetos\pdv_medusax8\v1.1\PaymentWindow.xaml.cs(62,24): error CS0111: Tipo "PaymentWindow" j├í define um membro chamado "GetConnectionString" com os mesmos tipos de par├ómetro [C:\Users\zacho\OneDrive\Downloads\Documentos\Projetos\pdv_medusax8\PDV_MedusaX8_hznqlc22_wpftmp.csproj]
C:\Users\zacho\OneDrive\Downloads\Documentos\Projetos\pdv_medusax8\v1.1\v1.1\PaymentWindow.xaml.cs(62,24): error CS0111: Tipo "PaymentWindow" j├í define um membro chamado "GetConnectionString" com os mesmos tipos de par├ómetro [C:\Users\zacho\OneDrive\Downloads\Documentos\Projetos\pdv_medusax8\PDV_MedusaX8_hznqlc22_wpftmp.csproj]
C:\Users\zacho\OneDrive\Downloads\Documentos\Projetos\pdv_medusax8\v1.1\PaymentWindow.xaml.cs(67,22): error CS0111: Tipo "PaymentWindow" j├í define um membro chamado "LoadEnabledPaymentMethods" com os mesmos tipos de par├ómetro [C:\Users\zacho\OneDrive\Downloads\Documentos\Projetos\pdv_medusax8\PDV_MedusaX8_hznqlc22_wpftmp.csproj]
C:\Users\zacho\OneDrive\Downloads\Documentos\Projetos\pdv_medusax8\v1.1\v1.1\PaymentWindow.xaml.cs(67,22): error CS0111: Tipo "PaymentWindow" j├í define um membro chamado "LoadEnabledPaymentMethods" com os mesmos tipos de par├ómetro [C:\Users\zacho\OneDrive\Downloads\Documentos\Projetos\pdv_medusax8\PDV_MedusaX8_hznqlc22_wpftmp.csproj]
C:\Users\zacho\OneDrive\Downloads\Documentos\Projetos\pdv_medusax8\v1.1\PaymentWindow.xaml.cs(102,22): error CS0111: Tipo "PaymentWindow" j├í define um membro chamado "SelectPayment" com os mesmos tipos de par├ómetro [C:\Users\zacho\OneDrive\Downloads\Documentos\Projetos\pdv_medusax8\PDV_MedusaX8_hznqlc22_wpftmp.csproj]
C:\Users\zacho\OneDrive\Downloads\Documentos\Projetos\pdv_medusax8\v1.1\v1.1\PaymentWindow.xaml.cs(102,22): error CS0111: Tipo "PaymentWindow" j├í define um membro chamado "SelectPayment" com os mesmos tipos de par├ómetro [C:\Users\zacho\OneDrive\Downloads\Documentos\Projetos\pdv_medusax8\PDV_MedusaX8_hznqlc22_wpftmp.csproj]
C:\Users\zacho\OneDrive\Downloads\Documentos\Projetos\pdv_medusax8\v1.1\PaymentWindow.xaml.cs(137,22): error CS0111: Tipo "PaymentWindow" j├í define um membro chamado "PaymentItems_SelectionChanged" com os mesmos tipos de par├ómetro [C:\Users\zacho\OneDrive\Downloads\Documentos\Projetos\pdv_medusax8\PDV_MedusaX8_hznqlc22_wpftmp.csproj]
C:\Users\zacho\OneDrive\Downloads\Documentos\Projetos\pdv_medusax8\v1.1\v1.1\PaymentWindow.xaml.cs(137,22): error CS0111: Tipo "PaymentWindow" j├í define um membro chamado "PaymentItems_SelectionChanged" com os mesmos tipos de par├ómetro [C:\Users\zacho\OneDrive\Downloads\Documentos\Projetos\pdv_medusax8\PDV_MedusaX8_hznqlc22_wpftmp.csproj]
C:\Users\zacho\OneDrive\Downloads\Documentos\Projetos\pdv_medusax8\v1.1\PaymentWindow.xaml.cs(174,22): error CS0111: Tipo "PaymentWindow" j├í define um membro chamado "RequiresCustomer" com os mesmos tipos de par├ómetro [C:\Users\zacho\OneDrive\Downloads\Documentos\Projetos\pdv_medusax8\PDV_MedusaX8_hznqlc22_wpftmp.csproj]
C:\Users\zacho\OneDrive\Downloads\Documentos\Projetos\pdv_medusax8\v1.1\v1.1\PaymentWindow.xaml.cs(174,22): error CS0111: Tipo "PaymentWindow" j├í define um membro chamado "RequiresCustomer" com os mesmos tipos de par├ómetro [C:\Users\zacho\OneDrive\Downloads\Documentos\Projetos\pdv_medusax8\PDV_MedusaX8_hznqlc22_wpftmp.csproj]
C:\Users\zacho\OneDrive\Downloads\Documentos\Projetos\pdv_medusax8\v1.1\PaymentWindow.xaml.cs(181,22): error CS0111: Tipo "PaymentWindow" j├í define um membro chamado "EnsureConsumerSelectedForPayment" com os mesmos tipos de par├ómetro [C:\Users\zacho\OneDrive\Downloads\Documentos\Projetos\pdv_medusax8\PDV_MedusaX8_hznqlc22_wpftmp.csproj]
C:\Users\zacho\OneDrive\Downloads\Documentos\Projetos\pdv_medusax8\v1.1\v1.1\PaymentWindow.xaml.cs(181,22): error CS0111: Tipo "PaymentWindow" j├í define um membro chamado "EnsureConsumerSelectedForPayment" com os mesmos tipos de par├ómetro [C:\Users\zacho\OneDrive\Downloads\Documentos\Projetos\pdv_medusax8\PDV_MedusaX8_hznqlc22_wpftmp.csproj]
C:\Users\zacho\OneDrive\Downloads\Documentos\Projetos\pdv_medusax8\v1.1\PaymentWindow.xaml.cs(212,22): error CS0111: Tipo "PaymentWindow" j├í define um membro chamado "ApplyValue" com os mesmos tipos de par├ómetro [C:\Users\zacho\OneDrive\Downloads\Documentos\Projetos\pdv_medusax8\PDV_MedusaX8_hznqlc22_wpftmp.csproj]
C:\Users\zacho\OneDrive\Downloads\Documentos\Projetos\pdv_medusax8\v1.1\v1.1\PaymentWindow.xaml.cs(212,22): error CS0111: Tipo "PaymentWindow" j├í define um membro chamado "ApplyValue" com os mesmos tipos de par├ómetro [C:\Users\zacho\OneDrive\Downloads\Documentos\Projetos\pdv_medusax8\PDV_MedusaX8_hznqlc22_wpftmp.csproj]
C:\Users\zacho\OneDrive\Downloads\Documentos\Projetos\pdv_medusax8\v1.1\PaymentWindow.xaml.cs(326,22): error CS0111: Tipo "PaymentWindow" j├í define um membro chamado "ClearValue" com os mesmos tipos de par├ómetro [C:\Users\zacho\OneDrive\Downloads\Documentos\Projetos\pdv_medusax8\PDV_MedusaX8_hznqlc22_wpftmp.csproj]
C:\Users\zacho\OneDrive\Downloads\Documentos\Projetos\pdv_medusax8\v1.1\v1.1\PaymentWindow.xaml.cs(326,22): error CS0111: Tipo "PaymentWindow" j├í define um membro chamado "ClearValue" com os mesmos tipos de par├ómetro [C:\Users\zacho\OneDrive\Downloads\Documentos\Projetos\pdv_medusax8\PDV_MedusaX8_hznqlc22_wpftmp.csproj]
C:\Users\zacho\OneDrive\Downloads\Documentos\Projetos\pdv_medusax8\v1.1\PaymentWindow.xaml.cs(331,22): error CS0111: Tipo "PaymentWindow" j├í define um membro chamado "UpdateTotalsLabels" com os mesmos tipos de par├ómetro [C:\Users\zacho\OneDrive\Downloads\Documentos\Projetos\pdv_medusax8\PDV_MedusaX8_hznqlc22_wpftmp.csproj]
C:\Users\zacho\OneDrive\Downloads\Documentos\Projetos\pdv_medusax8\v1.1\v1.1\PaymentWindow.xaml.cs(331,22): error CS0111: Tipo "PaymentWindow" j├í define um membro chamado "UpdateTotalsLabels" com os mesmos tipos de par├ómetro [C:\Users\zacho\OneDrive\Downloads\Documentos\Projetos\pdv_medusax8\PDV_MedusaX8_hznqlc22_wpftmp.csproj]
C:\Users\zacho\OneDrive\Downloads\Documentos\Projetos\pdv_medusax8\v1.1\PaymentWindow.xaml.cs(358,22): error CS0111: Tipo "PaymentWindow" j├í define um membro chamado "OpenSettings" com os mesmos tipos de par├ómetro [C:\Users\zacho\OneDrive\Downloads\Documentos\Projetos\pdv_medusax8\PDV_MedusaX8_hznqlc22_wpftmp.csproj]
C:\Users\zacho\OneDrive\Downloads\Documentos\Projetos\pdv_medusax8\v1.1\v1.1\PaymentWindow.xaml.cs(358,22): error CS0111: Tipo "PaymentWindow" j├í define um membro chamado "OpenSettings" com os mesmos tipos de par├ómetro [C:\Users\zacho\OneDrive\Downloads\Documentos\Projetos\pdv_medusax8\PDV_MedusaX8_hznqlc22_wpftmp.csproj]
C:\Users\zacho\OneDrive\Downloads\Documentos\Projetos\pdv_medusax8\v1.1\PaymentWindow.xaml.cs(366,22): error CS0111: Tipo "PaymentWindow" j├í define um membro chamado "CloseModal" com os mesmos tipos de par├ómetro [C:\Users\zacho\OneDrive\Downloads\Documentos\Projetos\pdv_medusax8\PDV_MedusaX8_hznqlc22_wpftmp.csproj]
C:\Users\zacho\OneDrive\Downloads\Documentos\Projetos\pdv_medusax8\v1.1\v1.1\PaymentWindow.xaml.cs(366,22): error CS0111: Tipo "PaymentWindow" j├í define um membro chamado "CloseModal" com os mesmos tipos de par├ómetro [C:\Users\zacho\OneDrive\Downloads\Documentos\Projetos\pdv_medusax8\PDV_MedusaX8_hznqlc22_wpftmp.csproj]
C:\Users\zacho\OneDrive\Downloads\Documentos\Projetos\pdv_medusax8\v1.1\PaymentWindow.xaml.cs(372,22): error CS0111: Tipo "PaymentWindow" j├í define um membro chamado "CancelarPagamentos" com os mesmos tipos de par├ómetro [C:\Users\zacho\OneDrive\Downloads\Documentos\Projetos\pdv_medusax8\PDV_MedusaX8_hznqlc22_wpftmp.csproj]
C:\Users\zacho\OneDrive\Downloads\Documentos\Projetos\pdv_medusax8\v1.1\v1.1\PaymentWindow.xaml.cs(372,22): error CS0111: Tipo "PaymentWindow" j├í define um membro chamado "CancelarPagamentos" com os mesmos tipos de par├ómetro [C:\Users\zacho\OneDrive\Downloads\Documentos\Projetos\pdv_medusax8\PDV_MedusaX8_hznqlc22_wpftmp.csproj]
C:\Users\zacho\OneDrive\Downloads\Documentos\Projetos\pdv_medusax8\v1.1\PaymentWindow.xaml.cs(387,22): error CS0111: Tipo "PaymentWindow" j├í define um membro chamado "ConfirmarPagamentos" com os mesmos tipos de par├ómetro [C:\Users\zacho\OneDrive\Downloads\Documentos\Projetos\pdv_medusax8\PDV_MedusaX8_hznqlc22_wpftmp.csproj]
C:\Users\zacho\OneDrive\Downloads\Documentos\Projetos\pdv_medusax8\v1.1\v1.1\PaymentWindow.xaml.cs(387,22): error CS0111: Tipo "PaymentWindow" j├í define um membro chamado "ConfirmarPagamentos" com os mesmos tipos de par├ómetro [C:\Users\zacho\OneDrive\Downloads\Documentos\Projetos\pdv_medusax8\PDV_MedusaX8_hznqlc22_wpftmp.csproj]
C:\Users\zacho\OneDrive\Downloads\Documentos\Projetos\pdv_medusax8\v1.1\PaymentWindow.xaml.cs(448,22): error CS0111: Tipo "PaymentWindow" j├í define um membro chamado "RemoveAppliedItem_Click" com os mesmos tipos de par├ómetro [C:\Users\zacho\OneDrive\Downloads\Documentos\Projetos\pdv_medusax8\PDV_MedusaX8_hznqlc22_wpftmp.csproj]
C:\Users\zacho\OneDrive\Downloads\Documentos\Projetos\pdv_medusax8\v1.1\v1.1\PaymentWindow.xaml.cs(448,22): error CS0111: Tipo "PaymentWindow" j├í define um membro chamado "RemoveAppliedItem_Click" com os mesmos tipos de par├ómetro [C:\Users\zacho\OneDrive\Downloads\Documentos\Projetos\pdv_medusax8\PDV_MedusaX8_hznqlc22_wpftmp.csproj]
C:\Users\zacho\OneDrive\Downloads\Documentos\Projetos\pdv_medusax8\v1.1\PaymentWindow.xaml.cs(469,22): error CS0111: Tipo "PaymentWindow" j├í define um membro chamado "BuscarCheque_Click" com os mesmos tipos de par├ómetro [C:\Users\zacho\OneDrive\Downloads\Documentos\Projetos\pdv_medusax8\PDV_MedusaX8_hznqlc22_wpftmp.csproj]
C:\Users\zacho\OneDrive\Downloads\Documentos\Projetos\pdv_medusax8\v1.1\v1.1\PaymentWindow.xaml.cs(469,22): error CS0111: Tipo "PaymentWindow" j├í define um membro chamado "BuscarCheque_Click" com os mesmos tipos de par├ómetro [C:\Users\zacho\OneDrive\Downloads\Documentos\Projetos\pdv_medusax8\PDV_MedusaX8_hznqlc22_wpftmp.csproj]
C:\Users\zacho\OneDrive\Downloads\Documentos\Projetos\pdv_medusax8\v1.1\PaymentWindow.xaml.cs(489,22): error CS0111: Tipo "PaymentWindow" j├í define um membro chamado "PaymentWindow_Loaded" com os mesmos tipos de par├ómetro [C:\Users\zacho\OneDrive\Downloads\Documentos\Projetos\pdv_medusax8\PDV_MedusaX8_hznqlc22_wpftmp.csproj]
C:\Users\zacho\OneDrive\Downloads\Documentos\Projetos\pdv_medusax8\v1.1\v1.1\PaymentWindow.xaml.cs(489,22): error CS0111: Tipo "PaymentWindow" j├í define um membro chamado "PaymentWindow_Loaded" com os mesmos tipos de par├ómetro [C:\Users\zacho\OneDrive\Downloads\Documentos\Projetos\pdv_medusax8\PDV_MedusaX8_hznqlc22_wpftmp.csproj]
C:\Users\zacho\OneDrive\Downloads\Documentos\Projetos\pdv_medusax8\v1.1\PaymentWindow.xaml.cs(520,22): error CS0111: Tipo "PaymentWindow" j├í define um membro chamado "Header_Drag" com os mesmos tipos de par├ómetro [C:\Users\zacho\OneDrive\Downloads\Documentos\Projetos\pdv_medusax8\PDV_MedusaX8_hznqlc22_wpftmp.csproj]
C:\Users\zacho\OneDrive\Downloads\Documentos\Projetos\pdv_medusax8\v1.1\v1.1\PaymentWindow.xaml.cs(520,22): error CS0111: Tipo "PaymentWindow" j├í define um membro chamado "Header_Drag" com os mesmos tipos de par├ómetro [C:\Users\zacho\OneDrive\Downloads\Documentos\Projetos\pdv_medusax8\PDV_MedusaX8_hznqlc22_wpftmp.csproj]
C:\Users\zacho\OneDrive\Downloads\Documentos\Projetos\pdv_medusax8\v1.1\PaymentWindow.xaml.cs(528,22): error CS0111: Tipo "PaymentWindow" j├í define um membro chamado "BtnMinimize_Click" com os mesmos tipos de par├ómetro [C:\Users\zacho\OneDrive\Downloads\Documentos\Projetos\pdv_medusax8\PDV_MedusaX8_hznqlc22_wpftmp.csproj]
C:\Users\zacho\OneDrive\Downloads\Documentos\Projetos\pdv_medusax8\v1.1\v1.1\PaymentWindow.xaml.cs(528,22): error CS0111: Tipo "PaymentWindow" j├í define um membro chamado "BtnMinimize_Click" com os mesmos tipos de par├ómetro [C:\Users\zacho\OneDrive\Downloads\Documentos\Projetos\pdv_medusax8\PDV_MedusaX8_hznqlc22_wpftmp.csproj]
C:\Users\zacho\OneDrive\Downloads\Documentos\Projetos\pdv_medusax8\v1.1\PaymentWindow.xaml.cs(533,22): error CS0111: Tipo "PaymentWindow" j├í define um membro chamado "BtnClose_Click" com os mesmos tipos de par├ómetro [C:\Users\zacho\OneDrive\Downloads\Documentos\Projetos\pdv_medusax8\PDV_MedusaX8_hznqlc22_wpftmp.csproj]
C:\Users\zacho\OneDrive\Downloads\Documentos\Projetos\pdv_medusax8\v1.1\v1.1\PaymentWindow.xaml.cs(533,22): error CS0111: Tipo "PaymentWindow" j├í define um membro chamado "BtnClose_Click" com os mesmos tipos de par├ómetro [C:\Users\zacho\OneDrive\Downloads\Documentos\Projetos\pdv_medusax8\PDV_MedusaX8_hznqlc22_wpftmp.csproj]
C:\Users\zacho\OneDrive\Downloads\Documentos\Projetos\pdv_medusax8\v1.1\PaymentWindow.xaml.cs(538,22): error CS0111: Tipo "PaymentWindow" j├í define um membro chamado "OpenParcelamento_Click" com os mesmos tipos de par├ómetro [C:\Users\zacho\OneDrive\Downloads\Documentos\Projetos\pdv_medusax8\PDV_MedusaX8_hznqlc22_wpftmp.csproj]
C:\Users\zacho\OneDrive\Downloads\Documentos\Projetos\pdv_medusax8\v1.1\v1.1\PaymentWindow.xaml.cs(538,22): error CS0111: Tipo "PaymentWindow" j├í define um membro chamado "OpenParcelamento_Click" com os mesmos tipos de par├ómetro [C:\Users\zacho\OneDrive\Downloads\Documentos\Projetos\pdv_medusax8\PDV_MedusaX8_hznqlc22_wpftmp.csproj]
C:\Users\zacho\OneDrive\Downloads\Documentos\Projetos\pdv_medusax8\v1.1\PaymentWindow.xaml.cs(557,22): error CS0111: Tipo "PaymentWindow" j├í define um membro chamado "OpenSaleDiscountWindow" com os mesmos tipos de par├ómetro [C:\Users\zacho\OneDrive\Downloads\Documentos\Projetos\pdv_medusax8\PDV_MedusaX8_hznqlc22_wpftmp.csproj]
C:\Users\zacho\OneDrive\Downloads\Documentos\Projetos\pdv_medusax8\v1.1\v1.1\PaymentWindow.xaml.cs(557,22): error CS0111: Tipo "PaymentWindow" j├í define um membro chamado "OpenSaleDiscountWindow" com os mesmos tipos de par├ómetro [C:\Users\zacho\OneDrive\Downloads\Documentos\Projetos\pdv_medusax8\PDV_MedusaX8_hznqlc22_wpftmp.csproj]
C:\Users\zacho\OneDrive\Downloads\Documentos\Projetos\pdv_medusax8\v1.1\PaymentWindow.xaml.cs(583,25): error CS0111: Tipo "PaymentWindow" j├í define um membro chamado "LoadMaxDiscountPercentOrDefault" com os mesmos tipos de par├ómetro [C:\Users\zacho\OneDrive\Downloads\Documentos\Projetos\pdv_medusax8\PDV_MedusaX8_hznqlc22_wpftmp.csproj]
C:\Users\zacho\OneDrive\Downloads\Documentos\Projetos\pdv_medusax8\v1.1\v1.1\PaymentWindow.xaml.cs(583,25): error CS0111: Tipo "PaymentWindow" j├í define um membro chamado "LoadMaxDiscountPercentOrDefault" com os mesmos tipos de par├ómetro [C:\Users\zacho\OneDrive\Downloads\Documentos\Projetos\pdv_medusax8\PDV_MedusaX8_hznqlc22_wpftmp.csproj]
C:\Users\zacho\OneDrive\Downloads\Documentos\Projetos\pdv_medusax8\v1.1\PaymentWindow.xaml.cs(603,22): error CS0111: Tipo "PaymentWindow" j├í define um membro chamado "PersistReceivedCheques" com os mesmos tipos de par├ómetro [C:\Users\zacho\OneDrive\Downloads\Documentos\Projetos\pdv_medusax8\PDV_MedusaX8_hznqlc22_wpftmp.csproj]
C:\Users\zacho\OneDrive\Downloads\Documentos\Projetos\pdv_medusax8\v1.1\v1.1\PaymentWindow.xaml.cs(603,22): error CS0111: Tipo "PaymentWindow" j├í define um membro chamado "PersistReceivedCheques" com os mesmos tipos de par├ómetro [C:\Users\zacho\OneDrive\Downloads\Documentos\Projetos\pdv_medusax8\PDV_MedusaX8_hznqlc22_wpftmp.csproj]
C:\Users\zacho\OneDrive\Downloads\Documentos\Projetos\pdv_medusax8\v1.1\PaymentWindow.xaml.cs(727,22): error CS0111: Tipo "PaymentWindow" j├í define um membro chamado "PersistSale" com os mesmos tipos de par├ómetro [C:\Users\zacho\OneDrive\Downloads\Documentos\Projetos\pdv_medusax8\PDV_MedusaX8_hznqlc22_wpftmp.csproj]
C:\Users\zacho\OneDrive\Downloads\Documentos\Projetos\pdv_medusax8\v1.1\v1.1\PaymentWindow.xaml.cs(727,22): error CS0111: Tipo "PaymentWindow" j├í define um membro chamado "PersistSale" com os mesmos tipos de par├ómetro [C:\Users\zacho\OneDrive\Downloads\Documentos\Projetos\pdv_medusax8\PDV_MedusaX8_hznqlc22_wpftmp.csproj]
C:\Users\zacho\OneDrive\Downloads\Documentos\Projetos\pdv_medusax8\v1.1\PaymentWindow.xaml(98,50): error CS0102: O tipo "PaymentWindow" j├í cont├®m uma defini├º├úo para "PaymentItems" [C:\Users\zacho\OneDrive\Downloads\Documentos\Projetos\pdv_medusax8\PDV_MedusaX8_hznqlc22_wpftmp.csproj]
C:\Users\zacho\OneDrive\Downloads\Documentos\Projetos\pdv_medusax8\v1.1\v1.1\PaymentWindow.xaml(98,50): error CS0102: O tipo "PaymentWindow" j├í cont├®m uma defini├º├úo para "PaymentItems" [C:\Users\zacho\OneDrive\Downloads\Documentos\Projetos\pdv_medusax8\PDV_MedusaX8_hznqlc22_wpftmp.csproj]
C:\Users\zacho\OneDrive\Downloads\Documentos\Projetos\pdv_medusax8\v1.1\PaymentWindow.xaml(149,51): error CS0102: O tipo "PaymentWindow" j├í cont├®m uma defini├º├úo para "GbParcelamento" [C:\Users\zacho\OneDrive\Downloads\Documentos\Projetos\pdv_medusax8\PDV_MedusaX8_hznqlc22_wpftmp.csproj]
C:\Users\zacho\OneDrive\Downloads\Documentos\Projetos\pdv_medusax8\v1.1\v1.1\PaymentWindow.xaml(149,51): error CS0102: O tipo "PaymentWindow" j├í cont├®m uma defini├º├úo para "GbParcelamento" [C:\Users\zacho\OneDrive\Downloads\Documentos\Projetos\pdv_medusax8\PDV_MedusaX8_hznqlc22_wpftmp.csproj]
C:\Users\zacho\OneDrive\Downloads\Documentos\Projetos\pdv_medusax8\v1.1\PaymentWindow.xaml(167,50): error CS0102: O tipo "PaymentWindow" j├í cont├®m uma defini├º├úo para "TxtNumParcela" [C:\Users\zacho\OneDrive\Downloads\Documentos\Projetos\pdv_medusax8\PDV_MedusaX8_hznqlc22_wpftmp.csproj]
C:\Users\zacho\OneDrive\Downloads\Documentos\Projetos\pdv_medusax8\v1.1\v1.1\PaymentWindow.xaml(167,50): error CS0102: O tipo "PaymentWindow" j├í cont├®m uma defini├º├úo para "TxtNumParcela" [C:\Users\zacho\OneDrive\Downloads\Documentos\Projetos\pdv_medusax8\PDV_MedusaX8_hznqlc22_wpftmp.csproj]
C:\Users\zacho\OneDrive\Downloads\Documentos\Projetos\pdv_medusax8\v1.1\PaymentWindow.xaml(169,50): error CS0102: O tipo "PaymentWindow" j├í cont├®m uma defini├º├úo para "TxtValorParcela" [C:\Users\zacho\OneDrive\Downloads\Documentos\Projetos\pdv_medusax8\PDV_MedusaX8_hznqlc22_wpftmp.csproj]
C:\Users\zacho\OneDrive\Downloads\Documentos\Projetos\pdv_medusax8\v1.1\v1.1\PaymentWindow.xaml(169,50): error CS0102: O tipo "PaymentWindow" j├í cont├®m uma defini├º├úo para "TxtValorParcela" [C:\Users\zacho\OneDrive\Downloads\Documentos\Projetos\pdv_medusax8\PDV_MedusaX8_hznqlc22_wpftmp.csproj]
C:\Users\zacho\OneDrive\Downloads\Documentos\Projetos\pdv_medusax8\v1.1\PaymentWindow.xaml(180,50): error CS0102: O tipo "PaymentWindow" j├í cont├®m uma defini├º├úo para "TxtSelectedMethod" [C:\Users\zacho\OneDrive\Downloads\Documentos\Projetos\pdv_medusax8\PDV_MedusaX8_hznqlc22_wpftmp.csproj]
C:\Users\zacho\OneDrive\Downloads\Documentos\Projetos\pdv_medusax8\v1.1\v1.1\PaymentWindow.xaml(180,50): error CS0102: O tipo "PaymentWindow" j├í cont├®m uma defini├º├úo para "TxtSelectedMethod" [C:\Users\zacho\OneDrive\Downloads\Documentos\Projetos\pdv_medusax8\PDV_MedusaX8_hznqlc22_wpftmp.csproj]
C:\Users\zacho\OneDrive\Downloads\Documentos\Projetos\pdv_medusax8\v1.1\PaymentWindow.xaml(187,52): error CS0102: O tipo "PaymentWindow" j├í cont├®m uma defini├º├úo para "TxtSaleTotal" [C:\Users\zacho\OneDrive\Downloads\Documentos\Projetos\pdv_medusax8\PDV_MedusaX8_hznqlc22_wpftmp.csproj]
C:\Users\zacho\OneDrive\Downloads\Documentos\Projetos\pdv_medusax8\v1.1\v1.1\PaymentWindow.xaml(187,52): error CS0102: O tipo "PaymentWindow" j├í cont├®m uma defini├º├úo para "TxtSaleTotal" [C:\Users\zacho\OneDrive\Downloads\Documentos\Projetos\pdv_medusax8\PDV_MedusaX8_hznqlc22_wpftmp.csproj]
C:\Users\zacho\OneDrive\Downloads\Documentos\Projetos\pdv_medusax8\v1.1\PaymentWindow.xaml(199,50): error CS0102: O tipo "PaymentWindow" j├í cont├®m uma defini├º├úo para "TxtValueToApply" [C:\Users\zacho\OneDrive\Downloads\Documentos\Projetos\pdv_medusax8\PDV_MedusaX8_hznqlc22_wpftmp.csproj]
C:\Users\zacho\OneDrive\Downloads\Documentos\Projetos\pdv_medusax8\v1.1\v1.1\PaymentWindow.xaml(199,50): error CS0102: O tipo "PaymentWindow" j├í cont├®m uma defini├º├úo para "TxtValueToApply" [C:\Users\zacho\OneDrive\Downloads\Documentos\Projetos\pdv_medusax8\PDV_MedusaX8_hznqlc22_wpftmp.csproj]
C:\Users\zacho\OneDrive\Downloads\Documentos\Projetos\pdv_medusax8\v1.1\PaymentWindow.xaml(227,52): error CS0102: O tipo "PaymentWindow" j├í cont├®m uma defini├º├úo para "TxtTotalVenda" [C:\Users\zacho\OneDrive\Downloads\Documentos\Projetos\pdv_medusax8\PDV_MedusaX8_hznqlc22_wpftmp.csproj]
C:\Users\zacho\OneDrive\Downloads\Documentos\Projetos\pdv_medusax8\v1.1\v1.1\PaymentWindow.xaml(227,52): error CS0102: O tipo "PaymentWindow" j├í cont├®m uma defini├º├úo para "TxtTotalVenda" [C:\Users\zacho\OneDrive\Downloads\Documentos\Projetos\pdv_medusax8\PDV_MedusaX8_hznqlc22_wpftmp.csproj]
C:\Users\zacho\OneDrive\Downloads\Documentos\Projetos\pdv_medusax8\v1.1\PaymentWindow.xaml(229,52): error CS0102: O tipo "PaymentWindow" j├í cont├®m uma defini├º├úo para "TxtValorPago" [C:\Users\zacho\OneDrive\Downloads\Documentos\Projetos\pdv_medusax8\PDV_MedusaX8_hznqlc22_wpftmp.csproj]
C:\Users\zacho\OneDrive\Downloads\Documentos\Projetos\pdv_medusax8\v1.1\v1.1\PaymentWindow.xaml(229,52): error CS0102: O tipo "PaymentWindow" j├í cont├®m uma defini├º├úo para "TxtValorPago" [C:\Users\zacho\OneDrive\Downloads\Documentos\Projetos\pdv_medusax8\PDV_MedusaX8_hznqlc22_wpftmp.csproj]
C:\Users\zacho\OneDrive\Downloads\Documentos\Projetos\pdv_medusax8\v1.1\PaymentWindow.xaml(231,52): error CS0102: O tipo "PaymentWindow" j├í cont├®m uma defini├º├úo para "TxtDescontoVenda" [C:\Users\zacho\OneDrive\Downloads\Documentos\Projetos\pdv_medusax8\PDV_MedusaX8_hznqlc22_wpftmp.csproj]
C:\Users\zacho\OneDrive\Downloads\Documentos\Projetos\pdv_medusax8\v1.1\v1.1\PaymentWindow.xaml(231,52): error CS0102: O tipo "PaymentWindow" j├í cont├®m uma defini├º├úo para "TxtDescontoVenda" [C:\Users\zacho\OneDrive\Downloads\Documentos\Projetos\pdv_medusax8\PDV_MedusaX8_hznqlc22_wpftmp.csproj]
C:\Users\zacho\OneDrive\Downloads\Documentos\Projetos\pdv_medusax8\v1.1\PaymentWindow.xaml(247,52): error CS0102: O tipo "PaymentWindow" j├í cont├®m uma defini├º├úo para "LblFaltaPagar" [C:\Users\zacho\OneDrive\Downloads\Documentos\Projetos\pdv_medusax8\PDV_MedusaX8_hznqlc22_wpftmp.csproj]
C:\Users\zacho\OneDrive\Downloads\Documentos\Projetos\pdv_medusax8\v1.1\v1.1\PaymentWindow.xaml(247,52): error CS0102: O tipo "PaymentWindow" j├í cont├®m uma defini├º├úo para "LblFaltaPagar" [C:\Users\zacho\OneDrive\Downloads\Documentos\Projetos\pdv_medusax8\PDV_MedusaX8_hznqlc22_wpftmp.csproj]
C:\Users\zacho\OneDrive\Downloads\Documentos\Projetos\pdv_medusax8\v1.1\PaymentWindow.xaml(248,52): error CS0102: O tipo "PaymentWindow" j├í cont├®m uma defini├º├úo para "TxtFaltaPagar" [C:\Users\zacho\OneDrive\Downloads\Documentos\Projetos\pdv_medusax8\PDV_MedusaX8_hznqlc22_wpftmp.csproj]
C:\Users\zacho\OneDrive\Downloads\Documentos\Projetos\pdv_medusax8\v1.1\v1.1\PaymentWindow.xaml(248,52): error CS0102: O tipo "PaymentWindow" j├í cont├®m uma defini├º├úo para "TxtFaltaPagar" [C:\Users\zacho\OneDrive\Downloads\Documentos\Projetos\pdv_medusax8\PDV_MedusaX8_hznqlc22_wpftmp.csproj]
C:\Users\zacho\OneDrive\Downloads\Documentos\Projetos\pdv_medusax8\v1.1\PaymentWindow.xaml(249,52): error CS0102: O tipo "PaymentWindow" j├í cont├®m uma defini├º├úo para "LblVendaFechada" [C:\Users\zacho\OneDrive\Downloads\Documentos\Projetos\pdv_medusax8\PDV_MedusaX8_hznqlc22_wpftmp.csproj]
C:\Users\zacho\OneDrive\Downloads\Documentos\Projetos\pdv_medusax8\v1.1\v1.1\PaymentWindow.xaml(249,52): error CS0102: O tipo "PaymentWindow" j├í cont├®m uma defini├º├úo para "LblVendaFechada" [C:\Users\zacho\OneDrive\Downloads\Documentos\Projetos\pdv_medusax8\PDV_MedusaX8_hznqlc22_wpftmp.csproj]
C:\Users\zacho\OneDrive\Downloads\Documentos\Projetos\pdv_medusax8\v1.1\PaymentWindow.xaml(250,52): error CS0102: O tipo "PaymentWindow" j├í cont├®m uma defini├º├úo para "TxtVendaFechada" [C:\Users\zacho\OneDrive\Downloads\Documentos\Projetos\pdv_medusax8\PDV_MedusaX8_hznqlc22_wpftmp.csproj]
C:\Users\zacho\OneDrive\Downloads\Documentos\Projetos\pdv_medusax8\v1.1\v1.1\PaymentWindow.xaml(250,52): error CS0102: O tipo "PaymentWindow" j├í cont├®m uma defini├º├úo para "TxtVendaFechada" [C:\Users\zacho\OneDrive\Downloads\Documentos\Projetos\pdv_medusax8\PDV_MedusaX8_hznqlc22_wpftmp.csproj]
C:\Users\zacho\OneDrive\Downloads\Documentos\Projetos\pdv_medusax8\v1.1\PaymentWindow.xaml(262,51): error CS0102: O tipo "PaymentWindow" j├í cont├®m uma defini├º├úo para "AppliedList" [C:\Users\zacho\OneDrive\Downloads\Documentos\Projetos\pdv_medusax8\PDV_MedusaX8_hznqlc22_wpftmp.csproj]
C:\Users\zacho\OneDrive\Downloads\Documentos\Projetos\pdv_medusax8\v1.1\v1.1\PaymentWindow.xaml(262,51): error CS0102: O tipo "PaymentWindow" j├í cont├®m uma defini├º├úo para "AppliedList" [C:\Users\zacho\OneDrive\Downloads\Documentos\Projetos\pdv_medusax8\PDV_MedusaX8_hznqlc22_wpftmp.csproj]
C:\Users\zacho\OneDrive\Downloads\Documentos\Projetos\pdv_medusax8\v1.1\PaymentWindow.xaml(295,49): error CS0102: O tipo "PaymentWindow" j├í cont├®m uma defini├º├úo para "BtnConfirm" [C:\Users\zacho\OneDrive\Downloads\Documentos\Projetos\pdv_medusax8\PDV_MedusaX8_hznqlc22_wpftmp.csproj]
C:\Users\zacho\OneDrive\Downloads\Documentos\Projetos\pdv_medusax8\v1.1\v1.1\PaymentWindow.xaml(295,49): error CS0102: O tipo "PaymentWindow" j├í cont├®m uma defini├º├úo para "BtnConfirm" [C:\Users\zacho\OneDrive\Downloads\Documentos\Projetos\pdv_medusax8\PDV_MedusaX8_hznqlc22_wpftmp.csproj]
C:\Users\zacho\OneDrive\Downloads\Documentos\Projetos\pdv_medusax8\obj\Release\net10.0-windows\v1.1\PaymentWindow.g.cs(171,22): error CS0102: O tipo "PaymentWindow" j├í cont├®m uma defini├º├úo para "_contentLoaded" [C:\Users\zacho\OneDrive\Downloads\Documentos\Projetos\pdv_medusax8\PDV_MedusaX8_hznqlc22_wpftmp.csproj]
C:\Users\zacho\OneDrive\Downloads\Documentos\Projetos\pdv_medusax8\obj\Release\net10.0-windows\v1.1\v1.1\PaymentWindow.g.cs(171,22): error CS0102: O tipo "PaymentWindow" j├í cont├®m uma defini├º├úo para "_contentLoaded" [C:\Users\zacho\OneDrive\Downloads\Documentos\Projetos\pdv_medusax8\PDV_MedusaX8_hznqlc22_wpftmp.csproj]
C:\Users\zacho\OneDrive\Downloads\Documentos\Projetos\pdv_medusax8\obj\Release\net10.0-windows\v1.1\PaymentWindow.g.cs(178,21): error CS0111: Tipo "PaymentWindow" j├í define um membro chamado "InitializeComponent" com os mesmos tipos de par├ómetro [C:\Users\zacho\OneDrive\Downloads\Documentos\Projetos\pdv_medusax8\PDV_MedusaX8_hznqlc22_wpftmp.csproj]
C:\Users\zacho\OneDrive\Downloads\Documentos\Projetos\pdv_medusax8\obj\Release\net10.0-windows\v1.1\v1.1\PaymentWindow.g.cs(178,21): error CS0111: Tipo "PaymentWindow" j├í define um membro chamado "InitializeComponent" com os mesmos tipos de par├ómetro [C:\Users\zacho\OneDrive\Downloads\Documentos\Projetos\pdv_medusax8\PDV_MedusaX8_hznqlc22_wpftmp.csproj]
C:\Users\zacho\OneDrive\Downloads\Documentos\Projetos\pdv_medusax8\obj\Release\net10.0-windows\v1.1\PaymentWindow.g.cs(198,56): error CS0111: Tipo "PaymentWindow" j├í define um membro chamado "System.Windows.Markup.IComponentConnector.Connect" com os mesmos tipos de par├ómetro [C:\Users\zacho\OneDrive\Downloads\Documentos\Projetos\pdv_medusax8\PDV_MedusaX8_hznqlc22_wpftmp.csproj]
C:\Users\zacho\OneDrive\Downloads\Documentos\Projetos\pdv_medusax8\obj\Release\net10.0-windows\v1.1\v1.1\PaymentWindow.g.cs(198,56): error CS0111: Tipo "PaymentWindow" j├í define um membro chamado "System.Windows.Markup.IComponentConnector.Connect" com os mesmos tipos de par├ómetro [C:\Users\zacho\OneDrive\Downloads\Documentos\Projetos\pdv_medusax8\PDV_MedusaX8_hznqlc22_wpftmp.csproj]
C:\Users\zacho\OneDrive\Downloads\Documentos\Projetos\pdv_medusax8\obj\Release\net10.0-windows\v1.1\PaymentWindow.g.cs(327,52): error CS0111: Tipo "PaymentWindow" j├í define um membro chamado "System.Windows.Markup.IStyleConnector.Connect" com os mesmos tipos de par├ómetro [C:\Users\zacho\OneDrive\Downloads\Documentos\Projetos\pdv_medusax8\PDV_MedusaX8_hznqlc22_wpftmp.csproj]
C:\Users\zacho\OneDrive\Downloads\Documentos\Projetos\pdv_medusax8\obj\Release\net10.0-windows\v1.1\v1.1\PaymentWindow.g.cs(327,52): error CS0111: Tipo "PaymentWindow" j├í define um membro chamado "System.Windows.Markup.IStyleConnector.Connect" com os mesmos tipos de par├ómetro [C:\Users\zacho\OneDrive\Downloads\Documentos\Projetos\pdv_medusax8\PDV_MedusaX8_hznqlc22_wpftmp.csproj]
C:\Users\zacho\OneDrive\Downloads\Documentos\Projetos\pdv_medusax8\v1.1\Services\DbHelper.cs(14,30): error CS0111: Tipo "DbHelper" j├í define um membro chamado "GetSecureDbFolder" com os mesmos tipos de par├ómetro [C:\Users\zacho\OneDrive\Downloads\Documentos\Projetos\pdv_medusax8\PDV_MedusaX8_hznqlc22_wpftmp.csproj]
C:\Users\zacho\OneDrive\Downloads\Documentos\Projetos\pdv_medusax8\v1.1\v1.1\Services\DbHelper.cs(14,30): error CS0111: Tipo "DbHelper" j├í define um membro chamado "GetSecureDbFolder" com os mesmos tipos de par├ómetro [C:\Users\zacho\OneDrive\Downloads\Documentos\Projetos\pdv_medusax8\PDV_MedusaX8_hznqlc22_wpftmp.csproj]
C:\Users\zacho\OneDrive\Downloads\Documentos\Projetos\pdv_medusax8\v1.1\Services\DbHelper.cs(21,30): error CS0111: Tipo "DbHelper" j├í define um membro chamado "GetDbPath" com os mesmos tipos de par├ómetro [C:\Users\zacho\OneDrive\Downloads\Documentos\Projetos\pdv_medusax8\PDV_MedusaX8_hznqlc22_wpftmp.csproj]
C:\Users\zacho\OneDrive\Downloads\Documentos\Projetos\pdv_medusax8\v1.1\v1.1\Services\DbHelper.cs(21,30): error CS0111: Tipo "DbHelper" j├í define um membro chamado "GetDbPath" com os mesmos tipos de par├ómetro [C:\Users\zacho\OneDrive\Downloads\Documentos\Projetos\pdv_medusax8\PDV_MedusaX8_hznqlc22_wpftmp.csproj]
C:\Users\zacho\OneDrive\Downloads\Documentos\Projetos\pdv_medusax8\v1.1\Services\DbHelper.cs(29,30): error CS0111: Tipo "DbHelper" j├í define um membro chamado "GetConnectionString" com os mesmos tipos de par├ómetro [C:\Users\zacho\OneDrive\Downloads\Documentos\Projetos\pdv_medusax8\PDV_MedusaX8_hznqlc22_wpftmp.csproj]
C:\Users\zacho\OneDrive\Downloads\Documentos\Projetos\pdv_medusax8\v1.1\v1.1\Services\DbHelper.cs(29,30): error CS0111: Tipo "DbHelper" j├í define um membro chamado "GetConnectionString" com os mesmos tipos de par├ómetro [C:\Users\zacho\OneDrive\Downloads\Documentos\Projetos\pdv_medusax8\PDV_MedusaX8_hznqlc22_wpftmp.csproj]
C:\Users\zacho\OneDrive\Downloads\Documentos\Projetos\pdv_medusax8\v1.1\Services\DbHelper.cs(35,28): error CS0111: Tipo "DbHelper" j├í define um membro chamado "Initialize" com os mesmos tipos de par├ómetro [C:\Users\zacho\OneDrive\Downloads\Documentos\Projetos\pdv_medusax8\PDV_MedusaX8_hznqlc22_wpftmp.csproj]
C:\Users\zacho\OneDrive\Downloads\Documentos\Projetos\pdv_medusax8\v1.1\v1.1\Services\DbHelper.cs(35,28): error CS0111: Tipo "DbHelper" j├í define um membro chamado "Initialize" com os mesmos tipos de par├ómetro [C:\Users\zacho\OneDrive\Downloads\Documentos\Projetos\pdv_medusax8\PDV_MedusaX8_hznqlc22_wpftmp.csproj]
C:\Users\zacho\OneDrive\Downloads\Documentos\Projetos\pdv_medusax8\v1.1\Services\DbHelper.cs(70,29): error CS0111: Tipo "DbHelper" j├í define um membro chamado "TryHardenPermissions" com os mesmos tipos de par├ómetro [C:\Users\zacho\OneDrive\Downloads\Documentos\Projetos\pdv_medusax8\PDV_MedusaX8_hznqlc22_wpftmp.csproj]
C:\Users\zacho\OneDrive\Downloads\Documentos\Projetos\pdv_medusax8\v1.1\v1.1\Services\DbHelper.cs(70,29): error CS0111: Tipo "DbHelper" j├í define um membro chamado "TryHardenPermissions" com os mesmos tipos de par├ómetro [C:\Users\zacho\OneDrive\Downloads\Documentos\Projetos\pdv_medusax8\PDV_MedusaX8_hznqlc22_wpftmp.csproj]
C:\Users\zacho\OneDrive\Downloads\Documentos\Projetos\pdv_medusax8\v1.1\Services\NFCeService.cs(13,24): error CS0111: Tipo "NFCeService" j├í define um membro chamado "GetConnectionString" com os mesmos tipos de par├ómetro [C:\Users\zacho\OneDrive\Downloads\Documentos\Projetos\pdv_medusax8\PDV_MedusaX8_hznqlc22_wpftmp.csproj]
C:\Users\zacho\OneDrive\Downloads\Documentos\Projetos\pdv_medusax8\v1.1\v1.1\Services\NFCeService.cs(13,24): error CS0111: Tipo "NFCeService" j├í define um membro chamado "GetConnectionString" com os mesmos tipos de par├ómetro [C:\Users\zacho\OneDrive\Downloads\Documentos\Projetos\pdv_medusax8\PDV_MedusaX8_hznqlc22_wpftmp.csproj]
C:\Users\zacho\OneDrive\Downloads\Documentos\Projetos\pdv_medusax8\v1.1\Services\NFCeService.cs(15,21): error CS0111: Tipo "NFCeService" j├í define um membro chamado "EmitirNFCe" com os mesmos tipos de par├ómetro [C:\Users\zacho\OneDrive\Downloads\Documentos\Projetos\pdv_medusax8\PDV_MedusaX8_hznqlc22_wpftmp.csproj]
C:\Users\zacho\OneDrive\Downloads\Documentos\Projetos\pdv_medusax8\v1.1\v1.1\Services\NFCeService.cs(15,21): error CS0111: Tipo "NFCeService" j├í define um membro chamado "EmitirNFCe" com os mesmos tipos de par├ómetro [C:\Users\zacho\OneDrive\Downloads\Documentos\Projetos\pdv_medusax8\PDV_MedusaX8_hznqlc22_wpftmp.csproj]
C:\Users\zacho\OneDrive\Downloads\Documentos\Projetos\pdv_medusax8\ProdutosSearchWindow.xaml.cs(12,26): error CS8646: 'IComponentConnector.Connect(int, object)' ├® implementado explicitamente mais de uma vez. [C:\Users\zacho\OneDrive\Downloads\Documentos\Projetos\pdv_medusax8\PDV_MedusaX8_hznqlc22_wpftmp.csproj]
C:\Users\zacho\OneDrive\Downloads\Documentos\Projetos\pdv_medusax8\v1.1\ProdutosSearchWindow.xaml.cs(24,30): error CS0102: O tipo "ProdutosSearchWindow" j├í cont├®m uma defini├º├úo para "SelectedEntry" [C:\Users\zacho\OneDrive\Downloads\Documentos\Projetos\pdv_medusax8\PDV_MedusaX8_hznqlc22_wpftmp.csproj]
C:\Users\zacho\OneDrive\Downloads\Documentos\Projetos\pdv_medusax8\v1.1\v1.1\ProdutosSearchWindow.xaml.cs(24,30): error CS0102: O tipo "ProdutosSearchWindow" j├í cont├®m uma defini├º├úo para "SelectedEntry" [C:\Users\zacho\OneDrive\Downloads\Documentos\Projetos\pdv_medusax8\PDV_MedusaX8_hznqlc22_wpftmp.csproj]
C:\Users\zacho\OneDrive\Downloads\Documentos\Projetos\pdv_medusax8\v1.1\ProdutosSearchWindow.xaml.cs(25,24): error CS0102: O tipo "ProdutosSearchWindow" j├í cont├®m uma defini├º├úo para "SelectedQty" [C:\Users\zacho\OneDrive\Downloads\Documentos\Projetos\pdv_medusax8\PDV_MedusaX8_hznqlc22_wpftmp.csproj]
C:\Users\zacho\OneDrive\Downloads\Documentos\Projetos\pdv_medusax8\v1.1\v1.1\ProdutosSearchWindow.xaml.cs(25,24): error CS0102: O tipo "ProdutosSearchWindow" j├í cont├®m uma defini├º├úo para "SelectedQty" [C:\Users\zacho\OneDrive\Downloads\Documentos\Projetos\pdv_medusax8\PDV_MedusaX8_hznqlc22_wpftmp.csproj]
C:\Users\zacho\OneDrive\Downloads\Documentos\Projetos\pdv_medusax8\v1.1\ProdutosSearchWindow.xaml.cs(26,36): error CS0102: O tipo "ProdutosSearchWindow" j├í cont├®m uma defini├º├úo para "_allProducts" [C:\Users\zacho\OneDrive\Downloads\Documentos\Projetos\pdv_medusax8\PDV_MedusaX8_hznqlc22_wpftmp.csproj]
C:\Users\zacho\OneDrive\Downloads\Documentos\Projetos\pdv_medusax8\v1.1\v1.1\ProdutosSearchWindow.xaml.cs(26,36): error CS0102: O tipo "ProdutosSearchWindow" j├í cont├®m uma defini├º├úo para "_allProducts" [C:\Users\zacho\OneDrive\Downloads\Documentos\Projetos\pdv_medusax8\PDV_MedusaX8_hznqlc22_wpftmp.csproj]
C:\Users\zacho\OneDrive\Downloads\Documentos\Projetos\pdv_medusax8\v1.1\ProdutosSearchWindow.xaml.cs(28,16): error CS0111: Tipo "ProdutosSearchWindow" j├í define um membro chamado "ProdutosSearchWindow" com os mesmos tipos de par├ómetro [C:\Users\zacho\OneDrive\Downloads\Documentos\Projetos\pdv_medusax8\PDV_MedusaX8_hznqlc22_wpftmp.csproj]
C:\Users\zacho\OneDrive\Downloads\Documentos\Projetos\pdv_medusax8\v1.1\v1.1\ProdutosSearchWindow.xaml.cs(28,16): error CS0111: Tipo "ProdutosSearchWindow" j├í define um membro chamado "ProdutosSearchWindow" com os mesmos tipos de par├ómetro [C:\Users\zacho\OneDrive\Downloads\Documentos\Projetos\pdv_medusax8\PDV_MedusaX8_hznqlc22_wpftmp.csproj]
C:\Users\zacho\OneDrive\Downloads\Documentos\Projetos\pdv_medusax8\v1.1\ProdutosSearchWindow.xaml.cs(35,22): error CS0111: Tipo "ProdutosSearchWindow" j├í define um membro chamado "LoadProducts" com os mesmos tipos de par├ómetro [C:\Users\zacho\OneDrive\Downloads\Documentos\Projetos\pdv_medusax8\PDV_MedusaX8_hznqlc22_wpftmp.csproj]
C:\Users\zacho\OneDrive\Downloads\Documentos\Projetos\pdv_medusax8\v1.1\v1.1\ProdutosSearchWindow.xaml.cs(35,22): error CS0111: Tipo "ProdutosSearchWindow" j├í define um membro chamado "LoadProducts" com os mesmos tipos de par├ómetro [C:\Users\zacho\OneDrive\Downloads\Documentos\Projetos\pdv_medusax8\PDV_MedusaX8_hznqlc22_wpftmp.csproj]
C:\Users\zacho\OneDrive\Downloads\Documentos\Projetos\pdv_medusax8\v1.1\ProdutosSearchWindow.xaml.cs(70,24): error CS0111: Tipo "ProdutosSearchWindow" j├í define um membro chamado "GetConnectionString" com os mesmos tipos de par├ómetro [C:\Users\zacho\OneDrive\Downloads\Documentos\Projetos\pdv_medusax8\PDV_MedusaX8_hznqlc22_wpftmp.csproj]
C:\Users\zacho\OneDrive\Downloads\Documentos\Projetos\pdv_medusax8\v1.1\v1.1\ProdutosSearchWindow.xaml.cs(70,24): error CS0111: Tipo "ProdutosSearchWindow" j├í define um membro chamado "GetConnectionString" com os mesmos tipos de par├ómetro [C:\Users\zacho\OneDrive\Downloads\Documentos\Projetos\pdv_medusax8\PDV_MedusaX8_hznqlc22_wpftmp.csproj]
C:\Users\zacho\OneDrive\Downloads\Documentos\Projetos\pdv_medusax8\v1.1\ProdutosSearchWindow.xaml.cs(75,22): error CS0111: Tipo "ProdutosSearchWindow" j├í define um membro chamado "TxtFiltro_TextChanged" com os mesmos tipos de par├ómetro [C:\Users\zacho\OneDrive\Downloads\Documentos\Projetos\pdv_medusax8\PDV_MedusaX8_hznqlc22_wpftmp.csproj]
C:\Users\zacho\OneDrive\Downloads\Documentos\Projetos\pdv_medusax8\v1.1\v1.1\ProdutosSearchWindow.xaml.cs(75,22): error CS0111: Tipo "ProdutosSearchWindow" j├í define um membro chamado "TxtFiltro_TextChanged" com os mesmos tipos de par├ómetro [C:\Users\zacho\OneDrive\Downloads\Documentos\Projetos\pdv_medusax8\PDV_MedusaX8_hznqlc22_wpftmp.csproj]
C:\Users\zacho\OneDrive\Downloads\Documentos\Projetos\pdv_medusax8\v1.1\ProdutosSearchWindow.xaml.cs(93,22): error CS0111: Tipo "ProdutosSearchWindow" j├í define um membro chamado "BtnAdicionar_Click" com os mesmos tipos de par├ómetro [C:\Users\zacho\OneDrive\Downloads\Documentos\Projetos\pdv_medusax8\PDV_MedusaX8_hznqlc22_wpftmp.csproj]
C:\Users\zacho\OneDrive\Downloads\Documentos\Projetos\pdv_medusax8\v1.1\v1.1\ProdutosSearchWindow.xaml.cs(93,22): error CS0111: Tipo "ProdutosSearchWindow" j├í define um membro chamado "BtnAdicionar_Click" com os mesmos tipos de par├ómetro [C:\Users\zacho\OneDrive\Downloads\Documentos\Projetos\pdv_medusax8\PDV_MedusaX8_hznqlc22_wpftmp.csproj]
C:\Users\zacho\OneDrive\Downloads\Documentos\Projetos\pdv_medusax8\v1.1\ProdutosSearchWindow.xaml.cs(115,22): error CS0111: Tipo "ProdutosSearchWindow" j├í define um membro chamado "BtnFechar_Click" com os mesmos tipos de par├ómetro [C:\Users\zacho\OneDrive\Downloads\Documentos\Projetos\pdv_medusax8\PDV_MedusaX8_hznqlc22_wpftmp.csproj]
C:\Users\zacho\OneDrive\Downloads\Documentos\Projetos\pdv_medusax8\v1.1\v1.1\ProdutosSearchWindow.xaml.cs(115,22): error CS0111: Tipo "ProdutosSearchWindow" j├í define um membro chamado "BtnFechar_Click" com os mesmos tipos de par├ómetro [C:\Users\zacho\OneDrive\Downloads\Documentos\Projetos\pdv_medusax8\PDV_MedusaX8_hznqlc22_wpftmp.csproj]
C:\Users\zacho\OneDrive\Downloads\Documentos\Projetos\pdv_medusax8\v1.1\ProdutosSearchWindow.xaml.cs(121,22): error CS0111: Tipo "ProdutosSearchWindow" j├í define um membro chamado "LstProdutos_MouseDoubleClick" com os mesmos tipos de par├ómetro [C:\Users\zacho\OneDrive\Downloads\Documentos\Projetos\pdv_medusax8\PDV_MedusaX8_hznqlc22_wpftmp.csproj]
C:\Users\zacho\OneDrive\Downloads\Documentos\Projetos\pdv_medusax8\v1.1\v1.1\ProdutosSearchWindow.xaml.cs(121,22): error CS0111: Tipo "ProdutosSearchWindow" j├í define um membro chamado "LstProdutos_MouseDoubleClick" com os mesmos tipos de par├ómetro [C:\Users\zacho\OneDrive\Downloads\Documentos\Projetos\pdv_medusax8\PDV_MedusaX8_hznqlc22_wpftmp.csproj]
C:\Users\zacho\OneDrive\Downloads\Documentos\Projetos\pdv_medusax8\v1.1\ProdutosSearchWindow.xaml(16,50): error CS0102: O tipo "ProdutosSearchWindow" j├í cont├®m uma defini├º├úo para "TxtFiltro" [C:\Users\zacho\OneDrive\Downloads\Documentos\Projetos\pdv_medusax8\PDV_MedusaX8_hznqlc22_wpftmp.csproj]
C:\Users\zacho\OneDrive\Downloads\Documentos\Projetos\pdv_medusax8\v1.1\v1.1\ProdutosSearchWindow.xaml(16,50): error CS0102: O tipo "ProdutosSearchWindow" j├í cont├®m uma defini├º├úo para "TxtFiltro" [C:\Users\zacho\OneDrive\Downloads\Documentos\Projetos\pdv_medusax8\PDV_MedusaX8_hznqlc22_wpftmp.csproj]
C:\Users\zacho\OneDrive\Downloads\Documentos\Projetos\pdv_medusax8\v1.1\ProdutosSearchWindow.xaml(20,51): error CS0102: O tipo "ProdutosSearchWindow" j├í cont├®m uma defini├º├úo para "LstProdutos" [C:\Users\zacho\OneDrive\Downloads\Documentos\Projetos\pdv_medusax8\PDV_MedusaX8_hznqlc22_wpftmp.csproj]
C:\Users\zacho\OneDrive\Downloads\Documentos\Projetos\pdv_medusax8\v1.1\v1.1\ProdutosSearchWindow.xaml(20,51): error CS0102: O tipo "ProdutosSearchWindow" j├í cont├®m uma defini├º├úo para "LstProdutos" [C:\Users\zacho\OneDrive\Downloads\Documentos\Projetos\pdv_medusax8\PDV_MedusaX8_hznqlc22_wpftmp.csproj]
C:\Users\zacho\OneDrive\Downloads\Documentos\Projetos\pdv_medusax8\v1.1\ProdutosSearchWindow.xaml(34,50): error CS0102: O tipo "ProdutosSearchWindow" j├í cont├®m uma defini├º├úo para "TxtQtd" [C:\Users\zacho\OneDrive\Downloads\Documentos\Projetos\pdv_medusax8\PDV_MedusaX8_hznqlc22_wpftmp.csproj]
C:\Users\zacho\OneDrive\Downloads\Documentos\Projetos\pdv_medusax8\v1.1\v1.1\ProdutosSearchWindow.xaml(34,50): error CS0102: O tipo "ProdutosSearchWindow" j├í cont├®m uma defini├º├úo para "TxtQtd" [C:\Users\zacho\OneDrive\Downloads\Documentos\Projetos\pdv_medusax8\PDV_MedusaX8_hznqlc22_wpftmp.csproj]
C:\Users\zacho\OneDrive\Downloads\Documentos\Projetos\pdv_medusax8\obj\Release\net10.0-windows\v1.1\ProdutosSearchWindow.g.cs(66,22): error CS0102: O tipo "ProdutosSearchWindow" j├í cont├®m uma defini├º├úo para "_contentLoaded" [C:\Users\zacho\OneDrive\Downloads\Documentos\Projetos\pdv_medusax8\PDV_MedusaX8_hznqlc22_wpftmp.csproj]
C:\Users\zacho\OneDrive\Downloads\Documentos\Projetos\pdv_medusax8\obj\Release\net10.0-windows\v1.1\v1.1\ProdutosSearchWindow.g.cs(66,22): error CS0102: O tipo "ProdutosSearchWindow" j├í cont├®m uma defini├º├úo para "_contentLoaded" [C:\Users\zacho\OneDrive\Downloads\Documentos\Projetos\pdv_medusax8\PDV_MedusaX8_hznqlc22_wpftmp.csproj]
C:\Users\zacho\OneDrive\Downloads\Documentos\Projetos\pdv_medusax8\obj\Release\net10.0-windows\v1.1\ProdutosSearchWindow.g.cs(73,21): error CS0111: Tipo "ProdutosSearchWindow" j├í define um membro chamado "InitializeComponent" com os mesmos tipos de par├ómetro [C:\Users\zacho\OneDrive\Downloads\Documentos\Projetos\pdv_medusax8\PDV_MedusaX8_hznqlc22_wpftmp.csproj]
C:\Users\zacho\OneDrive\Downloads\Documentos\Projetos\pdv_medusax8\obj\Release\net10.0-windows\v1.1\v1.1\ProdutosSearchWindow.g.cs(73,21): error CS0111: Tipo "ProdutosSearchWindow" j├í define um membro chamado "InitializeComponent" com os mesmos tipos de par├ómetro [C:\Users\zacho\OneDrive\Downloads\Documentos\Projetos\pdv_medusax8\PDV_MedusaX8_hznqlc22_wpftmp.csproj]
C:\Users\zacho\OneDrive\Downloads\Documentos\Projetos\pdv_medusax8\obj\Release\net10.0-windows\v1.1\ProdutosSearchWindow.g.cs(93,56): error CS0111: Tipo "ProdutosSearchWindow" j├í define um membro chamado "System.Windows.Markup.IComponentConnector.Connect" com os mesmos tipos de par├ómetro [C:\Users\zacho\OneDrive\Downloads\Documentos\Projetos\pdv_medusax8\PDV_MedusaX8_hznqlc22_wpftmp.csproj]
C:\Users\zacho\OneDrive\Downloads\Documentos\Projetos\pdv_medusax8\obj\Release\net10.0-windows\v1.1\v1.1\ProdutosSearchWindow.g.cs(93,56): error CS0111: Tipo "ProdutosSearchWindow" j├í define um membro chamado "System.Windows.Markup.IComponentConnector.Connect" com os mesmos tipos de par├ómetro [C:\Users\zacho\OneDrive\Downloads\Documentos\Projetos\pdv_medusax8\PDV_MedusaX8_hznqlc22_wpftmp.csproj]
C:\Users\zacho\OneDrive\Downloads\Documentos\Projetos\pdv_medusax8\v1.1\Services\PrintingService.cs(15,31): error CS0111: Tipo "PrintingService" j├í define um membro chamado "GetConnectionString" com os mesmos tipos de par├ómetro [C:\Users\zacho\OneDrive\Downloads\Documentos\Projetos\pdv_medusax8\PDV_MedusaX8_hznqlc22_wpftmp.csproj]
C:\Users\zacho\OneDrive\Downloads\Documentos\Projetos\pdv_medusax8\v1.1\v1.1\Services\PrintingService.cs(15,31): error CS0111: Tipo "PrintingService" j├í define um membro chamado "GetConnectionString" com os mesmos tipos de par├ómetro [C:\Users\zacho\OneDrive\Downloads\Documentos\Projetos\pdv_medusax8\PDV_MedusaX8_hznqlc22_wpftmp.csproj]
C:\Users\zacho\OneDrive\Downloads\Documentos\Projetos\pdv_medusax8\v1.1\Services\PrintingService.cs(20,31): error CS0111: Tipo "PrintingService" j├í define um membro chamado "GetSetting" com os mesmos tipos de par├ómetro [C:\Users\zacho\OneDrive\Downloads\Documentos\Projetos\pdv_medusax8\PDV_MedusaX8_hznqlc22_wpftmp.csproj]
C:\Users\zacho\OneDrive\Downloads\Documentos\Projetos\pdv_medusax8\v1.1\v1.1\Services\PrintingService.cs(20,31): error CS0111: Tipo "PrintingService" j├í define um membro chamado "GetSetting" com os mesmos tipos de par├ómetro [C:\Users\zacho\OneDrive\Downloads\Documentos\Projetos\pdv_medusax8\PDV_MedusaX8_hznqlc22_wpftmp.csproj]
C:\Users\zacho\OneDrive\Downloads\Documentos\Projetos\pdv_medusax8\v1.1\Services\PrintingService.cs(35,36): error CS0111: Tipo "PrintingService" j├í define um membro chamado "GetPrintQueueByName" com os mesmos tipos de par├ómetro [C:\Users\zacho\OneDrive\Downloads\Documentos\Projetos\pdv_medusax8\PDV_MedusaX8_hznqlc22_wpftmp.csproj]
C:\Users\zacho\OneDrive\Downloads\Documentos\Projetos\pdv_medusax8\v1.1\v1.1\Services\PrintingService.cs(35,36): error CS0111: Tipo "PrintingService" j├í define um membro chamado "GetPrintQueueByName" com os mesmos tipos de par├ómetro [C:\Users\zacho\OneDrive\Downloads\Documentos\Projetos\pdv_medusax8\PDV_MedusaX8_hznqlc22_wpftmp.csproj]
C:\Users\zacho\OneDrive\Downloads\Documentos\Projetos\pdv_medusax8\v1.1\Services\PrintingService.cs(54,29): error CS0111: Tipo "PrintingService" j├í define um membro chamado "PrintVisualTo" com os mesmos tipos de par├ómetro [C:\Users\zacho\OneDrive\Downloads\Documentos\Projetos\pdv_medusax8\PDV_MedusaX8_hznqlc22_wpftmp.csproj]
C:\Users\zacho\OneDrive\Downloads\Documentos\Projetos\pdv_medusax8\v1.1\v1.1\Services\PrintingService.cs(54,29): error CS0111: Tipo "PrintingService" j├í define um membro chamado "PrintVisualTo" com os mesmos tipos de par├ómetro [C:\Users\zacho\OneDrive\Downloads\Documentos\Projetos\pdv_medusax8\PDV_MedusaX8_hznqlc22_wpftmp.csproj]
C:\Users\zacho\OneDrive\Downloads\Documentos\Projetos\pdv_medusax8\v1.1\Services\PrintingService.cs(74,28): error CS0111: Tipo "PrintingService" j├í define um membro chamado "PrintConfissao" com os mesmos tipos de par├ómetro [C:\Users\zacho\OneDrive\Downloads\Documentos\Projetos\pdv_medusax8\PDV_MedusaX8_hznqlc22_wpftmp.csproj]
C:\Users\zacho\OneDrive\Downloads\Documentos\Projetos\pdv_medusax8\v1.1\v1.1\Services\PrintingService.cs(74,28): error CS0111: Tipo "PrintingService" j├í define um membro chamado "PrintConfissao" com os mesmos tipos de par├ómetro [C:\Users\zacho\OneDrive\Downloads\Documentos\Projetos\pdv_medusax8\PDV_MedusaX8_hznqlc22_wpftmp.csproj]
C:\Users\zacho\OneDrive\Downloads\Documentos\Projetos\pdv_medusax8\v1.1\Services\PrintingService.cs(108,28): error CS0111: Tipo "PrintingService" j├í define um membro chamado "PrintCarne" com os mesmos tipos de par├ómetro [C:\Users\zacho\OneDrive\Downloads\Documentos\Projetos\pdv_medusax8\PDV_MedusaX8_hznqlc22_wpftmp.csproj]
C:\Users\zacho\OneDrive\Downloads\Documentos\Projetos\pdv_medusax8\v1.1\v1.1\Services\PrintingService.cs(108,28): error CS0111: Tipo "PrintingService" j├í define um membro chamado "PrintCarne" com os mesmos tipos de par├ómetro [C:\Users\zacho\OneDrive\Downloads\Documentos\Projetos\pdv_medusax8\PDV_MedusaX8_hznqlc22_wpftmp.csproj]
C:\Users\zacho\OneDrive\Downloads\Documentos\Projetos\pdv_medusax8\v1.1\Services\PrintingService.cs(144,28): error CS0111: Tipo "PrintingService" j├í define um membro chamado "PrintFechamentoCaixa" com os mesmos tipos de par├ómetro [C:\Users\zacho\OneDrive\Downloads\Documentos\Projetos\pdv_medusax8\PDV_MedusaX8_hznqlc22_wpftmp.csproj]
C:\Users\zacho\OneDrive\Downloads\Documentos\Projetos\pdv_medusax8\v1.1\v1.1\Services\PrintingService.cs(144,28): error CS0111: Tipo "PrintingService" j├í define um membro chamado "PrintFechamentoCaixa" com os mesmos tipos de par├ómetro [C:\Users\zacho\OneDrive\Downloads\Documentos\Projetos\pdv_medusax8\PDV_MedusaX8_hznqlc22_wpftmp.csproj]
C:\Users\zacho\OneDrive\Downloads\Documentos\Projetos\pdv_medusax8\v1.1\ProdutosTesteWindow.xaml.cs(10,22): error CS0102: O tipo "ProdutosTesteWindow" j├í cont├®m uma defini├º├úo para "CatalogEntry" [C:\Users\zacho\OneDrive\Downloads\Documentos\Projetos\pdv_medusax8\PDV_MedusaX8_hznqlc22_wpftmp.csproj]
C:\Users\zacho\OneDrive\Downloads\Documentos\Projetos\pdv_medusax8\v1.1\v1.1\ProdutosTesteWindow.xaml.cs(10,22): error CS0102: O tipo "ProdutosTesteWindow" j├í cont├®m uma defini├º├úo para "CatalogEntry" [C:\Users\zacho\OneDrive\Downloads\Documentos\Projetos\pdv_medusax8\PDV_MedusaX8_hznqlc22_wpftmp.csproj]
C:\Users\zacho\OneDrive\Downloads\Documentos\Projetos\pdv_medusax8\SuprimentoWindow.xaml.cs(9,26): error CS8646: 'IComponentConnector.Connect(int, object)' ├® implementado explicitamente mais de uma vez. [C:\Users\zacho\OneDrive\Downloads\Documentos\Projetos\pdv_medusax8\PDV_MedusaX8_hznqlc22_wpftmp.csproj]
C:\Users\zacho\OneDrive\Downloads\Documentos\Projetos\pdv_medusax8\v1.1\SuprimentoWindow.xaml.cs(11,16): error CS0111: Tipo "SuprimentoWindow" j├í define um membro chamado "SuprimentoWindow" com os mesmos tipos de par├ómetro [C:\Users\zacho\OneDrive\Downloads\Documentos\Projetos\pdv_medusax8\PDV_MedusaX8_hznqlc22_wpftmp.csproj]
C:\Users\zacho\OneDrive\Downloads\Documentos\Projetos\pdv_medusax8\v1.1\v1.1\SuprimentoWindow.xaml.cs(11,16): error CS0111: Tipo "SuprimentoWindow" j├í define um membro chamado "SuprimentoWindow" com os mesmos tipos de par├ómetro [C:\Users\zacho\OneDrive\Downloads\Documentos\Projetos\pdv_medusax8\PDV_MedusaX8_hznqlc22_wpftmp.csproj]
C:\Users\zacho\OneDrive\Downloads\Documentos\Projetos\pdv_medusax8\v1.1\SuprimentoWindow.xaml.cs(17,24): error CS0111: Tipo "SuprimentoWindow" j├í define um membro chamado "GetConnectionString" com os mesmos tipos de par├ómetro [C:\Users\zacho\OneDrive\Downloads\Documentos\Projetos\pdv_medusax8\PDV_MedusaX8_hznqlc22_wpftmp.csproj]
C:\Users\zacho\OneDrive\Downloads\Documentos\Projetos\pdv_medusax8\v1.1\v1.1\SuprimentoWindow.xaml.cs(17,24): error CS0111: Tipo "SuprimentoWindow" j├í define um membro chamado "GetConnectionString" com os mesmos tipos de par├ómetro [C:\Users\zacho\OneDrive\Downloads\Documentos\Projetos\pdv_medusax8\PDV_MedusaX8_hznqlc22_wpftmp.csproj]
C:\Users\zacho\OneDrive\Downloads\Documentos\Projetos\pdv_medusax8\v1.1\SuprimentoWindow.xaml.cs(22,22): error CS0111: Tipo "SuprimentoWindow" j├í define um membro chamado "EnsureTables" com os mesmos tipos de par├ómetro [C:\Users\zacho\OneDrive\Downloads\Documentos\Projetos\pdv_medusax8\PDV_MedusaX8_hznqlc22_wpftmp.csproj]
C:\Users\zacho\OneDrive\Downloads\Documentos\Projetos\pdv_medusax8\v1.1\v1.1\SuprimentoWindow.xaml.cs(22,22): error CS0111: Tipo "SuprimentoWindow" j├í define um membro chamado "EnsureTables" com os mesmos tipos de par├ómetro [C:\Users\zacho\OneDrive\Downloads\Documentos\Projetos\pdv_medusax8\PDV_MedusaX8_hznqlc22_wpftmp.csproj]
C:\Users\zacho\OneDrive\Downloads\Documentos\Projetos\pdv_medusax8\v1.1\SuprimentoWindow.xaml.cs(41,22): error CS0111: Tipo "SuprimentoWindow" j├í define um membro chamado "BtnSalvar_Click" com os mesmos tipos de par├ómetro [C:\Users\zacho\OneDrive\Downloads\Documentos\Projetos\pdv_medusax8\PDV_MedusaX8_hznqlc22_wpftmp.csproj]
C:\Users\zacho\OneDrive\Downloads\Documentos\Projetos\pdv_medusax8\v1.1\v1.1\SuprimentoWindow.xaml.cs(41,22): error CS0111: Tipo "SuprimentoWindow" j├í define um membro chamado "BtnSalvar_Click" com os mesmos tipos de par├ómetro [C:\Users\zacho\OneDrive\Downloads\Documentos\Projetos\pdv_medusax8\PDV_MedusaX8_hznqlc22_wpftmp.csproj]
C:\Users\zacho\OneDrive\Downloads\Documentos\Projetos\pdv_medusax8\v1.1\SuprimentoWindow.xaml.cs(108,22): error CS0111: Tipo "SuprimentoWindow" j├í define um membro chamado "BtnCancelar_Click" com os mesmos tipos de par├ómetro [C:\Users\zacho\OneDrive\Downloads\Documentos\Projetos\pdv_medusax8\PDV_MedusaX8_hznqlc22_wpftmp.csproj]
C:\Users\zacho\OneDrive\Downloads\Documentos\Projetos\pdv_medusax8\v1.1\v1.1\SuprimentoWindow.xaml.cs(108,22): error CS0111: Tipo "SuprimentoWindow" j├í define um membro chamado "BtnCancelar_Click" com os mesmos tipos de par├ómetro [C:\Users\zacho\OneDrive\Downloads\Documentos\Projetos\pdv_medusax8\PDV_MedusaX8_hznqlc22_wpftmp.csproj]
C:\Users\zacho\OneDrive\Downloads\Documentos\Projetos\pdv_medusax8\v1.1\SuprimentoWindow.xaml(15,50): error CS0102: O tipo "SuprimentoWindow" j├í cont├®m uma defini├º├úo para "TxtValor" [C:\Users\zacho\OneDrive\Downloads\Documentos\Projetos\pdv_medusax8\PDV_MedusaX8_hznqlc22_wpftmp.csproj]
C:\Users\zacho\OneDrive\Downloads\Documentos\Projetos\pdv_medusax8\v1.1\v1.1\SuprimentoWindow.xaml(15,50): error CS0102: O tipo "SuprimentoWindow" j├í cont├®m uma defini├º├úo para "TxtValor" [C:\Users\zacho\OneDrive\Downloads\Documentos\Projetos\pdv_medusax8\PDV_MedusaX8_hznqlc22_wpftmp.csproj]
C:\Users\zacho\OneDrive\Downloads\Documentos\Projetos\pdv_medusax8\v1.1\SuprimentoWindow.xaml(18,50): error CS0102: O tipo "SuprimentoWindow" j├í cont├®m uma defini├º├úo para "TxtMotivo" [C:\Users\zacho\OneDrive\Downloads\Documentos\Projetos\pdv_medusax8\PDV_MedusaX8_hznqlc22_wpftmp.csproj]
C:\Users\zacho\OneDrive\Downloads\Documentos\Projetos\pdv_medusax8\v1.1\v1.1\SuprimentoWindow.xaml(18,50): error CS0102: O tipo "SuprimentoWindow" j├í cont├®m uma defini├º├úo para "TxtMotivo" [C:\Users\zacho\OneDrive\Downloads\Documentos\Projetos\pdv_medusax8\PDV_MedusaX8_hznqlc22_wpftmp.csproj]
C:\Users\zacho\OneDrive\Downloads\Documentos\Projetos\pdv_medusax8\obj\Release\net10.0-windows\v1.1\SuprimentoWindow.g.cs(58,22): error CS0102: O tipo "SuprimentoWindow" j├í cont├®m uma defini├º├úo para "_contentLoaded" [C:\Users\zacho\OneDrive\Downloads\Documentos\Projetos\pdv_medusax8\PDV_MedusaX8_hznqlc22_wpftmp.csproj]
C:\Users\zacho\OneDrive\Downloads\Documentos\Projetos\pdv_medusax8\obj\Release\net10.0-windows\v1.1\v1.1\SuprimentoWindow.g.cs(58,22): error CS0102: O tipo "SuprimentoWindow" j├í cont├®m uma defini├º├úo para "_contentLoaded" [C:\Users\zacho\OneDrive\Downloads\Documentos\Projetos\pdv_medusax8\PDV_MedusaX8_hznqlc22_wpftmp.csproj]
C:\Users\zacho\OneDrive\Downloads\Documentos\Projetos\pdv_medusax8\obj\Release\net10.0-windows\v1.1\SuprimentoWindow.g.cs(65,21): error CS0111: Tipo "SuprimentoWindow" j├í define um membro chamado "InitializeComponent" com os mesmos tipos de par├ómetro [C:\Users\zacho\OneDrive\Downloads\Documentos\Projetos\pdv_medusax8\PDV_MedusaX8_hznqlc22_wpftmp.csproj]
C:\Users\zacho\OneDrive\Downloads\Documentos\Projetos\pdv_medusax8\obj\Release\net10.0-windows\v1.1\v1.1\SuprimentoWindow.g.cs(65,21): error CS0111: Tipo "SuprimentoWindow" j├í define um membro chamado "InitializeComponent" com os mesmos tipos de par├ómetro [C:\Users\zacho\OneDrive\Downloads\Documentos\Projetos\pdv_medusax8\PDV_MedusaX8_hznqlc22_wpftmp.csproj]
C:\Users\zacho\OneDrive\Downloads\Documentos\Projetos\pdv_medusax8\obj\Release\net10.0-windows\v1.1\SuprimentoWindow.g.cs(85,56): error CS0111: Tipo "SuprimentoWindow" j├í define um membro chamado "System.Windows.Markup.IComponentConnector.Connect" com os mesmos tipos de par├ómetro [C:\Users\zacho\OneDrive\Downloads\Documentos\Projetos\pdv_medusax8\PDV_MedusaX8_hznqlc22_wpftmp.csproj]
C:\Users\zacho\OneDrive\Downloads\Documentos\Projetos\pdv_medusax8\obj\Release\net10.0-windows\v1.1\v1.1\SuprimentoWindow.g.cs(85,56): error CS0111: Tipo "SuprimentoWindow" j├í define um membro chamado "System.Windows.Markup.IComponentConnector.Connect" com os mesmos tipos de par├ómetro [C:\Users\zacho\OneDrive\Downloads\Documentos\Projetos\pdv_medusax8\PDV_MedusaX8_hznqlc22_wpftmp.csproj]
C:\Users\zacho\OneDrive\Downloads\Documentos\Projetos\pdv_medusax8\v1.1\Services\TEF\CapptaProvider.cs(8,21): error CS0111: Tipo "CapptaProvider" j├í define um membro chamado "Initialize" com os mesmos tipos de par├ómetro [C:\Users\zacho\OneDrive\Downloads\Documentos\Projetos\pdv_medusax8\PDV_MedusaX8_hznqlc22_wpftmp.csproj]
C:\Users\zacho\OneDrive\Downloads\Documentos\Projetos\pdv_medusax8\v1.1\v1.1\Services\TEF\CapptaProvider.cs(8,21): error CS0111: Tipo "CapptaProvider" j├í define um membro chamado "Initialize" com os mesmos tipos de par├ómetro [C:\Users\zacho\OneDrive\Downloads\Documentos\Projetos\pdv_medusax8\PDV_MedusaX8_hznqlc22_wpftmp.csproj]
C:\Users\zacho\OneDrive\Downloads\Documentos\Projetos\pdv_medusax8\v1.1\Services\TEF\CapptaProvider.cs(22,26): error CS0111: Tipo "CapptaProvider" j├í define um membro chamado "ProcessPayment" com os mesmos tipos de par├ómetro [C:\Users\zacho\OneDrive\Downloads\Documentos\Projetos\pdv_medusax8\PDV_MedusaX8_hznqlc22_wpftmp.csproj]
C:\Users\zacho\OneDrive\Downloads\Documentos\Projetos\pdv_medusax8\v1.1\v1.1\Services\TEF\CapptaProvider.cs(22,26): error CS0111: Tipo "CapptaProvider" j├í define um membro chamado "ProcessPayment" com os mesmos tipos de par├ómetro [C:\Users\zacho\OneDrive\Downloads\Documentos\Projetos\pdv_medusax8\PDV_MedusaX8_hznqlc22_wpftmp.csproj]
C:\Users\zacho\OneDrive\Downloads\Documentos\Projetos\pdv_medusax8\v1.1\Services\TEF\ITEFProvider.cs(7,14): error CS0111: Tipo "ITEFProvider" j├í define um membro chamado "Initialize" com os mesmos tipos de par├ómetro [C:\Users\zacho\OneDrive\Downloads\Documentos\Projetos\pdv_medusax8\PDV_MedusaX8_hznqlc22_wpftmp.csproj]
C:\Users\zacho\OneDrive\Downloads\Documentos\Projetos\pdv_medusax8\v1.1\v1.1\Services\TEF\ITEFProvider.cs(7,14): error CS0111: Tipo "ITEFProvider" j├í define um membro chamado "Initialize" com os mesmos tipos de par├ómetro [C:\Users\zacho\OneDrive\Downloads\Documentos\Projetos\pdv_medusax8\PDV_MedusaX8_hznqlc22_wpftmp.csproj]
C:\Users\zacho\OneDrive\Downloads\Documentos\Projetos\pdv_medusax8\v1.1\Services\TEF\ITEFProvider.cs(8,19): error CS0111: Tipo "ITEFProvider" j├í define um membro chamado "ProcessPayment" com os mesmos tipos de par├ómetro [C:\Users\zacho\OneDrive\Downloads\Documentos\Projetos\pdv_medusax8\PDV_MedusaX8_hznqlc22_wpftmp.csproj]
C:\Users\zacho\OneDrive\Downloads\Documentos\Projetos\pdv_medusax8\v1.1\v1.1\Services\TEF\ITEFProvider.cs(8,19): error CS0111: Tipo "ITEFProvider" j├í define um membro chamado "ProcessPayment" com os mesmos tipos de par├ómetro [C:\Users\zacho\OneDrive\Downloads\Documentos\Projetos\pdv_medusax8\PDV_MedusaX8_hznqlc22_wpftmp.csproj]
C:\Users\zacho\OneDrive\Downloads\Documentos\Projetos\pdv_medusax8\v1.1\Services\TEFManager.cs(65,17): error CS0111: Tipo "TEFManager" j├í define um membro chamado "TEFManager" com os mesmos tipos de par├ómetro [C:\Users\zacho\OneDrive\Downloads\Documentos\Projetos\pdv_medusax8\PDV_MedusaX8_hznqlc22_wpftmp.csproj]
C:\Users\zacho\OneDrive\Downloads\Documentos\Projetos\pdv_medusax8\v1.1\v1.1\Services\TEFManager.cs(65,17): error CS0111: Tipo "TEFManager" j├í define um membro chamado "TEFManager" com os mesmos tipos de par├ómetro [C:\Users\zacho\OneDrive\Downloads\Documentos\Projetos\pdv_medusax8\PDV_MedusaX8_hznqlc22_wpftmp.csproj]
C:\Users\zacho\OneDrive\Downloads\Documentos\Projetos\pdv_medusax8\v1.1\Services\TEFManager.cs(70,21): error CS0111: Tipo "TEFManager" j├í define um membro chamado "LoadTEFConfiguration" com os mesmos tipos de par├ómetro [C:\Users\zacho\OneDrive\Downloads\Documentos\Projetos\pdv_medusax8\PDV_MedusaX8_hznqlc22_wpftmp.csproj]
C:\Users\zacho\OneDrive\Downloads\Documentos\Projetos\pdv_medusax8\v1.1\v1.1\Services\TEFManager.cs(70,21): error CS0111: Tipo "TEFManager" j├í define um membro chamado "LoadTEFConfiguration" com os mesmos tipos de par├ómetro [C:\Users\zacho\OneDrive\Downloads\Documentos\Projetos\pdv_medusax8\PDV_MedusaX8_hznqlc22_wpftmp.csproj]
C:\Users\zacho\OneDrive\Downloads\Documentos\Projetos\pdv_medusax8\v1.1\Services\TEFManager.cs(106,22): error CS0111: Tipo "TEFManager" j├í define um membro chamado "LoadTEFSpecificSettings" com os mesmos tipos de par├ómetro [C:\Users\zacho\OneDrive\Downloads\Documentos\Projetos\pdv_medusax8\PDV_MedusaX8_hznqlc22_wpftmp.csproj]
C:\Users\zacho\OneDrive\Downloads\Documentos\Projetos\pdv_medusax8\v1.1\v1.1\Services\TEFManager.cs(106,22): error CS0111: Tipo "TEFManager" j├í define um membro chamado "LoadTEFSpecificSettings" com os mesmos tipos de par├ómetro [C:\Users\zacho\OneDrive\Downloads\Documentos\Projetos\pdv_medusax8\PDV_MedusaX8_hznqlc22_wpftmp.csproj]
C:\Users\zacho\OneDrive\Downloads\Documentos\Projetos\pdv_medusax8\v1.1\Services\TEFManager.cs(141,24): error CS0111: Tipo "TEFManager" j├í define um membro chamado "GetSetting" com os mesmos tipos de par├ómetro [C:\Users\zacho\OneDrive\Downloads\Documentos\Projetos\pdv_medusax8\PDV_MedusaX8_hznqlc22_wpftmp.csproj]
C:\Users\zacho\OneDrive\Downloads\Documentos\Projetos\pdv_medusax8\v1.1\v1.1\Services\TEFManager.cs(141,24): error CS0111: Tipo "TEFManager" j├í define um membro chamado "GetSetting" com os mesmos tipos de par├ómetro [C:\Users\zacho\OneDrive\Downloads\Documentos\Projetos\pdv_medusax8\PDV_MedusaX8_hznqlc22_wpftmp.csproj]
C:\Users\zacho\OneDrive\Downloads\Documentos\Projetos\pdv_medusax8\v1.1\Services\TEFManager.cs(152,21): error CS0111: Tipo "TEFManager" j├í define um membro chamado "InitializeTEF" com os mesmos tipos de par├ómetro [C:\Users\zacho\OneDrive\Downloads\Documentos\Projetos\pdv_medusax8\PDV_MedusaX8_hznqlc22_wpftmp.csproj]
C:\Users\zacho\OneDrive\Downloads\Documentos\Projetos\pdv_medusax8\v1.1\v1.1\Services\TEFManager.cs(152,21): error CS0111: Tipo "TEFManager" j├í define um membro chamado "InitializeTEF" com os mesmos tipos de par├ómetro [C:\Users\zacho\OneDrive\Downloads\Documentos\Projetos\pdv_medusax8\PDV_MedusaX8_hznqlc22_wpftmp.csproj]
C:\Users\zacho\OneDrive\Downloads\Documentos\Projetos\pdv_medusax8\v1.1\Services\TEFManager.cs(177,22): error CS0111: Tipo "TEFManager" j├í define um membro chamado "InitializeTEFComponent" com os mesmos tipos de par├ómetro [C:\Users\zacho\OneDrive\Downloads\Documentos\Projetos\pdv_medusax8\PDV_MedusaX8_hznqlc22_wpftmp.csproj]
C:\Users\zacho\OneDrive\Downloads\Documentos\Projetos\pdv_medusax8\v1.1\v1.1\Services\TEFManager.cs(177,22): error CS0111: Tipo "TEFManager" j├í define um membro chamado "InitializeTEFComponent" com os mesmos tipos de par├ómetro [C:\Users\zacho\OneDrive\Downloads\Documentos\Projetos\pdv_medusax8\PDV_MedusaX8_hznqlc22_wpftmp.csproj]
C:\Users\zacho\OneDrive\Downloads\Documentos\Projetos\pdv_medusax8\v1.1\Services\TEFManager.cs(185,31): error CS0111: Tipo "TEFManager" j├í define um membro chamado "CreateProvider" com os mesmos tipos de par├ómetro [C:\Users\zacho\OneDrive\Downloads\Documentos\Projetos\pdv_medusax8\PDV_MedusaX8_hznqlc22_wpftmp.csproj]
C:\Users\zacho\OneDrive\Downloads\Documentos\Projetos\pdv_medusax8\v1.1\v1.1\Services\TEFManager.cs(185,31): error CS0111: Tipo "TEFManager" j├í define um membro chamado "CreateProvider" com os mesmos tipos de par├ómetro [C:\Users\zacho\OneDrive\Downloads\Documentos\Projetos\pdv_medusax8\PDV_MedusaX8_hznqlc22_wpftmp.csproj]
C:\Users\zacho\OneDrive\Downloads\Documentos\Projetos\pdv_medusax8\v1.1\Services\TEFManager.cs(209,22): error CS0111: Tipo "TEFManager" j├í define um membro chamado "InitializeSitef" com os mesmos tipos de par├ómetro [C:\Users\zacho\OneDrive\Downloads\Documentos\Projetos\pdv_medusax8\PDV_MedusaX8_hznqlc22_wpftmp.csproj]
C:\Users\zacho\OneDrive\Downloads\Documentos\Projetos\pdv_medusax8\v1.1\v1.1\Services\TEFManager.cs(209,22): error CS0111: Tipo "TEFManager" j├í define um membro chamado "InitializeSitef" com os mesmos tipos de par├ómetro [C:\Users\zacho\OneDrive\Downloads\Documentos\Projetos\pdv_medusax8\PDV_MedusaX8_hznqlc22_wpftmp.csproj]
C:\Users\zacho\OneDrive\Downloads\Documentos\Projetos\pdv_medusax8\v1.1\Services\TEFManager.cs(227,22): error CS0111: Tipo "TEFManager" j├í define um membro chamado "InitializeCliSitef" com os mesmos tipos de par├ómetro [C:\Users\zacho\OneDrive\Downloads\Documentos\Projetos\pdv_medusax8\PDV_MedusaX8_hznqlc22_wpftmp.csproj]
C:\Users\zacho\OneDrive\Downloads\Documentos\Projetos\pdv_medusax8\v1.1\v1.1\Services\TEFManager.cs(227,22): error CS0111: Tipo "TEFManager" j├í define um membro chamado "InitializeCliSitef" com os mesmos tipos de par├ómetro [C:\Users\zacho\OneDrive\Downloads\Documentos\Projetos\pdv_medusax8\PDV_MedusaX8_hznqlc22_wpftmp.csproj]
C:\Users\zacho\OneDrive\Downloads\Documentos\Projetos\pdv_medusax8\v1.1\Services\TEFManager.cs(245,22): error CS0111: Tipo "TEFManager" j├í define um membro chamado "InitializePayGo" com os mesmos tipos de par├ómetro [C:\Users\zacho\OneDrive\Downloads\Documentos\Projetos\pdv_medusax8\PDV_MedusaX8_hznqlc22_wpftmp.csproj]
C:\Users\zacho\OneDrive\Downloads\Documentos\Projetos\pdv_medusax8\v1.1\v1.1\Services\TEFManager.cs(245,22): error CS0111: Tipo "TEFManager" j├í define um membro chamado "InitializePayGo" com os mesmos tipos de par├ómetro [C:\Users\zacho\OneDrive\Downloads\Documentos\Projetos\pdv_medusax8\PDV_MedusaX8_hznqlc22_wpftmp.csproj]
C:\Users\zacho\OneDrive\Downloads\Documentos\Projetos\pdv_medusax8\v1.1\Services\TEFManager.cs(263,22): error CS0111: Tipo "TEFManager" j├í define um membro chamado "InitializeCappta" com os mesmos tipos de par├ómetro [C:\Users\zacho\OneDrive\Downloads\Documentos\Projetos\pdv_medusax8\PDV_MedusaX8_hznqlc22_wpftmp.csproj]
C:\Users\zacho\OneDrive\Downloads\Documentos\Projetos\pdv_medusax8\v1.1\v1.1\Services\TEFManager.cs(263,22): error CS0111: Tipo "TEFManager" j├í define um membro chamado "InitializeCappta" com os mesmos tipos de par├ómetro [C:\Users\zacho\OneDrive\Downloads\Documentos\Projetos\pdv_medusax8\PDV_MedusaX8_hznqlc22_wpftmp.csproj]
C:\Users\zacho\OneDrive\Downloads\Documentos\Projetos\pdv_medusax8\v1.1\Services\TEFManager.cs(281,22): error CS0111: Tipo "TEFManager" j├í define um membro chamado "InitializeVeSPague" com os mesmos tipos de par├ómetro [C:\Users\zacho\OneDrive\Downloads\Documentos\Projetos\pdv_medusax8\PDV_MedusaX8_hznqlc22_wpftmp.csproj]
C:\Users\zacho\OneDrive\Downloads\Documentos\Projetos\pdv_medusax8\v1.1\v1.1\Services\TEFManager.cs(281,22): error CS0111: Tipo "TEFManager" j├í define um membro chamado "InitializeVeSPague" com os mesmos tipos de par├ómetro [C:\Users\zacho\OneDrive\Downloads\Documentos\Projetos\pdv_medusax8\PDV_MedusaX8_hznqlc22_wpftmp.csproj]
C:\Users\zacho\OneDrive\Downloads\Documentos\Projetos\pdv_medusax8\v1.1\Services\TEFManager.cs(296,22): error CS0111: Tipo "TEFManager" j├í define um membro chamado "InitializeBinCard" com os mesmos tipos de par├ómetro [C:\Users\zacho\OneDrive\Downloads\Documentos\Projetos\pdv_medusax8\PDV_MedusaX8_hznqlc22_wpftmp.csproj]
C:\Users\zacho\OneDrive\Downloads\Documentos\Projetos\pdv_medusax8\v1.1\v1.1\Services\TEFManager.cs(296,22): error CS0111: Tipo "TEFManager" j├í define um membro chamado "InitializeBinCard" com os mesmos tipos de par├ómetro [C:\Users\zacho\OneDrive\Downloads\Documentos\Projetos\pdv_medusax8\PDV_MedusaX8_hznqlc22_wpftmp.csproj]
C:\Users\zacho\OneDrive\Downloads\Documentos\Projetos\pdv_medusax8\v1.1\Services\TEFManager.cs(311,22): error CS0111: Tipo "TEFManager" j├í define um membro chamado "InitializeCredsystem" com os mesmos tipos de par├ómetro [C:\Users\zacho\OneDrive\Downloads\Documentos\Projetos\pdv_medusax8\PDV_MedusaX8_hznqlc22_wpftmp.csproj]
C:\Users\zacho\OneDrive\Downloads\Documentos\Projetos\pdv_medusax8\v1.1\v1.1\Services\TEFManager.cs(311,22): error CS0111: Tipo "TEFManager" j├í define um membro chamado "InitializeCredsystem" com os mesmos tipos de par├ómetro [C:\Users\zacho\OneDrive\Downloads\Documentos\Projetos\pdv_medusax8\PDV_MedusaX8_hznqlc22_wpftmp.csproj]
C:\Users\zacho\OneDrive\Downloads\Documentos\Projetos\pdv_medusax8\v1.1\Services\TEFManager.cs(326,22): error CS0111: Tipo "TEFManager" j├í define um membro chamado "InitializeFoxWin" com os mesmos tipos de par├ómetro [C:\Users\zacho\OneDrive\Downloads\Documentos\Projetos\pdv_medusax8\PDV_MedusaX8_hznqlc22_wpftmp.csproj]
C:\Users\zacho\OneDrive\Downloads\Documentos\Projetos\pdv_medusax8\v1.1\v1.1\Services\TEFManager.cs(326,22): error CS0111: Tipo "TEFManager" j├í define um membro chamado "InitializeFoxWin" com os mesmos tipos de par├ómetro [C:\Users\zacho\OneDrive\Downloads\Documentos\Projetos\pdv_medusax8\PDV_MedusaX8_hznqlc22_wpftmp.csproj]
C:\Users\zacho\OneDrive\Downloads\Documentos\Projetos\pdv_medusax8\v1.1\Services\TEFManager.cs(341,22): error CS0111: Tipo "TEFManager" j├í define um membro chamado "InitializeGoodCard" com os mesmos tipos de par├ómetro [C:\Users\zacho\OneDrive\Downloads\Documentos\Projetos\pdv_medusax8\PDV_MedusaX8_hznqlc22_wpftmp.csproj]
C:\Users\zacho\OneDrive\Downloads\Documentos\Projetos\pdv_medusax8\v1.1\v1.1\Services\TEFManager.cs(341,22): error CS0111: Tipo "TEFManager" j├í define um membro chamado "InitializeGoodCard" com os mesmos tipos de par├ómetro [C:\Users\zacho\OneDrive\Downloads\Documentos\Projetos\pdv_medusax8\PDV_MedusaX8_hznqlc22_wpftmp.csproj]
C:\Users\zacho\OneDrive\Downloads\Documentos\Projetos\pdv_medusax8\v1.1\Services\TEFManager.cs(356,22): error CS0111: Tipo "TEFManager" j├í define um membro chamado "InitializePagFor" com os mesmos tipos de par├ómetro [C:\Users\zacho\OneDrive\Downloads\Documentos\Projetos\pdv_medusax8\PDV_MedusaX8_hznqlc22_wpftmp.csproj]
C:\Users\zacho\OneDrive\Downloads\Documentos\Projetos\pdv_medusax8\v1.1\v1.1\Services\TEFManager.cs(356,22): error CS0111: Tipo "TEFManager" j├í define um membro chamado "InitializePagFor" com os mesmos tipos de par├ómetro [C:\Users\zacho\OneDrive\Downloads\Documentos\Projetos\pdv_medusax8\PDV_MedusaX8_hznqlc22_wpftmp.csproj]
C:\Users\zacho\OneDrive\Downloads\Documentos\Projetos\pdv_medusax8\v1.1\Services\TEFManager.cs(371,22): error CS0111: Tipo "TEFManager" j├í define um membro chamado "InitializeDedicado" com os mesmos tipos de par├ómetro [C:\Users\zacho\OneDrive\Downloads\Documentos\Projetos\pdv_medusax8\PDV_MedusaX8_hznqlc22_wpftmp.csproj]
C:\Users\zacho\OneDrive\Downloads\Documentos\Projetos\pdv_medusax8\v1.1\v1.1\Services\TEFManager.cs(371,22): error CS0111: Tipo "TEFManager" j├í define um membro chamado "InitializeDedicado" com os mesmos tipos de par├ómetro [C:\Users\zacho\OneDrive\Downloads\Documentos\Projetos\pdv_medusax8\PDV_MedusaX8_hznqlc22_wpftmp.csproj]
C:\Users\zacho\OneDrive\Downloads\Documentos\Projetos\pdv_medusax8\v1.1\Services\TEFManager.cs(386,22): error CS0111: Tipo "TEFManager" j├í define um membro chamado "InitializeHiper" com os mesmos tipos de par├ómetro [C:\Users\zacho\OneDrive\Downloads\Documentos\Projetos\pdv_medusax8\PDV_MedusaX8_hznqlc22_wpftmp.csproj]
C:\Users\zacho\OneDrive\Downloads\Documentos\Projetos\pdv_medusax8\v1.1\v1.1\Services\TEFManager.cs(386,22): error CS0111: Tipo "TEFManager" j├í define um membro chamado "InitializeHiper" com os mesmos tipos de par├ómetro [C:\Users\zacho\OneDrive\Downloads\Documentos\Projetos\pdv_medusax8\PDV_MedusaX8_hznqlc22_wpftmp.csproj]
C:\Users\zacho\OneDrive\Downloads\Documentos\Projetos\pdv_medusax8\v1.1\Services\TEFManager.cs(401,22): error CS0111: Tipo "TEFManager" j├í define um membro chamado "InitializeTicket" com os mesmos tipos de par├ómetro [C:\Users\zacho\OneDrive\Downloads\Documentos\Projetos\pdv_medusax8\PDV_MedusaX8_hznqlc22_wpftmp.csproj]
C:\Users\zacho\OneDrive\Downloads\Documentos\Projetos\pdv_medusax8\v1.1\v1.1\Services\TEFManager.cs(401,22): error CS0111: Tipo "TEFManager" j├í define um membro chamado "InitializeTicket" com os mesmos tipos de par├ómetro [C:\Users\zacho\OneDrive\Downloads\Documentos\Projetos\pdv_medusax8\PDV_MedusaX8_hznqlc22_wpftmp.csproj]
C:\Users\zacho\OneDrive\Downloads\Documentos\Projetos\pdv_medusax8\v1.1\Services\TEFManager.cs(416,22): error CS0111: Tipo "TEFManager" j├í define um membro chamado "InitializeVeriFone" com os mesmos tipos de par├ómetro [C:\Users\zacho\OneDrive\Downloads\Documentos\Projetos\pdv_medusax8\PDV_MedusaX8_hznqlc22_wpftmp.csproj]
C:\Users\zacho\OneDrive\Downloads\Documentos\Projetos\pdv_medusax8\v1.1\v1.1\Services\TEFManager.cs(416,22): error CS0111: Tipo "TEFManager" j├í define um membro chamado "InitializeVeriFone" com os mesmos tipos de par├ómetro [C:\Users\zacho\OneDrive\Downloads\Documentos\Projetos\pdv_medusax8\PDV_MedusaX8_hznqlc22_wpftmp.csproj]
C:\Users\zacho\OneDrive\Downloads\Documentos\Projetos\pdv_medusax8\v1.1\Services\TEFManager.cs(433,26): error CS0111: Tipo "TEFManager" j├í define um membro chamado "ProcessPayment" com os mesmos tipos de par├ómetro [C:\Users\zacho\OneDrive\Downloads\Documentos\Projetos\pdv_medusax8\PDV_MedusaX8_hznqlc22_wpftmp.csproj]
C:\Users\zacho\OneDrive\Downloads\Documentos\Projetos\pdv_medusax8\v1.1\v1.1\Services\TEFManager.cs(433,26): error CS0111: Tipo "TEFManager" j├í define um membro chamado "ProcessPayment" com os mesmos tipos de par├ómetro [C:\Users\zacho\OneDrive\Downloads\Documentos\Projetos\pdv_medusax8\PDV_MedusaX8_hznqlc22_wpftmp.csproj]
C:\Users\zacho\OneDrive\Downloads\Documentos\Projetos\pdv_medusax8\v1.1\Services\TEFManager.cs(465,35): error CS0111: Tipo "TEFManager" j├í define um membro chamado "GetCurrentTEFType" com os mesmos tipos de par├ómetro [C:\Users\zacho\OneDrive\Downloads\Documentos\Projetos\pdv_medusax8\PDV_MedusaX8_hznqlc22_wpftmp.csproj]
C:\Users\zacho\OneDrive\Downloads\Documentos\Projetos\pdv_medusax8\v1.1\v1.1\Services\TEFManager.cs(465,35): error CS0111: Tipo "TEFManager" j├í define um membro chamado "GetCurrentTEFType" com os mesmos tipos de par├ómetro [C:\Users\zacho\OneDrive\Downloads\Documentos\Projetos\pdv_medusax8\PDV_MedusaX8_hznqlc22_wpftmp.csproj]
C:\Users\zacho\OneDrive\Downloads\Documentos\Projetos\pdv_medusax8\v1.1\Services\TEFManager.cs(470,21): error CS0111: Tipo "TEFManager" j├í define um membro chamado "IsInitialized" com os mesmos tipos de par├ómetro [C:\Users\zacho\OneDrive\Downloads\Documentos\Projetos\pdv_medusax8\PDV_MedusaX8_hznqlc22_wpftmp.csproj]
C:\Users\zacho\OneDrive\Downloads\Documentos\Projetos\pdv_medusax8\v1.1\v1.1\Services\TEFManager.cs(470,21): error CS0111: Tipo "TEFManager" j├í define um membro chamado "IsInitialized" com os mesmos tipos de par├ómetro [C:\Users\zacho\OneDrive\Downloads\Documentos\Projetos\pdv_medusax8\PDV_MedusaX8_hznqlc22_wpftmp.csproj]
C:\Users\zacho\OneDrive\Downloads\Documentos\Projetos\pdv_medusax8\v1.1\Services\TEFManager.cs(475,21): error CS0111: Tipo "TEFManager" j├í define um membro chamado "Dispose" com os mesmos tipos de par├ómetro [C:\Users\zacho\OneDrive\Downloads\Documentos\Projetos\pdv_medusax8\PDV_MedusaX8_hznqlc22_wpftmp.csproj]
C:\Users\zacho\OneDrive\Downloads\Documentos\Projetos\pdv_medusax8\v1.1\v1.1\Services\TEFManager.cs(475,21): error CS0111: Tipo "TEFManager" j├í define um membro chamado "Dispose" com os mesmos tipos de par├ómetro [C:\Users\zacho\OneDrive\Downloads\Documentos\Projetos\pdv_medusax8\PDV_MedusaX8_hznqlc22_wpftmp.csproj]
C:\Users\zacho\OneDrive\Downloads\Documentos\Projetos\pdv_medusax8\ProdutosTesteWindow.xaml.cs(8,26): error CS8646: 'IComponentConnector.Connect(int, object)' ├® implementado explicitamente mais de uma vez. [C:\Users\zacho\OneDrive\Downloads\Documentos\Projetos\pdv_medusax8\PDV_MedusaX8_hznqlc22_wpftmp.csproj]
C:\Users\zacho\OneDrive\Downloads\Documentos\Projetos\pdv_medusax8\v1.1\ProdutosTesteWindow.xaml.cs(18,30): error CS0102: O tipo "ProdutosTesteWindow" j├í cont├®m uma defini├º├úo para "SelectedEntry" [C:\Users\zacho\OneDrive\Downloads\Documentos\Projetos\pdv_medusax8\PDV_MedusaX8_hznqlc22_wpftmp.csproj]
C:\Users\zacho\OneDrive\Downloads\Documentos\Projetos\pdv_medusax8\v1.1\v1.1\ProdutosTesteWindow.xaml.cs(18,30): error CS0102: O tipo "ProdutosTesteWindow" j├í cont├®m uma defini├º├úo para "SelectedEntry" [C:\Users\zacho\OneDrive\Downloads\Documentos\Projetos\pdv_medusax8\PDV_MedusaX8_hznqlc22_wpftmp.csproj]
C:\Users\zacho\OneDrive\Downloads\Documentos\Projetos\pdv_medusax8\v1.1\ProdutosTesteWindow.xaml.cs(19,24): error CS0102: O tipo "ProdutosTesteWindow" j├í cont├®m uma defini├º├úo para "SelectedQty" [C:\Users\zacho\OneDrive\Downloads\Documentos\Projetos\pdv_medusax8\PDV_MedusaX8_hznqlc22_wpftmp.csproj]
C:\Users\zacho\OneDrive\Downloads\Documentos\Projetos\pdv_medusax8\v1.1\v1.1\ProdutosTesteWindow.xaml.cs(19,24): error CS0102: O tipo "ProdutosTesteWindow" j├í cont├®m uma defini├º├úo para "SelectedQty" [C:\Users\zacho\OneDrive\Downloads\Documentos\Projetos\pdv_medusax8\PDV_MedusaX8_hznqlc22_wpftmp.csproj]
C:\Users\zacho\OneDrive\Downloads\Documentos\Projetos\pdv_medusax8\v1.1\ProdutosTesteWindow.xaml.cs(21,16): error CS0111: Tipo "ProdutosTesteWindow" j├í define um membro chamado "ProdutosTesteWindow" com os mesmos tipos de par├ómetro [C:\Users\zacho\OneDrive\Downloads\Documentos\Projetos\pdv_medusax8\PDV_MedusaX8_hznqlc22_wpftmp.csproj]
C:\Users\zacho\OneDrive\Downloads\Documentos\Projetos\pdv_medusax8\v1.1\v1.1\ProdutosTesteWindow.xaml.cs(21,16): error CS0111: Tipo "ProdutosTesteWindow" j├í define um membro chamado "ProdutosTesteWindow" com os mesmos tipos de par├ómetro [C:\Users\zacho\OneDrive\Downloads\Documentos\Projetos\pdv_medusax8\PDV_MedusaX8_hznqlc22_wpftmp.csproj]
C:\Users\zacho\OneDrive\Downloads\Documentos\Projetos\pdv_medusax8\v1.1\ProdutosTesteWindow.xaml.cs(32,22): error CS0111: Tipo "ProdutosTesteWindow" j├í define um membro chamado "BtnAdicionar_Click" com os mesmos tipos de par├ómetro [C:\Users\zacho\OneDrive\Downloads\Documentos\Projetos\pdv_medusax8\PDV_MedusaX8_hznqlc22_wpftmp.csproj]
C:\Users\zacho\OneDrive\Downloads\Documentos\Projetos\pdv_medusax8\v1.1\v1.1\ProdutosTesteWindow.xaml.cs(32,22): error CS0111: Tipo "ProdutosTesteWindow" j├í define um membro chamado "BtnAdicionar_Click" com os mesmos tipos de par├ómetro [C:\Users\zacho\OneDrive\Downloads\Documentos\Projetos\pdv_medusax8\PDV_MedusaX8_hznqlc22_wpftmp.csproj]
C:\Users\zacho\OneDrive\Downloads\Documentos\Projetos\pdv_medusax8\v1.1\ProdutosTesteWindow.xaml.cs(52,22): error CS0111: Tipo "ProdutosTesteWindow" j├í define um membro chamado "BtnCancelar_Click" com os mesmos tipos de par├ómetro [C:\Users\zacho\OneDrive\Downloads\Documentos\Projetos\pdv_medusax8\PDV_MedusaX8_hznqlc22_wpftmp.csproj]
C:\Users\zacho\OneDrive\Downloads\Documentos\Projetos\pdv_medusax8\v1.1\v1.1\ProdutosTesteWindow.xaml.cs(52,22): error CS0111: Tipo "ProdutosTesteWindow" j├í define um membro chamado "BtnCancelar_Click" com os mesmos tipos de par├ómetro [C:\Users\zacho\OneDrive\Downloads\Documentos\Projetos\pdv_medusax8\PDV_MedusaX8_hznqlc22_wpftmp.csproj]
C:\Users\zacho\OneDrive\Downloads\Documentos\Projetos\pdv_medusax8\v1.1\ProdutosTesteWindow.xaml(14,51): error CS0102: O tipo "ProdutosTesteWindow" j├í cont├®m uma defini├º├úo para "LstProdutos" [C:\Users\zacho\OneDrive\Downloads\Documentos\Projetos\pdv_medusax8\PDV_MedusaX8_hznqlc22_wpftmp.csproj]
C:\Users\zacho\OneDrive\Downloads\Documentos\Projetos\pdv_medusax8\v1.1\v1.1\ProdutosTesteWindow.xaml(14,51): error CS0102: O tipo "ProdutosTesteWindow" j├í cont├®m uma defini├º├úo para "LstProdutos" [C:\Users\zacho\OneDrive\Downloads\Documentos\Projetos\pdv_medusax8\PDV_MedusaX8_hznqlc22_wpftmp.csproj]
C:\Users\zacho\OneDrive\Downloads\Documentos\Projetos\pdv_medusax8\v1.1\ProdutosTesteWindow.xaml(27,50): error CS0102: O tipo "ProdutosTesteWindow" j├í cont├®m uma defini├º├úo para "TxtQtd" [C:\Users\zacho\OneDrive\Downloads\Documentos\Projetos\pdv_medusax8\PDV_MedusaX8_hznqlc22_wpftmp.csproj]
C:\Users\zacho\OneDrive\Downloads\Documentos\Projetos\pdv_medusax8\v1.1\v1.1\ProdutosTesteWindow.xaml(27,50): error CS0102: O tipo "ProdutosTesteWindow" j├í cont├®m uma defini├º├úo para "TxtQtd" [C:\Users\zacho\OneDrive\Downloads\Documentos\Projetos\pdv_medusax8\PDV_MedusaX8_hznqlc22_wpftmp.csproj]
C:\Users\zacho\OneDrive\Downloads\Documentos\Projetos\pdv_medusax8\obj\Release\net10.0-windows\v1.1\ProdutosTesteWindow.g.cs(58,22): error CS0102: O tipo "ProdutosTesteWindow" j├í cont├®m uma defini├º├úo para "_contentLoaded" [C:\Users\zacho\OneDrive\Downloads\Documentos\Projetos\pdv_medusax8\PDV_MedusaX8_hznqlc22_wpftmp.csproj]
C:\Users\zacho\OneDrive\Downloads\Documentos\Projetos\pdv_medusax8\obj\Release\net10.0-windows\v1.1\v1.1\ProdutosTesteWindow.g.cs(58,22): error CS0102: O tipo "ProdutosTesteWindow" j├í cont├®m uma defini├º├úo para "_contentLoaded" [C:\Users\zacho\OneDrive\Downloads\Documentos\Projetos\pdv_medusax8\PDV_MedusaX8_hznqlc22_wpftmp.csproj]
C:\Users\zacho\OneDrive\Downloads\Documentos\Projetos\pdv_medusax8\obj\Release\net10.0-windows\v1.1\ProdutosTesteWindow.g.cs(65,21): error CS0111: Tipo "ProdutosTesteWindow" j├í define um membro chamado "InitializeComponent" com os mesmos tipos de par├ómetro [C:\Users\zacho\OneDrive\Downloads\Documentos\Projetos\pdv_medusax8\PDV_MedusaX8_hznqlc22_wpftmp.csproj]
C:\Users\zacho\OneDrive\Downloads\Documentos\Projetos\pdv_medusax8\obj\Release\net10.0-windows\v1.1\v1.1\ProdutosTesteWindow.g.cs(65,21): error CS0111: Tipo "ProdutosTesteWindow" j├í define um membro chamado "InitializeComponent" com os mesmos tipos de par├ómetro [C:\Users\zacho\OneDrive\Downloads\Documentos\Projetos\pdv_medusax8\PDV_MedusaX8_hznqlc22_wpftmp.csproj]
C:\Users\zacho\OneDrive\Downloads\Documentos\Projetos\pdv_medusax8\obj\Release\net10.0-windows\v1.1\ProdutosTesteWindow.g.cs(85,56): error CS0111: Tipo "ProdutosTesteWindow" j├í define um membro chamado "System.Windows.Markup.IComponentConnector.Connect" com os mesmos tipos de par├ómetro [C:\Users\zacho\OneDrive\Downloads\Documentos\Projetos\pdv_medusax8\PDV_MedusaX8_hznqlc22_wpftmp.csproj]
C:\Users\zacho\OneDrive\Downloads\Documentos\Projetos\pdv_medusax8\obj\Release\net10.0-windows\v1.1\v1.1\ProdutosTesteWindow.g.cs(85,56): error CS0111: Tipo "ProdutosTesteWindow" j├í define um membro chamado "System.Windows.Markup.IComponentConnector.Connect" com os mesmos tipos de par├ómetro [C:\Users\zacho\OneDrive\Downloads\Documentos\Projetos\pdv_medusax8\PDV_MedusaX8_hznqlc22_wpftmp.csproj]
C:\Users\zacho\OneDrive\Downloads\Documentos\Projetos\pdv_medusax8\v1.1\Services\TEF\PayGoProvider.cs(8,21): error CS0111: Tipo "PayGoProvider" j├í define um membro chamado "Initialize" com os mesmos tipos de par├ómetro [C:\Users\zacho\OneDrive\Downloads\Documentos\Projetos\pdv_medusax8\PDV_MedusaX8_hznqlc22_wpftmp.csproj]
C:\Users\zacho\OneDrive\Downloads\Documentos\Projetos\pdv_medusax8\v1.1\v1.1\Services\TEF\PayGoProvider.cs(8,21): error CS0111: Tipo "PayGoProvider" j├í define um membro chamado "Initialize" com os mesmos tipos de par├ómetro [C:\Users\zacho\OneDrive\Downloads\Documentos\Projetos\pdv_medusax8\PDV_MedusaX8_hznqlc22_wpftmp.csproj]
C:\Users\zacho\OneDrive\Downloads\Documentos\Projetos\pdv_medusax8\v1.1\Services\TEF\PayGoProvider.cs(22,26): error CS0111: Tipo "PayGoProvider" j├í define um membro chamado "ProcessPayment" com os mesmos tipos de par├ómetro [C:\Users\zacho\OneDrive\Downloads\Documentos\Projetos\pdv_medusax8\PDV_MedusaX8_hznqlc22_wpftmp.csproj]
C:\Users\zacho\OneDrive\Downloads\Documentos\Projetos\pdv_medusax8\v1.1\v1.1\Services\TEF\PayGoProvider.cs(22,26): error CS0111: Tipo "PayGoProvider" j├í define um membro chamado "ProcessPayment" com os mesmos tipos de par├ómetro [C:\Users\zacho\OneDrive\Downloads\Documentos\Projetos\pdv_medusax8\PDV_MedusaX8_hznqlc22_wpftmp.csproj]
C:\Users\zacho\OneDrive\Downloads\Documentos\Projetos\pdv_medusax8\v1.1\Services\TEF\SitefProvider.cs(11,21): error CS0111: Tipo "SitefProvider" j├í define um membro chamado "Initialize" com os mesmos tipos de par├ómetro [C:\Users\zacho\OneDrive\Downloads\Documentos\Projetos\pdv_medusax8\PDV_MedusaX8_hznqlc22_wpftmp.csproj]
C:\Users\zacho\OneDrive\Downloads\Documentos\Projetos\pdv_medusax8\v1.1\v1.1\Services\TEF\SitefProvider.cs(11,21): error CS0111: Tipo "SitefProvider" j├í define um membro chamado "Initialize" com os mesmos tipos de par├ómetro [C:\Users\zacho\OneDrive\Downloads\Documentos\Projetos\pdv_medusax8\PDV_MedusaX8_hznqlc22_wpftmp.csproj]
C:\Users\zacho\OneDrive\Downloads\Documentos\Projetos\pdv_medusax8\v1.1\Services\TEF\SitefProvider.cs(39,26): error CS0111: Tipo "SitefProvider" j├í define um membro chamado "ProcessPayment" com os mesmos tipos de par├ómetro [C:\Users\zacho\OneDrive\Downloads\Documentos\Projetos\pdv_medusax8\PDV_MedusaX8_hznqlc22_wpftmp.csproj]
C:\Users\zacho\OneDrive\Downloads\Documentos\Projetos\pdv_medusax8\v1.1\v1.1\Services\TEF\SitefProvider.cs(39,26): error CS0111: Tipo "SitefProvider" j├í define um membro chamado "ProcessPayment" com os mesmos tipos de par├ómetro [C:\Users\zacho\OneDrive\Downloads\Documentos\Projetos\pdv_medusax8\PDV_MedusaX8_hznqlc22_wpftmp.csproj]
C:\Users\zacho\OneDrive\Downloads\Documentos\Projetos\pdv_medusax8\v1.1\Services\TEF\SitefProvider.cs(139,22): error CS0111: Tipo "SitefProvider" j├í define um membro chamado "SafeDelete" com os mesmos tipos de par├ómetro [C:\Users\zacho\OneDrive\Downloads\Documentos\Projetos\pdv_medusax8\PDV_MedusaX8_hznqlc22_wpftmp.csproj]
C:\Users\zacho\OneDrive\Downloads\Documentos\Projetos\pdv_medusax8\v1.1\v1.1\Services\TEF\SitefProvider.cs(139,22): error CS0111: Tipo "SitefProvider" j├í define um membro chamado "SafeDelete" com os mesmos tipos de par├ómetro [C:\Users\zacho\OneDrive\Downloads\Documentos\Projetos\pdv_medusax8\PDV_MedusaX8_hznqlc22_wpftmp.csproj]
C:\Users\zacho\OneDrive\Downloads\Documentos\Projetos\pdv_medusax8\SettingsWindow.xaml.cs(17,26): error CS8646: 'IComponentConnector.Connect(int, object)' ├® implementado explicitamente mais de uma vez. [C:\Users\zacho\OneDrive\Downloads\Documentos\Projetos\pdv_medusax8\PDV_MedusaX8_hznqlc22_wpftmp.csproj]
C:\Users\zacho\OneDrive\Downloads\Documentos\Projetos\pdv_medusax8\SaleDiscountWindow.xaml.cs(8,26): error CS8646: 'IComponentConnector.Connect(int, object)' ├® implementado explicitamente mais de uma vez. [C:\Users\zacho\OneDrive\Downloads\Documentos\Projetos\pdv_medusax8\PDV_MedusaX8_hznqlc22_wpftmp.csproj]
C:\Users\zacho\OneDrive\Downloads\Documentos\Projetos\pdv_medusax8\v1.1\SaleDiscountWindow.xaml.cs(10,34): error CS0102: O tipo "SaleDiscountWindow" j├í cont├®m uma defini├º├úo para "_originalTotal" [C:\Users\zacho\OneDrive\Downloads\Documentos\Projetos\pdv_medusax8\PDV_MedusaX8_hznqlc22_wpftmp.csproj]
C:\Users\zacho\OneDrive\Downloads\Documentos\Projetos\pdv_medusax8\v1.1\v1.1\SaleDiscountWindow.xaml.cs(10,34): error CS0102: O tipo "SaleDiscountWindow" j├í cont├®m uma defini├º├úo para "_originalTotal" [C:\Users\zacho\OneDrive\Downloads\Documentos\Projetos\pdv_medusax8\PDV_MedusaX8_hznqlc22_wpftmp.csproj]
C:\Users\zacho\OneDrive\Downloads\Documentos\Projetos\pdv_medusax8\v1.1\SaleDiscountWindow.xaml.cs(11,34): error CS0102: O tipo "SaleDiscountWindow" j├í cont├®m uma defini├º├úo para "_maxPercent" [C:\Users\zacho\OneDrive\Downloads\Documentos\Projetos\pdv_medusax8\PDV_MedusaX8_hznqlc22_wpftmp.csproj]
C:\Users\zacho\OneDrive\Downloads\Documentos\Projetos\pdv_medusax8\v1.1\v1.1\SaleDiscountWindow.xaml.cs(11,34): error CS0102: O tipo "SaleDiscountWindow" j├í cont├®m uma defini├º├úo para "_maxPercent" [C:\Users\zacho\OneDrive\Downloads\Documentos\Projetos\pdv_medusax8\PDV_MedusaX8_hznqlc22_wpftmp.csproj]
C:\Users\zacho\OneDrive\Downloads\Documentos\Projetos\pdv_medusax8\v1.1\SaleDiscountWindow.xaml.cs(13,24): error CS0102: O tipo "SaleDiscountWindow" j├í cont├®m uma defini├º├úo para "AppliedAmount" [C:\Users\zacho\OneDrive\Downloads\Documentos\Projetos\pdv_medusax8\PDV_MedusaX8_hznqlc22_wpftmp.csproj]
C:\Users\zacho\OneDrive\Downloads\Documentos\Projetos\pdv_medusax8\v1.1\v1.1\SaleDiscountWindow.xaml.cs(13,24): error CS0102: O tipo "SaleDiscountWindow" j├í cont├®m uma defini├º├úo para "AppliedAmount" [C:\Users\zacho\OneDrive\Downloads\Documentos\Projetos\pdv_medusax8\PDV_MedusaX8_hznqlc22_wpftmp.csproj]
C:\Users\zacho\OneDrive\Downloads\Documentos\Projetos\pdv_medusax8\v1.1\SaleDiscountWindow.xaml.cs(14,21): error CS0102: O tipo "SaleDiscountWindow" j├í cont├®m uma defini├º├úo para "IsPercent" [C:\Users\zacho\OneDrive\Downloads\Documentos\Projetos\pdv_medusax8\PDV_MedusaX8_hznqlc22_wpftmp.csproj]
C:\Users\zacho\OneDrive\Downloads\Documentos\Projetos\pdv_medusax8\v1.1\v1.1\SaleDiscountWindow.xaml.cs(14,21): error CS0102: O tipo "SaleDiscountWindow" j├í cont├®m uma defini├º├úo para "IsPercent" [C:\Users\zacho\OneDrive\Downloads\Documentos\Projetos\pdv_medusax8\PDV_MedusaX8_hznqlc22_wpftmp.csproj]
C:\Users\zacho\OneDrive\Downloads\Documentos\Projetos\pdv_medusax8\v1.1\SaleDiscountWindow.xaml.cs(15,24): error CS0102: O tipo "SaleDiscountWindow" j├í cont├®m uma defini├º├úo para "PercentValue" [C:\Users\zacho\OneDrive\Downloads\Documentos\Projetos\pdv_medusax8\PDV_MedusaX8_hznqlc22_wpftmp.csproj]
C:\Users\zacho\OneDrive\Downloads\Documentos\Projetos\pdv_medusax8\v1.1\v1.1\SaleDiscountWindow.xaml.cs(15,24): error CS0102: O tipo "SaleDiscountWindow" j├í cont├®m uma defini├º├úo para "PercentValue" [C:\Users\zacho\OneDrive\Downloads\Documentos\Projetos\pdv_medusax8\PDV_MedusaX8_hznqlc22_wpftmp.csproj]
C:\Users\zacho\OneDrive\Downloads\Documentos\Projetos\pdv_medusax8\v1.1\SaleDiscountWindow.xaml.cs(16,23): error CS0102: O tipo "SaleDiscountWindow" j├í cont├®m uma defini├º├úo para "Reason" [C:\Users\zacho\OneDrive\Downloads\Documentos\Projetos\pdv_medusax8\PDV_MedusaX8_hznqlc22_wpftmp.csproj]
C:\Users\zacho\OneDrive\Downloads\Documentos\Projetos\pdv_medusax8\v1.1\v1.1\SaleDiscountWindow.xaml.cs(16,23): error CS0102: O tipo "SaleDiscountWindow" j├í cont├®m uma defini├º├úo para "Reason" [C:\Users\zacho\OneDrive\Downloads\Documentos\Projetos\pdv_medusax8\PDV_MedusaX8_hznqlc22_wpftmp.csproj]
C:\Users\zacho\OneDrive\Downloads\Documentos\Projetos\pdv_medusax8\v1.1\SaleDiscountWindow.xaml.cs(18,16): error CS0111: Tipo "SaleDiscountWindow" j├í define um membro chamado "SaleDiscountWindow" com os mesmos tipos de par├ómetro [C:\Users\zacho\OneDrive\Downloads\Documentos\Projetos\pdv_medusax8\PDV_MedusaX8_hznqlc22_wpftmp.csproj]
C:\Users\zacho\OneDrive\Downloads\Documentos\Projetos\pdv_medusax8\v1.1\v1.1\SaleDiscountWindow.xaml.cs(18,16): error CS0111: Tipo "SaleDiscountWindow" j├í define um membro chamado "SaleDiscountWindow" com os mesmos tipos de par├ómetro [C:\Users\zacho\OneDrive\Downloads\Documentos\Projetos\pdv_medusax8\PDV_MedusaX8_hznqlc22_wpftmp.csproj]
C:\Users\zacho\OneDrive\Downloads\Documentos\Projetos\pdv_medusax8\v1.1\SaleDiscountWindow.xaml.cs(26,22): error CS0111: Tipo "SaleDiscountWindow" j├í define um membro chamado "Confirm_Click" com os mesmos tipos de par├ómetro [C:\Users\zacho\OneDrive\Downloads\Documentos\Projetos\pdv_medusax8\PDV_MedusaX8_hznqlc22_wpftmp.csproj]
C:\Users\zacho\OneDrive\Downloads\Documentos\Projetos\pdv_medusax8\v1.1\v1.1\SaleDiscountWindow.xaml.cs(26,22): error CS0111: Tipo "SaleDiscountWindow" j├í define um membro chamado "Confirm_Click" com os mesmos tipos de par├ómetro [C:\Users\zacho\OneDrive\Downloads\Documentos\Projetos\pdv_medusax8\PDV_MedusaX8_hznqlc22_wpftmp.csproj]
C:\Users\zacho\OneDrive\Downloads\Documentos\Projetos\pdv_medusax8\v1.1\SaleDiscountWindow.xaml.cs(84,22): error CS0111: Tipo "SaleDiscountWindow" j├í define um membro chamado "Cancel_Click" com os mesmos tipos de par├ómetro [C:\Users\zacho\OneDrive\Downloads\Documentos\Projetos\pdv_medusax8\PDV_MedusaX8_hznqlc22_wpftmp.csproj]
C:\Users\zacho\OneDrive\Downloads\Documentos\Projetos\pdv_medusax8\v1.1\v1.1\SaleDiscountWindow.xaml.cs(84,22): error CS0111: Tipo "SaleDiscountWindow" j├í define um membro chamado "Cancel_Click" com os mesmos tipos de par├ómetro [C:\Users\zacho\OneDrive\Downloads\Documentos\Projetos\pdv_medusax8\PDV_MedusaX8_hznqlc22_wpftmp.csproj]
C:\Users\zacho\OneDrive\Downloads\Documentos\Projetos\pdv_medusax8\v1.1\SaleDiscountWindow.xaml(9,52): error CS0102: O tipo "SaleDiscountWindow" j├í cont├®m uma defini├º├úo para "TxtTotalBase" [C:\Users\zacho\OneDrive\Downloads\Documentos\Projetos\pdv_medusax8\PDV_MedusaX8_hznqlc22_wpftmp.csproj]
C:\Users\zacho\OneDrive\Downloads\Documentos\Projetos\pdv_medusax8\v1.1\v1.1\SaleDiscountWindow.xaml(9,52): error CS0102: O tipo "SaleDiscountWindow" j├í cont├®m uma defini├º├úo para "TxtTotalBase" [C:\Users\zacho\OneDrive\Downloads\Documentos\Projetos\pdv_medusax8\PDV_MedusaX8_hznqlc22_wpftmp.csproj]
C:\Users\zacho\OneDrive\Downloads\Documentos\Projetos\pdv_medusax8\v1.1\SaleDiscountWindow.xaml(21,50): error CS0102: O tipo "SaleDiscountWindow" j├í cont├®m uma defini├º├úo para "TxtDiscountValue" [C:\Users\zacho\OneDrive\Downloads\Documentos\Projetos\pdv_medusax8\PDV_MedusaX8_hznqlc22_wpftmp.csproj]
C:\Users\zacho\OneDrive\Downloads\Documentos\Projetos\pdv_medusax8\v1.1\v1.1\SaleDiscountWindow.xaml(21,50): error CS0102: O tipo "SaleDiscountWindow" j├í cont├®m uma defini├º├úo para "TxtDiscountValue" [C:\Users\zacho\OneDrive\Downloads\Documentos\Projetos\pdv_medusax8\PDV_MedusaX8_hznqlc22_wpftmp.csproj]
C:\Users\zacho\OneDrive\Downloads\Documentos\Projetos\pdv_medusax8\v1.1\SaleDiscountWindow.xaml(22,51): error CS0102: O tipo "SaleDiscountWindow" j├í cont├®m uma defini├º├úo para "ChkPercent" [C:\Users\zacho\OneDrive\Downloads\Documentos\Projetos\pdv_medusax8\PDV_MedusaX8_hznqlc22_wpftmp.csproj]
C:\Users\zacho\OneDrive\Downloads\Documentos\Projetos\pdv_medusax8\v1.1\v1.1\SaleDiscountWindow.xaml(22,51): error CS0102: O tipo "SaleDiscountWindow" j├í cont├®m uma defini├º├úo para "ChkPercent" [C:\Users\zacho\OneDrive\Downloads\Documentos\Projetos\pdv_medusax8\PDV_MedusaX8_hznqlc22_wpftmp.csproj]
C:\Users\zacho\OneDrive\Downloads\Documentos\Projetos\pdv_medusax8\v1.1\SaleDiscountWindow.xaml(25,51): error CS0102: O tipo "SaleDiscountWindow" j├í cont├®m uma defini├º├úo para "CmbReason" [C:\Users\zacho\OneDrive\Downloads\Documentos\Projetos\pdv_medusax8\PDV_MedusaX8_hznqlc22_wpftmp.csproj]
C:\Users\zacho\OneDrive\Downloads\Documentos\Projetos\pdv_medusax8\v1.1\v1.1\SaleDiscountWindow.xaml(25,51): error CS0102: O tipo "SaleDiscountWindow" j├í cont├®m uma defini├º├úo para "CmbReason" [C:\Users\zacho\OneDrive\Downloads\Documentos\Projetos\pdv_medusax8\PDV_MedusaX8_hznqlc22_wpftmp.csproj]
C:\Users\zacho\OneDrive\Downloads\Documentos\Projetos\pdv_medusax8\v1.1\SaleDiscountWindow.xaml(33,52): error CS0102: O tipo "SaleDiscountWindow" j├í cont├®m uma defini├º├úo para "TxtHint" [C:\Users\zacho\OneDrive\Downloads\Documentos\Projetos\pdv_medusax8\PDV_MedusaX8_hznqlc22_wpftmp.csproj]
C:\Users\zacho\OneDrive\Downloads\Documentos\Projetos\pdv_medusax8\v1.1\v1.1\SaleDiscountWindow.xaml(33,52): error CS0102: O tipo "SaleDiscountWindow" j├í cont├®m uma defini├º├úo para "TxtHint" [C:\Users\zacho\OneDrive\Downloads\Documentos\Projetos\pdv_medusax8\PDV_MedusaX8_hznqlc22_wpftmp.csproj]
C:\Users\zacho\OneDrive\Downloads\Documentos\Projetos\pdv_medusax8\obj\Release\net10.0-windows\v1.1\SaleDiscountWindow.g.cs(82,22): error CS0102: O tipo "SaleDiscountWindow" j├í cont├®m uma defini├º├úo para "_contentLoaded" [C:\Users\zacho\OneDrive\Downloads\Documentos\Projetos\pdv_medusax8\PDV_MedusaX8_hznqlc22_wpftmp.csproj]
C:\Users\zacho\OneDrive\Downloads\Documentos\Projetos\pdv_medusax8\obj\Release\net10.0-windows\v1.1\v1.1\SaleDiscountWindow.g.cs(82,22): error CS0102: O tipo "SaleDiscountWindow" j├í cont├®m uma defini├º├úo para "_contentLoaded" [C:\Users\zacho\OneDrive\Downloads\Documentos\Projetos\pdv_medusax8\PDV_MedusaX8_hznqlc22_wpftmp.csproj]
C:\Users\zacho\OneDrive\Downloads\Documentos\Projetos\pdv_medusax8\obj\Release\net10.0-windows\v1.1\SaleDiscountWindow.g.cs(89,21): error CS0111: Tipo "SaleDiscountWindow" j├í define um membro chamado "InitializeComponent" com os mesmos tipos de par├ómetro [C:\Users\zacho\OneDrive\Downloads\Documentos\Projetos\pdv_medusax8\PDV_MedusaX8_hznqlc22_wpftmp.csproj]
C:\Users\zacho\OneDrive\Downloads\Documentos\Projetos\pdv_medusax8\obj\Release\net10.0-windows\v1.1\v1.1\SaleDiscountWindow.g.cs(89,21): error CS0111: Tipo "SaleDiscountWindow" j├í define um membro chamado "InitializeComponent" com os mesmos tipos de par├ómetro [C:\Users\zacho\OneDrive\Downloads\Documentos\Projetos\pdv_medusax8\PDV_MedusaX8_hznqlc22_wpftmp.csproj]
C:\Users\zacho\OneDrive\Downloads\Documentos\Projetos\pdv_medusax8\obj\Release\net10.0-windows\v1.1\SaleDiscountWindow.g.cs(109,56): error CS0111: Tipo "SaleDiscountWindow" j├í define um membro chamado "System.Windows.Markup.IComponentConnector.Connect" com os mesmos tipos de par├ómetro [C:\Users\zacho\OneDrive\Downloads\Documentos\Projetos\pdv_medusax8\PDV_MedusaX8_hznqlc22_wpftmp.csproj]
C:\Users\zacho\OneDrive\Downloads\Documentos\Projetos\pdv_medusax8\obj\Release\net10.0-windows\v1.1\v1.1\SaleDiscountWindow.g.cs(109,56): error CS0111: Tipo "SaleDiscountWindow" j├í define um membro chamado "System.Windows.Markup.IComponentConnector.Connect" com os mesmos tipos de par├ómetro [C:\Users\zacho\OneDrive\Downloads\Documentos\Projetos\pdv_medusax8\PDV_MedusaX8_hznqlc22_wpftmp.csproj]
C:\Users\zacho\OneDrive\Downloads\Documentos\Projetos\pdv_medusax8\v1.1\SettingsWindow.xaml.cs(19,37): error CS0102: O tipo "SettingsWindow" j├í cont├®m uma defini├º├úo para "_methods" [C:\Users\zacho\OneDrive\Downloads\Documentos\Projetos\pdv_medusax8\PDV_MedusaX8_hznqlc22_wpftmp.csproj]
C:\Users\zacho\OneDrive\Downloads\Documentos\Projetos\pdv_medusax8\v1.1\v1.1\SettingsWindow.xaml.cs(19,37): error CS0102: O tipo "SettingsWindow" j├í cont├®m uma defini├º├úo para "_methods" [C:\Users\zacho\OneDrive\Downloads\Documentos\Projetos\pdv_medusax8\PDV_MedusaX8_hznqlc22_wpftmp.csproj]
C:\Users\zacho\OneDrive\Downloads\Documentos\Projetos\pdv_medusax8\v1.1\SettingsWindow.xaml.cs(20,29): error CS0102: O tipo "SettingsWindow" j├í cont├®m uma defini├º├úo para "LinkTypes" [C:\Users\zacho\OneDrive\Downloads\Documentos\Projetos\pdv_medusax8\PDV_MedusaX8_hznqlc22_wpftmp.csproj]
C:\Users\zacho\OneDrive\Downloads\Documentos\Projetos\pdv_medusax8\v1.1\v1.1\SettingsWindow.xaml.cs(20,29): error CS0102: O tipo "SettingsWindow" j├í cont├®m uma defini├º├úo para "LinkTypes" [C:\Users\zacho\OneDrive\Downloads\Documentos\Projetos\pdv_medusax8\PDV_MedusaX8_hznqlc22_wpftmp.csproj]
C:\Users\zacho\OneDrive\Downloads\Documentos\Projetos\pdv_medusax8\v1.1\SettingsWindow.xaml.cs(22,24): error CS0102: O tipo "SettingsWindow" j├í cont├®m uma defini├º├úo para "_dragStartPoint" [C:\Users\zacho\OneDrive\Downloads\Documentos\Projetos\pdv_medusax8\PDV_MedusaX8_hznqlc22_wpftmp.csproj]
C:\Users\zacho\OneDrive\Downloads\Documentos\Projetos\pdv_medusax8\v1.1\v1.1\SettingsWindow.xaml.cs(22,24): error CS0102: O tipo "SettingsWindow" j├í cont├®m uma defini├º├úo para "_dragStartPoint" [C:\Users\zacho\OneDrive\Downloads\Documentos\Projetos\pdv_medusax8\PDV_MedusaX8_hznqlc22_wpftmp.csproj]
C:\Users\zacho\OneDrive\Downloads\Documentos\Projetos\pdv_medusax8\v1.1\SettingsWindow.xaml.cs(23,32): error CS0102: O tipo "SettingsWindow" j├í cont├®m uma defini├º├úo para "_dragSourceItem" [C:\Users\zacho\OneDrive\Downloads\Documentos\Projetos\pdv_medusax8\PDV_MedusaX8_hznqlc22_wpftmp.csproj]
C:\Users\zacho\OneDrive\Downloads\Documentos\Projetos\pdv_medusax8\v1.1\v1.1\SettingsWindow.xaml.cs(23,32): error CS0102: O tipo "SettingsWindow" j├í cont├®m uma defini├º├úo para "_dragSourceItem" [C:\Users\zacho\OneDrive\Downloads\Documentos\Projetos\pdv_medusax8\PDV_MedusaX8_hznqlc22_wpftmp.csproj]
C:\Users\zacho\OneDrive\Downloads\Documentos\Projetos\pdv_medusax8\v1.1\SettingsWindow.xaml.cs(25,25): error CS0102: O tipo "SettingsWindow" j├í cont├®m uma defini├º├úo para "_currentCertThumb" [C:\Users\zacho\OneDrive\Downloads\Documentos\Projetos\pdv_medusax8\PDV_MedusaX8_hznqlc22_wpftmp.csproj]
C:\Users\zacho\OneDrive\Downloads\Documentos\Projetos\pdv_medusax8\v1.1\v1.1\SettingsWindow.xaml.cs(25,25): error CS0102: O tipo "SettingsWindow" j├í cont├®m uma defini├º├úo para "_currentCertThumb" [C:\Users\zacho\OneDrive\Downloads\Documentos\Projetos\pdv_medusax8\PDV_MedusaX8_hznqlc22_wpftmp.csproj]
C:\Users\zacho\OneDrive\Downloads\Documentos\Projetos\pdv_medusax8\v1.1\SettingsWindow.xaml.cs(26,24): error CS0102: O tipo "SettingsWindow" j├í cont├®m uma defini├º├úo para "_certStoreLocation" [C:\Users\zacho\OneDrive\Downloads\Documentos\Projetos\pdv_medusax8\PDV_MedusaX8_hznqlc22_wpftmp.csproj]
C:\Users\zacho\OneDrive\Downloads\Documentos\Projetos\pdv_medusax8\v1.1\v1.1\SettingsWindow.xaml.cs(26,24): error CS0102: O tipo "SettingsWindow" j├í cont├®m uma defini├º├úo para "_certStoreLocation" [C:\Users\zacho\OneDrive\Downloads\Documentos\Projetos\pdv_medusax8\PDV_MedusaX8_hznqlc22_wpftmp.csproj]
C:\Users\zacho\OneDrive\Downloads\Documentos\Projetos\pdv_medusax8\v1.1\SettingsWindow.xaml.cs(28,16): error CS0111: Tipo "SettingsWindow" j├í define um membro chamado "SettingsWindow" com os mesmos tipos de par├ómetro [C:\Users\zacho\OneDrive\Downloads\Documentos\Projetos\pdv_medusax8\PDV_MedusaX8_hznqlc22_wpftmp.csproj]
C:\Users\zacho\OneDrive\Downloads\Documentos\Projetos\pdv_medusax8\v1.1\v1.1\SettingsWindow.xaml.cs(28,16): error CS0111: Tipo "SettingsWindow" j├í define um membro chamado "SettingsWindow" com os mesmos tipos de par├ómetro [C:\Users\zacho\OneDrive\Downloads\Documentos\Projetos\pdv_medusax8\PDV_MedusaX8_hznqlc22_wpftmp.csproj]
C:\Users\zacho\OneDrive\Downloads\Documentos\Projetos\pdv_medusax8\v1.1\SettingsWindow.xaml.cs(38,22): error CS0111: Tipo "SettingsWindow" j├í define um membro chamado "SettingsWindow_Loaded" com os mesmos tipos de par├ómetro [C:\Users\zacho\OneDrive\Downloads\Documentos\Projetos\pdv_medusax8\PDV_MedusaX8_hznqlc22_wpftmp.csproj]
C:\Users\zacho\OneDrive\Downloads\Documentos\Projetos\pdv_medusax8\v1.1\v1.1\SettingsWindow.xaml.cs(38,22): error CS0111: Tipo "SettingsWindow" j├í define um membro chamado "SettingsWindow_Loaded" com os mesmos tipos de par├ómetro [C:\Users\zacho\OneDrive\Downloads\Documentos\Projetos\pdv_medusax8\PDV_MedusaX8_hznqlc22_wpftmp.csproj]
C:\Users\zacho\OneDrive\Downloads\Documentos\Projetos\pdv_medusax8\v1.1\SettingsWindow.xaml.cs(65,24): error CS0111: Tipo "SettingsWindow" j├í define um membro chamado "GetConnectionString" com os mesmos tipos de par├ómetro [C:\Users\zacho\OneDrive\Downloads\Documentos\Projetos\pdv_medusax8\PDV_MedusaX8_hznqlc22_wpftmp.csproj]
C:\Users\zacho\OneDrive\Downloads\Documentos\Projetos\pdv_medusax8\v1.1\v1.1\SettingsWindow.xaml.cs(65,24): error CS0111: Tipo "SettingsWindow" j├í define um membro chamado "GetConnectionString" com os mesmos tipos de par├ómetro [C:\Users\zacho\OneDrive\Downloads\Documentos\Projetos\pdv_medusax8\PDV_MedusaX8_hznqlc22_wpftmp.csproj]
C:\Users\zacho\OneDrive\Downloads\Documentos\Projetos\pdv_medusax8\v1.1\SettingsWindow.xaml.cs(70,22): error CS0111: Tipo "SettingsWindow" j├í define um membro chamado "LoadPaymentMethods" com os mesmos tipos de par├ómetro [C:\Users\zacho\OneDrive\Downloads\Documentos\Projetos\pdv_medusax8\PDV_MedusaX8_hznqlc22_wpftmp.csproj]
C:\Users\zacho\OneDrive\Downloads\Documentos\Projetos\pdv_medusax8\v1.1\v1.1\SettingsWindow.xaml.cs(70,22): error CS0111: Tipo "SettingsWindow" j├í define um membro chamado "LoadPaymentMethods" com os mesmos tipos de par├ómetro [C:\Users\zacho\OneDrive\Downloads\Documentos\Projetos\pdv_medusax8\PDV_MedusaX8_hznqlc22_wpftmp.csproj]
C:\Users\zacho\OneDrive\Downloads\Documentos\Projetos\pdv_medusax8\v1.1\SettingsWindow.xaml.cs(111,22): error CS0111: Tipo "SettingsWindow" j├í define um membro chamado "LoadNFCeConfig" com os mesmos tipos de par├ómetro [C:\Users\zacho\OneDrive\Downloads\Documentos\Projetos\pdv_medusax8\PDV_MedusaX8_hznqlc22_wpftmp.csproj]
C:\Users\zacho\OneDrive\Downloads\Documentos\Projetos\pdv_medusax8\v1.1\v1.1\SettingsWindow.xaml.cs(111,22): error CS0111: Tipo "SettingsWindow" j├í define um membro chamado "LoadNFCeConfig" com os mesmos tipos de par├ómetro [C:\Users\zacho\OneDrive\Downloads\Documentos\Projetos\pdv_medusax8\PDV_MedusaX8_hznqlc22_wpftmp.csproj]
C:\Users\zacho\OneDrive\Downloads\Documentos\Projetos\pdv_medusax8\v1.1\SettingsWindow.xaml.cs(196,22): error CS0111: Tipo "SettingsWindow" j├í define um membro chamado "SavePayments" com os mesmos tipos de par├ómetro [C:\Users\zacho\OneDrive\Downloads\Documentos\Projetos\pdv_medusax8\PDV_MedusaX8_hznqlc22_wpftmp.csproj]
C:\Users\zacho\OneDrive\Downloads\Documentos\Projetos\pdv_medusax8\v1.1\v1.1\SettingsWindow.xaml.cs(196,22): error CS0111: Tipo "SettingsWindow" j├í define um membro chamado "SavePayments" com os mesmos tipos de par├ómetro [C:\Users\zacho\OneDrive\Downloads\Documentos\Projetos\pdv_medusax8\PDV_MedusaX8_hznqlc22_wpftmp.csproj]
C:\Users\zacho\OneDrive\Downloads\Documentos\Projetos\pdv_medusax8\v1.1\SettingsWindow.xaml.cs(229,22): error CS0111: Tipo "SettingsWindow" j├í define um membro chamado "CloseSettings" com os mesmos tipos de par├ómetro [C:\Users\zacho\OneDrive\Downloads\Documentos\Projetos\pdv_medusax8\PDV_MedusaX8_hznqlc22_wpftmp.csproj]
C:\Users\zacho\OneDrive\Downloads\Documentos\Projetos\pdv_medusax8\v1.1\v1.1\SettingsWindow.xaml.cs(229,22): error CS0111: Tipo "SettingsWindow" j├í define um membro chamado "CloseSettings" com os mesmos tipos de par├ómetro [C:\Users\zacho\OneDrive\Downloads\Documentos\Projetos\pdv_medusax8\PDV_MedusaX8_hznqlc22_wpftmp.csproj]
C:\Users\zacho\OneDrive\Downloads\Documentos\Projetos\pdv_medusax8\v1.1\SettingsWindow.xaml.cs(234,22): error CS0111: Tipo "SettingsWindow" j├í define um membro chamado "DgPaymentMethods_PreviewMouseLeftButtonDown" com os mesmos tipos de par├ómetro [C:\Users\zacho\OneDrive\Downloads\Documentos\Projetos\pdv_medusax8\PDV_MedusaX8_hznqlc22_wpftmp.csproj]
C:\Users\zacho\OneDrive\Downloads\Documentos\Projetos\pdv_medusax8\v1.1\v1.1\SettingsWindow.xaml.cs(234,22): error CS0111: Tipo "SettingsWindow" j├í define um membro chamado "DgPaymentMethods_PreviewMouseLeftButtonDown" com os mesmos tipos de par├ómetro [C:\Users\zacho\OneDrive\Downloads\Documentos\Projetos\pdv_medusax8\PDV_MedusaX8_hznqlc22_wpftmp.csproj]
C:\Users\zacho\OneDrive\Downloads\Documentos\Projetos\pdv_medusax8\v1.1\SettingsWindow.xaml.cs(241,22): error CS0111: Tipo "SettingsWindow" j├í define um membro chamado "DgPaymentMethods_MouseMove" com os mesmos tipos de par├ómetro [C:\Users\zacho\OneDrive\Downloads\Documentos\Projetos\pdv_medusax8\PDV_MedusaX8_hznqlc22_wpftmp.csproj]
C:\Users\zacho\OneDrive\Downloads\Documentos\Projetos\pdv_medusax8\v1.1\v1.1\SettingsWindow.xaml.cs(241,22): error CS0111: Tipo "SettingsWindow" j├í define um membro chamado "DgPaymentMethods_MouseMove" com os mesmos tipos de par├ómetro [C:\Users\zacho\OneDrive\Downloads\Documentos\Projetos\pdv_medusax8\PDV_MedusaX8_hznqlc22_wpftmp.csproj]
C:\Users\zacho\OneDrive\Downloads\Documentos\Projetos\pdv_medusax8\v1.1\SettingsWindow.xaml.cs(257,22): error CS0111: Tipo "SettingsWindow" j├í define um membro chamado "DgPaymentMethods_DragOver" com os mesmos tipos de par├ómetro [C:\Users\zacho\OneDrive\Downloads\Documentos\Projetos\pdv_medusax8\PDV_MedusaX8_hznqlc22_wpftmp.csproj]
C:\Users\zacho\OneDrive\Downloads\Documentos\Projetos\pdv_medusax8\v1.1\v1.1\SettingsWindow.xaml.cs(257,22): error CS0111: Tipo "SettingsWindow" j├í define um membro chamado "DgPaymentMethods_DragOver" com os mesmos tipos de par├ómetro [C:\Users\zacho\OneDrive\Downloads\Documentos\Projetos\pdv_medusax8\PDV_MedusaX8_hznqlc22_wpftmp.csproj]
C:\Users\zacho\OneDrive\Downloads\Documentos\Projetos\pdv_medusax8\v1.1\SettingsWindow.xaml.cs(263,22): error CS0111: Tipo "SettingsWindow" j├í define um membro chamado "DgPaymentMethods_Drop" com os mesmos tipos de par├ómetro [C:\Users\zacho\OneDrive\Downloads\Documentos\Projetos\pdv_medusax8\PDV_MedusaX8_hznqlc22_wpftmp.csproj]
C:\Users\zacho\OneDrive\Downloads\Documentos\Projetos\pdv_medusax8\v1.1\v1.1\SettingsWindow.xaml.cs(263,22): error CS0111: Tipo "SettingsWindow" j├í define um membro chamado "DgPaymentMethods_Drop" com os mesmos tipos de par├ómetro [C:\Users\zacho\OneDrive\Downloads\Documentos\Projetos\pdv_medusax8\PDV_MedusaX8_hznqlc22_wpftmp.csproj]
C:\Users\zacho\OneDrive\Downloads\Documentos\Projetos\pdv_medusax8\v1.1\SettingsWindow.xaml.cs(287,22): error CS0111: Tipo "SettingsWindow" j├í define um membro chamado "DgPaymentMethods_CellEditEnding" com os mesmos tipos de par├ómetro [C:\Users\zacho\OneDrive\Downloads\Documentos\Projetos\pdv_medusax8\PDV_MedusaX8_hznqlc22_wpftmp.csproj]
C:\Users\zacho\OneDrive\Downloads\Documentos\Projetos\pdv_medusax8\v1.1\v1.1\SettingsWindow.xaml.cs(287,22): error CS0111: Tipo "SettingsWindow" j├í define um membro chamado "DgPaymentMethods_CellEditEnding" com os mesmos tipos de par├ómetro [C:\Users\zacho\OneDrive\Downloads\Documentos\Projetos\pdv_medusax8\PDV_MedusaX8_hznqlc22_wpftmp.csproj]
C:\Users\zacho\OneDrive\Downloads\Documentos\Projetos\pdv_medusax8\v1.1\SettingsWindow.xaml.cs(301,22): error CS0111: Tipo "SettingsWindow" j├í define um membro chamado "RenumberAndRefresh" com os mesmos tipos de par├ómetro [C:\Users\zacho\OneDrive\Downloads\Documentos\Projetos\pdv_medusax8\PDV_MedusaX8_hznqlc22_wpftmp.csproj]
C:\Users\zacho\OneDrive\Downloads\Documentos\Projetos\pdv_medusax8\v1.1\v1.1\SettingsWindow.xaml.cs(301,22): error CS0111: Tipo "SettingsWindow" j├í define um membro chamado "RenumberAndRefresh" com os mesmos tipos de par├ómetro [C:\Users\zacho\OneDrive\Downloads\Documentos\Projetos\pdv_medusax8\PDV_MedusaX8_hznqlc22_wpftmp.csproj]
C:\Users\zacho\OneDrive\Downloads\Documentos\Projetos\pdv_medusax8\v1.1\SettingsWindow.xaml.cs(315,22): error CS0111: Tipo "SettingsWindow" j├í define um membro chamado "LoadTEFConfig" com os mesmos tipos de par├ómetro [C:\Users\zacho\OneDrive\Downloads\Documentos\Projetos\pdv_medusax8\PDV_MedusaX8_hznqlc22_wpftmp.csproj]
C:\Users\zacho\OneDrive\Downloads\Documentos\Projetos\pdv_medusax8\v1.1\v1.1\SettingsWindow.xaml.cs(315,22): error CS0111: Tipo "SettingsWindow" j├í define um membro chamado "LoadTEFConfig" com os mesmos tipos de par├ómetro [C:\Users\zacho\OneDrive\Downloads\Documentos\Projetos\pdv_medusax8\PDV_MedusaX8_hznqlc22_wpftmp.csproj]
C:\Users\zacho\OneDrive\Downloads\Documentos\Projetos\pdv_medusax8\v1.1\SettingsWindow.xaml.cs(350,22): error CS0111: Tipo "SettingsWindow" j├í define um membro chamado "SaveTEFConfig_Click" com os mesmos tipos de par├ómetro [C:\Users\zacho\OneDrive\Downloads\Documentos\Projetos\pdv_medusax8\PDV_MedusaX8_hznqlc22_wpftmp.csproj]
C:\Users\zacho\OneDrive\Downloads\Documentos\Projetos\pdv_medusax8\v1.1\v1.1\SettingsWindow.xaml.cs(350,22): error CS0111: Tipo "SettingsWindow" j├í define um membro chamado "SaveTEFConfig_Click" com os mesmos tipos de par├ómetro [C:\Users\zacho\OneDrive\Downloads\Documentos\Projetos\pdv_medusax8\PDV_MedusaX8_hznqlc22_wpftmp.csproj]
C:\Users\zacho\OneDrive\Downloads\Documentos\Projetos\pdv_medusax8\v1.1\SettingsWindow.xaml.cs(380,22): error CS0111: Tipo "SettingsWindow" j├í define um membro chamado "DebugTEF_Click" com os mesmos tipos de par├ómetro [C:\Users\zacho\OneDrive\Downloads\Documentos\Projetos\pdv_medusax8\PDV_MedusaX8_hznqlc22_wpftmp.csproj]
C:\Users\zacho\OneDrive\Downloads\Documentos\Projetos\pdv_medusax8\v1.1\v1.1\SettingsWindow.xaml.cs(380,22): error CS0111: Tipo "SettingsWindow" j├í define um membro chamado "DebugTEF_Click" com os mesmos tipos de par├ómetro [C:\Users\zacho\OneDrive\Downloads\Documentos\Projetos\pdv_medusax8\PDV_MedusaX8_hznqlc22_wpftmp.csproj]
C:\Users\zacho\OneDrive\Downloads\Documentos\Projetos\pdv_medusax8\v1.1\SettingsWindow.xaml.cs(408,22): error CS0111: Tipo "SettingsWindow" j├í define um membro chamado "SaveOptions_Click" com os mesmos tipos de par├ómetro [C:\Users\zacho\OneDrive\Downloads\Documentos\Projetos\pdv_medusax8\PDV_MedusaX8_hznqlc22_wpftmp.csproj]
C:\Users\zacho\OneDrive\Downloads\Documentos\Projetos\pdv_medusax8\v1.1\v1.1\SettingsWindow.xaml.cs(408,22): error CS0111: Tipo "SettingsWindow" j├í define um membro chamado "SaveOptions_Click" com os mesmos tipos de par├ómetro [C:\Users\zacho\OneDrive\Downloads\Documentos\Projetos\pdv_medusax8\PDV_MedusaX8_hznqlc22_wpftmp.csproj]
C:\Users\zacho\OneDrive\Downloads\Documentos\Projetos\pdv_medusax8\v1.1\SettingsWindow.xaml.cs(508,22): error CS0111: Tipo "SettingsWindow" j├í define um membro chamado "SaveOrUpdateSetting" com os mesmos tipos de par├ómetro [C:\Users\zacho\OneDrive\Downloads\Documentos\Projetos\pdv_medusax8\PDV_MedusaX8_hznqlc22_wpftmp.csproj]
C:\Users\zacho\OneDrive\Downloads\Documentos\Projetos\pdv_medusax8\v1.1\v1.1\SettingsWindow.xaml.cs(508,22): error CS0111: Tipo "SettingsWindow" j├í define um membro chamado "SaveOrUpdateSetting" com os mesmos tipos de par├ómetro [C:\Users\zacho\OneDrive\Downloads\Documentos\Projetos\pdv_medusax8\PDV_MedusaX8_hznqlc22_wpftmp.csproj]
C:\Users\zacho\OneDrive\Downloads\Documentos\Projetos\pdv_medusax8\v1.1\SettingsWindow.xaml.cs(541,22): error CS0111: Tipo "SettingsWindow" j├í define um membro chamado "LoadPrinters" com os mesmos tipos de par├ómetro [C:\Users\zacho\OneDrive\Downloads\Documentos\Projetos\pdv_medusax8\PDV_MedusaX8_hznqlc22_wpftmp.csproj]
C:\Users\zacho\OneDrive\Downloads\Documentos\Projetos\pdv_medusax8\v1.1\v1.1\SettingsWindow.xaml.cs(541,22): error CS0111: Tipo "SettingsWindow" j├í define um membro chamado "LoadPrinters" com os mesmos tipos de par├ómetro [C:\Users\zacho\OneDrive\Downloads\Documentos\Projetos\pdv_medusax8\PDV_MedusaX8_hznqlc22_wpftmp.csproj]
C:\Users\zacho\OneDrive\Downloads\Documentos\Projetos\pdv_medusax8\v1.1\SettingsWindow.xaml.cs(567,22): error CS0111: Tipo "SettingsWindow" j├í define um membro chamado "LoadPrinterSettings" com os mesmos tipos de par├ómetro [C:\Users\zacho\OneDrive\Downloads\Documentos\Projetos\pdv_medusax8\PDV_MedusaX8_hznqlc22_wpftmp.csproj]
C:\Users\zacho\OneDrive\Downloads\Documentos\Projetos\pdv_medusax8\v1.1\v1.1\SettingsWindow.xaml.cs(567,22): error CS0111: Tipo "SettingsWindow" j├í define um membro chamado "LoadPrinterSettings" com os mesmos tipos de par├ómetro [C:\Users\zacho\OneDrive\Downloads\Documentos\Projetos\pdv_medusax8\PDV_MedusaX8_hznqlc22_wpftmp.csproj]
C:\Users\zacho\OneDrive\Downloads\Documentos\Projetos\pdv_medusax8\v1.1\SettingsWindow.xaml.cs(596,22): error CS0111: Tipo "SettingsWindow" j├í define um membro chamado "SavePrinterSettings_Click" com os mesmos tipos de par├ómetro [C:\Users\zacho\OneDrive\Downloads\Documentos\Projetos\pdv_medusax8\PDV_MedusaX8_hznqlc22_wpftmp.csproj]
C:\Users\zacho\OneDrive\Downloads\Documentos\Projetos\pdv_medusax8\v1.1\v1.1\SettingsWindow.xaml.cs(596,22): error CS0111: Tipo "SettingsWindow" j├í define um membro chamado "SavePrinterSettings_Click" com os mesmos tipos de par├ómetro [C:\Users\zacho\OneDrive\Downloads\Documentos\Projetos\pdv_medusax8\PDV_MedusaX8_hznqlc22_wpftmp.csproj]
C:\Users\zacho\OneDrive\Downloads\Documentos\Projetos\pdv_medusax8\v1.1\SettingsWindow.xaml.cs(617,22): error CS0111: Tipo "SettingsWindow" j├í define um membro chamado "NumericOnly_PreviewTextInput" com os mesmos tipos de par├ómetro [C:\Users\zacho\OneDrive\Downloads\Documentos\Projetos\pdv_medusax8\PDV_MedusaX8_hznqlc22_wpftmp.csproj]
C:\Users\zacho\OneDrive\Downloads\Documentos\Projetos\pdv_medusax8\v1.1\v1.1\SettingsWindow.xaml.cs(617,22): error CS0111: Tipo "SettingsWindow" j├í define um membro chamado "NumericOnly_PreviewTextInput" com os mesmos tipos de par├ómetro [C:\Users\zacho\OneDrive\Downloads\Documentos\Projetos\pdv_medusax8\PDV_MedusaX8_hznqlc22_wpftmp.csproj]
C:\Users\zacho\OneDrive\Downloads\Documentos\Projetos\pdv_medusax8\v1.1\SettingsWindow.xaml.cs(622,22): error CS0111: Tipo "SettingsWindow" j├í define um membro chamado "SelectCert_Click" com os mesmos tipos de par├ómetro [C:\Users\zacho\OneDrive\Downloads\Documentos\Projetos\pdv_medusax8\PDV_MedusaX8_hznqlc22_wpftmp.csproj]
C:\Users\zacho\OneDrive\Downloads\Documentos\Projetos\pdv_medusax8\v1.1\v1.1\SettingsWindow.xaml.cs(622,22): error CS0111: Tipo "SettingsWindow" j├í define um membro chamado "SelectCert_Click" com os mesmos tipos de par├ómetro [C:\Users\zacho\OneDrive\Downloads\Documentos\Projetos\pdv_medusax8\PDV_MedusaX8_hznqlc22_wpftmp.csproj]
C:\Users\zacho\OneDrive\Downloads\Documentos\Projetos\pdv_medusax8\v1.1\SettingsWindow.xaml.cs(652,22): error CS0111: Tipo "SettingsWindow" j├í define um membro chamado "LoadOptions" com os mesmos tipos de par├ómetro [C:\Users\zacho\OneDrive\Downloads\Documentos\Projetos\pdv_medusax8\PDV_MedusaX8_hznqlc22_wpftmp.csproj]
C:\Users\zacho\OneDrive\Downloads\Documentos\Projetos\pdv_medusax8\v1.1\v1.1\SettingsWindow.xaml.cs(652,22): error CS0111: Tipo "SettingsWindow" j├í define um membro chamado "LoadOptions" com os mesmos tipos de par├ómetro [C:\Users\zacho\OneDrive\Downloads\Documentos\Projetos\pdv_medusax8\PDV_MedusaX8_hznqlc22_wpftmp.csproj]
C:\Users\zacho\OneDrive\Downloads\Documentos\Projetos\pdv_medusax8\v1.1\SettingsWindow.xaml.cs(723,22): error CS0111: Tipo "SettingsWindow" j├í define um membro chamado "SaveNFCeConfig_Click" com os mesmos tipos de par├ómetro [C:\Users\zacho\OneDrive\Downloads\Documentos\Projetos\pdv_medusax8\PDV_MedusaX8_hznqlc22_wpftmp.csproj]
C:\Users\zacho\OneDrive\Downloads\Documentos\Projetos\pdv_medusax8\v1.1\v1.1\SettingsWindow.xaml.cs(723,22): error CS0111: Tipo "SettingsWindow" j├í define um membro chamado "SaveNFCeConfig_Click" com os mesmos tipos de par├ómetro [C:\Users\zacho\OneDrive\Downloads\Documentos\Projetos\pdv_medusax8\PDV_MedusaX8_hznqlc22_wpftmp.csproj]
C:\Users\zacho\OneDrive\Downloads\Documentos\Projetos\pdv_medusax8\v1.1\SettingsWindow.xaml(9,46): error CS0102: O tipo "SettingsWindow" j├í cont├®m uma defini├º├úo para "SettingsWin" [C:\Users\zacho\OneDrive\Downloads\Documentos\Projetos\pdv_medusax8\PDV_MedusaX8_hznqlc22_wpftmp.csproj]
C:\Users\zacho\OneDrive\Downloads\Documentos\Projetos\pdv_medusax8\v1.1\v1.1\SettingsWindow.xaml(9,46): error CS0102: O tipo "SettingsWindow" j├í cont├®m uma defini├º├úo para "SettingsWin" [C:\Users\zacho\OneDrive\Downloads\Documentos\Projetos\pdv_medusax8\PDV_MedusaX8_hznqlc22_wpftmp.csproj]
C:\Users\zacho\OneDrive\Downloads\Documentos\Projetos\pdv_medusax8\v1.1\SettingsWindow.xaml(41,51): error CS0102: O tipo "SettingsWindow" j├í cont├®m uma defini├º├úo para "DgPaymentMethods" [C:\Users\zacho\OneDrive\Downloads\Documentos\Projetos\pdv_medusax8\PDV_MedusaX8_hznqlc22_wpftmp.csproj]
C:\Users\zacho\OneDrive\Downloads\Documentos\Projetos\pdv_medusax8\v1.1\v1.1\SettingsWindow.xaml(41,51): error CS0102: O tipo "SettingsWindow" j├í cont├®m uma defini├º├úo para "DgPaymentMethods" [C:\Users\zacho\OneDrive\Downloads\Documentos\Projetos\pdv_medusax8\PDV_MedusaX8_hznqlc22_wpftmp.csproj]
C:\Users\zacho\OneDrive\Downloads\Documentos\Projetos\pdv_medusax8\v1.1\SettingsWindow.xaml(80,50): error CS0102: O tipo "SettingsWindow" j├í cont├®m uma defini├º├úo para "TxtCert" [C:\Users\zacho\OneDrive\Downloads\Documentos\Projetos\pdv_medusax8\PDV_MedusaX8_hznqlc22_wpftmp.csproj]
C:\Users\zacho\OneDrive\Downloads\Documentos\Projetos\pdv_medusax8\v1.1\v1.1\SettingsWindow.xaml(80,50): error CS0102: O tipo "SettingsWindow" j├í cont├®m uma defini├º├úo para "TxtCert" [C:\Users\zacho\OneDrive\Downloads\Documentos\Projetos\pdv_medusax8\PDV_MedusaX8_hznqlc22_wpftmp.csproj]
C:\Users\zacho\OneDrive\Downloads\Documentos\Projetos\pdv_medusax8\v1.1\SettingsWindow.xaml(86,51): error CS0102: O tipo "SettingsWindow" j├í cont├®m uma defini├º├úo para "CmbEnvironment" [C:\Users\zacho\OneDrive\Downloads\Documentos\Projetos\pdv_medusax8\PDV_MedusaX8_hznqlc22_wpftmp.csproj]
C:\Users\zacho\OneDrive\Downloads\Documentos\Projetos\pdv_medusax8\v1.1\v1.1\SettingsWindow.xaml(86,51): error CS0102: O tipo "SettingsWindow" j├í cont├®m uma defini├º├úo para "CmbEnvironment" [C:\Users\zacho\OneDrive\Downloads\Documentos\Projetos\pdv_medusax8\PDV_MedusaX8_hznqlc22_wpftmp.csproj]
C:\Users\zacho\OneDrive\Downloads\Documentos\Projetos\pdv_medusax8\v1.1\SettingsWindow.xaml(94,50): error CS0102: O tipo "SettingsWindow" j├í cont├®m uma defini├º├úo para "TxtCashRegister" [C:\Users\zacho\OneDrive\Downloads\Documentos\Projetos\pdv_medusax8\PDV_MedusaX8_hznqlc22_wpftmp.csproj]
C:\Users\zacho\OneDrive\Downloads\Documentos\Projetos\pdv_medusax8\v1.1\v1.1\SettingsWindow.xaml(94,50): error CS0102: O tipo "SettingsWindow" j├í cont├®m uma defini├º├úo para "TxtCashRegister" [C:\Users\zacho\OneDrive\Downloads\Documentos\Projetos\pdv_medusax8\PDV_MedusaX8_hznqlc22_wpftmp.csproj]
C:\Users\zacho\OneDrive\Downloads\Documentos\Projetos\pdv_medusax8\v1.1\SettingsWindow.xaml(99,50): error CS0102: O tipo "SettingsWindow" j├í cont├®m uma defini├º├úo para "TxtSerie" [C:\Users\zacho\OneDrive\Downloads\Documentos\Projetos\pdv_medusax8\PDV_MedusaX8_hznqlc22_wpftmp.csproj]
C:\Users\zacho\OneDrive\Downloads\Documentos\Projetos\pdv_medusax8\v1.1\v1.1\SettingsWindow.xaml(99,50): error CS0102: O tipo "SettingsWindow" j├í cont├®m uma defini├º├úo para "TxtSerie" [C:\Users\zacho\OneDrive\Downloads\Documentos\Projetos\pdv_medusax8\PDV_MedusaX8_hznqlc22_wpftmp.csproj]
C:\Users\zacho\OneDrive\Downloads\Documentos\Projetos\pdv_medusax8\v1.1\SettingsWindow.xaml(104,50): error CS0102: O tipo "SettingsWindow" j├í cont├®m uma defini├º├úo para "TxtNextNumber" [C:\Users\zacho\OneDrive\Downloads\Documentos\Projetos\pdv_medusax8\PDV_MedusaX8_hznqlc22_wpftmp.csproj]
C:\Users\zacho\OneDrive\Downloads\Documentos\Projetos\pdv_medusax8\v1.1\v1.1\SettingsWindow.xaml(104,50): error CS0102: O tipo "SettingsWindow" j├í cont├®m uma defini├º├úo para "TxtNextNumber" [C:\Users\zacho\OneDrive\Downloads\Documentos\Projetos\pdv_medusax8\PDV_MedusaX8_hznqlc22_wpftmp.csproj]
C:\Users\zacho\OneDrive\Downloads\Documentos\Projetos\pdv_medusax8\v1.1\SettingsWindow.xaml(109,50): error CS0102: O tipo "SettingsWindow" j├í cont├®m uma defini├º├úo para "TxtCSCId" [C:\Users\zacho\OneDrive\Downloads\Documentos\Projetos\pdv_medusax8\PDV_MedusaX8_hznqlc22_wpftmp.csproj]
C:\Users\zacho\OneDrive\Downloads\Documentos\Projetos\pdv_medusax8\v1.1\v1.1\SettingsWindow.xaml(109,50): error CS0102: O tipo "SettingsWindow" j├í cont├®m uma defini├º├úo para "TxtCSCId" [C:\Users\zacho\OneDrive\Downloads\Documentos\Projetos\pdv_medusax8\PDV_MedusaX8_hznqlc22_wpftmp.csproj]
C:\Users\zacho\OneDrive\Downloads\Documentos\Projetos\pdv_medusax8\v1.1\SettingsWindow.xaml(114,50): error CS0102: O tipo "SettingsWindow" j├í cont├®m uma defini├º├úo para "TxtCSC" [C:\Users\zacho\OneDrive\Downloads\Documentos\Projetos\pdv_medusax8\PDV_MedusaX8_hznqlc22_wpftmp.csproj]
C:\Users\zacho\OneDrive\Downloads\Documentos\Projetos\pdv_medusax8\v1.1\v1.1\SettingsWindow.xaml(114,50): error CS0102: O tipo "SettingsWindow" j├í cont├®m uma defini├º├úo para "TxtCSC" [C:\Users\zacho\OneDrive\Downloads\Documentos\Projetos\pdv_medusax8\PDV_MedusaX8_hznqlc22_wpftmp.csproj]
C:\Users\zacho\OneDrive\Downloads\Documentos\Projetos\pdv_medusax8\v1.1\SettingsWindow.xaml(136,51): error CS0102: O tipo "SettingsWindow" j├í cont├®m uma defini├º├úo para "CmbTEFType" [C:\Users\zacho\OneDrive\Downloads\Documentos\Projetos\pdv_medusax8\PDV_MedusaX8_hznqlc22_wpftmp.csproj]
C:\Users\zacho\OneDrive\Downloads\Documentos\Projetos\pdv_medusax8\v1.1\v1.1\SettingsWindow.xaml(136,51): error CS0102: O tipo "SettingsWindow" j├í cont├®m uma defini├º├úo para "CmbTEFType" [C:\Users\zacho\OneDrive\Downloads\Documentos\Projetos\pdv_medusax8\PDV_MedusaX8_hznqlc22_wpftmp.csproj]
C:\Users\zacho\OneDrive\Downloads\Documentos\Projetos\pdv_medusax8\v1.1\SettingsWindow.xaml(154,50): error CS0102: O tipo "SettingsWindow" j├í cont├®m uma defini├º├úo para "TxtTEFScope" [C:\Users\zacho\OneDrive\Downloads\Documentos\Projetos\pdv_medusax8\PDV_MedusaX8_hznqlc22_wpftmp.csproj]
C:\Users\zacho\OneDrive\Downloads\Documentos\Projetos\pdv_medusax8\v1.1\v1.1\SettingsWindow.xaml(154,50): error CS0102: O tipo "SettingsWindow" j├í cont├®m uma defini├º├úo para "TxtTEFScope" [C:\Users\zacho\OneDrive\Downloads\Documentos\Projetos\pdv_medusax8\PDV_MedusaX8_hznqlc22_wpftmp.csproj]
C:\Users\zacho\OneDrive\Downloads\Documentos\Projetos\pdv_medusax8\v1.1\SettingsWindow.xaml(161,50): error CS0102: O tipo "SettingsWindow" j├í cont├®m uma defini├º├úo para "TxtSitefIP" [C:\Users\zacho\OneDrive\Downloads\Documentos\Projetos\pdv_medusax8\PDV_MedusaX8_hznqlc22_wpftmp.csproj]
C:\Users\zacho\OneDrive\Downloads\Documentos\Projetos\pdv_medusax8\v1.1\v1.1\SettingsWindow.xaml(161,50): error CS0102: O tipo "SettingsWindow" j├í cont├®m uma defini├º├úo para "TxtSitefIP" [C:\Users\zacho\OneDrive\Downloads\Documentos\Projetos\pdv_medusax8\PDV_MedusaX8_hznqlc22_wpftmp.csproj]
C:\Users\zacho\OneDrive\Downloads\Documentos\Projetos\pdv_medusax8\v1.1\SettingsWindow.xaml(165,50): error CS0102: O tipo "SettingsWindow" j├í cont├®m uma defini├º├úo para "TxtSitefLoja" [C:\Users\zacho\OneDrive\Downloads\Documentos\Projetos\pdv_medusax8\PDV_MedusaX8_hznqlc22_wpftmp.csproj]
C:\Users\zacho\OneDrive\Downloads\Documentos\Projetos\pdv_medusax8\v1.1\v1.1\SettingsWindow.xaml(165,50): error CS0102: O tipo "SettingsWindow" j├í cont├®m uma defini├º├úo para "TxtSitefLoja" [C:\Users\zacho\OneDrive\Downloads\Documentos\Projetos\pdv_medusax8\PDV_MedusaX8_hznqlc22_wpftmp.csproj]
C:\Users\zacho\OneDrive\Downloads\Documentos\Projetos\pdv_medusax8\v1.1\SettingsWindow.xaml(169,50): error CS0102: O tipo "SettingsWindow" j├í cont├®m uma defini├º├úo para "TxtSitefTerminal" [C:\Users\zacho\OneDrive\Downloads\Documentos\Projetos\pdv_medusax8\PDV_MedusaX8_hznqlc22_wpftmp.csproj]
C:\Users\zacho\OneDrive\Downloads\Documentos\Projetos\pdv_medusax8\v1.1\v1.1\SettingsWindow.xaml(169,50): error CS0102: O tipo "SettingsWindow" j├í cont├®m uma defini├º├úo para "TxtSitefTerminal" [C:\Users\zacho\OneDrive\Downloads\Documentos\Projetos\pdv_medusax8\PDV_MedusaX8_hznqlc22_wpftmp.csproj]
C:\Users\zacho\OneDrive\Downloads\Documentos\Projetos\pdv_medusax8\v1.1\SettingsWindow.xaml(175,50): error CS0102: O tipo "SettingsWindow" j├í cont├®m uma defini├º├úo para "TxtTEFExchangePath" [C:\Users\zacho\OneDrive\Downloads\Documentos\Projetos\pdv_medusax8\PDV_MedusaX8_hznqlc22_wpftmp.csproj]
C:\Users\zacho\OneDrive\Downloads\Documentos\Projetos\pdv_medusax8\v1.1\v1.1\SettingsWindow.xaml(175,50): error CS0102: O tipo "SettingsWindow" j├í cont├®m uma defini├º├úo para "TxtTEFExchangePath" [C:\Users\zacho\OneDrive\Downloads\Documentos\Projetos\pdv_medusax8\PDV_MedusaX8_hznqlc22_wpftmp.csproj]
C:\Users\zacho\OneDrive\Downloads\Documentos\Projetos\pdv_medusax8\v1.1\SettingsWindow.xaml(180,51): error CS0102: O tipo "SettingsWindow" j├í cont├®m uma defini├º├úo para "ChkTEFDebug" [C:\Users\zacho\OneDrive\Downloads\Documentos\Projetos\pdv_medusax8\PDV_MedusaX8_hznqlc22_wpftmp.csproj]
C:\Users\zacho\OneDrive\Downloads\Documentos\Projetos\pdv_medusax8\v1.1\v1.1\SettingsWindow.xaml(180,51): error CS0102: O tipo "SettingsWindow" j├í cont├®m uma defini├º├úo para "ChkTEFDebug" [C:\Users\zacho\OneDrive\Downloads\Documentos\Projetos\pdv_medusax8\PDV_MedusaX8_hznqlc22_wpftmp.csproj]
C:\Users\zacho\OneDrive\Downloads\Documentos\Projetos\pdv_medusax8\v1.1\SettingsWindow.xaml(204,51): error CS0102: O tipo "SettingsWindow" j├í cont├®m uma defini├º├úo para "ChkEnableF9" [C:\Users\zacho\OneDrive\Downloads\Documentos\Projetos\pdv_medusax8\PDV_MedusaX8_hznqlc22_wpftmp.csproj]
C:\Users\zacho\OneDrive\Downloads\Documentos\Projetos\pdv_medusax8\v1.1\v1.1\SettingsWindow.xaml(204,51): error CS0102: O tipo "SettingsWindow" j├í cont├®m uma defini├º├úo para "ChkEnableF9" [C:\Users\zacho\OneDrive\Downloads\Documentos\Projetos\pdv_medusax8\PDV_MedusaX8_hznqlc22_wpftmp.csproj]
C:\Users\zacho\OneDrive\Downloads\Documentos\Projetos\pdv_medusax8\v1.1\SettingsWindow.xaml(205,51): error CS0102: O tipo "SettingsWindow" j├í cont├®m uma defini├º├úo para "ChkPromptConsumer" [C:\Users\zacho\OneDrive\Downloads\Documentos\Projetos\pdv_medusax8\PDV_MedusaX8_hznqlc22_wpftmp.csproj]
C:\Users\zacho\OneDrive\Downloads\Documentos\Projetos\pdv_medusax8\v1.1\v1.1\SettingsWindow.xaml(205,51): error CS0102: O tipo "SettingsWindow" j├í cont├®m uma defini├º├úo para "ChkPromptConsumer" [C:\Users\zacho\OneDrive\Downloads\Documentos\Projetos\pdv_medusax8\PDV_MedusaX8_hznqlc22_wpftmp.csproj]
C:\Users\zacho\OneDrive\Downloads\Documentos\Projetos\pdv_medusax8\v1.1\SettingsWindow.xaml(206,51): error CS0102: O tipo "SettingsWindow" j├í cont├®m uma defini├º├úo para "ChkRequireF2ToStartSale" [C:\Users\zacho\OneDrive\Downloads\Documentos\Projetos\pdv_medusax8\PDV_MedusaX8_hznqlc22_wpftmp.csproj]
C:\Users\zacho\OneDrive\Downloads\Documentos\Projetos\pdv_medusax8\v1.1\v1.1\SettingsWindow.xaml(206,51): error CS0102: O tipo "SettingsWindow" j├í cont├®m uma defini├º├úo para "ChkRequireF2ToStartSale" [C:\Users\zacho\OneDrive\Downloads\Documentos\Projetos\pdv_medusax8\PDV_MedusaX8_hznqlc22_wpftmp.csproj]
C:\Users\zacho\OneDrive\Downloads\Documentos\Projetos\pdv_medusax8\v1.1\SettingsWindow.xaml(207,51): error CS0102: O tipo "SettingsWindow" j├í cont├®m uma defini├º├úo para "ChkRequireSupervisorForSangria" [C:\Users\zacho\OneDrive\Downloads\Documentos\Projetos\pdv_medusax8\PDV_MedusaX8_hznqlc22_wpftmp.csproj]
C:\Users\zacho\OneDrive\Downloads\Documentos\Projetos\pdv_medusax8\v1.1\v1.1\SettingsWindow.xaml(207,51): error CS0102: O tipo "SettingsWindow" j├í cont├®m uma defini├º├úo para "ChkRequireSupervisorForSangria" [C:\Users\zacho\OneDrive\Downloads\Documentos\Projetos\pdv_medusax8\PDV_MedusaX8_hznqlc22_wpftmp.csproj]
C:\Users\zacho\OneDrive\Downloads\Documentos\Projetos\pdv_medusax8\v1.1\SettingsWindow.xaml(211,50): error CS0102: O tipo "SettingsWindow" j├í cont├®m uma defini├º├úo para "TxtMaxDiscountPercent" [C:\Users\zacho\OneDrive\Downloads\Documentos\Projetos\pdv_medusax8\PDV_MedusaX8_hznqlc22_wpftmp.csproj]
C:\Users\zacho\OneDrive\Downloads\Documentos\Projetos\pdv_medusax8\v1.1\v1.1\SettingsWindow.xaml(211,50): error CS0102: O tipo "SettingsWindow" j├í cont├®m uma defini├º├úo para "TxtMaxDiscountPercent" [C:\Users\zacho\OneDrive\Downloads\Documentos\Projetos\pdv_medusax8\PDV_MedusaX8_hznqlc22_wpftmp.csproj]
C:\Users\zacho\OneDrive\Downloads\Documentos\Projetos\pdv_medusax8\v1.1\SettingsWindow.xaml(233,51): error CS0102: O tipo "SettingsWindow" j├í cont├®m uma defini├º├úo para "CmbPrinterBoleto" [C:\Users\zacho\OneDrive\Downloads\Documentos\Projetos\pdv_medusax8\PDV_MedusaX8_hznqlc22_wpftmp.csproj]
C:\Users\zacho\OneDrive\Downloads\Documentos\Projetos\pdv_medusax8\v1.1\v1.1\SettingsWindow.xaml(233,51): error CS0102: O tipo "SettingsWindow" j├í cont├®m uma defini├º├úo para "CmbPrinterBoleto" [C:\Users\zacho\OneDrive\Downloads\Documentos\Projetos\pdv_medusax8\PDV_MedusaX8_hznqlc22_wpftmp.csproj]
C:\Users\zacho\OneDrive\Downloads\Documentos\Projetos\pdv_medusax8\v1.1\SettingsWindow.xaml(238,51): error CS0102: O tipo "SettingsWindow" j├í cont├®m uma defini├º├úo para "CmbPrinterConfissao" [C:\Users\zacho\OneDrive\Downloads\Documentos\Projetos\pdv_medusax8\PDV_MedusaX8_hznqlc22_wpftmp.csproj]
C:\Users\zacho\OneDrive\Downloads\Documentos\Projetos\pdv_medusax8\v1.1\v1.1\SettingsWindow.xaml(238,51): error CS0102: O tipo "SettingsWindow" j├í cont├®m uma defini├º├úo para "CmbPrinterConfissao" [C:\Users\zacho\OneDrive\Downloads\Documentos\Projetos\pdv_medusax8\PDV_MedusaX8_hznqlc22_wpftmp.csproj]
C:\Users\zacho\OneDrive\Downloads\Documentos\Projetos\pdv_medusax8\v1.1\SettingsWindow.xaml(243,51): error CS0102: O tipo "SettingsWindow" j├í cont├®m uma defini├º├úo para "CmbPrinterNFCe" [C:\Users\zacho\OneDrive\Downloads\Documentos\Projetos\pdv_medusax8\PDV_MedusaX8_hznqlc22_wpftmp.csproj]
C:\Users\zacho\OneDrive\Downloads\Documentos\Projetos\pdv_medusax8\v1.1\v1.1\SettingsWindow.xaml(243,51): error CS0102: O tipo "SettingsWindow" j├í cont├®m uma defini├º├úo para "CmbPrinterNFCe" [C:\Users\zacho\OneDrive\Downloads\Documentos\Projetos\pdv_medusax8\PDV_MedusaX8_hznqlc22_wpftmp.csproj]
C:\Users\zacho\OneDrive\Downloads\Documentos\Projetos\pdv_medusax8\v1.1\SettingsWindow.xaml(251,51): error CS0102: O tipo "SettingsWindow" j├í cont├®m uma defini├º├úo para "CmbPrinterCarne80" [C:\Users\zacho\OneDrive\Downloads\Documentos\Projetos\pdv_medusax8\PDV_MedusaX8_hznqlc22_wpftmp.csproj]
C:\Users\zacho\OneDrive\Downloads\Documentos\Projetos\pdv_medusax8\v1.1\v1.1\SettingsWindow.xaml(251,51): error CS0102: O tipo "SettingsWindow" j├í cont├®m uma defini├º├úo para "CmbPrinterCarne80" [C:\Users\zacho\OneDrive\Downloads\Documentos\Projetos\pdv_medusax8\PDV_MedusaX8_hznqlc22_wpftmp.csproj]
C:\Users\zacho\OneDrive\Downloads\Documentos\Projetos\pdv_medusax8\v1.1\SettingsWindow.xaml(256,51): error CS0102: O tipo "SettingsWindow" j├í cont├®m uma defini├º├úo para "CmbPrinterCarneA4" [C:\Users\zacho\OneDrive\Downloads\Documentos\Projetos\pdv_medusax8\PDV_MedusaX8_hznqlc22_wpftmp.csproj]
C:\Users\zacho\OneDrive\Downloads\Documentos\Projetos\pdv_medusax8\v1.1\v1.1\SettingsWindow.xaml(256,51): error CS0102: O tipo "SettingsWindow" j├í cont├®m uma defini├º├úo para "CmbPrinterCarneA4" [C:\Users\zacho\OneDrive\Downloads\Documentos\Projetos\pdv_medusax8\PDV_MedusaX8_hznqlc22_wpftmp.csproj]
C:\Users\zacho\OneDrive\Downloads\Documentos\Projetos\pdv_medusax8\v1.1\SettingsWindow.xaml(261,51): error CS0102: O tipo "SettingsWindow" j├í cont├®m uma defini├º├úo para "CmbCarneFormatoPadrao" [C:\Users\zacho\OneDrive\Downloads\Documentos\Projetos\pdv_medusax8\PDV_MedusaX8_hznqlc22_wpftmp.csproj]
C:\Users\zacho\OneDrive\Downloads\Documentos\Projetos\pdv_medusax8\v1.1\v1.1\SettingsWindow.xaml(261,51): error CS0102: O tipo "SettingsWindow" j├í cont├®m uma defini├º├úo para "CmbCarneFormatoPadrao" [C:\Users\zacho\OneDrive\Downloads\Documentos\Projetos\pdv_medusax8\PDV_MedusaX8_hznqlc22_wpftmp.csproj]
C:\Users\zacho\OneDrive\Downloads\Documentos\Projetos\pdv_medusax8\obj\Release\net10.0-windows\v1.1\SettingsWindow.g.cs(258,22): error CS0102: O tipo "SettingsWindow" j├í cont├®m uma defini├º├úo para "_contentLoaded" [C:\Users\zacho\OneDrive\Downloads\Documentos\Projetos\pdv_medusax8\PDV_MedusaX8_hznqlc22_wpftmp.csproj]
C:\Users\zacho\OneDrive\Downloads\Documentos\Projetos\pdv_medusax8\obj\Release\net10.0-windows\v1.1\v1.1\SettingsWindow.g.cs(258,22): error CS0102: O tipo "SettingsWindow" j├í cont├®m uma defini├º├úo para "_contentLoaded" [C:\Users\zacho\OneDrive\Downloads\Documentos\Projetos\pdv_medusax8\PDV_MedusaX8_hznqlc22_wpftmp.csproj]
C:\Users\zacho\OneDrive\Downloads\Documentos\Projetos\pdv_medusax8\obj\Release\net10.0-windows\v1.1\SettingsWindow.g.cs(265,21): error CS0111: Tipo "SettingsWindow" j├í define um membro chamado "InitializeComponent" com os mesmos tipos de par├ómetro [C:\Users\zacho\OneDrive\Downloads\Documentos\Projetos\pdv_medusax8\PDV_MedusaX8_hznqlc22_wpftmp.csproj]
C:\Users\zacho\OneDrive\Downloads\Documentos\Projetos\pdv_medusax8\obj\Release\net10.0-windows\v1.1\v1.1\SettingsWindow.g.cs(265,21): error CS0111: Tipo "SettingsWindow" j├í define um membro chamado "InitializeComponent" com os mesmos tipos de par├ómetro [C:\Users\zacho\OneDrive\Downloads\Documentos\Projetos\pdv_medusax8\PDV_MedusaX8_hznqlc22_wpftmp.csproj]
C:\Users\zacho\OneDrive\Downloads\Documentos\Projetos\pdv_medusax8\obj\Release\net10.0-windows\v1.1\SettingsWindow.g.cs(285,56): error CS0111: Tipo "SettingsWindow" j├í define um membro chamado "System.Windows.Markup.IComponentConnector.Connect" com os mesmos tipos de par├ómetro [C:\Users\zacho\OneDrive\Downloads\Documentos\Projetos\pdv_medusax8\PDV_MedusaX8_hznqlc22_wpftmp.csproj]
C:\Users\zacho\OneDrive\Downloads\Documentos\Projetos\pdv_medusax8\obj\Release\net10.0-windows\v1.1\v1.1\SettingsWindow.g.cs(285,56): error CS0111: Tipo "SettingsWindow" j├í define um membro chamado "System.Windows.Markup.IComponentConnector.Connect" com os mesmos tipos de par├ómetro [C:\Users\zacho\OneDrive\Downloads\Documentos\Projetos\pdv_medusax8\PDV_MedusaX8_hznqlc22_wpftmp.csproj]
    0 Aviso(s)
    1196 Erro(s)

Tempo Decorrido 00:00:09.27
